# Linker from Snapdragon LLVM ARM Compiler Version 4.0.3
# Linker based on LLVM version: 4.0
# Notable linker command/script options:
# CPU Architecture Version: 
# Target triple environment for the link: gnueabi
# Maximum GP size: 8
# Link type: Static
# ABI Page Size: 0x4
# CommandLine : C:\Apps\LLVM\4.0.3\bin\ld.qcld.exe -X --eh-frame-hdr -m armelf_linux_eabi -dynamic-linker /lib/ld-musl-arm.so.1 -o Z:\b\apps_proc\core\bsp\com_test_app_img_llvm\build\ACFNAADZ\LLVM_DAM_ACFNAADZA.elf -lc++ -mno-unaligned-access -entry=0x44000000 Z:/b/apps_proc/core/bsp/com_test_app_img_llvm/build/com_test_app_img_llvm.ld -Map Z:\b\apps_proc\core\bsp\com_test_app_img_llvm\build\ACFNAADZ\LLVM_DAM_ACFNAADZA.Map -gc-sections --start-group ../../core/kernel/rtos/threadx/txm_module_lib/build/LLVM/txm_lib.lib ../../core/securemsm/qtee_invoke/proxy/build/LLVM/qtee_invoke_proxy_user.lib ../../core/securemsm/com_test_app/build/llvm_dam/cortex-a7/ACFNAADZ/txm_module_preamble_llvm.o ../../core/securemsm/com_test_app/build/llvm_dam/cortex-a7/ACFNAADZ/app_module.o --end-group -LC:\Apps\LLVM\4.0.3\armv7m-none-eabi\libc\lib -LC:\Apps\LLVM\4.0.3\armv7m-none-eabi\lib --start-group -lunwind -lc++ -lc++abi --end-group -LC:\Apps\LLVM\4.0.3\lib\clang\4.0.3\lib\baremetal --start-group -lc -lclang_rt.builtins-armv7m --end-group -lm -lc 
Archive member included because of file (symbol)
../../core/kernel/rtos/threadx/txm_module_lib/build/LLVM/txm_lib.lib(txm_module_thread_shell_entry.o)
		../../core/securemsm/com_test_app/build/llvm_dam/cortex-a7/ACFNAADZ/txm_module_preamble_llvm.o (_txm_module_thread_shell_entry)
../../core/kernel/rtos/threadx/txm_module_lib/build/LLVM/txm_lib.lib(txm_module_callback_request_thread_entry.o)
		../../core/securemsm/com_test_app/build/llvm_dam/cortex-a7/ACFNAADZ/txm_module_preamble_llvm.o (_txm_module_callback_request_thread_entry)
../../core/kernel/rtos/threadx/txm_module_lib/build/LLVM/txm_lib.lib(txm_module_system_call11.o)
		../../core/securemsm/com_test_app/build/llvm_dam/cortex-a7/ACFNAADZ/app_module.o (_txm_module_system_call11)
../../core/kernel/rtos/threadx/txm_module_lib/build/LLVM/txm_lib.lib(txm_module_system_call12.o)
		../../core/securemsm/com_test_app/build/llvm_dam/cortex-a7/ACFNAADZ/app_module.o (_txm_module_system_call12)
../../core/kernel/rtos/threadx/txm_module_lib/build/LLVM/txm_lib.lib(txm_byte_pool_create.o)
		../../core/securemsm/com_test_app/build/llvm_dam/cortex-a7/ACFNAADZ/app_module.o (_txe_byte_pool_create)
../../core/kernel/rtos/threadx/txm_module_lib/build/LLVM/txm_lib.lib(txm_byte_allocate.o)
		../../core/securemsm/com_test_app/build/llvm_dam/cortex-a7/ACFNAADZ/app_module.o (_txe_byte_allocate)
../../core/kernel/rtos/threadx/txm_module_lib/build/LLVM/txm_lib.lib(txm_byte_release.o)
		../../core/securemsm/com_test_app/build/llvm_dam/cortex-a7/ACFNAADZ/app_module.o (_txe_byte_release)
../../core/kernel/rtos/threadx/txm_module_lib/build/LLVM/txm_lib.lib(txm_module_object_allocate.o)
		../../core/securemsm/com_test_app/build/llvm_dam/cortex-a7/ACFNAADZ/app_module.o (_txm_module_object_allocate)
../../core/kernel/rtos/threadx/txm_module_lib/build/LLVM/txm_lib.lib(txm_module_thread_system_suspend.o)
		../../core/kernel/rtos/threadx/txm_module_lib/build/LLVM/txm_lib.lib(txm_module_thread_shell_entry.o) (_txm_module_thread_system_suspend)
../../core/kernel/rtos/threadx/txm_module_lib/build/LLVM/txm_lib.lib(txm_queue_receive.o)
		../../core/kernel/rtos/threadx/txm_module_lib/build/LLVM/txm_lib.lib(txm_module_callback_request_thread_entry.o) (_txe_queue_receive)
../../core/kernel/rtos/threadx/txm_module_lib/build/LLVM/txm_lib.lib(txm_thread_create.o)
		../../core/securemsm/com_test_app/build/llvm_dam/cortex-a7/ACFNAADZ/app_module.o (_txe_thread_create)
../../core/kernel/rtos/threadx/txm_module_lib/build/LLVM/txm_lib.lib(txm_thread_resume.o)
		../../core/kernel/rtos/threadx/txm_module_lib/build/LLVM/txm_lib.lib(txm_module_thread_shell_entry.o) (_txe_thread_resume)
../../core/securemsm/qtee_invoke/proxy/build/LLVM/qtee_invoke_proxy_user.lib(QTEEInvoke.o)
		../../core/securemsm/com_test_app/build/llvm_dam/cortex-a7/ACFNAADZ/app_module.o (qapi_QTEEInvoke_GetOpener)
../../core/kernel/rtos/threadx/txm_module_lib/build/LLVM/txm_lib.lib(txm_module_object_deallocate.o)
		../../core/securemsm/qtee_invoke/proxy/build/LLVM/qtee_invoke_proxy_user.lib(QTEEInvoke.o) (_txm_module_object_deallocate)
C:\Apps\LLVM\4.0.3\armv7m-none-eabi\libc\lib/libc.a(memset_nofp_armv7.o)
		../../core/securemsm/com_test_app/build/llvm_dam/cortex-a7/ACFNAADZ/app_module.o (memset)

Allocating common symbols
Common symbol	size	file

byte_pool_0	0x4	../../core/securemsm/com_test_app/build/llvm_dam/cortex-a7/ACFNAADZ/app_module.o
module_pool_space	0x32000	../../core/securemsm/com_test_app/build/llvm_dam/cortex-a7/ACFNAADZ/app_module.o
thread_0	0x4	../../core/securemsm/com_test_app/build/llvm_dam/cortex-a7/ACFNAADZ/app_module.o
_txm_module_entry_info	0x4	../../core/kernel/rtos/threadx/txm_module_lib/build/LLVM/txm_lib.lib(txm_module_thread_shell_entry.o)
_txm_module_kernel_call_dispatcher	0x4	../../core/kernel/rtos/threadx/txm_module_lib/build/LLVM/txm_lib.lib(txm_module_thread_shell_entry.o)

Linker Script and memory map
START GROUP
LOAD ../../core/securemsm/com_test_app/build/llvm_dam/cortex-a7/ACFNAADZ/txm_module_preamble_llvm.o[]
LOAD ../../core/securemsm/com_test_app/build/llvm_dam/cortex-a7/ACFNAADZ/app_module.o[]
LOAD ../../core/kernel/rtos/threadx/txm_module_lib/build/LLVM/txm_lib.lib(txm_module_thread_shell_entry.o) []
LOAD ../../core/kernel/rtos/threadx/txm_module_lib/build/LLVM/txm_lib.lib(txm_module_callback_request_thread_entry.o) []
LOAD ../../core/kernel/rtos/threadx/txm_module_lib/build/LLVM/txm_lib.lib(txm_module_system_call11.o) []
LOAD ../../core/kernel/rtos/threadx/txm_module_lib/build/LLVM/txm_lib.lib(txm_module_system_call12.o) []
LOAD ../../core/kernel/rtos/threadx/txm_module_lib/build/LLVM/txm_lib.lib(txm_byte_pool_create.o) []
LOAD ../../core/kernel/rtos/threadx/txm_module_lib/build/LLVM/txm_lib.lib(txm_byte_allocate.o) []
LOAD ../../core/kernel/rtos/threadx/txm_module_lib/build/LLVM/txm_lib.lib(txm_byte_release.o) []
LOAD ../../core/kernel/rtos/threadx/txm_module_lib/build/LLVM/txm_lib.lib(txm_module_object_allocate.o) []
LOAD ../../core/kernel/rtos/threadx/txm_module_lib/build/LLVM/txm_lib.lib(txm_module_thread_system_suspend.o) []
LOAD ../../core/kernel/rtos/threadx/txm_module_lib/build/LLVM/txm_lib.lib(txm_queue_receive.o) []
LOAD ../../core/kernel/rtos/threadx/txm_module_lib/build/LLVM/txm_lib.lib(txm_thread_create.o) []
LOAD ../../core/kernel/rtos/threadx/txm_module_lib/build/LLVM/txm_lib.lib(txm_thread_resume.o) []
LOAD ../../core/securemsm/qtee_invoke/proxy/build/LLVM/qtee_invoke_proxy_user.lib(QTEEInvoke.o) []
LOAD ../../core/kernel/rtos/threadx/txm_module_lib/build/LLVM/txm_lib.lib(txm_module_object_deallocate.o) []
END GROUP
START GROUP
END GROUP
START GROUP
LOAD C:\Apps\LLVM\4.0.3\armv7m-none-eabi\libc\lib/libc.a(memset_nofp_armv7.o) []
END GROUP

Linker scripts used (including INCLUDE command)
Z:/b/apps_proc/core/bsp/com_test_app_img_llvm/build/com_test_app_img_llvm.ld

ER_RO	0x44000000	0x3e78 # Offset: 0x60, LMA: 0x44000000
	Image$$ER_RO$$Base(0x44000000) = .( 0x44000000 );
*txm_module_preamble_llvm.o(.text .text.* )
*txm_module_preamble_llvm.o(Init )
Init	0x44000000	0x80	../../core/securemsm/com_test_app/build/llvm_dam/cortex-a7/ACFNAADZ/txm_module_preamble_llvm.o	#SHT_PROGBITS,SHF_ALLOC|SHF_EXECINSTR,4
	0x44000000		.CODE32
	0x44000000		_txm_module_preamble
*txm_module_preamble_llvm.o(.rodata .rodata.* )
KEEP (*(.text .text.* ))
.text.qapi_FS_Read_Full	0x44000080	0xa0	../../core/securemsm/com_test_app/build/llvm_dam/cortex-a7/ACFNAADZ/app_module.o	#SHT_PROGBITS,SHF_ALLOC|SHF_EXECINSTR,4
	0x44000080		$a.0
	0x44000080		qapi_FS_Read_Full
	0x4400011c		$d.1
.text.test_add_nums	0x44000120	0x194	../../core/securemsm/com_test_app/build/llvm_dam/cortex-a7/ACFNAADZ/app_module.o	#SHT_PROGBITS,SHF_ALLOC|SHF_EXECINSTR,4
	0x44000120		$a.2
	0x44000120		test_add_nums
	0x440002a4		$d.3
.text.test_sfs	0x440002b4	0xec	../../core/securemsm/com_test_app/build/llvm_dam/cortex-a7/ACFNAADZ/app_module.o	#SHT_PROGBITS,SHF_ALLOC|SHF_EXECINSTR,4
	0x440002b4		$a.4
	0x440002b4		test_sfs
	0x44000394		$d.5
.text.IComTestApp_run_test	0x440003a0	0x34	../../core/securemsm/com_test_app/build/llvm_dam/cortex-a7/ACFNAADZ/app_module.o	#SHT_PROGBITS,SHF_ALLOC|SHF_EXECINSTR,4
	0x440003a0		$a.6
	0x440003a0		IComTestApp_run_test
.text.test_perf_sfs	0x440003d4	0xec	../../core/securemsm/com_test_app/build/llvm_dam/cortex-a7/ACFNAADZ/app_module.o	#SHT_PROGBITS,SHF_ALLOC|SHF_EXECINSTR,4
	0x440003d4		$a.7
	0x440003d4		test_perf_sfs
	0x440004b4		$d.8
.text.test_fs	0x440004c0	0xec	../../core/securemsm/com_test_app/build/llvm_dam/cortex-a7/ACFNAADZ/app_module.o	#SHT_PROGBITS,SHF_ALLOC|SHF_EXECINSTR,4
	0x440004c0		$a.9
	0x440004c0		test_fs
	0x440005a0		$d.10
.text.com_test_app_module_start	0x440005ac	0xc0	../../core/securemsm/com_test_app/build/llvm_dam/cortex-a7/ACFNAADZ/app_module.o	#SHT_PROGBITS,SHF_ALLOC|SHF_EXECINSTR,4
	0x440005ac		$a.11
	0x440005ac		com_test_app_module_start
	0x44000654		$d.12
.text.thread_0_entry	0x4400066c	0x1194	../../core/securemsm/com_test_app/build/llvm_dam/cortex-a7/ACFNAADZ/app_module.o	#SHT_PROGBITS,SHF_ALLOC|SHF_EXECINSTR,4
	0x4400066c		$a.13
	0x4400066c		thread_0_entry
	0x44001608		$d.14
	0x44001614		$a.15
	0x44001720		$d.16
.text.qapi_IOpener_open	0x44001800	0x4c	../../core/securemsm/com_test_app/build/llvm_dam/cortex-a7/ACFNAADZ/app_module.o	#SHT_PROGBITS,SHF_ALLOC|SHF_EXECINSTR,4
	0x44001800		$a.17
	0x44001800		qapi_IOpener_open
.text.loadApp	0x4400184c	0x348	../../core/securemsm/com_test_app/build/llvm_dam/cortex-a7/ACFNAADZ/app_module.o	#SHT_PROGBITS,SHF_ALLOC|SHF_EXECINSTR,4
	0x4400184c		$a.18
	0x4400184c		loadApp
	0x44001b68		$d.19
.text.IAppController_getAppObject	0x44001b94	0x30	../../core/securemsm/com_test_app/build/llvm_dam/cortex-a7/ACFNAADZ/app_module.o	#SHT_PROGBITS,SHF_ALLOC|SHF_EXECINSTR,4
	0x44001b94		$a.20
	0x44001b94		IAppController_getAppObject
.text.IComTestApp_release	0x44001bc4	0x20	../../core/securemsm/com_test_app/build/llvm_dam/cortex-a7/ACFNAADZ/app_module.o	#SHT_PROGBITS,SHF_ALLOC|SHF_EXECINSTR,4
	0x44001bc4		$a.21
	0x44001bc4		IComTestApp_release
.text.qapi_IOpener_release	0x44001be4	0x20	../../core/securemsm/com_test_app/build/llvm_dam/cortex-a7/ACFNAADZ/app_module.o	#SHT_PROGBITS,SHF_ALLOC|SHF_EXECINSTR,4
	0x44001be4		$a.22
	0x44001be4		qapi_IOpener_release
.text.Object_replace	0x44001c04	0x3c	../../core/securemsm/com_test_app/build/llvm_dam/cortex-a7/ACFNAADZ/app_module.o	#SHT_PROGBITS,SHF_ALLOC|SHF_EXECINSTR,4
	0x44001c04		$a.23
	0x44001c04		Object_replace
.text.ta_abort_test	0x44001c40	0x35c	../../core/securemsm/com_test_app/build/llvm_dam/cortex-a7/ACFNAADZ/app_module.o	#SHT_PROGBITS,SHF_ALLOC|SHF_EXECINSTR,4
	0x44001c40		$a.24
	0x44001c40		ta_abort_test
	0x44001f68		$d.25
.text.com_test_app_module_stop	0x44001f9c	0x3c	../../core/securemsm/com_test_app/build/llvm_dam/cortex-a7/ACFNAADZ/app_module.o	#SHT_PROGBITS,SHF_ALLOC|SHF_EXECINSTR,4
	0x44001f9c		$a.26
	0x44001f9c		com_test_app_module_stop
	0x44001fd4		$d.27
.text.Object_invoke	0x44001fd8	0x24	../../core/securemsm/com_test_app/build/llvm_dam/cortex-a7/ACFNAADZ/app_module.o	#SHT_PROGBITS,SHF_ALLOC|SHF_EXECINSTR,4
	0x44001fd8		$a.28
	0x44001fd8		Object_invoke
.text.IAppController_unload	0x44001ffc	0x20	../../core/securemsm/com_test_app/build/llvm_dam/cortex-a7/ACFNAADZ/app_module.o	#SHT_PROGBITS,SHF_ALLOC|SHF_EXECINSTR,4
	0x44001ffc		$a.29
	0x44001ffc		IAppController_unload
.text.main	0x4400201c	0x8	../../core/kernel/rtos/threadx/txm_module_lib/build/LLVM/txm_lib.lib(txm_module_thread_shell_entry.o)	#SHT_PROGBITS,SHF_ALLOC|SHF_EXECINSTR,4
	0x4400201c		$a.0
	0x4400201c		main
.text.__user_setup_stackheap	0x44002024	0x4	../../core/kernel/rtos/threadx/txm_module_lib/build/LLVM/txm_lib.lib(txm_module_thread_shell_entry.o)	#SHT_PROGBITS,SHF_ALLOC|SHF_EXECINSTR,4
	0x44002024		$a.1
	0x44002024		__user_setup_stackheap
.text._txm_module_thread_shell_entry	0x44002028	0x6c	../../core/kernel/rtos/threadx/txm_module_lib/build/LLVM/txm_lib.lib(txm_module_thread_shell_entry.o)	#SHT_PROGBITS,SHF_ALLOC|SHF_EXECINSTR,4
	0x44002028		$a.2
	0x44002028		_txm_module_thread_shell_entry
	0x4400208c		$d.3
.text._txm_module_callback_request_thread_entry	0x44002094	0xcc	../../core/kernel/rtos/threadx/txm_module_lib/build/LLVM/txm_lib.lib(txm_module_callback_request_thread_entry.o)	#SHT_PROGBITS,SHF_ALLOC|SHF_EXECINSTR,4
	0x44002094		$a.0
	0x44002094		_txm_module_callback_request_thread_entry
	0x440020ec		$d.1
	0x44002100		$a.2
	0x4400215c		$d.3
.text._txm_module_system_call11	0x44002160	0x68	../../core/kernel/rtos/threadx/txm_module_lib/build/LLVM/txm_lib.lib(txm_module_system_call11.o)	#SHT_PROGBITS,SHF_ALLOC|SHF_EXECINSTR,4
	0x44002160		$a.0
	0x44002160		_txm_module_system_call11
	0x440021c4		$d.1
.text._txm_module_system_call12	0x440021c8	0x70	../../core/kernel/rtos/threadx/txm_module_lib/build/LLVM/txm_lib.lib(txm_module_system_call12.o)	#SHT_PROGBITS,SHF_ALLOC|SHF_EXECINSTR,4
	0x440021c8		$a.0
	0x440021c8		_txm_module_system_call12
	0x44002234		$d.1
.text._txe_byte_pool_create	0x44002238	0x3c	../../core/kernel/rtos/threadx/txm_module_lib/build/LLVM/txm_lib.lib(txm_byte_pool_create.o)	#SHT_PROGBITS,SHF_ALLOC|SHF_EXECINSTR,4
	0x44002238		$a.0
	0x44002238		_txe_byte_pool_create
	0x44002270		$d.1
.text._txe_byte_allocate	0x44002274	0x34	../../core/kernel/rtos/threadx/txm_module_lib/build/LLVM/txm_lib.lib(txm_byte_allocate.o)	#SHT_PROGBITS,SHF_ALLOC|SHF_EXECINSTR,4
	0x44002274		$a.0
	0x44002274		_txe_byte_allocate
	0x440022a4		$d.1
.text._txe_byte_release	0x440022a8	0x20	../../core/kernel/rtos/threadx/txm_module_lib/build/LLVM/txm_lib.lib(txm_byte_release.o)	#SHT_PROGBITS,SHF_ALLOC|SHF_EXECINSTR,4
	0x440022a8		$a.0
	0x440022a8		_txe_byte_release
	0x440022c4		$d.1
.text._txm_module_object_allocate	0x440022c8	0x20	../../core/kernel/rtos/threadx/txm_module_lib/build/LLVM/txm_lib.lib(txm_module_object_allocate.o)	#SHT_PROGBITS,SHF_ALLOC|SHF_EXECINSTR,4
	0x440022c8		$a.0
	0x440022c8		_txm_module_object_allocate
	0x440022e4		$d.1
.text._txm_module_thread_system_suspend	0x440022e8	0x20	../../core/kernel/rtos/threadx/txm_module_lib/build/LLVM/txm_lib.lib(txm_module_thread_system_suspend.o)	#SHT_PROGBITS,SHF_ALLOC|SHF_EXECINSTR,4
	0x440022e8		$a.0
	0x440022e8		_txm_module_thread_system_suspend
	0x44002304		$d.1
.text._txe_queue_receive	0x44002308	0x20	../../core/kernel/rtos/threadx/txm_module_lib/build/LLVM/txm_lib.lib(txm_queue_receive.o)	#SHT_PROGBITS,SHF_ALLOC|SHF_EXECINSTR,4
	0x44002308		$a.0
	0x44002308		_txe_queue_receive
	0x44002324		$d.1
.text._txe_thread_create	0x44002328	0x70	../../core/kernel/rtos/threadx/txm_module_lib/build/LLVM/txm_lib.lib(txm_thread_create.o)	#SHT_PROGBITS,SHF_ALLOC|SHF_EXECINSTR,4
	0x44002328		$a.0
	0x44002328		_txe_thread_create
	0x44002394		$d.1
.text._txe_thread_resume	0x44002398	0x20	../../core/kernel/rtos/threadx/txm_module_lib/build/LLVM/txm_lib.lib(txm_thread_resume.o)	#SHT_PROGBITS,SHF_ALLOC|SHF_EXECINSTR,4
	0x44002398		$a.0
	0x44002398		_txe_thread_resume
	0x440023b4		$d.1
.text.qtee_malloc	0x440023b8	0xb0	../../core/securemsm/qtee_invoke/proxy/build/LLVM/qtee_invoke_proxy_user.lib(QTEEInvoke.o)	#SHT_PROGBITS,SHF_ALLOC|SHF_EXECINSTR,4
	0x440023b8		$t.0
	0x440023b9		qtee_malloc
	0x44002450		$d.1
.text.qtee_free	0x44002468	0xa	../../core/securemsm/qtee_invoke/proxy/build/LLVM/qtee_invoke_proxy_user.lib(QTEEInvoke.o)	#SHT_PROGBITS,SHF_ALLOC|SHF_EXECINSTR,2
	0x44002468		$t.2
	0x44002469		qtee_free
PADDING_ALIGNMENT	0x44002472	0x2	0x0
.text.qtee_open_over_qapi	0x44002474	0x2c	../../core/securemsm/qtee_invoke/proxy/build/LLVM/qtee_invoke_proxy_user.lib(QTEEInvoke.o)	#SHT_PROGBITS,SHF_ALLOC|SHF_EXECINSTR,4
	0x44002474		$t.3
	0x44002475		qtee_open_over_qapi
	0x4400249c		$d.4
.text.qtee_invoke_over_qapi	0x440024a0	0x2c	../../core/securemsm/qtee_invoke/proxy/build/LLVM/qtee_invoke_proxy_user.lib(QTEEInvoke.o)	#SHT_PROGBITS,SHF_ALLOC|SHF_EXECINSTR,4
	0x440024a0		$t.5
	0x440024a1		qtee_invoke_over_qapi
	0x440024c8		$d.6
.text.qtee_release_over_qapi	0x440024cc	0x2c	../../core/securemsm/qtee_invoke/proxy/build/LLVM/qtee_invoke_proxy_user.lib(QTEEInvoke.o)	#SHT_PROGBITS,SHF_ALLOC|SHF_EXECINSTR,4
	0x440024cc		$t.7
	0x440024cd		qtee_release_over_qapi
	0x440024f4		$d.8
.text.QTEEProxyObj_delete	0x440024f8	0x68	../../core/securemsm/qtee_invoke/proxy/build/LLVM/qtee_invoke_proxy_user.lib(QTEEInvoke.o)	#SHT_PROGBITS,SHF_ALLOC|SHF_EXECINSTR,4
	0x440024f8		$t.9
	0x440024f9		QTEEProxyObj_delete
	0x44002554		$d.10
.text.qapi_QTEEInvoke_GetOpener	0x44002560	0xc0	../../core/securemsm/qtee_invoke/proxy/build/LLVM/qtee_invoke_proxy_user.lib(QTEEInvoke.o)	#SHT_PROGBITS,SHF_ALLOC|SHF_EXECINSTR,4
	0x44002560		$t.11
	0x44002561		qapi_QTEEInvoke_GetOpener
	0x4400260c		$d.12
.text.QTEEProxyObj_new	0x44002620	0x50	../../core/securemsm/qtee_invoke/proxy/build/LLVM/qtee_invoke_proxy_user.lib(QTEEInvoke.o)	#SHT_PROGBITS,SHF_ALLOC|SHF_EXECINSTR,4
	0x44002620		$t.13
	0x44002621		QTEEProxyObj_new
	0x44002664		$d.14
.text.QTEEProxyObj_invoke	0x44002670	0x2e4	../../core/securemsm/qtee_invoke/proxy/build/LLVM/qtee_invoke_proxy_user.lib(QTEEInvoke.o)	#SHT_PROGBITS,SHF_ALLOC|SHF_EXECINSTR,4
	0x44002670		$t.15
	0x44002671		QTEEProxyObj_invoke
	0x44002930		$d.16
.text.Object_invoke	0x44002954	0xc	../../core/securemsm/qtee_invoke/proxy/build/LLVM/qtee_invoke_proxy_user.lib(QTEEInvoke.o)	#SHT_PROGBITS,SHF_ALLOC|SHF_EXECINSTR,2
	0x44002954		$t.17
	0x44002955		Object_invoke
.text._txm_module_object_deallocate	0x44002960	0x20	../../core/kernel/rtos/threadx/txm_module_lib/build/LLVM/txm_lib.lib(txm_module_object_deallocate.o)	#SHT_PROGBITS,SHF_ALLOC|SHF_EXECINSTR,4
	0x44002960		$a.0
	0x44002960		_txm_module_object_deallocate
	0x4400297c		$d.1
.text	0x44002980	0x68	C:\Apps\LLVM\4.0.3\armv7m-none-eabi\libc\lib/libc.a(memset_nofp_armv7.o)	#SHT_PROGBITS,SHF_ALLOC|SHF_EXECINSTR,4
	0x44002980		$t
	0x44002981		memset
*(Init )
*(.rodata .rodata.* )
.rodata.test_add_nums.xx_msg_const	0x440029e8	0x10	../../core/securemsm/com_test_app/build/llvm_dam/cortex-a7/ACFNAADZ/app_module.o	#SHT_PROGBITS,SHF_ALLOC,4
	0x440029e8		test_add_nums.xx_msg_const
.rodata.str1.1	0x440029f8	0x1a	../../core/securemsm/com_test_app/build/llvm_dam/cortex-a7/ACFNAADZ/app_module.o	#SHT_PROGBITS,SHF_ALLOC|SHF_MERGE|SHF_STRINGS,1
	0x440029f8		.L.str
.rodata.str1.1	0x44002a12	0x3c	../../core/securemsm/com_test_app/build/llvm_dam/cortex-a7/ACFNAADZ/app_module.o	#SHT_PROGBITS,SHF_ALLOC|SHF_MERGE|SHF_STRINGS,1
	0x44002a12		.L.str.1
.rodata.str1.1	0x44002a4e	0x1d	../../core/securemsm/com_test_app/build/llvm_dam/cortex-a7/ACFNAADZ/app_module.o	#SHT_PROGBITS,SHF_ALLOC|SHF_MERGE|SHF_STRINGS,1
	0x44002a4e		.L.str.3
.rodata.str1.1	0x44002a6b	0x28	../../core/securemsm/com_test_app/build/llvm_dam/cortex-a7/ACFNAADZ/app_module.o	#SHT_PROGBITS,SHF_ALLOC|SHF_MERGE|SHF_STRINGS,1
	0x44002a6b		.L.str.5
.rodata.str1.1	0x44002a93	0x15	../../core/securemsm/com_test_app/build/llvm_dam/cortex-a7/ACFNAADZ/app_module.o	#SHT_PROGBITS,SHF_ALLOC|SHF_MERGE|SHF_STRINGS,1
	0x44002a93		.L.str.7
.rodata.str1.1	0x44002aa8	0x15	../../core/securemsm/com_test_app/build/llvm_dam/cortex-a7/ACFNAADZ/app_module.o	#SHT_PROGBITS,SHF_ALLOC|SHF_MERGE|SHF_STRINGS,1
	0x44002aa8		.L.str.8
.rodata.str1.1	0x44002abd	0x18	../../core/securemsm/com_test_app/build/llvm_dam/cortex-a7/ACFNAADZ/app_module.o	#SHT_PROGBITS,SHF_ALLOC|SHF_MERGE|SHF_STRINGS,1
	0x44002abd		.L.str.10
.rodata.str1.1	0x44002ad5	0x10	../../core/securemsm/com_test_app/build/llvm_dam/cortex-a7/ACFNAADZ/app_module.o	#SHT_PROGBITS,SHF_ALLOC|SHF_MERGE|SHF_STRINGS,1
	0x44002ad5		.L.str.12
.rodata.str1.1	0x44002ae5	0x1a	../../core/securemsm/com_test_app/build/llvm_dam/cortex-a7/ACFNAADZ/app_module.o	#SHT_PROGBITS,SHF_ALLOC|SHF_MERGE|SHF_STRINGS,1
	0x44002ae5		.L.str.13
.rodata.str1.1	0x44002aff	0x1d	../../core/securemsm/com_test_app/build/llvm_dam/cortex-a7/ACFNAADZ/app_module.o	#SHT_PROGBITS,SHF_ALLOC|SHF_MERGE|SHF_STRINGS,1
	0x44002aff		.L.str.15
.rodata.str1.1	0x44002b1c	0x15	../../core/securemsm/com_test_app/build/llvm_dam/cortex-a7/ACFNAADZ/app_module.o	#SHT_PROGBITS,SHF_ALLOC|SHF_MERGE|SHF_STRINGS,1
	0x44002b1c		.L.str.17
.rodata.str1.1	0x44002b31	0x14	../../core/securemsm/com_test_app/build/llvm_dam/cortex-a7/ACFNAADZ/app_module.o	#SHT_PROGBITS,SHF_ALLOC|SHF_MERGE|SHF_STRINGS,1
	0x44002b31		.L.str.18
.rodata.str1.1	0x44002b45	0x17	../../core/securemsm/com_test_app/build/llvm_dam/cortex-a7/ACFNAADZ/app_module.o	#SHT_PROGBITS,SHF_ALLOC|SHF_MERGE|SHF_STRINGS,1
	0x44002b45		.L.str.20
.rodata.str1.1	0x44002b5c	0xf	../../core/securemsm/com_test_app/build/llvm_dam/cortex-a7/ACFNAADZ/app_module.o	#SHT_PROGBITS,SHF_ALLOC|SHF_MERGE|SHF_STRINGS,1
	0x44002b5c		.L.str.22
.rodata.str1.1	0x44002b6b	0x13	../../core/securemsm/com_test_app/build/llvm_dam/cortex-a7/ACFNAADZ/app_module.o	#SHT_PROGBITS,SHF_ALLOC|SHF_MERGE|SHF_STRINGS,1
	0x44002b6b		.L.str.23
.rodata.str1.1	0x44002b7e	0x10	../../core/securemsm/com_test_app/build/llvm_dam/cortex-a7/ACFNAADZ/app_module.o	#SHT_PROGBITS,SHF_ALLOC|SHF_MERGE|SHF_STRINGS,1
	0x44002b7e		.L.str.24
.rodata.str1.1	0x44002b8e	0x35	../../core/securemsm/com_test_app/build/llvm_dam/cortex-a7/ACFNAADZ/app_module.o	#SHT_PROGBITS,SHF_ALLOC|SHF_MERGE|SHF_STRINGS,1
	0x44002b8e		.L.str.25
.rodata.str1.1	0x44002bc3	0x2a	../../core/securemsm/com_test_app/build/llvm_dam/cortex-a7/ACFNAADZ/app_module.o	#SHT_PROGBITS,SHF_ALLOC|SHF_MERGE|SHF_STRINGS,1
	0x44002bc3		.L.str.27
.rodata.str1.1	0x44002bed	0x21	../../core/securemsm/com_test_app/build/llvm_dam/cortex-a7/ACFNAADZ/app_module.o	#SHT_PROGBITS,SHF_ALLOC|SHF_MERGE|SHF_STRINGS,1
	0x44002bed		.L.str.28
.rodata.str1.1	0x44002c0e	0x30	../../core/securemsm/com_test_app/build/llvm_dam/cortex-a7/ACFNAADZ/app_module.o	#SHT_PROGBITS,SHF_ALLOC|SHF_MERGE|SHF_STRINGS,1
	0x44002c0e		.L.str.30
.rodata.str1.1	0x44002c3e	0x20	../../core/securemsm/com_test_app/build/llvm_dam/cortex-a7/ACFNAADZ/app_module.o	#SHT_PROGBITS,SHF_ALLOC|SHF_MERGE|SHF_STRINGS,1
	0x44002c3e		.L.str.32
.rodata.str1.1	0x44002c5e	0x44	../../core/securemsm/com_test_app/build/llvm_dam/cortex-a7/ACFNAADZ/app_module.o	#SHT_PROGBITS,SHF_ALLOC|SHF_MERGE|SHF_STRINGS,1
	0x44002c5e		.L.str.34
.rodata.str1.1	0x44002ca2	0x34	../../core/securemsm/com_test_app/build/llvm_dam/cortex-a7/ACFNAADZ/app_module.o	#SHT_PROGBITS,SHF_ALLOC|SHF_MERGE|SHF_STRINGS,1
	0x44002ca2		.L.str.36
.rodata.str1.1	0x44002cd6	0x1d	../../core/securemsm/com_test_app/build/llvm_dam/cortex-a7/ACFNAADZ/app_module.o	#SHT_PROGBITS,SHF_ALLOC|SHF_MERGE|SHF_STRINGS,1
	0x44002cd6		.L.str.38
.rodata.str1.1	0x44002cf3	0xf	../../core/securemsm/com_test_app/build/llvm_dam/cortex-a7/ACFNAADZ/app_module.o	#SHT_PROGBITS,SHF_ALLOC|SHF_MERGE|SHF_STRINGS,1
	0x44002cf3		.L__FUNCTION__.thread_0_entry
.rodata.str1.1	0x44002d02	0x11	../../core/securemsm/com_test_app/build/llvm_dam/cortex-a7/ACFNAADZ/app_module.o	#SHT_PROGBITS,SHF_ALLOC|SHF_MERGE|SHF_STRINGS,1
	0x44002d02		.L.str.39
.rodata.str1.1	0x44002d13	0xe	../../core/securemsm/com_test_app/build/llvm_dam/cortex-a7/ACFNAADZ/app_module.o	#SHT_PROGBITS,SHF_ALLOC|SHF_MERGE|SHF_STRINGS,1
	0x44002d13		.L__FUNCTION__.ta_abort_test
.rodata.str1.1	0x44002d21	0x2e	../../core/securemsm/com_test_app/build/llvm_dam/cortex-a7/ACFNAADZ/app_module.o	#SHT_PROGBITS,SHF_ALLOC|SHF_MERGE|SHF_STRINGS,1
	0x44002d21		.L.str.41
.rodata.str1.1	0x44002d4f	0x28	../../core/securemsm/com_test_app/build/llvm_dam/cortex-a7/ACFNAADZ/app_module.o	#SHT_PROGBITS,SHF_ALLOC|SHF_MERGE|SHF_STRINGS,1
	0x44002d4f		.L.str.43
.rodata.str1.1	0x44002d77	0x21	../../core/securemsm/com_test_app/build/llvm_dam/cortex-a7/ACFNAADZ/app_module.o	#SHT_PROGBITS,SHF_ALLOC|SHF_MERGE|SHF_STRINGS,1
	0x44002d77		.L.str.45
.rodata.str1.1	0x44002d98	0x20	../../core/securemsm/com_test_app/build/llvm_dam/cortex-a7/ACFNAADZ/app_module.o	#SHT_PROGBITS,SHF_ALLOC|SHF_MERGE|SHF_STRINGS,1
	0x44002d98		.L.str.47
.rodata.str1.1	0x44002db8	0x1c	../../core/securemsm/com_test_app/build/llvm_dam/cortex-a7/ACFNAADZ/app_module.o	#SHT_PROGBITS,SHF_ALLOC|SHF_MERGE|SHF_STRINGS,1
	0x44002db8		.L.str.49
.rodata.str1.1	0x44002dd4	0x16	../../core/securemsm/com_test_app/build/llvm_dam/cortex-a7/ACFNAADZ/app_module.o	#SHT_PROGBITS,SHF_ALLOC|SHF_MERGE|SHF_STRINGS,1
	0x44002dd4		.L.str.51
.rodata.str1.1	0x44002dea	0x30	../../core/securemsm/com_test_app/build/llvm_dam/cortex-a7/ACFNAADZ/app_module.o	#SHT_PROGBITS,SHF_ALLOC|SHF_MERGE|SHF_STRINGS,1
	0x44002dea		.L.str.53
.rodata.str1.1	0x44002e1a	0x2a	../../core/securemsm/com_test_app/build/llvm_dam/cortex-a7/ACFNAADZ/app_module.o	#SHT_PROGBITS,SHF_ALLOC|SHF_MERGE|SHF_STRINGS,1
	0x44002e1a		.L.str.55
.rodata.str1.1	0x44002e44	0x29	../../core/securemsm/com_test_app/build/llvm_dam/cortex-a7/ACFNAADZ/app_module.o	#SHT_PROGBITS,SHF_ALLOC|SHF_MERGE|SHF_STRINGS,1
	0x44002e44		.L.str.57
.rodata.str1.1	0x44002e6d	0x1c	../../core/securemsm/com_test_app/build/llvm_dam/cortex-a7/ACFNAADZ/app_module.o	#SHT_PROGBITS,SHF_ALLOC|SHF_MERGE|SHF_STRINGS,1
	0x44002e6d		.L.str.59
.rodata.str1.1	0x44002e89	0xe	../../core/securemsm/com_test_app/build/llvm_dam/cortex-a7/ACFNAADZ/app_module.o	#SHT_PROGBITS,SHF_ALLOC|SHF_MERGE|SHF_STRINGS,1
	0x44002e89		.L.str.61
.rodata.str1.1	0x44002e97	0x17	../../core/securemsm/com_test_app/build/llvm_dam/cortex-a7/ACFNAADZ/app_module.o	#SHT_PROGBITS,SHF_ALLOC|SHF_MERGE|SHF_STRINGS,1
	0x44002e97		.L__FUNCTION__.test_simple_comtestapp
.rodata.str1.1	0x44002eae	0x2a	../../core/securemsm/com_test_app/build/llvm_dam/cortex-a7/ACFNAADZ/app_module.o	#SHT_PROGBITS,SHF_ALLOC|SHF_MERGE|SHF_STRINGS,1
	0x44002eae		.L.str.73
.rodata.str1.1	0x44002ed8	0x24	../../core/securemsm/com_test_app/build/llvm_dam/cortex-a7/ACFNAADZ/app_module.o	#SHT_PROGBITS,SHF_ALLOC|SHF_MERGE|SHF_STRINGS,1
	0x44002ed8		.L.str.75
.rodata.str1.1	0x44002efc	0x28	../../core/securemsm/com_test_app/build/llvm_dam/cortex-a7/ACFNAADZ/app_module.o	#SHT_PROGBITS,SHF_ALLOC|SHF_MERGE|SHF_STRINGS,1
	0x44002efc		.L.str.77
.rodata.str1.1	0x44002f24	0x2b	../../core/securemsm/com_test_app/build/llvm_dam/cortex-a7/ACFNAADZ/app_module.o	#SHT_PROGBITS,SHF_ALLOC|SHF_MERGE|SHF_STRINGS,1
	0x44002f24		.L.str.79
.rodata.str1.1	0x44002f4f	0x27	../../core/securemsm/com_test_app/build/llvm_dam/cortex-a7/ACFNAADZ/app_module.o	#SHT_PROGBITS,SHF_ALLOC|SHF_MERGE|SHF_STRINGS,1
	0x44002f4f		.L.str.81
.rodata.str1.1	0x44002f76	0x24	../../core/securemsm/com_test_app/build/llvm_dam/cortex-a7/ACFNAADZ/app_module.o	#SHT_PROGBITS,SHF_ALLOC|SHF_MERGE|SHF_STRINGS,1
	0x44002f76		.L.str.83
.rodata.str1.1	0x44002f9a	0x22	../../core/securemsm/com_test_app/build/llvm_dam/cortex-a7/ACFNAADZ/app_module.o	#SHT_PROGBITS,SHF_ALLOC|SHF_MERGE|SHF_STRINGS,1
	0x44002f9a		.L.str.85
.rodata.str1.1	0x44002fbc	0x25	../../core/securemsm/com_test_app/build/llvm_dam/cortex-a7/ACFNAADZ/app_module.o	#SHT_PROGBITS,SHF_ALLOC|SHF_MERGE|SHF_STRINGS,1
	0x44002fbc		.L.str.87
.rodata.str1.1	0x44002fe1	0x38	../../core/securemsm/com_test_app/build/llvm_dam/cortex-a7/ACFNAADZ/app_module.o	#SHT_PROGBITS,SHF_ALLOC|SHF_MERGE|SHF_STRINGS,1
	0x44002fe1		.L.str.90
.rodata.str1.1	0x44003019	0x38	../../core/securemsm/com_test_app/build/llvm_dam/cortex-a7/ACFNAADZ/app_module.o	#SHT_PROGBITS,SHF_ALLOC|SHF_MERGE|SHF_STRINGS,1
	0x44003019		.L.str.92
.rodata.str1.1	0x44003051	0x1d	../../core/securemsm/com_test_app/build/llvm_dam/cortex-a7/ACFNAADZ/app_module.o	#SHT_PROGBITS,SHF_ALLOC|SHF_MERGE|SHF_STRINGS,1
	0x44003051		.L.str.94
.rodata.str1.1	0x4400306e	0x23	../../core/securemsm/com_test_app/build/llvm_dam/cortex-a7/ACFNAADZ/app_module.o	#SHT_PROGBITS,SHF_ALLOC|SHF_MERGE|SHF_STRINGS,1
	0x4400306e		.L.str.95
.rodata.str1.1	0x44003091	0x40	../../core/securemsm/com_test_app/build/llvm_dam/cortex-a7/ACFNAADZ/app_module.o	#SHT_PROGBITS,SHF_ALLOC|SHF_MERGE|SHF_STRINGS,1
	0x44003091		.L.str.97
.rodata.str1.1	0x440030d1	0x36	../../core/securemsm/com_test_app/build/llvm_dam/cortex-a7/ACFNAADZ/app_module.o	#SHT_PROGBITS,SHF_ALLOC|SHF_MERGE|SHF_STRINGS,1
	0x440030d1		.L.str.99
.rodata.str1.1	0x44003107	0x36	../../core/securemsm/com_test_app/build/llvm_dam/cortex-a7/ACFNAADZ/app_module.o	#SHT_PROGBITS,SHF_ALLOC|SHF_MERGE|SHF_STRINGS,1
	0x44003107		.L.str.101
.rodata.str1.1	0x4400313d	0x36	../../core/securemsm/com_test_app/build/llvm_dam/cortex-a7/ACFNAADZ/app_module.o	#SHT_PROGBITS,SHF_ALLOC|SHF_MERGE|SHF_STRINGS,1
	0x4400313d		.L.str.103
.rodata.str1.1	0x44003173	0x4c	../../core/securemsm/com_test_app/build/llvm_dam/cortex-a7/ACFNAADZ/app_module.o	#SHT_PROGBITS,SHF_ALLOC|SHF_MERGE|SHF_STRINGS,1
	0x44003173		.L.str.109
.rodata.str1.1	0x440031bf	0x4d	../../core/securemsm/com_test_app/build/llvm_dam/cortex-a7/ACFNAADZ/app_module.o	#SHT_PROGBITS,SHF_ALLOC|SHF_MERGE|SHF_STRINGS,1
	0x440031bf		.L.str.111
.rodata.str1.1	0x4400320c	0x4d	../../core/securemsm/com_test_app/build/llvm_dam/cortex-a7/ACFNAADZ/app_module.o	#SHT_PROGBITS,SHF_ALLOC|SHF_MERGE|SHF_STRINGS,1
	0x4400320c		.L.str.113
.rodata.str1.1	0x44003259	0x44	../../core/securemsm/com_test_app/build/llvm_dam/cortex-a7/ACFNAADZ/app_module.o	#SHT_PROGBITS,SHF_ALLOC|SHF_MERGE|SHF_STRINGS,1
	0x44003259		.L.str.115
.rodata.str1.1	0x4400329d	0x36	../../core/securemsm/com_test_app/build/llvm_dam/cortex-a7/ACFNAADZ/app_module.o	#SHT_PROGBITS,SHF_ALLOC|SHF_MERGE|SHF_STRINGS,1
	0x4400329d		.L.str.117
.rodata.str1.1	0x440032d3	0x1e	../../core/securemsm/com_test_app/build/llvm_dam/cortex-a7/ACFNAADZ/app_module.o	#SHT_PROGBITS,SHF_ALLOC|SHF_MERGE|SHF_STRINGS,1
	0x440032d3		.L.str.119
.rodata.str1.1	0x440032f1	0x30	../../core/securemsm/com_test_app/build/llvm_dam/cortex-a7/ACFNAADZ/app_module.o	#SHT_PROGBITS,SHF_ALLOC|SHF_MERGE|SHF_STRINGS,1
	0x440032f1		.L.str.120
.rodata.str1.1	0x44003321	0x4d	../../core/securemsm/com_test_app/build/llvm_dam/cortex-a7/ACFNAADZ/app_module.o	#SHT_PROGBITS,SHF_ALLOC|SHF_MERGE|SHF_STRINGS,1
	0x44003321		.L.str.122
.rodata.str1.1	0x4400336e	0x40	../../core/securemsm/com_test_app/build/llvm_dam/cortex-a7/ACFNAADZ/app_module.o	#SHT_PROGBITS,SHF_ALLOC|SHF_MERGE|SHF_STRINGS,1
	0x4400336e		.L.str.124
.rodata.str1.1	0x440033ae	0x49	../../core/securemsm/com_test_app/build/llvm_dam/cortex-a7/ACFNAADZ/app_module.o	#SHT_PROGBITS,SHF_ALLOC|SHF_MERGE|SHF_STRINGS,1
	0x440033ae		.L.str.128
.rodata.str1.1	0x440033f7	0x48	../../core/securemsm/com_test_app/build/llvm_dam/cortex-a7/ACFNAADZ/app_module.o	#SHT_PROGBITS,SHF_ALLOC|SHF_MERGE|SHF_STRINGS,1
	0x440033f7		.L.str.130
.rodata.str1.1	0x4400343f	0x3c	../../core/securemsm/com_test_app/build/llvm_dam/cortex-a7/ACFNAADZ/app_module.o	#SHT_PROGBITS,SHF_ALLOC|SHF_MERGE|SHF_STRINGS,1
	0x4400343f		.L.str.132
.rodata.str1.1	0x4400347b	0x2b	../../core/securemsm/com_test_app/build/llvm_dam/cortex-a7/ACFNAADZ/app_module.o	#SHT_PROGBITS,SHF_ALLOC|SHF_MERGE|SHF_STRINGS,1
	0x4400347b		.L.str.134
.rodata.str1.1	0x440034a6	0x17	../../core/securemsm/com_test_app/build/llvm_dam/cortex-a7/ACFNAADZ/app_module.o	#SHT_PROGBITS,SHF_ALLOC|SHF_MERGE|SHF_STRINGS,1
	0x440034a6		.L.str.135
.rodata.str1.1	0x440034bd	0xc	../../core/securemsm/com_test_app/build/llvm_dam/cortex-a7/ACFNAADZ/app_module.o	#SHT_PROGBITS,SHF_ALLOC|SHF_MERGE|SHF_STRINGS,1
	0x440034bd		.L.str.136
.rodata.str1.1	0x440034c9	0x16	../../core/securemsm/com_test_app/build/llvm_dam/cortex-a7/ACFNAADZ/app_module.o	#SHT_PROGBITS,SHF_ALLOC|SHF_MERGE|SHF_STRINGS,1
	0x440034c9		.L.str.138
.rodata.str1.1	0x440034df	0x20	../../core/securemsm/com_test_app/build/llvm_dam/cortex-a7/ACFNAADZ/app_module.o	#SHT_PROGBITS,SHF_ALLOC|SHF_MERGE|SHF_STRINGS,1
	0x440034df		.L.str.139
.rodata.str1.1	0x440034ff	0xe	../../core/securemsm/com_test_app/build/llvm_dam/cortex-a7/ACFNAADZ/app_module.o	#SHT_PROGBITS,SHF_ALLOC|SHF_MERGE|SHF_STRINGS,1
	0x440034ff		.L__func__.__getFileSize
.rodata.str1.1	0x4400350d	0xb	../../core/securemsm/com_test_app/build/llvm_dam/cortex-a7/ACFNAADZ/app_module.o	#SHT_PROGBITS,SHF_ALLOC|SHF_MERGE|SHF_STRINGS,1
	0x4400350d		.L__func__.__readFile
.rodata.str1.1	0x44003518	0x35	../../core/securemsm/com_test_app/build/llvm_dam/cortex-a7/ACFNAADZ/app_module.o	#SHT_PROGBITS,SHF_ALLOC|SHF_MERGE|SHF_STRINGS,1
	0x44003518		.L.str.141
PADDING_ALIGNMENT	0x4400354d	0x3	0x0
.rodata.test_add_nums.xx_msg_const.2	0x44003550	0x10	../../core/securemsm/com_test_app/build/llvm_dam/cortex-a7/ACFNAADZ/app_module.o	#SHT_PROGBITS,SHF_ALLOC,4
	0x44003550		test_add_nums.xx_msg_const.2
.rodata.test_add_nums.xx_msg_const.4	0x44003560	0x10	../../core/securemsm/com_test_app/build/llvm_dam/cortex-a7/ACFNAADZ/app_module.o	#SHT_PROGBITS,SHF_ALLOC,4
	0x44003560		test_add_nums.xx_msg_const.4
.rodata.test_add_nums.xx_msg_const.6	0x44003570	0x10	../../core/securemsm/com_test_app/build/llvm_dam/cortex-a7/ACFNAADZ/app_module.o	#SHT_PROGBITS,SHF_ALLOC,4
	0x44003570		test_add_nums.xx_msg_const.6
.rodata.test_sfs.xx_msg_const	0x44003580	0x10	../../core/securemsm/com_test_app/build/llvm_dam/cortex-a7/ACFNAADZ/app_module.o	#SHT_PROGBITS,SHF_ALLOC,4
	0x44003580		test_sfs.xx_msg_const
.rodata.test_sfs.xx_msg_const.9	0x44003590	0x10	../../core/securemsm/com_test_app/build/llvm_dam/cortex-a7/ACFNAADZ/app_module.o	#SHT_PROGBITS,SHF_ALLOC,4
	0x44003590		test_sfs.xx_msg_const.9
.rodata.test_sfs.xx_msg_const.11	0x440035a0	0x10	../../core/securemsm/com_test_app/build/llvm_dam/cortex-a7/ACFNAADZ/app_module.o	#SHT_PROGBITS,SHF_ALLOC,4
	0x440035a0		test_sfs.xx_msg_const.11
.rodata.test_perf_sfs.xx_msg_const	0x440035b0	0x10	../../core/securemsm/com_test_app/build/llvm_dam/cortex-a7/ACFNAADZ/app_module.o	#SHT_PROGBITS,SHF_ALLOC,4
	0x440035b0		test_perf_sfs.xx_msg_const
.rodata.test_perf_sfs.xx_msg_const.14	0x440035c0	0x10	../../core/securemsm/com_test_app/build/llvm_dam/cortex-a7/ACFNAADZ/app_module.o	#SHT_PROGBITS,SHF_ALLOC,4
	0x440035c0		test_perf_sfs.xx_msg_const.14
.rodata.test_perf_sfs.xx_msg_const.16	0x440035d0	0x10	../../core/securemsm/com_test_app/build/llvm_dam/cortex-a7/ACFNAADZ/app_module.o	#SHT_PROGBITS,SHF_ALLOC,4
	0x440035d0		test_perf_sfs.xx_msg_const.16
.rodata.test_fs.xx_msg_const	0x440035e0	0x10	../../core/securemsm/com_test_app/build/llvm_dam/cortex-a7/ACFNAADZ/app_module.o	#SHT_PROGBITS,SHF_ALLOC,4
	0x440035e0		test_fs.xx_msg_const
.rodata.test_fs.xx_msg_const.19	0x440035f0	0x10	../../core/securemsm/com_test_app/build/llvm_dam/cortex-a7/ACFNAADZ/app_module.o	#SHT_PROGBITS,SHF_ALLOC,4
	0x440035f0		test_fs.xx_msg_const.19
.rodata.test_fs.xx_msg_const.21	0x44003600	0x10	../../core/securemsm/com_test_app/build/llvm_dam/cortex-a7/ACFNAADZ/app_module.o	#SHT_PROGBITS,SHF_ALLOC,4
	0x44003600		test_fs.xx_msg_const.21
.rodata.thread_0_entry.xx_msg_const	0x44003610	0x10	../../core/securemsm/com_test_app/build/llvm_dam/cortex-a7/ACFNAADZ/app_module.o	#SHT_PROGBITS,SHF_ALLOC,4
	0x44003610		thread_0_entry.xx_msg_const
.rodata.thread_0_entry.xx_msg_const.26	0x44003620	0x10	../../core/securemsm/com_test_app/build/llvm_dam/cortex-a7/ACFNAADZ/app_module.o	#SHT_PROGBITS,SHF_ALLOC,4
	0x44003620		thread_0_entry.xx_msg_const.26
.rodata.thread_0_entry.xx_msg_const.29	0x44003630	0x10	../../core/securemsm/com_test_app/build/llvm_dam/cortex-a7/ACFNAADZ/app_module.o	#SHT_PROGBITS,SHF_ALLOC,4
	0x44003630		thread_0_entry.xx_msg_const.29
.rodata.thread_0_entry.xx_msg_const.31	0x44003640	0x10	../../core/securemsm/com_test_app/build/llvm_dam/cortex-a7/ACFNAADZ/app_module.o	#SHT_PROGBITS,SHF_ALLOC,4
	0x44003640		thread_0_entry.xx_msg_const.31
.rodata.thread_0_entry.xx_msg_const.33	0x44003650	0x10	../../core/securemsm/com_test_app/build/llvm_dam/cortex-a7/ACFNAADZ/app_module.o	#SHT_PROGBITS,SHF_ALLOC,4
	0x44003650		thread_0_entry.xx_msg_const.33
.rodata.thread_0_entry.xx_msg_const.35	0x44003660	0x10	../../core/securemsm/com_test_app/build/llvm_dam/cortex-a7/ACFNAADZ/app_module.o	#SHT_PROGBITS,SHF_ALLOC,4
	0x44003660		thread_0_entry.xx_msg_const.35
.rodata.thread_0_entry.xx_msg_const.37	0x44003670	0x10	../../core/securemsm/com_test_app/build/llvm_dam/cortex-a7/ACFNAADZ/app_module.o	#SHT_PROGBITS,SHF_ALLOC,4
	0x44003670		thread_0_entry.xx_msg_const.37
.rodata.ta_abort_test.xx_msg_const	0x44003680	0x10	../../core/securemsm/com_test_app/build/llvm_dam/cortex-a7/ACFNAADZ/app_module.o	#SHT_PROGBITS,SHF_ALLOC,4
	0x44003680		ta_abort_test.xx_msg_const
.rodata.ta_abort_test.xx_msg_const.40	0x44003690	0x10	../../core/securemsm/com_test_app/build/llvm_dam/cortex-a7/ACFNAADZ/app_module.o	#SHT_PROGBITS,SHF_ALLOC,4
	0x44003690		ta_abort_test.xx_msg_const.40
.rodata.ta_abort_test.xx_msg_const.42	0x440036a0	0x10	../../core/securemsm/com_test_app/build/llvm_dam/cortex-a7/ACFNAADZ/app_module.o	#SHT_PROGBITS,SHF_ALLOC,4
	0x440036a0		ta_abort_test.xx_msg_const.42
.rodata.ta_abort_test.xx_msg_const.44	0x440036b0	0x10	../../core/securemsm/com_test_app/build/llvm_dam/cortex-a7/ACFNAADZ/app_module.o	#SHT_PROGBITS,SHF_ALLOC,4
	0x440036b0		ta_abort_test.xx_msg_const.44
.rodata.ta_abort_test.xx_msg_const.46	0x440036c0	0x10	../../core/securemsm/com_test_app/build/llvm_dam/cortex-a7/ACFNAADZ/app_module.o	#SHT_PROGBITS,SHF_ALLOC,4
	0x440036c0		ta_abort_test.xx_msg_const.46
.rodata.ta_abort_test.xx_msg_const.48	0x440036d0	0x10	../../core/securemsm/com_test_app/build/llvm_dam/cortex-a7/ACFNAADZ/app_module.o	#SHT_PROGBITS,SHF_ALLOC,4
	0x440036d0		ta_abort_test.xx_msg_const.48
.rodata.ta_abort_test.xx_msg_const.50	0x440036e0	0x10	../../core/securemsm/com_test_app/build/llvm_dam/cortex-a7/ACFNAADZ/app_module.o	#SHT_PROGBITS,SHF_ALLOC,4
	0x440036e0		ta_abort_test.xx_msg_const.50
.rodata.ta_abort_test.xx_msg_const.52	0x440036f0	0x10	../../core/securemsm/com_test_app/build/llvm_dam/cortex-a7/ACFNAADZ/app_module.o	#SHT_PROGBITS,SHF_ALLOC,4
	0x440036f0		ta_abort_test.xx_msg_const.52
.rodata.ta_abort_test.xx_msg_const.54	0x44003700	0x10	../../core/securemsm/com_test_app/build/llvm_dam/cortex-a7/ACFNAADZ/app_module.o	#SHT_PROGBITS,SHF_ALLOC,4
	0x44003700		ta_abort_test.xx_msg_const.54
.rodata.ta_abort_test.xx_msg_const.56	0x44003710	0x10	../../core/securemsm/com_test_app/build/llvm_dam/cortex-a7/ACFNAADZ/app_module.o	#SHT_PROGBITS,SHF_ALLOC,4
	0x44003710		ta_abort_test.xx_msg_const.56
.rodata.ta_abort_test.xx_msg_const.60	0x44003720	0x10	../../core/securemsm/com_test_app/build/llvm_dam/cortex-a7/ACFNAADZ/app_module.o	#SHT_PROGBITS,SHF_ALLOC,4
	0x44003720		ta_abort_test.xx_msg_const.60
.rodata.test_simple_comtestapp.xx_msg_const	0x44003730	0x10	../../core/securemsm/com_test_app/build/llvm_dam/cortex-a7/ACFNAADZ/app_module.o	#SHT_PROGBITS,SHF_ALLOC,4
	0x44003730		test_simple_comtestapp.xx_msg_const
.rodata.test_simple_comtestapp.xx_msg_const.62	0x44003740	0x10	../../core/securemsm/com_test_app/build/llvm_dam/cortex-a7/ACFNAADZ/app_module.o	#SHT_PROGBITS,SHF_ALLOC,4
	0x44003740		test_simple_comtestapp.xx_msg_const.62
.rodata.test_simple_comtestapp.xx_msg_const.63	0x44003750	0x10	../../core/securemsm/com_test_app/build/llvm_dam/cortex-a7/ACFNAADZ/app_module.o	#SHT_PROGBITS,SHF_ALLOC,4
	0x44003750		test_simple_comtestapp.xx_msg_const.63
.rodata.test_simple_comtestapp.xx_msg_const.64	0x44003760	0x10	../../core/securemsm/com_test_app/build/llvm_dam/cortex-a7/ACFNAADZ/app_module.o	#SHT_PROGBITS,SHF_ALLOC,4
	0x44003760		test_simple_comtestapp.xx_msg_const.64
.rodata.test_simple_comtestapp.xx_msg_const.65	0x44003770	0x10	../../core/securemsm/com_test_app/build/llvm_dam/cortex-a7/ACFNAADZ/app_module.o	#SHT_PROGBITS,SHF_ALLOC,4
	0x44003770		test_simple_comtestapp.xx_msg_const.65
.rodata.test_simple_comtestapp.xx_msg_const.66	0x44003780	0x10	../../core/securemsm/com_test_app/build/llvm_dam/cortex-a7/ACFNAADZ/app_module.o	#SHT_PROGBITS,SHF_ALLOC,4
	0x44003780		test_simple_comtestapp.xx_msg_const.66
.rodata.test_simple_comtestapp.xx_msg_const.67	0x44003790	0x10	../../core/securemsm/com_test_app/build/llvm_dam/cortex-a7/ACFNAADZ/app_module.o	#SHT_PROGBITS,SHF_ALLOC,4
	0x44003790		test_simple_comtestapp.xx_msg_const.67
.rodata.test_simple_comtestapp.xx_msg_const.68	0x440037a0	0x10	../../core/securemsm/com_test_app/build/llvm_dam/cortex-a7/ACFNAADZ/app_module.o	#SHT_PROGBITS,SHF_ALLOC,4
	0x440037a0		test_simple_comtestapp.xx_msg_const.68
.rodata.test_simple_comtestapp.xx_msg_const.69	0x440037b0	0x10	../../core/securemsm/com_test_app/build/llvm_dam/cortex-a7/ACFNAADZ/app_module.o	#SHT_PROGBITS,SHF_ALLOC,4
	0x440037b0		test_simple_comtestapp.xx_msg_const.69
.rodata.test_simple_comtestapp.xx_msg_const.70	0x440037c0	0x10	../../core/securemsm/com_test_app/build/llvm_dam/cortex-a7/ACFNAADZ/app_module.o	#SHT_PROGBITS,SHF_ALLOC,4
	0x440037c0		test_simple_comtestapp.xx_msg_const.70
.rodata.test_simple_comtestapp.xx_msg_const.71	0x440037d0	0x10	../../core/securemsm/com_test_app/build/llvm_dam/cortex-a7/ACFNAADZ/app_module.o	#SHT_PROGBITS,SHF_ALLOC,4
	0x440037d0		test_simple_comtestapp.xx_msg_const.71
.rodata.test_simple_comtestapp.xx_msg_const.72	0x440037e0	0x10	../../core/securemsm/com_test_app/build/llvm_dam/cortex-a7/ACFNAADZ/app_module.o	#SHT_PROGBITS,SHF_ALLOC,4
	0x440037e0		test_simple_comtestapp.xx_msg_const.72
.rodata.test_simple_comtestapp.xx_msg_const.74	0x440037f0	0x10	../../core/securemsm/com_test_app/build/llvm_dam/cortex-a7/ACFNAADZ/app_module.o	#SHT_PROGBITS,SHF_ALLOC,4
	0x440037f0		test_simple_comtestapp.xx_msg_const.74
.rodata.test_simple_comtestapp.xx_msg_const.76	0x44003800	0x10	../../core/securemsm/com_test_app/build/llvm_dam/cortex-a7/ACFNAADZ/app_module.o	#SHT_PROGBITS,SHF_ALLOC,4
	0x44003800		test_simple_comtestapp.xx_msg_const.76
.rodata.test_simple_comtestapp.xx_msg_const.78	0x44003810	0x10	../../core/securemsm/com_test_app/build/llvm_dam/cortex-a7/ACFNAADZ/app_module.o	#SHT_PROGBITS,SHF_ALLOC,4
	0x44003810		test_simple_comtestapp.xx_msg_const.78
.rodata.test_simple_comtestapp.xx_msg_const.80	0x44003820	0x10	../../core/securemsm/com_test_app/build/llvm_dam/cortex-a7/ACFNAADZ/app_module.o	#SHT_PROGBITS,SHF_ALLOC,4
	0x44003820		test_simple_comtestapp.xx_msg_const.80
.rodata.test_simple_comtestapp.xx_msg_const.82	0x44003830	0x10	../../core/securemsm/com_test_app/build/llvm_dam/cortex-a7/ACFNAADZ/app_module.o	#SHT_PROGBITS,SHF_ALLOC,4
	0x44003830		test_simple_comtestapp.xx_msg_const.82
.rodata.test_simple_comtestapp.xx_msg_const.84	0x44003840	0x10	../../core/securemsm/com_test_app/build/llvm_dam/cortex-a7/ACFNAADZ/app_module.o	#SHT_PROGBITS,SHF_ALLOC,4
	0x44003840		test_simple_comtestapp.xx_msg_const.84
.rodata.test_mult_getopener.xx_msg_const	0x44003850	0x10	../../core/securemsm/com_test_app/build/llvm_dam/cortex-a7/ACFNAADZ/app_module.o	#SHT_PROGBITS,SHF_ALLOC,4
	0x44003850		test_mult_getopener.xx_msg_const
.rodata.test_mult_getopener.xx_msg_const.86	0x44003860	0x10	../../core/securemsm/com_test_app/build/llvm_dam/cortex-a7/ACFNAADZ/app_module.o	#SHT_PROGBITS,SHF_ALLOC,4
	0x44003860		test_mult_getopener.xx_msg_const.86
.rodata.test_mult_getopener.xx_msg_const.88	0x44003870	0x10	../../core/securemsm/com_test_app/build/llvm_dam/cortex-a7/ACFNAADZ/app_module.o	#SHT_PROGBITS,SHF_ALLOC,4
	0x44003870		test_mult_getopener.xx_msg_const.88
.rodata.test_mult_getopener.xx_msg_const.89	0x44003880	0x10	../../core/securemsm/com_test_app/build/llvm_dam/cortex-a7/ACFNAADZ/app_module.o	#SHT_PROGBITS,SHF_ALLOC,4
	0x44003880		test_mult_getopener.xx_msg_const.89
.rodata.test_mult_getopener.xx_msg_const.91	0x44003890	0x10	../../core/securemsm/com_test_app/build/llvm_dam/cortex-a7/ACFNAADZ/app_module.o	#SHT_PROGBITS,SHF_ALLOC,4
	0x44003890		test_mult_getopener.xx_msg_const.91
.rodata.test_mult_getopener.xx_msg_const.93	0x440038a0	0x10	../../core/securemsm/com_test_app/build/llvm_dam/cortex-a7/ACFNAADZ/app_module.o	#SHT_PROGBITS,SHF_ALLOC,4
	0x440038a0		test_mult_getopener.xx_msg_const.93
.rodata.test_mult_comtestapp.xx_msg_const	0x440038b0	0x10	../../core/securemsm/com_test_app/build/llvm_dam/cortex-a7/ACFNAADZ/app_module.o	#SHT_PROGBITS,SHF_ALLOC,4
	0x440038b0		test_mult_comtestapp.xx_msg_const
.rodata.test_mult_comtestapp.xx_msg_const.96	0x440038c0	0x10	../../core/securemsm/com_test_app/build/llvm_dam/cortex-a7/ACFNAADZ/app_module.o	#SHT_PROGBITS,SHF_ALLOC,4
	0x440038c0		test_mult_comtestapp.xx_msg_const.96
.rodata.test_mult_comtestapp.xx_msg_const.98	0x440038d0	0x10	../../core/securemsm/com_test_app/build/llvm_dam/cortex-a7/ACFNAADZ/app_module.o	#SHT_PROGBITS,SHF_ALLOC,4
	0x440038d0		test_mult_comtestapp.xx_msg_const.98
.rodata.test_mult_comtestapp.xx_msg_const.100	0x440038e0	0x10	../../core/securemsm/com_test_app/build/llvm_dam/cortex-a7/ACFNAADZ/app_module.o	#SHT_PROGBITS,SHF_ALLOC,4
	0x440038e0		test_mult_comtestapp.xx_msg_const.100
.rodata.test_mult_comtestapp.xx_msg_const.102	0x440038f0	0x10	../../core/securemsm/com_test_app/build/llvm_dam/cortex-a7/ACFNAADZ/app_module.o	#SHT_PROGBITS,SHF_ALLOC,4
	0x440038f0		test_mult_comtestapp.xx_msg_const.102
.rodata.test_mult_comtestapp.xx_msg_const.104	0x44003900	0x10	../../core/securemsm/com_test_app/build/llvm_dam/cortex-a7/ACFNAADZ/app_module.o	#SHT_PROGBITS,SHF_ALLOC,4
	0x44003900		test_mult_comtestapp.xx_msg_const.104
.rodata.test_mult_comtestapp.xx_msg_const.105	0x44003910	0x10	../../core/securemsm/com_test_app/build/llvm_dam/cortex-a7/ACFNAADZ/app_module.o	#SHT_PROGBITS,SHF_ALLOC,4
	0x44003910		test_mult_comtestapp.xx_msg_const.105
.rodata.test_mult_comtestapp.xx_msg_const.106	0x44003920	0x10	../../core/securemsm/com_test_app/build/llvm_dam/cortex-a7/ACFNAADZ/app_module.o	#SHT_PROGBITS,SHF_ALLOC,4
	0x44003920		test_mult_comtestapp.xx_msg_const.106
.rodata.test_mult_comtestapp.xx_msg_const.107	0x44003930	0x10	../../core/securemsm/com_test_app/build/llvm_dam/cortex-a7/ACFNAADZ/app_module.o	#SHT_PROGBITS,SHF_ALLOC,4
	0x44003930		test_mult_comtestapp.xx_msg_const.107
.rodata.test_mult_comtestapp.xx_msg_const.108	0x44003940	0x10	../../core/securemsm/com_test_app/build/llvm_dam/cortex-a7/ACFNAADZ/app_module.o	#SHT_PROGBITS,SHF_ALLOC,4
	0x44003940		test_mult_comtestapp.xx_msg_const.108
.rodata.test_mult_comtestapp.xx_msg_const.110	0x44003950	0x10	../../core/securemsm/com_test_app/build/llvm_dam/cortex-a7/ACFNAADZ/app_module.o	#SHT_PROGBITS,SHF_ALLOC,4
	0x44003950		test_mult_comtestapp.xx_msg_const.110
.rodata.test_mult_comtestapp.xx_msg_const.112	0x44003960	0x10	../../core/securemsm/com_test_app/build/llvm_dam/cortex-a7/ACFNAADZ/app_module.o	#SHT_PROGBITS,SHF_ALLOC,4
	0x44003960		test_mult_comtestapp.xx_msg_const.112
.rodata.test_mult_comtestapp.xx_msg_const.114	0x44003970	0x10	../../core/securemsm/com_test_app/build/llvm_dam/cortex-a7/ACFNAADZ/app_module.o	#SHT_PROGBITS,SHF_ALLOC,4
	0x44003970		test_mult_comtestapp.xx_msg_const.114
.rodata.test_mult_comtestapp.xx_msg_const.116	0x44003980	0x10	../../core/securemsm/com_test_app/build/llvm_dam/cortex-a7/ACFNAADZ/app_module.o	#SHT_PROGBITS,SHF_ALLOC,4
	0x44003980		test_mult_comtestapp.xx_msg_const.116
.rodata.test_mult_comtestapp.xx_msg_const.118	0x44003990	0x10	../../core/securemsm/com_test_app/build/llvm_dam/cortex-a7/ACFNAADZ/app_module.o	#SHT_PROGBITS,SHF_ALLOC,4
	0x44003990		test_mult_comtestapp.xx_msg_const.118
.rodata.test_out_of_order_release_compute.xx_msg_const	0x440039a0	0x10	../../core/securemsm/com_test_app/build/llvm_dam/cortex-a7/ACFNAADZ/app_module.o	#SHT_PROGBITS,SHF_ALLOC,4
	0x440039a0		test_out_of_order_release_compute.xx_msg_const
.rodata.test_out_of_order_release_compute.xx_msg_const.121	0x440039b0	0x10	../../core/securemsm/com_test_app/build/llvm_dam/cortex-a7/ACFNAADZ/app_module.o	#SHT_PROGBITS,SHF_ALLOC,4
	0x440039b0		test_out_of_order_release_compute.xx_msg_const.121
.rodata.test_out_of_order_release_compute.xx_msg_const.123	0x440039c0	0x10	../../core/securemsm/com_test_app/build/llvm_dam/cortex-a7/ACFNAADZ/app_module.o	#SHT_PROGBITS,SHF_ALLOC,4
	0x440039c0		test_out_of_order_release_compute.xx_msg_const.123
.rodata.test_out_of_order_release_compute.xx_msg_const.125	0x440039d0	0x10	../../core/securemsm/com_test_app/build/llvm_dam/cortex-a7/ACFNAADZ/app_module.o	#SHT_PROGBITS,SHF_ALLOC,4
	0x440039d0		test_out_of_order_release_compute.xx_msg_const.125
.rodata.test_out_of_order_release_compute.xx_msg_const.126	0x440039e0	0x10	../../core/securemsm/com_test_app/build/llvm_dam/cortex-a7/ACFNAADZ/app_module.o	#SHT_PROGBITS,SHF_ALLOC,4
	0x440039e0		test_out_of_order_release_compute.xx_msg_const.126
.rodata.test_out_of_order_release_compute.xx_msg_const.127	0x440039f0	0x10	../../core/securemsm/com_test_app/build/llvm_dam/cortex-a7/ACFNAADZ/app_module.o	#SHT_PROGBITS,SHF_ALLOC,4
	0x440039f0		test_out_of_order_release_compute.xx_msg_const.127
.rodata.test_out_of_order_release_compute.xx_msg_const.129	0x44003a00	0x10	../../core/securemsm/com_test_app/build/llvm_dam/cortex-a7/ACFNAADZ/app_module.o	#SHT_PROGBITS,SHF_ALLOC,4
	0x44003a00		test_out_of_order_release_compute.xx_msg_const.129
.rodata.test_out_of_order_release_compute.xx_msg_const.131	0x44003a10	0x10	../../core/securemsm/com_test_app/build/llvm_dam/cortex-a7/ACFNAADZ/app_module.o	#SHT_PROGBITS,SHF_ALLOC,4
	0x44003a10		test_out_of_order_release_compute.xx_msg_const.131
.rodata.test_out_of_order_release_compute.xx_msg_const.133	0x44003a20	0x10	../../core/securemsm/com_test_app/build/llvm_dam/cortex-a7/ACFNAADZ/app_module.o	#SHT_PROGBITS,SHF_ALLOC,4
	0x44003a20		test_out_of_order_release_compute.xx_msg_const.133
.rodata.loadApp.xx_msg_const	0x44003a30	0x10	../../core/securemsm/com_test_app/build/llvm_dam/cortex-a7/ACFNAADZ/app_module.o	#SHT_PROGBITS,SHF_ALLOC,4
	0x44003a30		loadApp.xx_msg_const
.rodata.loadApp.xx_msg_const.137	0x44003a40	0x10	../../core/securemsm/com_test_app/build/llvm_dam/cortex-a7/ACFNAADZ/app_module.o	#SHT_PROGBITS,SHF_ALLOC,4
	0x44003a40		loadApp.xx_msg_const.137
.rodata.__getFileSize.xx_msg_const	0x44003a50	0x10	../../core/securemsm/com_test_app/build/llvm_dam/cortex-a7/ACFNAADZ/app_module.o	#SHT_PROGBITS,SHF_ALLOC,4
	0x44003a50		__getFileSize.xx_msg_const
.rodata.__readFile.xx_msg_const	0x44003a60	0x10	../../core/securemsm/com_test_app/build/llvm_dam/cortex-a7/ACFNAADZ/app_module.o	#SHT_PROGBITS,SHF_ALLOC,4
	0x44003a60		__readFile.xx_msg_const
.rodata.__readFile.xx_msg_const.140	0x44003a70	0x10	../../core/securemsm/com_test_app/build/llvm_dam/cortex-a7/ACFNAADZ/app_module.o	#SHT_PROGBITS,SHF_ALLOC,4
	0x44003a70		__readFile.xx_msg_const.140
.rodata.qtee_malloc.xx_msg_const	0x44003a80	0x10	../../core/securemsm/qtee_invoke/proxy/build/LLVM/qtee_invoke_proxy_user.lib(QTEEInvoke.o)	#SHT_PROGBITS,SHF_ALLOC,4
	0x44003a80		qtee_malloc.xx_msg_const
.rodata.str1.1	0x44003a90	0x17	../../core/securemsm/qtee_invoke/proxy/build/LLVM/qtee_invoke_proxy_user.lib(QTEEInvoke.o)	#SHT_PROGBITS,SHF_ALLOC|SHF_MERGE|SHF_STRINGS,1
	0x44003a90		.L.str
.rodata.str1.1	0x44003aa7	0x41	../../core/securemsm/qtee_invoke/proxy/build/LLVM/qtee_invoke_proxy_user.lib(QTEEInvoke.o)	#SHT_PROGBITS,SHF_ALLOC|SHF_MERGE|SHF_STRINGS,1
	0x44003aa7		.L.str.1
.rodata.str1.1	0x44003ae8	0x27	../../core/securemsm/qtee_invoke/proxy/build/LLVM/qtee_invoke_proxy_user.lib(QTEEInvoke.o)	#SHT_PROGBITS,SHF_ALLOC|SHF_MERGE|SHF_STRINGS,1
	0x44003ae8		.L.str.3
.rodata.str1.1	0x44003b0f	0x2e	../../core/securemsm/qtee_invoke/proxy/build/LLVM/qtee_invoke_proxy_user.lib(QTEEInvoke.o)	#SHT_PROGBITS,SHF_ALLOC|SHF_MERGE|SHF_STRINGS,1
	0x44003b0f		.L.str.4
.rodata.str1.1	0x44003b3d	0x28	../../core/securemsm/qtee_invoke/proxy/build/LLVM/qtee_invoke_proxy_user.lib(QTEEInvoke.o)	#SHT_PROGBITS,SHF_ALLOC|SHF_MERGE|SHF_STRINGS,1
	0x44003b3d		.L.str.6
.rodata.str1.1	0x44003b65	0x1f	../../core/securemsm/qtee_invoke/proxy/build/LLVM/qtee_invoke_proxy_user.lib(QTEEInvoke.o)	#SHT_PROGBITS,SHF_ALLOC|SHF_MERGE|SHF_STRINGS,1
	0x44003b65		.L.str.7
.rodata.str1.1	0x44003b84	0x25	../../core/securemsm/qtee_invoke/proxy/build/LLVM/qtee_invoke_proxy_user.lib(QTEEInvoke.o)	#SHT_PROGBITS,SHF_ALLOC|SHF_MERGE|SHF_STRINGS,1
	0x44003b84		.L.str.9
.rodata.str1.1	0x44003ba9	0x19	../../core/securemsm/qtee_invoke/proxy/build/LLVM/qtee_invoke_proxy_user.lib(QTEEInvoke.o)	#SHT_PROGBITS,SHF_ALLOC|SHF_MERGE|SHF_STRINGS,1
	0x44003ba9		.L.str.11
.rodata.str1.1	0x44003bc2	0x22	../../core/securemsm/qtee_invoke/proxy/build/LLVM/qtee_invoke_proxy_user.lib(QTEEInvoke.o)	#SHT_PROGBITS,SHF_ALLOC|SHF_MERGE|SHF_STRINGS,1
	0x44003bc2		.L.str.13
.rodata.str1.1	0x44003be4	0xf	../../core/securemsm/qtee_invoke/proxy/build/LLVM/qtee_invoke_proxy_user.lib(QTEEInvoke.o)	#SHT_PROGBITS,SHF_ALLOC|SHF_MERGE|SHF_STRINGS,1
	0x44003be4		.L.str.15
.rodata.str1.1	0x44003bf3	0x2b	../../core/securemsm/qtee_invoke/proxy/build/LLVM/qtee_invoke_proxy_user.lib(QTEEInvoke.o)	#SHT_PROGBITS,SHF_ALLOC|SHF_MERGE|SHF_STRINGS,1
	0x44003bf3		.L.str.16
.rodata.str1.1	0x44003c1e	0x50	../../core/securemsm/qtee_invoke/proxy/build/LLVM/qtee_invoke_proxy_user.lib(QTEEInvoke.o)	#SHT_PROGBITS,SHF_ALLOC|SHF_MERGE|SHF_STRINGS,1
	0x44003c1e		.L.str.17
.rodata.str1.1	0x44003c6e	0x3e	../../core/securemsm/qtee_invoke/proxy/build/LLVM/qtee_invoke_proxy_user.lib(QTEEInvoke.o)	#SHT_PROGBITS,SHF_ALLOC|SHF_MERGE|SHF_STRINGS,1
	0x44003c6e		.L.str.19
.rodata.str1.1	0x44003cac	0x20	../../core/securemsm/qtee_invoke/proxy/build/LLVM/qtee_invoke_proxy_user.lib(QTEEInvoke.o)	#SHT_PROGBITS,SHF_ALLOC|SHF_MERGE|SHF_STRINGS,1
	0x44003cac		.L.str.21
.rodata.str1.1	0x44003ccc	0x10	../../core/securemsm/qtee_invoke/proxy/build/LLVM/qtee_invoke_proxy_user.lib(QTEEInvoke.o)	#SHT_PROGBITS,SHF_ALLOC|SHF_MERGE|SHF_STRINGS,1
	0x44003ccc		.L.str.22
.rodata.str1.1	0x44003cdc	0x29	../../core/securemsm/qtee_invoke/proxy/build/LLVM/qtee_invoke_proxy_user.lib(QTEEInvoke.o)	#SHT_PROGBITS,SHF_ALLOC|SHF_MERGE|SHF_STRINGS,1
	0x44003cdc		.L.str.23
.rodata.str1.1	0x44003d05	0x31	../../core/securemsm/qtee_invoke/proxy/build/LLVM/qtee_invoke_proxy_user.lib(QTEEInvoke.o)	#SHT_PROGBITS,SHF_ALLOC|SHF_MERGE|SHF_STRINGS,1
	0x44003d05		.L.str.25
.rodata.str1.1	0x44003d36	0x45	../../core/securemsm/qtee_invoke/proxy/build/LLVM/qtee_invoke_proxy_user.lib(QTEEInvoke.o)	#SHT_PROGBITS,SHF_ALLOC|SHF_MERGE|SHF_STRINGS,1
	0x44003d36		.L.str.27
PADDING_ALIGNMENT	0x44003d7b	0x1	0x0
.rodata.qtee_malloc.xx_msg_const.2	0x44003d7c	0x10	../../core/securemsm/qtee_invoke/proxy/build/LLVM/qtee_invoke_proxy_user.lib(QTEEInvoke.o)	#SHT_PROGBITS,SHF_ALLOC,4
	0x44003d7c		qtee_malloc.xx_msg_const.2
.rodata.QTEEProxyObj_delete.xx_msg_const	0x44003d8c	0x10	../../core/securemsm/qtee_invoke/proxy/build/LLVM/qtee_invoke_proxy_user.lib(QTEEInvoke.o)	#SHT_PROGBITS,SHF_ALLOC,4
	0x44003d8c		QTEEProxyObj_delete.xx_msg_const
.rodata.QTEEProxyObj_delete.xx_msg_const.5	0x44003d9c	0x10	../../core/securemsm/qtee_invoke/proxy/build/LLVM/qtee_invoke_proxy_user.lib(QTEEInvoke.o)	#SHT_PROGBITS,SHF_ALLOC,4
	0x44003d9c		QTEEProxyObj_delete.xx_msg_const.5
.rodata.qapi_QTEEInvoke_GetOpener.xx_msg_const	0x44003dac	0x10	../../core/securemsm/qtee_invoke/proxy/build/LLVM/qtee_invoke_proxy_user.lib(QTEEInvoke.o)	#SHT_PROGBITS,SHF_ALLOC,4
	0x44003dac		qapi_QTEEInvoke_GetOpener.xx_msg_const
.rodata.qapi_QTEEInvoke_GetOpener.xx_msg_const.8	0x44003dbc	0x10	../../core/securemsm/qtee_invoke/proxy/build/LLVM/qtee_invoke_proxy_user.lib(QTEEInvoke.o)	#SHT_PROGBITS,SHF_ALLOC,4
	0x44003dbc		qapi_QTEEInvoke_GetOpener.xx_msg_const.8
.rodata.qapi_QTEEInvoke_GetOpener.xx_msg_const.10	0x44003dcc	0x10	../../core/securemsm/qtee_invoke/proxy/build/LLVM/qtee_invoke_proxy_user.lib(QTEEInvoke.o)	#SHT_PROGBITS,SHF_ALLOC,4
	0x44003dcc		qapi_QTEEInvoke_GetOpener.xx_msg_const.10
.rodata.qapi_QTEEInvoke_GetOpener.xx_msg_const.12	0x44003ddc	0x10	../../core/securemsm/qtee_invoke/proxy/build/LLVM/qtee_invoke_proxy_user.lib(QTEEInvoke.o)	#SHT_PROGBITS,SHF_ALLOC,4
	0x44003ddc		qapi_QTEEInvoke_GetOpener.xx_msg_const.12
.rodata.QTEEProxyObj_new.xx_msg_const	0x44003dec	0x10	../../core/securemsm/qtee_invoke/proxy/build/LLVM/qtee_invoke_proxy_user.lib(QTEEInvoke.o)	#SHT_PROGBITS,SHF_ALLOC,4
	0x44003dec		QTEEProxyObj_new.xx_msg_const
.rodata.QTEEProxyObj_invoke.xx_msg_const	0x44003dfc	0x10	../../core/securemsm/qtee_invoke/proxy/build/LLVM/qtee_invoke_proxy_user.lib(QTEEInvoke.o)	#SHT_PROGBITS,SHF_ALLOC,4
	0x44003dfc		QTEEProxyObj_invoke.xx_msg_const
.rodata.QTEEProxyObj_invoke.xx_msg_const.18	0x44003e0c	0x10	../../core/securemsm/qtee_invoke/proxy/build/LLVM/qtee_invoke_proxy_user.lib(QTEEInvoke.o)	#SHT_PROGBITS,SHF_ALLOC,4
	0x44003e0c		QTEEProxyObj_invoke.xx_msg_const.18
.rodata.QTEEProxyObj_invoke.xx_msg_const.20	0x44003e1c	0x10	../../core/securemsm/qtee_invoke/proxy/build/LLVM/qtee_invoke_proxy_user.lib(QTEEInvoke.o)	#SHT_PROGBITS,SHF_ALLOC,4
	0x44003e1c		QTEEProxyObj_invoke.xx_msg_const.20
.rodata.marshalIn.xx_msg_const	0x44003e2c	0x10	../../core/securemsm/qtee_invoke/proxy/build/LLVM/qtee_invoke_proxy_user.lib(QTEEInvoke.o)	#SHT_PROGBITS,SHF_ALLOC,4
	0x44003e2c		marshalIn.xx_msg_const
.rodata.marshalOut.xx_msg_const	0x44003e3c	0x10	../../core/securemsm/qtee_invoke/proxy/build/LLVM/qtee_invoke_proxy_user.lib(QTEEInvoke.o)	#SHT_PROGBITS,SHF_ALLOC,4
	0x44003e3c		marshalOut.xx_msg_const
.rodata.marshalOut.xx_msg_const.24	0x44003e4c	0x10	../../core/securemsm/qtee_invoke/proxy/build/LLVM/qtee_invoke_proxy_user.lib(QTEEInvoke.o)	#SHT_PROGBITS,SHF_ALLOC,4
	0x44003e4c		marshalOut.xx_msg_const.24
.rodata.marshalOut.xx_msg_const.26	0x44003e5c	0x10	../../core/securemsm/qtee_invoke/proxy/build/LLVM/qtee_invoke_proxy_user.lib(QTEEInvoke.o)	#SHT_PROGBITS,SHF_ALLOC,4
	0x44003e5c		marshalOut.xx_msg_const.26
	Image$$ER_RO$$Limit(0x44003e78) = .( 0x44003e78 );
Image$$ER_RO$$Length(0x3e78) = Image$$ER_RO$$Limit( 0x44003e78 ) - Image$$ER_RO$$Base( 0x44000000 );

ER_RW	0x44003e78	0x4 # Offset: 0x3ed8, LMA: 0x44003e78
	Image$$ER_RW$$Base(0x44003e78) = .( 0x44003e78 );
KEEP (*(.data .data.* ))
.data.__stack_chk_guard	0x44003e78	0x4	../../core/securemsm/com_test_app/build/llvm_dam/cortex-a7/ACFNAADZ/app_module.o	#SHT_PROGBITS,SHF_ALLOC|SHF_WRITE,4
	0x44003e78		__stack_chk_guard
	Image$$ER_RW$$Limit(0x44003e7c) = .( 0x44003e7c );
Image$$ER_RW$$Length(0x4) = Image$$ER_RW$$Limit( 0x44003e7c ) - Image$$ER_RW$$Base( 0x44003e78 );

ER_ZI	0x44003e80	0x37048 # Offset: 0x3edc, LMA: 0x44003e80
	Image$$ER_ZI$$Base(0x44003e80) = .( 0x44003e80 );
*(.bss* .bss.* .common COMMON )
	0x44003e80	0x4	../../core/securemsm/com_test_app/build/llvm_dam/cortex-a7/ACFNAADZ/app_module.o	#SHT_NOBITS,SHF_ALLOC|SHF_WRITE,16
	0x44003e80		byte_pool_0
	0x44003e84	0x32000	../../core/securemsm/com_test_app/build/llvm_dam/cortex-a7/ACFNAADZ/app_module.o	#SHT_NOBITS,SHF_ALLOC|SHF_WRITE,16
	0x44003e84		module_pool_space
	0x44035e84	0x4	../../core/securemsm/com_test_app/build/llvm_dam/cortex-a7/ACFNAADZ/app_module.o	#SHT_NOBITS,SHF_ALLOC|SHF_WRITE,16
	0x44035e84		thread_0
	0x44035e88	0x4	../../core/kernel/rtos/threadx/txm_module_lib/build/LLVM/txm_lib.lib(txm_module_thread_shell_entry.o)	#SHT_NOBITS,SHF_ALLOC|SHF_WRITE,16
	0x44035e88		_txm_module_entry_info
	0x44035e8c	0x4	../../core/kernel/rtos/threadx/txm_module_lib/build/LLVM/txm_lib.lib(txm_module_thread_shell_entry.o)	#SHT_NOBITS,SHF_ALLOC|SHF_WRITE,16
	0x44035e8c		_txm_module_kernel_call_dispatcher
.bss.errno	0x44035e90	0x4	../../core/securemsm/com_test_app/build/llvm_dam/cortex-a7/ACFNAADZ/app_module.o	#SHT_NOBITS,SHF_ALLOC|SHF_WRITE,4
	0x44035e90		errno
PADDING_ALIGNMENT	0x44035e94	0xc	0x0
.bss..L_MergedGlobals	0x44035ea0	0x24	../../core/securemsm/com_test_app/build/llvm_dam/cortex-a7/ACFNAADZ/app_module.o	#SHT_NOBITS,SHF_ALLOC|SHF_WRITE,16
	0x44035ea0		g_test_progress
	0x44035ea4		ta_excpn_openerObj
	0x44035eac		ta_excpn_appLoaderAppObj
	0x44035eb4		ta_excpn_comTestAppObj
	0x44035ebc		ta_excpn_appController
.bss.qtee_byte_pool_space	0x44035ec4	0x5000	../../core/securemsm/qtee_invoke/proxy/build/LLVM/qtee_invoke_proxy_user.lib(QTEEInvoke.o)	#SHT_NOBITS,SHF_ALLOC|SHF_WRITE,4
	0x44035ec4		qtee_byte_pool_space
.bss.qtee_byte_pool	0x4403aec4	0x4	../../core/securemsm/qtee_invoke/proxy/build/LLVM/qtee_invoke_proxy_user.lib(QTEEInvoke.o)	#SHT_NOBITS,SHF_ALLOC|SHF_WRITE,4
	0x4403aec4		qtee_byte_pool
	Image$$ER_ZI$$Limit(0x4403aec8) = .( 0x4403aec8 );
Image$$ER_ZI$$ZI$$Length(0x37048) = Image$$ER_ZI$$Limit( 0x4403aec8 ) - Image$$ER_ZI$$Base( 0x44003e80 );

.debug	0x0	0x0 # Offset: 0x0

.line	0x0	0x0 # Offset: 0x0

.debug_srcinfo	0x0	0x0 # Offset: 0x0

.debug_sfnames	0x0	0x0 # Offset: 0x0

.debug_aranges	0x0	0x0 # Offset: 0x0

.debug_pubnames	0x3edc	0x821 # Offset: 0x3edc
*(.debug_pubnames )
.debug_pubnames	0x3edc	0x39c	../../core/securemsm/com_test_app/build/llvm_dam/cortex-a7/ACFNAADZ/app_module.o	#SHT_PROGBITS,,1
.debug_pubnames	0x4278	0x9b	../../core/kernel/rtos/threadx/txm_module_lib/build/LLVM/txm_lib.lib(txm_module_thread_shell_entry.o)	#SHT_PROGBITS,,1
.debug_pubnames	0x4313	0x40	../../core/kernel/rtos/threadx/txm_module_lib/build/LLVM/txm_lib.lib(txm_module_callback_request_thread_entry.o)	#SHT_PROGBITS,,1
.debug_pubnames	0x4353	0x30	../../core/kernel/rtos/threadx/txm_module_lib/build/LLVM/txm_lib.lib(txm_module_system_call11.o)	#SHT_PROGBITS,,1
.debug_pubnames	0x4383	0x30	../../core/kernel/rtos/threadx/txm_module_lib/build/LLVM/txm_lib.lib(txm_module_system_call12.o)	#SHT_PROGBITS,,1
.debug_pubnames	0x43b3	0x2c	../../core/kernel/rtos/threadx/txm_module_lib/build/LLVM/txm_lib.lib(txm_byte_pool_create.o)	#SHT_PROGBITS,,1
.debug_pubnames	0x43df	0x29	../../core/kernel/rtos/threadx/txm_module_lib/build/LLVM/txm_lib.lib(txm_byte_allocate.o)	#SHT_PROGBITS,,1
.debug_pubnames	0x4408	0x28	../../core/kernel/rtos/threadx/txm_module_lib/build/LLVM/txm_lib.lib(txm_byte_release.o)	#SHT_PROGBITS,,1
.debug_pubnames	0x4430	0x32	../../core/kernel/rtos/threadx/txm_module_lib/build/LLVM/txm_lib.lib(txm_module_object_allocate.o)	#SHT_PROGBITS,,1
.debug_pubnames	0x4462	0x38	../../core/kernel/rtos/threadx/txm_module_lib/build/LLVM/txm_lib.lib(txm_module_thread_system_suspend.o)	#SHT_PROGBITS,,1
.debug_pubnames	0x449a	0x29	../../core/kernel/rtos/threadx/txm_module_lib/build/LLVM/txm_lib.lib(txm_queue_receive.o)	#SHT_PROGBITS,,1
.debug_pubnames	0x44c3	0x29	../../core/kernel/rtos/threadx/txm_module_lib/build/LLVM/txm_lib.lib(txm_thread_create.o)	#SHT_PROGBITS,,1
.debug_pubnames	0x44ec	0x29	../../core/kernel/rtos/threadx/txm_module_lib/build/LLVM/txm_lib.lib(txm_thread_resume.o)	#SHT_PROGBITS,,1
.debug_pubnames	0x4515	0x1b4	../../core/securemsm/qtee_invoke/proxy/build/LLVM/qtee_invoke_proxy_user.lib(QTEEInvoke.o)	#SHT_PROGBITS,,1
.debug_pubnames	0x46c9	0x34	../../core/kernel/rtos/threadx/txm_module_lib/build/LLVM/txm_lib.lib(txm_module_object_deallocate.o)	#SHT_PROGBITS,,1

.debug_info	0x46fd	0x7276 # Offset: 0x46fd
*(.debug_info .gnu.linkonce.wi.* )
.debug_info	0x46fd	0x1aa9	../../core/securemsm/com_test_app/build/llvm_dam/cortex-a7/ACFNAADZ/app_module.o	#SHT_PROGBITS,,1
.debug_info	0x61a6	0xd81	../../core/kernel/rtos/threadx/txm_module_lib/build/LLVM/txm_lib.lib(txm_module_thread_shell_entry.o)	#SHT_PROGBITS,,1
.debug_info	0x6f27	0xfde	../../core/kernel/rtos/threadx/txm_module_lib/build/LLVM/txm_lib.lib(txm_module_callback_request_thread_entry.o)	#SHT_PROGBITS,,1
.debug_info	0x7f05	0x136	../../core/kernel/rtos/threadx/txm_module_lib/build/LLVM/txm_lib.lib(txm_module_system_call11.o)	#SHT_PROGBITS,,1
.debug_info	0x803b	0x145	../../core/kernel/rtos/threadx/txm_module_lib/build/LLVM/txm_lib.lib(txm_module_system_call12.o)	#SHT_PROGBITS,,1
.debug_info	0x8180	0x6f6	../../core/kernel/rtos/threadx/txm_module_lib/build/LLVM/txm_lib.lib(txm_byte_pool_create.o)	#SHT_PROGBITS,,1
.debug_info	0x8876	0x6ec	../../core/kernel/rtos/threadx/txm_module_lib/build/LLVM/txm_lib.lib(txm_byte_allocate.o)	#SHT_PROGBITS,,1
.debug_info	0x8f62	0x7e	../../core/kernel/rtos/threadx/txm_module_lib/build/LLVM/txm_lib.lib(txm_byte_release.o)	#SHT_PROGBITS,,1
.debug_info	0x8fe0	0x92	../../core/kernel/rtos/threadx/txm_module_lib/build/LLVM/txm_lib.lib(txm_module_object_allocate.o)	#SHT_PROGBITS,,1
.debug_info	0x9072	0x5a1	../../core/kernel/rtos/threadx/txm_module_lib/build/LLVM/txm_lib.lib(txm_module_thread_system_suspend.o)	#SHT_PROGBITS,,1
.debug_info	0x9613	0x6e1	../../core/kernel/rtos/threadx/txm_module_lib/build/LLVM/txm_lib.lib(txm_queue_receive.o)	#SHT_PROGBITS,,1
.debug_info	0x9cf4	0x656	../../core/kernel/rtos/threadx/txm_module_lib/build/LLVM/txm_lib.lib(txm_thread_create.o)	#SHT_PROGBITS,,1
.debug_info	0xa34a	0x5a1	../../core/kernel/rtos/threadx/txm_module_lib/build/LLVM/txm_lib.lib(txm_thread_resume.o)	#SHT_PROGBITS,,1
.debug_info	0xa8eb	0x100a	../../core/securemsm/qtee_invoke/proxy/build/LLVM/qtee_invoke_proxy_user.lib(QTEEInvoke.o)	#SHT_PROGBITS,,1
.debug_info	0xb8f5	0x7e	../../core/kernel/rtos/threadx/txm_module_lib/build/LLVM/txm_lib.lib(txm_module_object_deallocate.o)	#SHT_PROGBITS,,1

.debug_abbrev	0xb973	0xf07 # Offset: 0xb973
*(.debug_abbrev )
.debug_abbrev	0xb973	0x31d	../../core/securemsm/com_test_app/build/llvm_dam/cortex-a7/ACFNAADZ/app_module.o	#SHT_PROGBITS,,1
.debug_abbrev	0xbc90	0x103	../../core/kernel/rtos/threadx/txm_module_lib/build/LLVM/txm_lib.lib(txm_module_thread_shell_entry.o)	#SHT_PROGBITS,,1
.debug_abbrev	0xbd93	0xfa	../../core/kernel/rtos/threadx/txm_module_lib/build/LLVM/txm_lib.lib(txm_module_callback_request_thread_entry.o)	#SHT_PROGBITS,,1
.debug_abbrev	0xbe8d	0x8d	../../core/kernel/rtos/threadx/txm_module_lib/build/LLVM/txm_lib.lib(txm_module_system_call11.o)	#SHT_PROGBITS,,1
.debug_abbrev	0xbf1a	0x8d	../../core/kernel/rtos/threadx/txm_module_lib/build/LLVM/txm_lib.lib(txm_module_system_call12.o)	#SHT_PROGBITS,,1
.debug_abbrev	0xbfa7	0xdd	../../core/kernel/rtos/threadx/txm_module_lib/build/LLVM/txm_lib.lib(txm_byte_pool_create.o)	#SHT_PROGBITS,,1
.debug_abbrev	0xc084	0xdd	../../core/kernel/rtos/threadx/txm_module_lib/build/LLVM/txm_lib.lib(txm_byte_allocate.o)	#SHT_PROGBITS,,1
.debug_abbrev	0xc161	0x64	../../core/kernel/rtos/threadx/txm_module_lib/build/LLVM/txm_lib.lib(txm_byte_release.o)	#SHT_PROGBITS,,1
.debug_abbrev	0xc1c5	0x6b	../../core/kernel/rtos/threadx/txm_module_lib/build/LLVM/txm_lib.lib(txm_module_object_allocate.o)	#SHT_PROGBITS,,1
.debug_abbrev	0xc230	0xcc	../../core/kernel/rtos/threadx/txm_module_lib/build/LLVM/txm_lib.lib(txm_module_thread_system_suspend.o)	#SHT_PROGBITS,,1
.debug_abbrev	0xc2fc	0xcc	../../core/kernel/rtos/threadx/txm_module_lib/build/LLVM/txm_lib.lib(txm_queue_receive.o)	#SHT_PROGBITS,,1
.debug_abbrev	0xc3c8	0xdd	../../core/kernel/rtos/threadx/txm_module_lib/build/LLVM/txm_lib.lib(txm_thread_create.o)	#SHT_PROGBITS,,1
.debug_abbrev	0xc4a5	0xcc	../../core/kernel/rtos/threadx/txm_module_lib/build/LLVM/txm_lib.lib(txm_thread_resume.o)	#SHT_PROGBITS,,1
.debug_abbrev	0xc571	0x2a5	../../core/securemsm/qtee_invoke/proxy/build/LLVM/qtee_invoke_proxy_user.lib(QTEEInvoke.o)	#SHT_PROGBITS,,1
.debug_abbrev	0xc816	0x64	../../core/kernel/rtos/threadx/txm_module_lib/build/LLVM/txm_lib.lib(txm_module_object_deallocate.o)	#SHT_PROGBITS,,1

.debug_line	0xc87a	0x1be0 # Offset: 0xc87a
*(.debug_line )
.debug_line	0xc87a	0x9f3	../../core/securemsm/com_test_app/build/llvm_dam/cortex-a7/ACFNAADZ/app_module.o	#SHT_PROGBITS,,1
.debug_line	0xd26d	0x147	../../core/kernel/rtos/threadx/txm_module_lib/build/LLVM/txm_lib.lib(txm_module_thread_shell_entry.o)	#SHT_PROGBITS,,1
.debug_line	0xd3b4	0x18d	../../core/kernel/rtos/threadx/txm_module_lib/build/LLVM/txm_lib.lib(txm_module_callback_request_thread_entry.o)	#SHT_PROGBITS,,1
.debug_line	0xd541	0xd8	../../core/kernel/rtos/threadx/txm_module_lib/build/LLVM/txm_lib.lib(txm_module_system_call11.o)	#SHT_PROGBITS,,1
.debug_line	0xd619	0xd9	../../core/kernel/rtos/threadx/txm_module_lib/build/LLVM/txm_lib.lib(txm_module_system_call12.o)	#SHT_PROGBITS,,1
.debug_line	0xd6f2	0xdf	../../core/kernel/rtos/threadx/txm_module_lib/build/LLVM/txm_lib.lib(txm_byte_pool_create.o)	#SHT_PROGBITS,,1
.debug_line	0xd7d1	0xda	../../core/kernel/rtos/threadx/txm_module_lib/build/LLVM/txm_lib.lib(txm_byte_allocate.o)	#SHT_PROGBITS,,1
.debug_line	0xd8ab	0xc6	../../core/kernel/rtos/threadx/txm_module_lib/build/LLVM/txm_lib.lib(txm_byte_release.o)	#SHT_PROGBITS,,1
.debug_line	0xd971	0xd0	../../core/kernel/rtos/threadx/txm_module_lib/build/LLVM/txm_lib.lib(txm_module_object_allocate.o)	#SHT_PROGBITS,,1
.debug_line	0xda41	0xe2	../../core/kernel/rtos/threadx/txm_module_lib/build/LLVM/txm_lib.lib(txm_module_thread_system_suspend.o)	#SHT_PROGBITS,,1
.debug_line	0xdb23	0xcd	../../core/kernel/rtos/threadx/txm_module_lib/build/LLVM/txm_lib.lib(txm_queue_receive.o)	#SHT_PROGBITS,,1
.debug_line	0xdbf0	0xed	../../core/kernel/rtos/threadx/txm_module_lib/build/LLVM/txm_lib.lib(txm_thread_create.o)	#SHT_PROGBITS,,1
.debug_line	0xdcdd	0xd3	../../core/kernel/rtos/threadx/txm_module_lib/build/LLVM/txm_lib.lib(txm_thread_resume.o)	#SHT_PROGBITS,,1
.debug_line	0xddb0	0x5d8	../../core/securemsm/qtee_invoke/proxy/build/LLVM/qtee_invoke_proxy_user.lib(QTEEInvoke.o)	#SHT_PROGBITS,,1
.debug_line	0xe388	0xd2	../../core/kernel/rtos/threadx/txm_module_lib/build/LLVM/txm_lib.lib(txm_module_object_deallocate.o)	#SHT_PROGBITS,,1

.debug_frame	0xe45a	0x590 # Offset: 0xe45a
*(.debug_frame )
.debug_frame	0xe45a	0x244	../../core/securemsm/com_test_app/build/llvm_dam/cortex-a7/ACFNAADZ/app_module.o	#SHT_PROGBITS,,4
.debug_frame	0xe69e	0x4c	../../core/kernel/rtos/threadx/txm_module_lib/build/LLVM/txm_lib.lib(txm_module_thread_shell_entry.o)	#SHT_PROGBITS,,4
.debug_frame	0xe6ea	0x3c	../../core/kernel/rtos/threadx/txm_module_lib/build/LLVM/txm_lib.lib(txm_module_callback_request_thread_entry.o)	#SHT_PROGBITS,,4
.debug_frame	0xe726	0x2c	../../core/kernel/rtos/threadx/txm_module_lib/build/LLVM/txm_lib.lib(txm_module_system_call11.o)	#SHT_PROGBITS,,4
.debug_frame	0xe752	0x2c	../../core/kernel/rtos/threadx/txm_module_lib/build/LLVM/txm_lib.lib(txm_module_system_call12.o)	#SHT_PROGBITS,,4
.debug_frame	0xe77e	0x28	../../core/kernel/rtos/threadx/txm_module_lib/build/LLVM/txm_lib.lib(txm_byte_pool_create.o)	#SHT_PROGBITS,,4
.debug_frame	0xe7a6	0x28	../../core/kernel/rtos/threadx/txm_module_lib/build/LLVM/txm_lib.lib(txm_byte_allocate.o)	#SHT_PROGBITS,,4
.debug_frame	0xe7ce	0x20	../../core/kernel/rtos/threadx/txm_module_lib/build/LLVM/txm_lib.lib(txm_byte_release.o)	#SHT_PROGBITS,,4
.debug_frame	0xe7ee	0x20	../../core/kernel/rtos/threadx/txm_module_lib/build/LLVM/txm_lib.lib(txm_module_object_allocate.o)	#SHT_PROGBITS,,4
.debug_frame	0xe80e	0x20	../../core/kernel/rtos/threadx/txm_module_lib/build/LLVM/txm_lib.lib(txm_module_thread_system_suspend.o)	#SHT_PROGBITS,,4
.debug_frame	0xe82e	0x20	../../core/kernel/rtos/threadx/txm_module_lib/build/LLVM/txm_lib.lib(txm_queue_receive.o)	#SHT_PROGBITS,,4
.debug_frame	0xe84e	0x2c	../../core/kernel/rtos/threadx/txm_module_lib/build/LLVM/txm_lib.lib(txm_thread_create.o)	#SHT_PROGBITS,,4
.debug_frame	0xe87a	0x20	../../core/kernel/rtos/threadx/txm_module_lib/build/LLVM/txm_lib.lib(txm_thread_resume.o)	#SHT_PROGBITS,,4
.debug_frame	0xe89a	0x130	../../core/securemsm/qtee_invoke/proxy/build/LLVM/qtee_invoke_proxy_user.lib(QTEEInvoke.o)	#SHT_PROGBITS,,4
.debug_frame	0xe9ca	0x20	../../core/kernel/rtos/threadx/txm_module_lib/build/LLVM/txm_lib.lib(txm_module_object_deallocate.o)	#SHT_PROGBITS,,4

.debug_str	0xe9ea	0x3208 # Offset: 0xe9ea
*(.debug_str )
.debug_str	0xe9ea	0x3c	../../core/securemsm/com_test_app/build/llvm_dam/cortex-a7/ACFNAADZ/app_module.o	#SHT_PROGBITS,SHF_MERGE|SHF_STRINGS,1
	0x0		
.debug_str	0xea26	0x3c	../../core/securemsm/com_test_app/build/llvm_dam/cortex-a7/ACFNAADZ/app_module.o	#SHT_PROGBITS,SHF_MERGE|SHF_STRINGS,1
	0x3c		
.debug_str	0xea62	0x18	../../core/securemsm/com_test_app/build/llvm_dam/cortex-a7/ACFNAADZ/app_module.o	#SHT_PROGBITS,SHF_MERGE|SHF_STRINGS,1
	0x78		
.debug_str	0xea7a	0x12	../../core/securemsm/com_test_app/build/llvm_dam/cortex-a7/ACFNAADZ/app_module.o	#SHT_PROGBITS,SHF_MERGE|SHF_STRINGS,1
	0x90		
.debug_str	0xea8c	0x12	../../core/securemsm/com_test_app/build/llvm_dam/cortex-a7/ACFNAADZ/app_module.o	#SHT_PROGBITS,SHF_MERGE|SHF_STRINGS,1
	0xa2		
.debug_str	0xea9e	0x6	../../core/securemsm/com_test_app/build/llvm_dam/cortex-a7/ACFNAADZ/app_module.o	#SHT_PROGBITS,SHF_MERGE|SHF_STRINGS,1
	0xb4		
.debug_str	0xeaa4	0x6	../../core/securemsm/com_test_app/build/llvm_dam/cortex-a7/ACFNAADZ/app_module.o	#SHT_PROGBITS,SHF_MERGE|SHF_STRINGS,1
	0xba		
.debug_str	0xeaaa	0x4	../../core/securemsm/com_test_app/build/llvm_dam/cortex-a7/ACFNAADZ/app_module.o	#SHT_PROGBITS,SHF_MERGE|SHF_STRINGS,1
	0xc0		
.debug_str	0xeaae	0x4	../../core/securemsm/com_test_app/build/llvm_dam/cortex-a7/ACFNAADZ/app_module.o	#SHT_PROGBITS,SHF_MERGE|SHF_STRINGS,1
	0xc4		
.debug_str	0xeab2	0x10	../../core/securemsm/com_test_app/build/llvm_dam/cortex-a7/ACFNAADZ/app_module.o	#SHT_PROGBITS,SHF_MERGE|SHF_STRINGS,1
	0xc8		
.debug_str	0xeac2	0xd	../../core/securemsm/com_test_app/build/llvm_dam/cortex-a7/ACFNAADZ/app_module.o	#SHT_PROGBITS,SHF_MERGE|SHF_STRINGS,1
	0xd8		
.debug_str	0xeacf	0x5	../../core/securemsm/com_test_app/build/llvm_dam/cortex-a7/ACFNAADZ/app_module.o	#SHT_PROGBITS,SHF_MERGE|SHF_STRINGS,1
	0xe5		
.debug_str	0xead4	0x5	../../core/securemsm/com_test_app/build/llvm_dam/cortex-a7/ACFNAADZ/app_module.o	#SHT_PROGBITS,SHF_MERGE|SHF_STRINGS,1
	0xea		
.debug_str	0xead9	0xf	../../core/securemsm/com_test_app/build/llvm_dam/cortex-a7/ACFNAADZ/app_module.o	#SHT_PROGBITS,SHF_MERGE|SHF_STRINGS,1
	0xef		
.debug_str	0xeae8	0x9	../../core/securemsm/com_test_app/build/llvm_dam/cortex-a7/ACFNAADZ/app_module.o	#SHT_PROGBITS,SHF_MERGE|SHF_STRINGS,1
	0xfe		
.debug_str	0xeaf1	0x6	../../core/securemsm/com_test_app/build/llvm_dam/cortex-a7/ACFNAADZ/app_module.o	#SHT_PROGBITS,SHF_MERGE|SHF_STRINGS,1
	0x107		
.debug_str	0xeaf7	0x8	../../core/securemsm/com_test_app/build/llvm_dam/cortex-a7/ACFNAADZ/app_module.o	#SHT_PROGBITS,SHF_MERGE|SHF_STRINGS,1
	0x10d		
.debug_str	0xeaff	0xd	../../core/securemsm/com_test_app/build/llvm_dam/cortex-a7/ACFNAADZ/app_module.o	#SHT_PROGBITS,SHF_MERGE|SHF_STRINGS,1
	0x115		
.debug_str	0xeb0c	0x9	../../core/securemsm/com_test_app/build/llvm_dam/cortex-a7/ACFNAADZ/app_module.o	#SHT_PROGBITS,SHF_MERGE|SHF_STRINGS,1
	0x122		
.debug_str	0xeb15	0xe	../../core/securemsm/com_test_app/build/llvm_dam/cortex-a7/ACFNAADZ/app_module.o	#SHT_PROGBITS,SHF_MERGE|SHF_STRINGS,1
	0x12b		
.debug_str	0xeb23	0x4	../../core/securemsm/com_test_app/build/llvm_dam/cortex-a7/ACFNAADZ/app_module.o	#SHT_PROGBITS,SHF_MERGE|SHF_STRINGS,1
	0x139		
.debug_str	0xeb27	0x5	../../core/securemsm/com_test_app/build/llvm_dam/cortex-a7/ACFNAADZ/app_module.o	#SHT_PROGBITS,SHF_MERGE|SHF_STRINGS,1
	0x13d		
.debug_str	0xeb2c	0x6	../../core/securemsm/com_test_app/build/llvm_dam/cortex-a7/ACFNAADZ/app_module.o	#SHT_PROGBITS,SHF_MERGE|SHF_STRINGS,1
	0x142		
.debug_str	0xeb32	0xf	../../core/securemsm/com_test_app/build/llvm_dam/cortex-a7/ACFNAADZ/app_module.o	#SHT_PROGBITS,SHF_MERGE|SHF_STRINGS,1
	0x148		
.debug_str	0xeb41	0x13	../../core/securemsm/com_test_app/build/llvm_dam/cortex-a7/ACFNAADZ/app_module.o	#SHT_PROGBITS,SHF_MERGE|SHF_STRINGS,1
	0x157		
.debug_str	0xeb54	0x7	../../core/securemsm/com_test_app/build/llvm_dam/cortex-a7/ACFNAADZ/app_module.o	#SHT_PROGBITS,SHF_MERGE|SHF_STRINGS,1
	0x16a		
.debug_str	0xeb5b	0x8	../../core/securemsm/com_test_app/build/llvm_dam/cortex-a7/ACFNAADZ/app_module.o	#SHT_PROGBITS,SHF_MERGE|SHF_STRINGS,1
	0x171		
.debug_str	0xeb63	0xa	../../core/securemsm/com_test_app/build/llvm_dam/cortex-a7/ACFNAADZ/app_module.o	#SHT_PROGBITS,SHF_MERGE|SHF_STRINGS,1
	0x179		
.debug_str	0xeb6d	0x9	../../core/securemsm/com_test_app/build/llvm_dam/cortex-a7/ACFNAADZ/app_module.o	#SHT_PROGBITS,SHF_MERGE|SHF_STRINGS,1
	0x183		
.debug_str	0xeb76	0x2	../../core/securemsm/com_test_app/build/llvm_dam/cortex-a7/ACFNAADZ/app_module.o	#SHT_PROGBITS,SHF_MERGE|SHF_STRINGS,1
	0x18c		
.debug_str	0xeb78	0x4	../../core/securemsm/com_test_app/build/llvm_dam/cortex-a7/ACFNAADZ/app_module.o	#SHT_PROGBITS,SHF_MERGE|SHF_STRINGS,1
	0x18e		
.debug_str	0xeb7c	0x5	../../core/securemsm/com_test_app/build/llvm_dam/cortex-a7/ACFNAADZ/app_module.o	#SHT_PROGBITS,SHF_MERGE|SHF_STRINGS,1
	0x192		
.debug_str	0xeb81	0x7	../../core/securemsm/com_test_app/build/llvm_dam/cortex-a7/ACFNAADZ/app_module.o	#SHT_PROGBITS,SHF_MERGE|SHF_STRINGS,1
	0x197		
.debug_str	0xeb88	0xa	../../core/securemsm/com_test_app/build/llvm_dam/cortex-a7/ACFNAADZ/app_module.o	#SHT_PROGBITS,SHF_MERGE|SHF_STRINGS,1
	0x19e		
.debug_str	0xeb92	0x3	../../core/securemsm/com_test_app/build/llvm_dam/cortex-a7/ACFNAADZ/app_module.o	#SHT_PROGBITS,SHF_MERGE|SHF_STRINGS,1
	0x1a8		
.debug_str	0xeb95	0xc	../../core/securemsm/com_test_app/build/llvm_dam/cortex-a7/ACFNAADZ/app_module.o	#SHT_PROGBITS,SHF_MERGE|SHF_STRINGS,1
	0x1ab		
.debug_str	0xeba1	0x2	../../core/securemsm/com_test_app/build/llvm_dam/cortex-a7/ACFNAADZ/app_module.o	#SHT_PROGBITS,SHF_MERGE|SHF_STRINGS,1
	0x1b7		
.debug_str	0xeba3	0xa	../../core/securemsm/com_test_app/build/llvm_dam/cortex-a7/ACFNAADZ/app_module.o	#SHT_PROGBITS,SHF_MERGE|SHF_STRINGS,1
	0x1b9		
.debug_str	0xebad	0xd	../../core/securemsm/com_test_app/build/llvm_dam/cortex-a7/ACFNAADZ/app_module.o	#SHT_PROGBITS,SHF_MERGE|SHF_STRINGS,1
	0x1c3		
.debug_str	0xebba	0xd	../../core/securemsm/com_test_app/build/llvm_dam/cortex-a7/ACFNAADZ/app_module.o	#SHT_PROGBITS,SHF_MERGE|SHF_STRINGS,1
	0x1d0		
.debug_str	0xebc7	0x8	../../core/securemsm/com_test_app/build/llvm_dam/cortex-a7/ACFNAADZ/app_module.o	#SHT_PROGBITS,SHF_MERGE|SHF_STRINGS,1
	0x1dd		
.debug_str	0xebcf	0x7	../../core/securemsm/com_test_app/build/llvm_dam/cortex-a7/ACFNAADZ/app_module.o	#SHT_PROGBITS,SHF_MERGE|SHF_STRINGS,1
	0x1e5		
.debug_str	0xebd6	0x19	../../core/securemsm/com_test_app/build/llvm_dam/cortex-a7/ACFNAADZ/app_module.o	#SHT_PROGBITS,SHF_MERGE|SHF_STRINGS,1
	0x1ec		
.debug_str	0xebef	0x17	../../core/securemsm/com_test_app/build/llvm_dam/cortex-a7/ACFNAADZ/app_module.o	#SHT_PROGBITS,SHF_MERGE|SHF_STRINGS,1
	0x205		
.debug_str	0xec06	0x17	../../core/securemsm/com_test_app/build/llvm_dam/cortex-a7/ACFNAADZ/app_module.o	#SHT_PROGBITS,SHF_MERGE|SHF_STRINGS,1
	0x21c		
.debug_str	0xec1d	0x12	../../core/securemsm/com_test_app/build/llvm_dam/cortex-a7/ACFNAADZ/app_module.o	#SHT_PROGBITS,SHF_MERGE|SHF_STRINGS,1
	0x233		
.debug_str	0xec2f	0x9	../../core/securemsm/com_test_app/build/llvm_dam/cortex-a7/ACFNAADZ/app_module.o	#SHT_PROGBITS,SHF_MERGE|SHF_STRINGS,1
	0x245		
.debug_str	0xec38	0x9	../../core/securemsm/com_test_app/build/llvm_dam/cortex-a7/ACFNAADZ/app_module.o	#SHT_PROGBITS,SHF_MERGE|SHF_STRINGS,1
	0x24e		
.debug_str	0xec41	0xd	../../core/securemsm/com_test_app/build/llvm_dam/cortex-a7/ACFNAADZ/app_module.o	#SHT_PROGBITS,SHF_MERGE|SHF_STRINGS,1
	0x257		
.debug_str	0xec4e	0x14	../../core/securemsm/com_test_app/build/llvm_dam/cortex-a7/ACFNAADZ/app_module.o	#SHT_PROGBITS,SHF_MERGE|SHF_STRINGS,1
	0x264		
.debug_str	0xec62	0x14	../../core/securemsm/com_test_app/build/llvm_dam/cortex-a7/ACFNAADZ/app_module.o	#SHT_PROGBITS,SHF_MERGE|SHF_STRINGS,1
	0x278		
.debug_str	0xec76	0x16	../../core/securemsm/com_test_app/build/llvm_dam/cortex-a7/ACFNAADZ/app_module.o	#SHT_PROGBITS,SHF_MERGE|SHF_STRINGS,1
	0x28c		
.debug_str	0xec8c	0x14	../../core/securemsm/com_test_app/build/llvm_dam/cortex-a7/ACFNAADZ/app_module.o	#SHT_PROGBITS,SHF_MERGE|SHF_STRINGS,1
	0x2a2		
.debug_str	0xeca0	0x15	../../core/securemsm/com_test_app/build/llvm_dam/cortex-a7/ACFNAADZ/app_module.o	#SHT_PROGBITS,SHF_MERGE|SHF_STRINGS,1
	0x2b6		
.debug_str	0xecb5	0x15	../../core/securemsm/com_test_app/build/llvm_dam/cortex-a7/ACFNAADZ/app_module.o	#SHT_PROGBITS,SHF_MERGE|SHF_STRINGS,1
	0x2cb		
.debug_str	0xecca	0x19	../../core/securemsm/com_test_app/build/llvm_dam/cortex-a7/ACFNAADZ/app_module.o	#SHT_PROGBITS,SHF_MERGE|SHF_STRINGS,1
	0x2e0		
.debug_str	0xece3	0x15	../../core/securemsm/com_test_app/build/llvm_dam/cortex-a7/ACFNAADZ/app_module.o	#SHT_PROGBITS,SHF_MERGE|SHF_STRINGS,1
	0x2f9		
.debug_str	0xecf8	0x19	../../core/securemsm/com_test_app/build/llvm_dam/cortex-a7/ACFNAADZ/app_module.o	#SHT_PROGBITS,SHF_MERGE|SHF_STRINGS,1
	0x30e		
.debug_str	0xed11	0xf	../../core/securemsm/com_test_app/build/llvm_dam/cortex-a7/ACFNAADZ/app_module.o	#SHT_PROGBITS,SHF_MERGE|SHF_STRINGS,1
	0x327		
.debug_str	0xed20	0x5	../../core/securemsm/com_test_app/build/llvm_dam/cortex-a7/ACFNAADZ/app_module.o	#SHT_PROGBITS,SHF_MERGE|SHF_STRINGS,1
	0x336		
.debug_str	0xed25	0x13	../../core/securemsm/com_test_app/build/llvm_dam/cortex-a7/ACFNAADZ/app_module.o	#SHT_PROGBITS,SHF_MERGE|SHF_STRINGS,1
	0x33b		
.debug_str	0xed38	0x5	../../core/securemsm/com_test_app/build/llvm_dam/cortex-a7/ACFNAADZ/app_module.o	#SHT_PROGBITS,SHF_MERGE|SHF_STRINGS,1
	0x34e		
.debug_str	0xed3d	0x10	../../core/securemsm/com_test_app/build/llvm_dam/cortex-a7/ACFNAADZ/app_module.o	#SHT_PROGBITS,SHF_MERGE|SHF_STRINGS,1
	0x353		
[...]
	0x2be7		
.debug_str	0x115dd	0x4e	../../core/kernel/rtos/threadx/txm_module_lib/build/LLVM/txm_lib.lib(txm_byte_release.o)	#SHT_PROGBITS,SHF_MERGE|SHF_STRINGS,1
	0x2bf3		
.debug_str	0x1162b	0x12	../../core/kernel/rtos/threadx/txm_module_lib/build/LLVM/txm_lib.lib(txm_byte_release.o)	#SHT_PROGBITS,SHF_MERGE|SHF_STRINGS,1
	0x2c41		
.debug_str	0x1163d	0x58	../../core/kernel/rtos/threadx/txm_module_lib/build/LLVM/txm_lib.lib(txm_module_object_allocate.o)	#SHT_PROGBITS,SHF_MERGE|SHF_STRINGS,1
	0x2c53		
.debug_str	0x11695	0x1c	../../core/kernel/rtos/threadx/txm_module_lib/build/LLVM/txm_lib.lib(txm_module_object_allocate.o)	#SHT_PROGBITS,SHF_MERGE|SHF_STRINGS,1
	0x2cab		
.debug_str	0x116b1	0xb	../../core/kernel/rtos/threadx/txm_module_lib/build/LLVM/txm_lib.lib(txm_module_object_allocate.o)	#SHT_PROGBITS,SHF_MERGE|SHF_STRINGS,1
	0x2cc7		
.debug_str	0x116bc	0xc	../../core/kernel/rtos/threadx/txm_module_lib/build/LLVM/txm_lib.lib(txm_module_object_allocate.o)	#SHT_PROGBITS,SHF_MERGE|SHF_STRINGS,1
	0x2cd2		
.debug_str	0x116c8	0x5e	../../core/kernel/rtos/threadx/txm_module_lib/build/LLVM/txm_lib.lib(txm_module_thread_system_suspend.o)	#SHT_PROGBITS,SHF_MERGE|SHF_STRINGS,1
	0x2cde		
.debug_str	0x11726	0x22	../../core/kernel/rtos/threadx/txm_module_lib/build/LLVM/txm_lib.lib(txm_module_thread_system_suspend.o)	#SHT_PROGBITS,SHF_MERGE|SHF_STRINGS,1
	0x2d3c		
.debug_str	0x11748	0x4f	../../core/kernel/rtos/threadx/txm_module_lib/build/LLVM/txm_lib.lib(txm_queue_receive.o)	#SHT_PROGBITS,SHF_MERGE|SHF_STRINGS,1
	0x2d5e		
.debug_str	0x11797	0x13	../../core/kernel/rtos/threadx/txm_module_lib/build/LLVM/txm_lib.lib(txm_queue_receive.o)	#SHT_PROGBITS,SHF_MERGE|SHF_STRINGS,1
	0x2dad		
.debug_str	0x117aa	0xa	../../core/kernel/rtos/threadx/txm_module_lib/build/LLVM/txm_lib.lib(txm_queue_receive.o)	#SHT_PROGBITS,SHF_MERGE|SHF_STRINGS,1
	0x2dc0		
.debug_str	0x117b4	0x10	../../core/kernel/rtos/threadx/txm_module_lib/build/LLVM/txm_lib.lib(txm_queue_receive.o)	#SHT_PROGBITS,SHF_MERGE|SHF_STRINGS,1
	0x2dca		
.debug_str	0x117c4	0x4f	../../core/kernel/rtos/threadx/txm_module_lib/build/LLVM/txm_lib.lib(txm_thread_create.o)	#SHT_PROGBITS,SHF_MERGE|SHF_STRINGS,1
	0x2dda		
.debug_str	0x11813	0x13	../../core/kernel/rtos/threadx/txm_module_lib/build/LLVM/txm_lib.lib(txm_thread_create.o)	#SHT_PROGBITS,SHF_MERGE|SHF_STRINGS,1
	0x2e29		
.debug_str	0x11826	0xf	../../core/kernel/rtos/threadx/txm_module_lib/build/LLVM/txm_lib.lib(txm_thread_create.o)	#SHT_PROGBITS,SHF_MERGE|SHF_STRINGS,1
	0x2e3c		
.debug_str	0x11835	0xc	../../core/kernel/rtos/threadx/txm_module_lib/build/LLVM/txm_lib.lib(txm_thread_create.o)	#SHT_PROGBITS,SHF_MERGE|SHF_STRINGS,1
	0x2e4b		
.debug_str	0x11841	0xc	../../core/kernel/rtos/threadx/txm_module_lib/build/LLVM/txm_lib.lib(txm_thread_create.o)	#SHT_PROGBITS,SHF_MERGE|SHF_STRINGS,1
	0x2e57		
.debug_str	0x1184d	0xb	../../core/kernel/rtos/threadx/txm_module_lib/build/LLVM/txm_lib.lib(txm_thread_create.o)	#SHT_PROGBITS,SHF_MERGE|SHF_STRINGS,1
	0x2e63		
.debug_str	0x11858	0x9	../../core/kernel/rtos/threadx/txm_module_lib/build/LLVM/txm_lib.lib(txm_thread_create.o)	#SHT_PROGBITS,SHF_MERGE|SHF_STRINGS,1
	0x2e6e		
.debug_str	0x11861	0x12	../../core/kernel/rtos/threadx/txm_module_lib/build/LLVM/txm_lib.lib(txm_thread_create.o)	#SHT_PROGBITS,SHF_MERGE|SHF_STRINGS,1
	0x2e77		
.debug_str	0x11873	0xb	../../core/kernel/rtos/threadx/txm_module_lib/build/LLVM/txm_lib.lib(txm_thread_create.o)	#SHT_PROGBITS,SHF_MERGE|SHF_STRINGS,1
	0x2e89		
.debug_str	0x1187e	0xb	../../core/kernel/rtos/threadx/txm_module_lib/build/LLVM/txm_lib.lib(txm_thread_create.o)	#SHT_PROGBITS,SHF_MERGE|SHF_STRINGS,1
	0x2e94		
.debug_str	0x11889	0x1a	../../core/kernel/rtos/threadx/txm_module_lib/build/LLVM/txm_lib.lib(txm_thread_create.o)	#SHT_PROGBITS,SHF_MERGE|SHF_STRINGS,1
	0x2e9f		
.debug_str	0x118a3	0x4f	../../core/kernel/rtos/threadx/txm_module_lib/build/LLVM/txm_lib.lib(txm_thread_resume.o)	#SHT_PROGBITS,SHF_MERGE|SHF_STRINGS,1
	0x2eb9		
.debug_str	0x118f2	0x13	../../core/kernel/rtos/threadx/txm_module_lib/build/LLVM/txm_lib.lib(txm_thread_resume.o)	#SHT_PROGBITS,SHF_MERGE|SHF_STRINGS,1
	0x2f08		
.debug_str	0x11905	0x41	../../core/securemsm/qtee_invoke/proxy/build/LLVM/qtee_invoke_proxy_user.lib(QTEEInvoke.o)	#SHT_PROGBITS,SHF_MERGE|SHF_STRINGS,1
	0x2f1b		
.debug_str	0x11946	0x15	../../core/securemsm/qtee_invoke/proxy/build/LLVM/qtee_invoke_proxy_user.lib(QTEEInvoke.o)	#SHT_PROGBITS,SHF_MERGE|SHF_STRINGS,1
	0x2f5c		
.debug_str	0x1195b	0xf	../../core/securemsm/qtee_invoke/proxy/build/LLVM/qtee_invoke_proxy_user.lib(QTEEInvoke.o)	#SHT_PROGBITS,SHF_MERGE|SHF_STRINGS,1
	0x2f71		
.debug_str	0x1196a	0xc	../../core/securemsm/qtee_invoke/proxy/build/LLVM/qtee_invoke_proxy_user.lib(QTEEInvoke.o)	#SHT_PROGBITS,SHF_MERGE|SHF_STRINGS,1
	0x2f80		
.debug_str	0x11976	0x5	../../core/securemsm/qtee_invoke/proxy/build/LLVM/qtee_invoke_proxy_user.lib(QTEEInvoke.o)	#SHT_PROGBITS,SHF_MERGE|SHF_STRINGS,1
	0x2f8c		
.debug_str	0x1197b	0xd	../../core/securemsm/qtee_invoke/proxy/build/LLVM/qtee_invoke_proxy_user.lib(QTEEInvoke.o)	#SHT_PROGBITS,SHF_MERGE|SHF_STRINGS,1
	0x2f91		
.debug_str	0x11988	0xf	../../core/securemsm/qtee_invoke/proxy/build/LLVM/qtee_invoke_proxy_user.lib(QTEEInvoke.o)	#SHT_PROGBITS,SHF_MERGE|SHF_STRINGS,1
	0x2f9e		
.debug_str	0x11997	0x5	../../core/securemsm/qtee_invoke/proxy/build/LLVM/qtee_invoke_proxy_user.lib(QTEEInvoke.o)	#SHT_PROGBITS,SHF_MERGE|SHF_STRINGS,1
	0x2fad		
.debug_str	0x1199c	0x10	../../core/securemsm/qtee_invoke/proxy/build/LLVM/qtee_invoke_proxy_user.lib(QTEEInvoke.o)	#SHT_PROGBITS,SHF_MERGE|SHF_STRINGS,1
	0x2fb2		
.debug_str	0x119ac	0x9	../../core/securemsm/qtee_invoke/proxy/build/LLVM/qtee_invoke_proxy_user.lib(QTEEInvoke.o)	#SHT_PROGBITS,SHF_MERGE|SHF_STRINGS,1
	0x2fc2		
.debug_str	0x119b5	0x10	../../core/securemsm/qtee_invoke/proxy/build/LLVM/qtee_invoke_proxy_user.lib(QTEEInvoke.o)	#SHT_PROGBITS,SHF_MERGE|SHF_STRINGS,1
	0x2fcb		
.debug_str	0x119c5	0x10	../../core/securemsm/qtee_invoke/proxy/build/LLVM/qtee_invoke_proxy_user.lib(QTEEInvoke.o)	#SHT_PROGBITS,SHF_MERGE|SHF_STRINGS,1
	0x2fdb		
.debug_str	0x119d5	0xa	../../core/securemsm/qtee_invoke/proxy/build/LLVM/qtee_invoke_proxy_user.lib(QTEEInvoke.o)	#SHT_PROGBITS,SHF_MERGE|SHF_STRINGS,1
	0x2feb		
.debug_str	0x119df	0xe	../../core/securemsm/qtee_invoke/proxy/build/LLVM/qtee_invoke_proxy_user.lib(QTEEInvoke.o)	#SHT_PROGBITS,SHF_MERGE|SHF_STRINGS,1
	0x2ff5		
.debug_str	0x119ed	0xa	../../core/securemsm/qtee_invoke/proxy/build/LLVM/qtee_invoke_proxy_user.lib(QTEEInvoke.o)	#SHT_PROGBITS,SHF_MERGE|SHF_STRINGS,1
	0x3003		
.debug_str	0x119f7	0xe	../../core/securemsm/qtee_invoke/proxy/build/LLVM/qtee_invoke_proxy_user.lib(QTEEInvoke.o)	#SHT_PROGBITS,SHF_MERGE|SHF_STRINGS,1
	0x300d		
.debug_str	0x11a05	0x7	../../core/securemsm/qtee_invoke/proxy/build/LLVM/qtee_invoke_proxy_user.lib(QTEEInvoke.o)	#SHT_PROGBITS,SHF_MERGE|SHF_STRINGS,1
	0x301b		
.debug_str	0x11a0c	0xb	../../core/securemsm/qtee_invoke/proxy/build/LLVM/qtee_invoke_proxy_user.lib(QTEEInvoke.o)	#SHT_PROGBITS,SHF_MERGE|SHF_STRINGS,1
	0x3022		
.debug_str	0x11a17	0x3	../../core/securemsm/qtee_invoke/proxy/build/LLVM/qtee_invoke_proxy_user.lib(QTEEInvoke.o)	#SHT_PROGBITS,SHF_MERGE|SHF_STRINGS,1
	0x302d		
.debug_str	0x11a1a	0x2	../../core/securemsm/qtee_invoke/proxy/build/LLVM/qtee_invoke_proxy_user.lib(QTEEInvoke.o)	#SHT_PROGBITS,SHF_MERGE|SHF_STRINGS,1
	0x3030		
.debug_str	0x11a1c	0xa	../../core/securemsm/qtee_invoke/proxy/build/LLVM/qtee_invoke_proxy_user.lib(QTEEInvoke.o)	#SHT_PROGBITS,SHF_MERGE|SHF_STRINGS,1
	0x3032		
.debug_str	0x11a26	0x4	../../core/securemsm/qtee_invoke/proxy/build/LLVM/qtee_invoke_proxy_user.lib(QTEEInvoke.o)	#SHT_PROGBITS,SHF_MERGE|SHF_STRINGS,1
	0x303c		
.debug_str	0x11a2a	0x7	../../core/securemsm/qtee_invoke/proxy/build/LLVM/qtee_invoke_proxy_user.lib(QTEEInvoke.o)	#SHT_PROGBITS,SHF_MERGE|SHF_STRINGS,1
	0x3040		
.debug_str	0x11a31	0x8	../../core/securemsm/qtee_invoke/proxy/build/LLVM/qtee_invoke_proxy_user.lib(QTEEInvoke.o)	#SHT_PROGBITS,SHF_MERGE|SHF_STRINGS,1
	0x3047		
.debug_str	0x11a39	0x14	../../core/securemsm/qtee_invoke/proxy/build/LLVM/qtee_invoke_proxy_user.lib(QTEEInvoke.o)	#SHT_PROGBITS,SHF_MERGE|SHF_STRINGS,1
	0x304f		
.debug_str	0x11a4d	0x7	../../core/securemsm/qtee_invoke/proxy/build/LLVM/qtee_invoke_proxy_user.lib(QTEEInvoke.o)	#SHT_PROGBITS,SHF_MERGE|SHF_STRINGS,1
	0x3063		
.debug_str	0x11a54	0x2	../../core/securemsm/qtee_invoke/proxy/build/LLVM/qtee_invoke_proxy_user.lib(QTEEInvoke.o)	#SHT_PROGBITS,SHF_MERGE|SHF_STRINGS,1
	0x306a		
.debug_str	0x11a56	0x1d	../../core/securemsm/qtee_invoke/proxy/build/LLVM/qtee_invoke_proxy_user.lib(QTEEInvoke.o)	#SHT_PROGBITS,SHF_MERGE|SHF_STRINGS,1
	0x306c		
.debug_str	0x11a73	0x4	../../core/securemsm/qtee_invoke/proxy/build/LLVM/qtee_invoke_proxy_user.lib(QTEEInvoke.o)	#SHT_PROGBITS,SHF_MERGE|SHF_STRINGS,1
	0x3089		
.debug_str	0x11a77	0x4	../../core/securemsm/qtee_invoke/proxy/build/LLVM/qtee_invoke_proxy_user.lib(QTEEInvoke.o)	#SHT_PROGBITS,SHF_MERGE|SHF_STRINGS,1
	0x308d		
.debug_str	0x11a7b	0xb	../../core/securemsm/qtee_invoke/proxy/build/LLVM/qtee_invoke_proxy_user.lib(QTEEInvoke.o)	#SHT_PROGBITS,SHF_MERGE|SHF_STRINGS,1
	0x3091		
.debug_str	0x11a86	0x7	../../core/securemsm/qtee_invoke/proxy/build/LLVM/qtee_invoke_proxy_user.lib(QTEEInvoke.o)	#SHT_PROGBITS,SHF_MERGE|SHF_STRINGS,1
	0x309c		
.debug_str	0x11a8d	0xc	../../core/securemsm/qtee_invoke/proxy/build/LLVM/qtee_invoke_proxy_user.lib(QTEEInvoke.o)	#SHT_PROGBITS,SHF_MERGE|SHF_STRINGS,1
	0x30a3		
.debug_str	0x11a99	0xa	../../core/securemsm/qtee_invoke/proxy/build/LLVM/qtee_invoke_proxy_user.lib(QTEEInvoke.o)	#SHT_PROGBITS,SHF_MERGE|SHF_STRINGS,1
	0x30af		
.debug_str	0x11aa3	0x14	../../core/securemsm/qtee_invoke/proxy/build/LLVM/qtee_invoke_proxy_user.lib(QTEEInvoke.o)	#SHT_PROGBITS,SHF_MERGE|SHF_STRINGS,1
	0x30b9		
.debug_str	0x11ab7	0x16	../../core/securemsm/qtee_invoke/proxy/build/LLVM/qtee_invoke_proxy_user.lib(QTEEInvoke.o)	#SHT_PROGBITS,SHF_MERGE|SHF_STRINGS,1
	0x30cd		
.debug_str	0x11acd	0x17	../../core/securemsm/qtee_invoke/proxy/build/LLVM/qtee_invoke_proxy_user.lib(QTEEInvoke.o)	#SHT_PROGBITS,SHF_MERGE|SHF_STRINGS,1
	0x30e3		
.debug_str	0x11ae4	0x14	../../core/securemsm/qtee_invoke/proxy/build/LLVM/qtee_invoke_proxy_user.lib(QTEEInvoke.o)	#SHT_PROGBITS,SHF_MERGE|SHF_STRINGS,1
	0x30fa		
.debug_str	0x11af8	0x1a	../../core/securemsm/qtee_invoke/proxy/build/LLVM/qtee_invoke_proxy_user.lib(QTEEInvoke.o)	#SHT_PROGBITS,SHF_MERGE|SHF_STRINGS,1
	0x310e		
.debug_str	0x11b12	0x11	../../core/securemsm/qtee_invoke/proxy/build/LLVM/qtee_invoke_proxy_user.lib(QTEEInvoke.o)	#SHT_PROGBITS,SHF_MERGE|SHF_STRINGS,1
	0x3128		
.debug_str	0x11b23	0x14	../../core/securemsm/qtee_invoke/proxy/build/LLVM/qtee_invoke_proxy_user.lib(QTEEInvoke.o)	#SHT_PROGBITS,SHF_MERGE|SHF_STRINGS,1
	0x3139		
.debug_str	0x11b37	0xe	../../core/securemsm/qtee_invoke/proxy/build/LLVM/qtee_invoke_proxy_user.lib(QTEEInvoke.o)	#SHT_PROGBITS,SHF_MERGE|SHF_STRINGS,1
	0x314d		
.debug_str	0x11b45	0x4	../../core/securemsm/qtee_invoke/proxy/build/LLVM/qtee_invoke_proxy_user.lib(QTEEInvoke.o)	#SHT_PROGBITS,SHF_MERGE|SHF_STRINGS,1
	0x315b		
.debug_str	0x11b49	0x3	../../core/securemsm/qtee_invoke/proxy/build/LLVM/qtee_invoke_proxy_user.lib(QTEEInvoke.o)	#SHT_PROGBITS,SHF_MERGE|SHF_STRINGS,1
	0x315f		
.debug_str	0x11b4c	0x10	../../core/securemsm/qtee_invoke/proxy/build/LLVM/qtee_invoke_proxy_user.lib(QTEEInvoke.o)	#SHT_PROGBITS,SHF_MERGE|SHF_STRINGS,1
	0x3162		
.debug_str	0x11b5c	0x13	../../core/securemsm/qtee_invoke/proxy/build/LLVM/qtee_invoke_proxy_user.lib(QTEEInvoke.o)	#SHT_PROGBITS,SHF_MERGE|SHF_STRINGS,1
	0x3172		
.debug_str	0x11b6f	0x4	../../core/securemsm/qtee_invoke/proxy/build/LLVM/qtee_invoke_proxy_user.lib(QTEEInvoke.o)	#SHT_PROGBITS,SHF_MERGE|SHF_STRINGS,1
	0x3185		
.debug_str	0x11b73	0x7	../../core/securemsm/qtee_invoke/proxy/build/LLVM/qtee_invoke_proxy_user.lib(QTEEInvoke.o)	#SHT_PROGBITS,SHF_MERGE|SHF_STRINGS,1
	0x3189		
.debug_str	0x11b7a	0x5a	../../core/kernel/rtos/threadx/txm_module_lib/build/LLVM/txm_lib.lib(txm_module_object_deallocate.o)	#SHT_PROGBITS,SHF_MERGE|SHF_STRINGS,1
	0x3190		
.debug_str	0x11bd4	0x1e	../../core/kernel/rtos/threadx/txm_module_lib/build/LLVM/txm_lib.lib(txm_module_object_deallocate.o)	#SHT_PROGBITS,SHF_MERGE|SHF_STRINGS,1
	0x31ea		

.debug_loc	0x11bf2	0x12f1 # Offset: 0x11bf2
*(.debug_loc )
.debug_loc	0x11bf2	0x722	../../core/securemsm/com_test_app/build/llvm_dam/cortex-a7/ACFNAADZ/app_module.o	#SHT_PROGBITS,,1
.debug_loc	0x12314	0x3c	../../core/kernel/rtos/threadx/txm_module_lib/build/LLVM/txm_lib.lib(txm_module_thread_shell_entry.o)	#SHT_PROGBITS,,1
.debug_loc	0x12350	0xa6	../../core/kernel/rtos/threadx/txm_module_lib/build/LLVM/txm_lib.lib(txm_module_callback_request_thread_entry.o)	#SHT_PROGBITS,,1
.debug_loc	0x123f6	0x103	../../core/kernel/rtos/threadx/txm_module_lib/build/LLVM/txm_lib.lib(txm_module_system_call11.o)	#SHT_PROGBITS,,1
.debug_loc	0x124f9	0x118	../../core/kernel/rtos/threadx/txm_module_lib/build/LLVM/txm_lib.lib(txm_module_system_call12.o)	#SHT_PROGBITS,,1
.debug_loc	0x12611	0x94	../../core/kernel/rtos/threadx/txm_module_lib/build/LLVM/txm_lib.lib(txm_byte_pool_create.o)	#SHT_PROGBITS,,1
.debug_loc	0x126a5	0x80	../../core/kernel/rtos/threadx/txm_module_lib/build/LLVM/txm_lib.lib(txm_byte_allocate.o)	#SHT_PROGBITS,,1
.debug_loc	0x12725	0x1e	../../core/kernel/rtos/threadx/txm_module_lib/build/LLVM/txm_lib.lib(txm_byte_release.o)	#SHT_PROGBITS,,1
.debug_loc	0x12743	0x3c	../../core/kernel/rtos/threadx/txm_module_lib/build/LLVM/txm_lib.lib(txm_module_object_allocate.o)	#SHT_PROGBITS,,1
.debug_loc	0x1277f	0x1e	../../core/kernel/rtos/threadx/txm_module_lib/build/LLVM/txm_lib.lib(txm_module_thread_system_suspend.o)	#SHT_PROGBITS,,1
.debug_loc	0x1279d	0x5a	../../core/kernel/rtos/threadx/txm_module_lib/build/LLVM/txm_lib.lib(txm_queue_receive.o)	#SHT_PROGBITS,,1
.debug_loc	0x127f7	0x10f	../../core/kernel/rtos/threadx/txm_module_lib/build/LLVM/txm_lib.lib(txm_thread_create.o)	#SHT_PROGBITS,,1
.debug_loc	0x12906	0x1e	../../core/kernel/rtos/threadx/txm_module_lib/build/LLVM/txm_lib.lib(txm_thread_resume.o)	#SHT_PROGBITS,,1
.debug_loc	0x12924	0x5a1	../../core/securemsm/qtee_invoke/proxy/build/LLVM/qtee_invoke_proxy_user.lib(QTEEInvoke.o)	#SHT_PROGBITS,,1
.debug_loc	0x12ec5	0x1e	../../core/kernel/rtos/threadx/txm_module_lib/build/LLVM/txm_lib.lib(txm_module_object_deallocate.o)	#SHT_PROGBITS,,1

.debug_macinfo	0x12ee3	0xf # Offset: 0x12ee3
*(.debug_macinfo )
.debug_macinfo	0x12ee3	0x1	../../core/securemsm/com_test_app/build/llvm_dam/cortex-a7/ACFNAADZ/app_module.o	#SHT_PROGBITS,,1
.debug_macinfo	0x12ee4	0x1	../../core/kernel/rtos/threadx/txm_module_lib/build/LLVM/txm_lib.lib(txm_module_thread_shell_entry.o)	#SHT_PROGBITS,,1
.debug_macinfo	0x12ee5	0x1	../../core/kernel/rtos/threadx/txm_module_lib/build/LLVM/txm_lib.lib(txm_module_callback_request_thread_entry.o)	#SHT_PROGBITS,,1
.debug_macinfo	0x12ee6	0x1	../../core/kernel/rtos/threadx/txm_module_lib/build/LLVM/txm_lib.lib(txm_module_system_call11.o)	#SHT_PROGBITS,,1
.debug_macinfo	0x12ee7	0x1	../../core/kernel/rtos/threadx/txm_module_lib/build/LLVM/txm_lib.lib(txm_module_system_call12.o)	#SHT_PROGBITS,,1
.debug_macinfo	0x12ee8	0x1	../../core/kernel/rtos/threadx/txm_module_lib/build/LLVM/txm_lib.lib(txm_byte_pool_create.o)	#SHT_PROGBITS,,1
.debug_macinfo	0x12ee9	0x1	../../core/kernel/rtos/threadx/txm_module_lib/build/LLVM/txm_lib.lib(txm_byte_allocate.o)	#SHT_PROGBITS,,1
.debug_macinfo	0x12eea	0x1	../../core/kernel/rtos/threadx/txm_module_lib/build/LLVM/txm_lib.lib(txm_byte_release.o)	#SHT_PROGBITS,,1
.debug_macinfo	0x12eeb	0x1	../../core/kernel/rtos/threadx/txm_module_lib/build/LLVM/txm_lib.lib(txm_module_object_allocate.o)	#SHT_PROGBITS,,1
.debug_macinfo	0x12eec	0x1	../../core/kernel/rtos/threadx/txm_module_lib/build/LLVM/txm_lib.lib(txm_module_thread_system_suspend.o)	#SHT_PROGBITS,,1
.debug_macinfo	0x12eed	0x1	../../core/kernel/rtos/threadx/txm_module_lib/build/LLVM/txm_lib.lib(txm_queue_receive.o)	#SHT_PROGBITS,,1
.debug_macinfo	0x12eee	0x1	../../core/kernel/rtos/threadx/txm_module_lib/build/LLVM/txm_lib.lib(txm_thread_create.o)	#SHT_PROGBITS,,1
.debug_macinfo	0x12eef	0x1	../../core/kernel/rtos/threadx/txm_module_lib/build/LLVM/txm_lib.lib(txm_thread_resume.o)	#SHT_PROGBITS,,1
.debug_macinfo	0x12ef0	0x1	../../core/securemsm/qtee_invoke/proxy/build/LLVM/qtee_invoke_proxy_user.lib(QTEEInvoke.o)	#SHT_PROGBITS,,1
.debug_macinfo	0x12ef1	0x1	../../core/kernel/rtos/threadx/txm_module_lib/build/LLVM/txm_lib.lib(txm_module_object_deallocate.o)	#SHT_PROGBITS,,1

.debug_weaknames	0x12ef2	0x0 # Offset: 0x12ef2

.debug_funcnames	0x12ef2	0x0 # Offset: 0x12ef2

.debug_typenames	0x12ef2	0x0 # Offset: 0x12ef2

.debug_varnames	0x12ef2	0x0 # Offset: 0x12ef2

.debug_pubtypes	0x12ef2	0x112a # Offset: 0x12ef2
*(.debug_pubtypes )
.debug_pubtypes	0x12ef2	0x2f0	../../core/securemsm/com_test_app/build/llvm_dam/cortex-a7/ACFNAADZ/app_module.o	#SHT_PROGBITS,,1
.debug_pubtypes	0x131e2	0x1ea	../../core/kernel/rtos/threadx/txm_module_lib/build/LLVM/txm_lib.lib(txm_module_thread_shell_entry.o)	#SHT_PROGBITS,,1
.debug_pubtypes	0x133cc	0x25e	../../core/kernel/rtos/threadx/txm_module_lib/build/LLVM/txm_lib.lib(txm_module_callback_request_thread_entry.o)	#SHT_PROGBITS,,1
.debug_pubtypes	0x1362a	0x32	../../core/kernel/rtos/threadx/txm_module_lib/build/LLVM/txm_lib.lib(txm_module_system_call11.o)	#SHT_PROGBITS,,1
.debug_pubtypes	0x1365c	0x32	../../core/kernel/rtos/threadx/txm_module_lib/build/LLVM/txm_lib.lib(txm_module_system_call12.o)	#SHT_PROGBITS,,1
.debug_pubtypes	0x1368e	0x128	../../core/kernel/rtos/threadx/txm_module_lib/build/LLVM/txm_lib.lib(txm_byte_pool_create.o)	#SHT_PROGBITS,,1
.debug_pubtypes	0x137b6	0x128	../../core/kernel/rtos/threadx/txm_module_lib/build/LLVM/txm_lib.lib(txm_byte_allocate.o)	#SHT_PROGBITS,,1
.debug_pubtypes	0x138de	0x4c	../../core/kernel/rtos/threadx/txm_module_lib/build/LLVM/txm_lib.lib(txm_byte_release.o)	#SHT_PROGBITS,,1
.debug_pubtypes	0x1392a	0x4c	../../core/kernel/rtos/threadx/txm_module_lib/build/LLVM/txm_lib.lib(txm_module_object_allocate.o)	#SHT_PROGBITS,,1
.debug_pubtypes	0x13976	0xe3	../../core/kernel/rtos/threadx/txm_module_lib/build/LLVM/txm_lib.lib(txm_module_thread_system_suspend.o)	#SHT_PROGBITS,,1
.debug_pubtypes	0x13a59	0x104	../../core/kernel/rtos/threadx/txm_module_lib/build/LLVM/txm_lib.lib(txm_queue_receive.o)	#SHT_PROGBITS,,1
.debug_pubtypes	0x13b5d	0xe3	../../core/kernel/rtos/threadx/txm_module_lib/build/LLVM/txm_lib.lib(txm_thread_create.o)	#SHT_PROGBITS,,1
.debug_pubtypes	0x13c40	0xe3	../../core/kernel/rtos/threadx/txm_module_lib/build/LLVM/txm_lib.lib(txm_thread_resume.o)	#SHT_PROGBITS,,1
.debug_pubtypes	0x13d23	0x2ad	../../core/securemsm/qtee_invoke/proxy/build/LLVM/qtee_invoke_proxy_user.lib(QTEEInvoke.o)	#SHT_PROGBITS,,1
.debug_pubtypes	0x13fd0	0x4c	../../core/kernel/rtos/threadx/txm_module_lib/build/LLVM/txm_lib.lib(txm_module_object_deallocate.o)	#SHT_PROGBITS,,1

.debug_ranges	0x1401c	0x270 # Offset: 0x1401c
*(.debug_ranges )
.debug_ranges	0x1401c	0x110	../../core/securemsm/com_test_app/build/llvm_dam/cortex-a7/ACFNAADZ/app_module.o	#SHT_PROGBITS,,1
.debug_ranges	0x1412c	0x20	../../core/kernel/rtos/threadx/txm_module_lib/build/LLVM/txm_lib.lib(txm_module_thread_shell_entry.o)	#SHT_PROGBITS,,1
.debug_ranges	0x1414c	0x140	../../core/securemsm/qtee_invoke/proxy/build/LLVM/qtee_invoke_proxy_user.lib(QTEEInvoke.o)	#SHT_PROGBITS,,1

.gnu.attributes	0x0	0x0 # Offset: 0x1428c, LMA: 0x0

.note.gnu.arm.ident	0x0	0x0 # Offset: 0x1428c, LMA: 0x0

.ARM.attributes	0x1428c	0x10 # Offset: 0x1428c

.comment	0x1429c	0x65 # Offset: 0x1429c
.comment	0x142d9	0x28	Linker Version	#SHT_PROGBITS,SHF_MERGE|SHF_STRINGS,1

.note.GNU-stack	0x14301	0x0 # Offset: 0x14301

/DISCARD/	0x75	0x0 # Offset: 0x14301, LMA: 0x0

.shstrtab	0x14301	0xcc # Offset: 0x14301

.symtab	0x143d0	0x7f40 # Offset: 0x143d0

.strtab	0x1c310	0x249c # Offset: 0x1c310
