# Linker from Snapdragon LLVM ARM Compiler Version 4.0.3
# Linker based on LLVM version: 4.0
# Notable linker command/script options:
# CPU Architecture Version: 
# Target triple environment for the link: gnueabi
# Maximum GP size: 8
# Link type: Static
# ABI Page Size: 0x4
# CommandLine : C:\Apps\LLVM\4.0.3\bin\ld.qcld.exe -X --eh-frame-hdr -m armelf_linux_eabi -dynamic-linker /lib/ld-musl-arm.so.1 -o Z:\b\apps_proc\dataservices\bsp\qcli_dam_demo_img\build\ACFNAADZ\QCLI_DAM_LWM2M_DEMO_LLVM_ACFNAADZA.elf -lc++ -mno-unaligned-access -entry=0x41000000 Z:/b/apps_proc/dataservices/demo/QCLI_DAM_demo/build/qcli_dam_lwm2m_demo.ld -Map Z:\b\apps_proc\dataservices\bsp\qcli_dam_demo_img\build\ACFNAADZ\QCLI_DAM_LWM2M_DEMO_LLVM_ACFNAADZA.Map -gc-sections --start-group ../../dataservices/demo/QCLI_DAM_demo/build/qcli_dam_lwm2m_demo_llvm/cortex-a7/ACFNAADZ/txm_module_preamble_llvm.o ../../dataservices/demo/QCLI_DAM_demo/build/qcli_dam_lwm2m_demo_llvm/cortex-a7/ACFNAADZ/qcli/pal_lwm2m_module.o ../../dataservices/demo/QCLI_DAM_demo/build/qcli_dam_lwm2m_demo_llvm/cortex-a7/ACFNAADZ/qcli/qcli_module.o ../../dataservices/demo/QCLI_DAM_demo/build/qcli_dam_lwm2m_demo_llvm/cortex-a7/ACFNAADZ/net/netutils_module.o ../../dataservices/demo/QCLI_DAM_demo/build/qcli_dam_lwm2m_demo_llvm/cortex-a7/ACFNAADZ/net/multi_app_lwm2m_cmdq_1_module.o ../../dataservices/demo/QCLI_DAM_demo/build/qcli_dam_lwm2m_demo_llvm/cortex-a7/ACFNAADZ/net/multi_app_lwm2m_cmdq_2_module.o ../../dataservices/demo/QCLI_DAM_demo/build/qcli_dam_lwm2m_demo_llvm/cortex-a7/ACFNAADZ/net/multi_app_lwm2m_test_module.o ../../dataservices/demo/QCLI_DAM_demo/build/qcli_dam_lwm2m_demo_llvm/cortex-a7/ACFNAADZ/lwm2m/ext_object_test_app_module_v2.o ../../dataservices/demo/QCLI_DAM_demo/build/qcli_dam_lwm2m_demo_llvm/cortex-a7/ACFNAADZ/lwm2m/device_stub_app_v2.o ../../dataservices/demo/QCLI_DAM_demo/build/qcli_dam_lwm2m_demo_llvm/cortex-a7/ACFNAADZ/lwm2m/devicecap_app_v2.o ../../dataservices/demo/QCLI_DAM_demo/build/qcli_dam_lwm2m_demo_llvm/cortex-a7/ACFNAADZ/lwm2m/software_mgnt_app_v2.o ../../dataservices/demo/QCLI_DAM_demo/build/qcli_dam_lwm2m_demo_llvm/cortex-a7/ACFNAADZ/lwm2m/lwm2m_main_module_v2.o ../../dataservices/demo/QCLI_DAM_demo/build/qcli_dam_lwm2m_demo_llvm/cortex-a7/ACFNAADZ/lwm2m/utils_app_v2.o ../../dataservices/demo/QCLI_DAM_demo/build/qcli_dam_lwm2m_demo_llvm/cortex-a7/ACFNAADZ/lwm2m/apn_info_app_v2.o ../../dataservices/demo/QCLI_DAM_demo/build/qcli_dam_lwm2m_demo_llvm/cortex-a7/ACFNAADZ/lwm2m/cell_con_app_v2.o ../../core/kernel/rtos/threadx/txm_module_lib/build/LLVM/txm_lib.lib ../../core/services/time_qapi/build/LLVM/timer_dam_lib.lib ../../core/buses/uart/build/LLVM/qapi_dam.lib ../../ril/psm/qapi_lib/build/LLVM/qapi_psm_lib.lib --end-group -LC:\Apps\LLVM\4.0.3\armv7m-none-eabi\libc\lib -LC:\Apps\LLVM\4.0.3\armv7m-none-eabi\lib --start-group -lunwind -lc++ -lc++abi --end-group -LC:\Apps\LLVM\4.0.3\lib\clang\4.0.3\lib\baremetal --start-group -lc -lclang_rt.builtins-armv7m --end-group -lm -lc 
Archive member included because of file (symbol)
../../core/kernel/rtos/threadx/txm_module_lib/build/LLVM/txm_lib.lib(txm_module_thread_shell_entry.o)
		../../dataservices/demo/QCLI_DAM_demo/build/qcli_dam_lwm2m_demo_llvm/cortex-a7/ACFNAADZ/txm_module_preamble_llvm.o (_txm_module_thread_shell_entry)
../../core/kernel/rtos/threadx/txm_module_lib/build/LLVM/txm_lib.lib(txm_module_callback_request_thread_entry.o)
		../../dataservices/demo/QCLI_DAM_demo/build/qcli_dam_lwm2m_demo_llvm/cortex-a7/ACFNAADZ/txm_module_preamble_llvm.o (_txm_module_callback_request_thread_entry)
../../core/kernel/rtos/threadx/txm_module_lib/build/LLVM/txm_lib.lib(txm_module_system_call11.o)
		../../dataservices/demo/QCLI_DAM_demo/build/qcli_dam_lwm2m_demo_llvm/cortex-a7/ACFNAADZ/net/multi_app_lwm2m_cmdq_1_module.o (_txm_module_system_call11)
../../core/kernel/rtos/threadx/txm_module_lib/build/LLVM/txm_lib.lib(txm_module_system_call12.o)
		../../dataservices/demo/QCLI_DAM_demo/build/qcli_dam_lwm2m_demo_llvm/cortex-a7/ACFNAADZ/qcli/pal_lwm2m_module.o (_txm_module_system_call12)
../../core/kernel/rtos/threadx/txm_module_lib/build/LLVM/txm_lib.lib(txm_module_system_call5.o)
		../../dataservices/demo/QCLI_DAM_demo/build/qcli_dam_lwm2m_demo_llvm/cortex-a7/ACFNAADZ/qcli/pal_lwm2m_module.o (_txm_module_system_call5)
../../core/kernel/rtos/threadx/txm_module_lib/build/LLVM/txm_lib.lib(txm_byte_pool_create.o)
		../../dataservices/demo/QCLI_DAM_demo/build/qcli_dam_lwm2m_demo_llvm/cortex-a7/ACFNAADZ/qcli/pal_lwm2m_module.o (_txe_byte_pool_create)
../../core/kernel/rtos/threadx/txm_module_lib/build/LLVM/txm_lib.lib(txm_byte_allocate.o)
		../../dataservices/demo/QCLI_DAM_demo/build/qcli_dam_lwm2m_demo_llvm/cortex-a7/ACFNAADZ/qcli/pal_lwm2m_module.o (_txe_byte_allocate)
../../core/kernel/rtos/threadx/txm_module_lib/build/LLVM/txm_lib.lib(txm_byte_release.o)
		../../dataservices/demo/QCLI_DAM_demo/build/qcli_dam_lwm2m_demo_llvm/cortex-a7/ACFNAADZ/qcli/pal_lwm2m_module.o (_txe_byte_release)
../../core/kernel/rtos/threadx/txm_module_lib/build/LLVM/txm_lib.lib(txm_event_flags_create.o)
		../../dataservices/demo/QCLI_DAM_demo/build/qcli_dam_lwm2m_demo_llvm/cortex-a7/ACFNAADZ/qcli/pal_lwm2m_module.o (_txe_event_flags_create)
../../core/kernel/rtos/threadx/txm_module_lib/build/LLVM/txm_lib.lib(txm_event_flags_get.o)
		../../dataservices/demo/QCLI_DAM_demo/build/qcli_dam_lwm2m_demo_llvm/cortex-a7/ACFNAADZ/qcli/pal_lwm2m_module.o (_txe_event_flags_get)
../../core/kernel/rtos/threadx/txm_module_lib/build/LLVM/txm_lib.lib(txm_event_flags_set.o)
		../../dataservices/demo/QCLI_DAM_demo/build/qcli_dam_lwm2m_demo_llvm/cortex-a7/ACFNAADZ/qcli/pal_lwm2m_module.o (_txe_event_flags_set)
../../core/kernel/rtos/threadx/txm_module_lib/build/LLVM/txm_lib.lib(txm_module_object_allocate.o)
		../../dataservices/demo/QCLI_DAM_demo/build/qcli_dam_lwm2m_demo_llvm/cortex-a7/ACFNAADZ/qcli/pal_lwm2m_module.o (_txm_module_object_allocate)
../../core/kernel/rtos/threadx/txm_module_lib/build/LLVM/txm_lib.lib(txm_module_thread_system_suspend.o)
		../../core/kernel/rtos/threadx/txm_module_lib/build/LLVM/txm_lib.lib(txm_module_thread_shell_entry.o) (_txm_module_thread_system_suspend)
../../core/kernel/rtos/threadx/txm_module_lib/build/LLVM/txm_lib.lib(txm_mutex_create.o)
		../../dataservices/demo/QCLI_DAM_demo/build/qcli_dam_lwm2m_demo_llvm/cortex-a7/ACFNAADZ/qcli/qcli_module.o (_txe_mutex_create)
../../core/kernel/rtos/threadx/txm_module_lib/build/LLVM/txm_lib.lib(txm_mutex_get.o)
		../../dataservices/demo/QCLI_DAM_demo/build/qcli_dam_lwm2m_demo_llvm/cortex-a7/ACFNAADZ/qcli/qcli_module.o (_txe_mutex_get)
../../core/kernel/rtos/threadx/txm_module_lib/build/LLVM/txm_lib.lib(txm_mutex_put.o)
		../../dataservices/demo/QCLI_DAM_demo/build/qcli_dam_lwm2m_demo_llvm/cortex-a7/ACFNAADZ/qcli/qcli_module.o (_txe_mutex_put)
../../core/kernel/rtos/threadx/txm_module_lib/build/LLVM/txm_lib.lib(txm_queue_create.o)
		../../dataservices/demo/QCLI_DAM_demo/build/qcli_dam_lwm2m_demo_llvm/cortex-a7/ACFNAADZ/net/multi_app_lwm2m_cmdq_1_module.o (_txe_queue_create)
../../core/kernel/rtos/threadx/txm_module_lib/build/LLVM/txm_lib.lib(txm_queue_receive.o)
		../../dataservices/demo/QCLI_DAM_demo/build/qcli_dam_lwm2m_demo_llvm/cortex-a7/ACFNAADZ/net/multi_app_lwm2m_cmdq_1_module.o (_txe_queue_receive)
../../core/kernel/rtos/threadx/txm_module_lib/build/LLVM/txm_lib.lib(txm_queue_send.o)
		../../dataservices/demo/QCLI_DAM_demo/build/qcli_dam_lwm2m_demo_llvm/cortex-a7/ACFNAADZ/net/multi_app_lwm2m_cmdq_1_module.o (_txe_queue_send)
../../core/kernel/rtos/threadx/txm_module_lib/build/LLVM/txm_lib.lib(txm_thread_create.o)
		../../dataservices/demo/QCLI_DAM_demo/build/qcli_dam_lwm2m_demo_llvm/cortex-a7/ACFNAADZ/qcli/pal_lwm2m_module.o (_txe_thread_create)
../../core/kernel/rtos/threadx/txm_module_lib/build/LLVM/txm_lib.lib(txm_thread_resume.o)
		../../core/kernel/rtos/threadx/txm_module_lib/build/LLVM/txm_lib.lib(txm_module_thread_shell_entry.o) (_txe_thread_resume)
../../core/kernel/rtos/threadx/txm_module_lib/build/LLVM/txm_lib.lib(txm_thread_sleep.o)
		../../dataservices/demo/QCLI_DAM_demo/build/qcli_dam_lwm2m_demo_llvm/cortex-a7/ACFNAADZ/qcli/pal_lwm2m_module.o (_tx_thread_sleep)
../../core/services/time_qapi/build/LLVM/timer_dam_lib.lib(qapi_timer_user.o)
		../../dataservices/demo/QCLI_DAM_demo/build/qcli_dam_lwm2m_demo_llvm/cortex-a7/ACFNAADZ/lwm2m/ext_object_test_app_module_v2.o (qapi_Timer_Def)
../../core/buses/uart/build/LLVM/qapi_dam.lib(qapi_uart_user.o)
		../../dataservices/demo/QCLI_DAM_demo/build/qcli_dam_lwm2m_demo_llvm/cortex-a7/ACFNAADZ/qcli/pal_lwm2m_module.o (qapi_uart_rx_user_cb_dispatcher)
C:\Apps\LLVM\4.0.3\armv7m-none-eabi\libc\lib/libc.a(malloc.o)
		../../dataservices/demo/QCLI_DAM_demo/build/qcli_dam_lwm2m_demo_llvm/cortex-a7/ACFNAADZ/lwm2m/ext_object_test_app_module_v2.o (free)
C:\Apps\LLVM\4.0.3\armv7m-none-eabi\libc\lib/libc.a(madvise.o)
		C:\Apps\LLVM\4.0.3\armv7m-none-eabi\libc\lib/libc.a(malloc.o) (__madvise)
C:\Apps\LLVM\4.0.3\armv7m-none-eabi\libc\lib/libc.a(mremap.o)
		C:\Apps\LLVM\4.0.3\armv7m-none-eabi\libc\lib/libc.a(malloc.o) (__mremap)
C:\Apps\LLVM\4.0.3\armv7m-none-eabi\libc\lib/libc.a(munmap.o)
		C:\Apps\LLVM\4.0.3\armv7m-none-eabi\libc\lib/libc.a(malloc.o) (__munmap)
C:\Apps\LLVM\4.0.3\armv7m-none-eabi\libc\lib/libc.a(vfprintf.o)
		../../dataservices/demo/QCLI_DAM_demo/build/qcli_dam_lwm2m_demo_llvm/cortex-a7/ACFNAADZ/qcli/qcli_module.o (vsnprintf)
C:\Apps\LLVM\4.0.3\armv7m-none-eabi\libc\lib/libc.a(fwrite.o)
		C:\Apps\LLVM\4.0.3\armv7m-none-eabi\libc\lib/libc.a(vfprintf.o) (__fwritex)
C:\Apps\LLVM\4.0.3\armv7m-none-eabi\libc\lib/libc.a(vsnprintf.o)
		C:\Apps\LLVM\4.0.3\armv7m-none-eabi\libc\lib/libc.a(vfprintf.o) (vsnprintf_full)
C:\Apps\LLVM\4.0.3\armv7m-none-eabi\libc\lib/libc.a(__aeabi_memclr.o)
		C:\Apps\LLVM\4.0.3\armv7m-none-eabi\libc\lib/libc.a(vfprintf.o) (__aeabi_memclr4)
C:\Apps\LLVM\4.0.3\armv7m-none-eabi\libc\lib/libc.a(__aeabi_memcpy.o)
		C:\Apps\LLVM\4.0.3\armv7m-none-eabi\libc\lib/libc.a(vsnprintf.o) (__aeabi_memcpy8)
C:\Apps\LLVM\4.0.3\armv7m-none-eabi\libc\lib/libc.a(memcpy_le.o)
		../../dataservices/demo/QCLI_DAM_demo/build/qcli_dam_lwm2m_demo_llvm/cortex-a7/ACFNAADZ/qcli/pal_lwm2m_module.o (memcpy)
C:\Apps\LLVM\4.0.3\armv7m-none-eabi\libc\lib/libc.a(memset_nofp_armv7.o)
		../../dataservices/demo/QCLI_DAM_demo/build/qcli_dam_lwm2m_demo_llvm/cortex-a7/ACFNAADZ/qcli/pal_lwm2m_module.o (memset)
C:\Apps\LLVM\4.0.3\armv7m-none-eabi\libc\lib/libc.a(memchr.o)
		C:\Apps\LLVM\4.0.3\armv7m-none-eabi\libc\lib/libc.a(vfprintf.o) (memchr)
C:\Apps\LLVM\4.0.3\armv7m-none-eabi\libc\lib/libc.a(strcmp.o)
		../../dataservices/demo/QCLI_DAM_demo/build/qcli_dam_lwm2m_demo_llvm/cortex-a7/ACFNAADZ/net/multi_app_lwm2m_test_module.o (strcmp)
C:\Apps\LLVM\4.0.3\armv7m-none-eabi\libc\lib/libc.a(strlcpy.o)
		../../dataservices/demo/QCLI_DAM_demo/build/qcli_dam_lwm2m_demo_llvm/cortex-a7/ACFNAADZ/net/multi_app_lwm2m_test_module.o (strlcpy)
C:\Apps\LLVM\4.0.3\armv7m-none-eabi\libc\lib/libc.a(strlen.o)
		../../dataservices/demo/QCLI_DAM_demo/build/qcli_dam_lwm2m_demo_llvm/cortex-a7/ACFNAADZ/qcli/qcli_module.o (strlen)
C:\Apps\LLVM\4.0.3\armv7m-none-eabi\libc\lib/libc.a(strncmp.o)
		../../dataservices/demo/QCLI_DAM_demo/build/qcli_dam_lwm2m_demo_llvm/cortex-a7/ACFNAADZ/qcli/qcli_module.o (strncmp)
C:\Apps\LLVM\4.0.3\armv7m-none-eabi\libc\lib/libc.a(strtok_r.o)
		../../dataservices/demo/QCLI_DAM_demo/build/qcli_dam_lwm2m_demo_llvm/cortex-a7/ACFNAADZ/lwm2m/ext_object_test_app_module_v2.o (strtok_r)
C:\Apps\LLVM\4.0.3\armv7m-none-eabi\libc\lib/libc.a(__wait.o)
		C:\Apps\LLVM\4.0.3\armv7m-none-eabi\libc\lib/libc.a(malloc.o) (__wait)
C:\Apps\LLVM\4.0.3\armv7m-none-eabi\libc\lib/libc.a(__errno_location.o)
		C:\Apps\LLVM\4.0.3\armv7m-none-eabi\libc\lib/libc.a(malloc.o) (__errno_location)
C:\Apps\LLVM\4.0.3\armv7m-none-eabi\libc\lib/libc.a(strerror.o)
		C:\Apps\LLVM\4.0.3\armv7m-none-eabi\libc\lib/libc.a(vfprintf.o) (strerror)
C:\Apps\LLVM\4.0.3\armv7m-none-eabi\libc\lib/libc.a(libc.o)
		C:\Apps\LLVM\4.0.3\armv7m-none-eabi\libc\lib/libc.a(malloc.o) (__libc)
C:\Apps\LLVM\4.0.3\armv7m-none-eabi\libc\lib/libc.a(syscall_ret.o)
		C:\Apps\LLVM\4.0.3\armv7m-none-eabi\libc\lib/libc.a(madvise.o) (__syscall_ret)
C:\Apps\LLVM\4.0.3\armv7m-none-eabi\libc\lib/libc.a(__lctrans.o)
		C:\Apps\LLVM\4.0.3\armv7m-none-eabi\libc\lib/libc.a(strerror.o) (__lctrans)
C:\Apps\LLVM\4.0.3\armv7m-none-eabi\libc\lib/libc.a(expand_heap.o)
		C:\Apps\LLVM\4.0.3\armv7m-none-eabi\libc\lib/libc.a(malloc.o) (__expand_heap)
C:\Apps\LLVM\4.0.3\armv7m-none-eabi\libc\lib/libc.a(wctomb.o)
		C:\Apps\LLVM\4.0.3\armv7m-none-eabi\libc\lib/libc.a(vfprintf.o) (wctomb)
C:\Apps\LLVM\4.0.3\armv7m-none-eabi\libc\lib/libc.a(__towrite.o)
		C:\Apps\LLVM\4.0.3\armv7m-none-eabi\libc\lib/libc.a(fwrite.o) (__towrite)
C:\Apps\LLVM\4.0.3\armv7m-none-eabi\libc\lib/libc.a(__lockfile.o)
		C:\Apps\LLVM\4.0.3\armv7m-none-eabi\libc\lib/libc.a(vfprintf.o) (__lockfile)
C:\Apps\LLVM\4.0.3\armv7m-none-eabi\libc\lib/libc.a(strcspn.o)
		C:\Apps\LLVM\4.0.3\armv7m-none-eabi\libc\lib/libc.a(strtok_r.o) (strcspn)
C:\Apps\LLVM\4.0.3\armv7m-none-eabi\libc\lib/libc.a(strspn.o)
		C:\Apps\LLVM\4.0.3\armv7m-none-eabi\libc\lib/libc.a(strtok_r.o) (strspn)
C:\Apps\LLVM\4.0.3\armv7m-none-eabi\libc\lib/libc.a(__brk.o)
		C:\Apps\LLVM\4.0.3\armv7m-none-eabi\libc\lib/libc.a(expand_heap.o) (__brk)
C:\Apps\LLVM\4.0.3\armv7m-none-eabi\libc\lib/libc.a(wcrtomb.o)
		C:\Apps\LLVM\4.0.3\armv7m-none-eabi\libc\lib/libc.a(wctomb.o) (wcrtomb)
C:\Apps\LLVM\4.0.3\armv7m-none-eabi\libc\lib/libc.a(__stdio_exit.o)
		C:\Apps\LLVM\4.0.3\armv7m-none-eabi\libc\lib/libc.a(__towrite.o) (__stdio_exit_needed)
C:\Apps\LLVM\4.0.3\armv7m-none-eabi\libc\lib/libc.a(ofl.o)
		C:\Apps\LLVM\4.0.3\armv7m-none-eabi\libc\lib/libc.a(__stdio_exit.o) (__ofl_lock)
C:\Apps\LLVM\4.0.3\armv7m-none-eabi\libc\lib/libc.a(strchrnul.o)
		C:\Apps\LLVM\4.0.3\armv7m-none-eabi\libc\lib/libc.a(strcspn.o) (__strchrnul)
C:\Apps\LLVM\4.0.3\lib\clang\4.0.3\lib\baremetal/libclang_rt.builtins-armv7m.a(aeabi_dcmp.S.obj)
		../../dataservices/demo/QCLI_DAM_demo/build/qcli_dam_lwm2m_demo_llvm/cortex-a7/ACFNAADZ/lwm2m/ext_object_test_app_module_v2.o (__aeabi_dcmpeq)
C:\Apps\LLVM\4.0.3\lib\clang\4.0.3\lib\baremetal/libclang_rt.builtins-armv7m.a(aeabi_fcmp.S.obj)
		../../dataservices/demo/QCLI_DAM_demo/build/qcli_dam_lwm2m_demo_llvm/cortex-a7/ACFNAADZ/lwm2m/ext_object_test_app_module_v2.o (__aeabi_fcmpge)
C:\Apps\LLVM\4.0.3\lib\clang\4.0.3\lib\baremetal/libclang_rt.builtins-armv7m.a(aeabi_uldivmod.S.obj)
		C:\Apps\LLVM\4.0.3\armv7m-none-eabi\libc\lib/libc.a(vfprintf.o) (__aeabi_uldivmod)
C:\Apps\LLVM\4.0.3\lib\clang\4.0.3\lib\baremetal/libclang_rt.builtins-armv7m.a(adddf3.c.obj)
		../../dataservices/demo/QCLI_DAM_demo/build/qcli_dam_lwm2m_demo_llvm/cortex-a7/ACFNAADZ/lwm2m/ext_object_test_app_module_v2.o (__aeabi_dadd)
C:\Apps\LLVM\4.0.3\lib\clang\4.0.3\lib\baremetal/libclang_rt.builtins-armv7m.a(addsf3.c.obj)
		../../dataservices/demo/QCLI_DAM_demo/build/qcli_dam_lwm2m_demo_llvm/cortex-a7/ACFNAADZ/lwm2m/ext_object_test_app_module_v2.o (__aeabi_fadd)
C:\Apps\LLVM\4.0.3\lib\clang\4.0.3\lib\baremetal/libclang_rt.builtins-armv7m.a(comparedf2.c.obj)
		C:\Apps\LLVM\4.0.3\lib\clang\4.0.3\lib\baremetal/libclang_rt.builtins-armv7m.a(aeabi_dcmp.S.obj) (__eqdf2)
C:\Apps\LLVM\4.0.3\lib\clang\4.0.3\lib\baremetal/libclang_rt.builtins-armv7m.a(comparesf2.c.obj)
		C:\Apps\LLVM\4.0.3\lib\clang\4.0.3\lib\baremetal/libclang_rt.builtins-armv7m.a(aeabi_fcmp.S.obj) (__eqsf2)
C:\Apps\LLVM\4.0.3\lib\clang\4.0.3\lib\baremetal/libclang_rt.builtins-armv7m.a(divdf3.c.obj)
		../../dataservices/demo/QCLI_DAM_demo/build/qcli_dam_lwm2m_demo_llvm/cortex-a7/ACFNAADZ/lwm2m/ext_object_test_app_module_v2.o (__aeabi_ddiv)
C:\Apps\LLVM\4.0.3\lib\clang\4.0.3\lib\baremetal/libclang_rt.builtins-armv7m.a(extendsfdf2.c.obj)
		../../dataservices/demo/QCLI_DAM_demo/build/qcli_dam_lwm2m_demo_llvm/cortex-a7/ACFNAADZ/lwm2m/ext_object_test_app_module_v2.o (__aeabi_f2d)
C:\Apps\LLVM\4.0.3\lib\clang\4.0.3\lib\baremetal/libclang_rt.builtins-armv7m.a(fixdfsi.c.obj)
		../../dataservices/demo/QCLI_DAM_demo/build/qcli_dam_lwm2m_demo_llvm/cortex-a7/ACFNAADZ/lwm2m/ext_object_test_app_module_v2.o (__aeabi_d2iz)
C:\Apps\LLVM\4.0.3\lib\clang\4.0.3\lib\baremetal/libclang_rt.builtins-armv7m.a(fixunsdfsi.c.obj)
		../../dataservices/demo/QCLI_DAM_demo/build/qcli_dam_lwm2m_demo_llvm/cortex-a7/ACFNAADZ/lwm2m/ext_object_test_app_module_v2.o (__aeabi_d2uiz)
C:\Apps\LLVM\4.0.3\lib\clang\4.0.3\lib\baremetal/libclang_rt.builtins-armv7m.a(floatdidf.c.obj)
		../../dataservices/demo/QCLI_DAM_demo/build/qcli_dam_lwm2m_demo_llvm/cortex-a7/ACFNAADZ/lwm2m/ext_object_test_app_module_v2.o (__aeabi_l2d)
C:\Apps\LLVM\4.0.3\lib\clang\4.0.3\lib\baremetal/libclang_rt.builtins-armv7m.a(floatsidf.c.obj)
		../../dataservices/demo/QCLI_DAM_demo/build/qcli_dam_lwm2m_demo_llvm/cortex-a7/ACFNAADZ/lwm2m/ext_object_test_app_module_v2.o (__aeabi_i2d)
C:\Apps\LLVM\4.0.3\lib\clang\4.0.3\lib\baremetal/libclang_rt.builtins-armv7m.a(floatsisf.c.obj)
		C:\Apps\LLVM\4.0.3\armv7m-none-eabi\libc\lib/libc.a(malloc.o) (__aeabi_i2f)
C:\Apps\LLVM\4.0.3\lib\clang\4.0.3\lib\baremetal/libclang_rt.builtins-armv7m.a(muldf3.c.obj)
		../../dataservices/demo/QCLI_DAM_demo/build/qcli_dam_lwm2m_demo_llvm/cortex-a7/ACFNAADZ/lwm2m/ext_object_test_app_module_v2.o (__aeabi_dmul)
C:\Apps\LLVM\4.0.3\lib\clang\4.0.3\lib\baremetal/libclang_rt.builtins-armv7m.a(subdf3.c.obj)
		../../dataservices/demo/QCLI_DAM_demo/build/qcli_dam_lwm2m_demo_llvm/cortex-a7/ACFNAADZ/lwm2m/ext_object_test_app_module_v2.o (__aeabi_dsub)
C:\Apps\LLVM\4.0.3\lib\clang\4.0.3\lib\baremetal/libclang_rt.builtins-armv7m.a(truncdfsf2.c.obj)
		../../dataservices/demo/QCLI_DAM_demo/build/qcli_dam_lwm2m_demo_llvm/cortex-a7/ACFNAADZ/lwm2m/ext_object_test_app_module_v2.o (__aeabi_d2f)
C:\Apps\LLVM\4.0.3\lib\clang\4.0.3\lib\baremetal/libclang_rt.builtins-armv7m.a(udivmoddi4.c.obj)
		C:\Apps\LLVM\4.0.3\lib\clang\4.0.3\lib\baremetal/libclang_rt.builtins-armv7m.a(aeabi_uldivmod.S.obj) (__udivmoddi4)

Allocating common symbols
Common symbol	size	file

app_stack	0x4000	../../dataservices/demo/QCLI_DAM_demo/build/qcli_dam_lwm2m_demo_llvm/cortex-a7/ACFNAADZ/qcli/pal_lwm2m_module.o
free_memory_qcli	0x3c000	../../dataservices/demo/QCLI_DAM_demo/build/qcli_dam_lwm2m_demo_llvm/cortex-a7/ACFNAADZ/qcli/pal_lwm2m_module.o
send_buf	0x200	../../dataservices/demo/QCLI_DAM_demo/build/qcli_dam_lwm2m_demo_llvm/cortex-a7/ACFNAADZ/qcli/pal_lwm2m_module.o
Thread_Handle	0x4	../../dataservices/demo/QCLI_DAM_demo/build/qcli_dam_lwm2m_demo_llvm/cortex-a7/ACFNAADZ/qcli/pal_lwm2m_module.o
byte_pool_qcli	0x4	../../dataservices/demo/QCLI_DAM_demo/build/qcli_dam_lwm2m_demo_llvm/cortex-a7/ACFNAADZ/qcli/pal_lwm2m_module.o
dam_thread_handle_0	0x4	../../dataservices/demo/QCLI_DAM_demo/build/qcli_dam_lwm2m_demo_llvm/cortex-a7/ACFNAADZ/qcli/pal_lwm2m_module.o
dam_thread_handle_1	0x4	../../dataservices/demo/QCLI_DAM_demo/build/qcli_dam_lwm2m_demo_llvm/cortex-a7/ACFNAADZ/qcli/pal_lwm2m_module.o
Last_Command	0x101	../../dataservices/demo/QCLI_DAM_demo/build/qcli_dam_lwm2m_demo_llvm/cortex-a7/ACFNAADZ/qcli/qcli_module.o
Last_Cmd_Length	0x4	../../dataservices/demo/QCLI_DAM_demo/build/qcli_dam_lwm2m_demo_llvm/cortex-a7/ACFNAADZ/qcli/qcli_module.o
QCLI_Context_D	0x43c	../../dataservices/demo/QCLI_DAM_demo/build/qcli_dam_lwm2m_demo_llvm/cortex-a7/ACFNAADZ/qcli/qcli_module.o
Start_Thread_Check	0x4	../../dataservices/demo/QCLI_DAM_demo/build/qcli_dam_lwm2m_demo_llvm/cortex-a7/ACFNAADZ/qcli/qcli_module.o
abort_function_D	0x4	../../dataservices/demo/QCLI_DAM_demo/build/qcli_dam_lwm2m_demo_llvm/cortex-a7/ACFNAADZ/qcli/qcli_module.o
ext_obj_event_v2	0x1	../../dataservices/demo/QCLI_DAM_demo/build/qcli_dam_lwm2m_demo_llvm/cortex-a7/ACFNAADZ/lwm2m/ext_object_test_app_module_v2.o
reg_ssid	0x14	../../dataservices/demo/QCLI_DAM_demo/build/qcli_dam_lwm2m_demo_llvm/cortex-a7/ACFNAADZ/lwm2m/ext_object_test_app_module_v2.o
lwm2m_ext_handle_v2	0x4	../../dataservices/demo/QCLI_DAM_demo/build/qcli_dam_lwm2m_demo_llvm/cortex-a7/ACFNAADZ/lwm2m/ext_object_test_app_module_v2.o
obj_inst_index_generic_v2	0x4	../../dataservices/demo/QCLI_DAM_demo/build/qcli_dam_lwm2m_demo_llvm/cortex-a7/ACFNAADZ/lwm2m/ext_object_test_app_module_v2.o
obj_inst_index_presence_v2	0x4	../../dataservices/demo/QCLI_DAM_demo/build/qcli_dam_lwm2m_demo_llvm/cortex-a7/ACFNAADZ/lwm2m/ext_object_test_app_module_v2.o
handler_dev_v2	0x4	../../dataservices/demo/QCLI_DAM_demo/build/qcli_dam_lwm2m_demo_llvm/cortex-a7/ACFNAADZ/lwm2m/devicecap_app_v2.o
qcli_m2m_stub_handle_v2	0x4	../../dataservices/demo/QCLI_DAM_demo/build/qcli_dam_lwm2m_demo_llvm/cortex-a7/ACFNAADZ/lwm2m/lwm2m_main_module_v2.o
apn_info_handler	0x4	../../dataservices/demo/QCLI_DAM_demo/build/qcli_dam_lwm2m_demo_llvm/cortex-a7/ACFNAADZ/lwm2m/apn_info_app_v2.o
apn_inst_list	0x4	../../dataservices/demo/QCLI_DAM_demo/build/qcli_dam_lwm2m_demo_llvm/cortex-a7/ACFNAADZ/lwm2m/apn_info_app_v2.o
cell_app_handler	0x4	../../dataservices/demo/QCLI_DAM_demo/build/qcli_dam_lwm2m_demo_llvm/cortex-a7/ACFNAADZ/lwm2m/cell_con_app_v2.o
cell_inst_list	0x4	../../dataservices/demo/QCLI_DAM_demo/build/qcli_dam_lwm2m_demo_llvm/cortex-a7/ACFNAADZ/lwm2m/cell_con_app_v2.o
_txm_module_entry_info	0x4	../../core/kernel/rtos/threadx/txm_module_lib/build/LLVM/txm_lib.lib(txm_module_thread_shell_entry.o)
_txm_module_kernel_call_dispatcher	0x4	../../core/kernel/rtos/threadx/txm_module_lib/build/LLVM/txm_lib.lib(txm_module_thread_shell_entry.o)
timer_client_stack	0x1000	../../core/services/time_qapi/build/LLVM/timer_dam_lib.lib(qapi_timer_user.o)
timer_client_module_thread	0x4	../../core/services/time_qapi/build/LLVM/timer_dam_lib.lib(qapi_timer_user.o)
timer_thread_state	0x4	../../core/services/time_qapi/build/LLVM/timer_dam_lib.lib(qapi_timer_user.o)
timer_user_handle	0x4	../../core/services/time_qapi/build/LLVM/timer_dam_lib.lib(qapi_timer_user.o)
__libc	0x40	C:\Apps\LLVM\4.0.3\armv7m-none-eabi\libc\lib/libc.a(libc.o)

Linker Script and memory map
START GROUP
LOAD ../../dataservices/demo/QCLI_DAM_demo/build/qcli_dam_lwm2m_demo_llvm/cortex-a7/ACFNAADZ/txm_module_preamble_llvm.o[]
LOAD ../../dataservices/demo/QCLI_DAM_demo/build/qcli_dam_lwm2m_demo_llvm/cortex-a7/ACFNAADZ/qcli/pal_lwm2m_module.o[]
LOAD ../../dataservices/demo/QCLI_DAM_demo/build/qcli_dam_lwm2m_demo_llvm/cortex-a7/ACFNAADZ/qcli/qcli_module.o[]
LOAD ../../dataservices/demo/QCLI_DAM_demo/build/qcli_dam_lwm2m_demo_llvm/cortex-a7/ACFNAADZ/net/netutils_module.o[]
LOAD ../../dataservices/demo/QCLI_DAM_demo/build/qcli_dam_lwm2m_demo_llvm/cortex-a7/ACFNAADZ/net/multi_app_lwm2m_cmdq_1_module.o[]
LOAD ../../dataservices/demo/QCLI_DAM_demo/build/qcli_dam_lwm2m_demo_llvm/cortex-a7/ACFNAADZ/net/multi_app_lwm2m_cmdq_2_module.o[]
LOAD ../../dataservices/demo/QCLI_DAM_demo/build/qcli_dam_lwm2m_demo_llvm/cortex-a7/ACFNAADZ/net/multi_app_lwm2m_test_module.o[]
LOAD ../../dataservices/demo/QCLI_DAM_demo/build/qcli_dam_lwm2m_demo_llvm/cortex-a7/ACFNAADZ/lwm2m/ext_object_test_app_module_v2.o[]
LOAD ../../dataservices/demo/QCLI_DAM_demo/build/qcli_dam_lwm2m_demo_llvm/cortex-a7/ACFNAADZ/lwm2m/device_stub_app_v2.o[]
LOAD ../../dataservices/demo/QCLI_DAM_demo/build/qcli_dam_lwm2m_demo_llvm/cortex-a7/ACFNAADZ/lwm2m/devicecap_app_v2.o[]
LOAD ../../dataservices/demo/QCLI_DAM_demo/build/qcli_dam_lwm2m_demo_llvm/cortex-a7/ACFNAADZ/lwm2m/software_mgnt_app_v2.o[]
LOAD ../../dataservices/demo/QCLI_DAM_demo/build/qcli_dam_lwm2m_demo_llvm/cortex-a7/ACFNAADZ/lwm2m/lwm2m_main_module_v2.o[]
LOAD ../../dataservices/demo/QCLI_DAM_demo/build/qcli_dam_lwm2m_demo_llvm/cortex-a7/ACFNAADZ/lwm2m/utils_app_v2.o[]
LOAD ../../dataservices/demo/QCLI_DAM_demo/build/qcli_dam_lwm2m_demo_llvm/cortex-a7/ACFNAADZ/lwm2m/apn_info_app_v2.o[]
LOAD ../../dataservices/demo/QCLI_DAM_demo/build/qcli_dam_lwm2m_demo_llvm/cortex-a7/ACFNAADZ/lwm2m/cell_con_app_v2.o[]
LOAD ../../core/kernel/rtos/threadx/txm_module_lib/build/LLVM/txm_lib.lib(txm_module_thread_shell_entry.o) []
LOAD ../../core/kernel/rtos/threadx/txm_module_lib/build/LLVM/txm_lib.lib(txm_module_callback_request_thread_entry.o) []
LOAD ../../core/kernel/rtos/threadx/txm_module_lib/build/LLVM/txm_lib.lib(txm_module_system_call11.o) []
LOAD ../../core/kernel/rtos/threadx/txm_module_lib/build/LLVM/txm_lib.lib(txm_module_system_call12.o) []
LOAD ../../core/kernel/rtos/threadx/txm_module_lib/build/LLVM/txm_lib.lib(txm_module_system_call5.o) []
LOAD ../../core/kernel/rtos/threadx/txm_module_lib/build/LLVM/txm_lib.lib(txm_byte_pool_create.o) []
LOAD ../../core/kernel/rtos/threadx/txm_module_lib/build/LLVM/txm_lib.lib(txm_byte_allocate.o) []
LOAD ../../core/kernel/rtos/threadx/txm_module_lib/build/LLVM/txm_lib.lib(txm_byte_release.o) []
LOAD ../../core/kernel/rtos/threadx/txm_module_lib/build/LLVM/txm_lib.lib(txm_event_flags_create.o) []
LOAD ../../core/kernel/rtos/threadx/txm_module_lib/build/LLVM/txm_lib.lib(txm_event_flags_get.o) []
LOAD ../../core/kernel/rtos/threadx/txm_module_lib/build/LLVM/txm_lib.lib(txm_event_flags_set.o) []
LOAD ../../core/kernel/rtos/threadx/txm_module_lib/build/LLVM/txm_lib.lib(txm_module_object_allocate.o) []
LOAD ../../core/kernel/rtos/threadx/txm_module_lib/build/LLVM/txm_lib.lib(txm_module_thread_system_suspend.o) []
LOAD ../../core/kernel/rtos/threadx/txm_module_lib/build/LLVM/txm_lib.lib(txm_mutex_create.o) []
LOAD ../../core/kernel/rtos/threadx/txm_module_lib/build/LLVM/txm_lib.lib(txm_mutex_get.o) []
LOAD ../../core/kernel/rtos/threadx/txm_module_lib/build/LLVM/txm_lib.lib(txm_mutex_put.o) []
LOAD ../../core/kernel/rtos/threadx/txm_module_lib/build/LLVM/txm_lib.lib(txm_queue_create.o) []
LOAD ../../core/kernel/rtos/threadx/txm_module_lib/build/LLVM/txm_lib.lib(txm_queue_receive.o) []
LOAD ../../core/kernel/rtos/threadx/txm_module_lib/build/LLVM/txm_lib.lib(txm_queue_send.o) []
LOAD ../../core/kernel/rtos/threadx/txm_module_lib/build/LLVM/txm_lib.lib(txm_thread_create.o) []
LOAD ../../core/kernel/rtos/threadx/txm_module_lib/build/LLVM/txm_lib.lib(txm_thread_resume.o) []
LOAD ../../core/kernel/rtos/threadx/txm_module_lib/build/LLVM/txm_lib.lib(txm_thread_sleep.o) []
LOAD ../../core/services/time_qapi/build/LLVM/timer_dam_lib.lib(qapi_timer_user.o) []
LOAD ../../core/buses/uart/build/LLVM/qapi_dam.lib(qapi_uart_user.o) []
END GROUP
START GROUP
END GROUP
START GROUP
LOAD C:\Apps\LLVM\4.0.3\armv7m-none-eabi\libc\lib/libc.a(malloc.o) []
LOAD C:\Apps\LLVM\4.0.3\armv7m-none-eabi\libc\lib/libc.a(madvise.o) []
LOAD C:\Apps\LLVM\4.0.3\armv7m-none-eabi\libc\lib/libc.a(mremap.o) []
LOAD C:\Apps\LLVM\4.0.3\armv7m-none-eabi\libc\lib/libc.a(munmap.o) []
LOAD C:\Apps\LLVM\4.0.3\armv7m-none-eabi\libc\lib/libc.a(vfprintf.o) []
LOAD C:\Apps\LLVM\4.0.3\armv7m-none-eabi\libc\lib/libc.a(fwrite.o) []
LOAD C:\Apps\LLVM\4.0.3\armv7m-none-eabi\libc\lib/libc.a(vsnprintf.o) []
LOAD C:\Apps\LLVM\4.0.3\armv7m-none-eabi\libc\lib/libc.a(__aeabi_memclr.o) []
LOAD C:\Apps\LLVM\4.0.3\armv7m-none-eabi\libc\lib/libc.a(__aeabi_memcpy.o) []
LOAD C:\Apps\LLVM\4.0.3\armv7m-none-eabi\libc\lib/libc.a(memcpy_le.o) []
LOAD C:\Apps\LLVM\4.0.3\armv7m-none-eabi\libc\lib/libc.a(memset_nofp_armv7.o) []
LOAD C:\Apps\LLVM\4.0.3\armv7m-none-eabi\libc\lib/libc.a(memchr.o) []
LOAD C:\Apps\LLVM\4.0.3\armv7m-none-eabi\libc\lib/libc.a(strcmp.o) []
LOAD C:\Apps\LLVM\4.0.3\armv7m-none-eabi\libc\lib/libc.a(strlcpy.o) []
LOAD C:\Apps\LLVM\4.0.3\armv7m-none-eabi\libc\lib/libc.a(strlen.o) []
LOAD C:\Apps\LLVM\4.0.3\armv7m-none-eabi\libc\lib/libc.a(strncmp.o) []
LOAD C:\Apps\LLVM\4.0.3\armv7m-none-eabi\libc\lib/libc.a(strtok_r.o) []
LOAD C:\Apps\LLVM\4.0.3\armv7m-none-eabi\libc\lib/libc.a(__wait.o) []
LOAD C:\Apps\LLVM\4.0.3\armv7m-none-eabi\libc\lib/libc.a(__errno_location.o) []
LOAD C:\Apps\LLVM\4.0.3\armv7m-none-eabi\libc\lib/libc.a(strerror.o) []
LOAD C:\Apps\LLVM\4.0.3\armv7m-none-eabi\libc\lib/libc.a(libc.o) []
LOAD C:\Apps\LLVM\4.0.3\armv7m-none-eabi\libc\lib/libc.a(syscall_ret.o) []
LOAD C:\Apps\LLVM\4.0.3\armv7m-none-eabi\libc\lib/libc.a(__lctrans.o) []
LOAD C:\Apps\LLVM\4.0.3\armv7m-none-eabi\libc\lib/libc.a(expand_heap.o) []
LOAD C:\Apps\LLVM\4.0.3\armv7m-none-eabi\libc\lib/libc.a(wctomb.o) []
LOAD C:\Apps\LLVM\4.0.3\armv7m-none-eabi\libc\lib/libc.a(__towrite.o) []
LOAD C:\Apps\LLVM\4.0.3\armv7m-none-eabi\libc\lib/libc.a(__lockfile.o) []
LOAD C:\Apps\LLVM\4.0.3\armv7m-none-eabi\libc\lib/libc.a(strcspn.o) []
LOAD C:\Apps\LLVM\4.0.3\armv7m-none-eabi\libc\lib/libc.a(strspn.o) []
LOAD C:\Apps\LLVM\4.0.3\armv7m-none-eabi\libc\lib/libc.a(__brk.o) []
LOAD C:\Apps\LLVM\4.0.3\armv7m-none-eabi\libc\lib/libc.a(wcrtomb.o) []
LOAD C:\Apps\LLVM\4.0.3\armv7m-none-eabi\libc\lib/libc.a(__stdio_exit.o) []
LOAD C:\Apps\LLVM\4.0.3\armv7m-none-eabi\libc\lib/libc.a(ofl.o) []
LOAD C:\Apps\LLVM\4.0.3\armv7m-none-eabi\libc\lib/libc.a(strchrnul.o) []
LOAD C:\Apps\LLVM\4.0.3\lib\clang\4.0.3\lib\baremetal/libclang_rt.builtins-armv7m.a(aeabi_dcmp.S.obj) []
LOAD C:\Apps\LLVM\4.0.3\lib\clang\4.0.3\lib\baremetal/libclang_rt.builtins-armv7m.a(aeabi_fcmp.S.obj) []
LOAD C:\Apps\LLVM\4.0.3\lib\clang\4.0.3\lib\baremetal/libclang_rt.builtins-armv7m.a(aeabi_uldivmod.S.obj) []
LOAD C:\Apps\LLVM\4.0.3\lib\clang\4.0.3\lib\baremetal/libclang_rt.builtins-armv7m.a(adddf3.c.obj) []
LOAD C:\Apps\LLVM\4.0.3\lib\clang\4.0.3\lib\baremetal/libclang_rt.builtins-armv7m.a(addsf3.c.obj) []
LOAD C:\Apps\LLVM\4.0.3\lib\clang\4.0.3\lib\baremetal/libclang_rt.builtins-armv7m.a(comparedf2.c.obj) []
LOAD C:\Apps\LLVM\4.0.3\lib\clang\4.0.3\lib\baremetal/libclang_rt.builtins-armv7m.a(comparesf2.c.obj) []
LOAD C:\Apps\LLVM\4.0.3\lib\clang\4.0.3\lib\baremetal/libclang_rt.builtins-armv7m.a(divdf3.c.obj) []
LOAD C:\Apps\LLVM\4.0.3\lib\clang\4.0.3\lib\baremetal/libclang_rt.builtins-armv7m.a(extendsfdf2.c.obj) []
LOAD C:\Apps\LLVM\4.0.3\lib\clang\4.0.3\lib\baremetal/libclang_rt.builtins-armv7m.a(fixdfsi.c.obj) []
LOAD C:\Apps\LLVM\4.0.3\lib\clang\4.0.3\lib\baremetal/libclang_rt.builtins-armv7m.a(fixunsdfsi.c.obj) []
LOAD C:\Apps\LLVM\4.0.3\lib\clang\4.0.3\lib\baremetal/libclang_rt.builtins-armv7m.a(floatdidf.c.obj) []
LOAD C:\Apps\LLVM\4.0.3\lib\clang\4.0.3\lib\baremetal/libclang_rt.builtins-armv7m.a(floatsidf.c.obj) []
LOAD C:\Apps\LLVM\4.0.3\lib\clang\4.0.3\lib\baremetal/libclang_rt.builtins-armv7m.a(floatsisf.c.obj) []
LOAD C:\Apps\LLVM\4.0.3\lib\clang\4.0.3\lib\baremetal/libclang_rt.builtins-armv7m.a(muldf3.c.obj) []
LOAD C:\Apps\LLVM\4.0.3\lib\clang\4.0.3\lib\baremetal/libclang_rt.builtins-armv7m.a(subdf3.c.obj) []
LOAD C:\Apps\LLVM\4.0.3\lib\clang\4.0.3\lib\baremetal/libclang_rt.builtins-armv7m.a(truncdfsf2.c.obj) []
LOAD C:\Apps\LLVM\4.0.3\lib\clang\4.0.3\lib\baremetal/libclang_rt.builtins-armv7m.a(udivmoddi4.c.obj) []
END GROUP

Linker scripts used (including INCLUDE command)
Z:/b/apps_proc/dataservices/demo/QCLI_DAM_demo/build/qcli_dam_lwm2m_demo.ld

ER_RO	0x41000000	0x34c64 # Offset: 0x60, LMA: 0x41000000
	Image$$ER_RO$$Base(0x41000000) = .( 0x41000000 );
*txm_module_preamble_llvm.o(.text .text.* )
*txm_module_preamble_llvm.o(Init )
Init	0x41000000	0x80	../../dataservices/demo/QCLI_DAM_demo/build/qcli_dam_lwm2m_demo_llvm/cortex-a7/ACFNAADZ/txm_module_preamble_llvm.o	#SHT_PROGBITS,SHF_ALLOC|SHF_EXECINSTR,4
	0x41000000		.CODE32
	0x41000000		_txm_module_preamble
*txm_module_preamble_llvm.o(.rodata .rodata.* )
KEEP (*(.text .text.* ))
.text.QCLI_Thread	0x41000080	0x2d4	../../dataservices/demo/QCLI_DAM_demo/build/qcli_dam_lwm2m_demo_llvm/cortex-a7/ACFNAADZ/qcli/pal_lwm2m_module.o	#SHT_PROGBITS,SHF_ALLOC|SHF_EXECINSTR,4
	0x41000080		$a.0
	0x41000080		QCLI_Thread
	0x4100032c		$d.1
.text.PAL_Console_Write	0x41000354	0x8c	../../dataservices/demo/QCLI_DAM_demo/build/qcli_dam_lwm2m_demo_llvm/cortex-a7/ACFNAADZ/qcli/pal_lwm2m_module.o	#SHT_PROGBITS,SHF_ALLOC|SHF_EXECINSTR,4
	0x41000354		$a.2
	0x41000354		PAL_Console_Write
	0x410003d4		$d.3
.text.dam_spawn_thread	0x410003e0	0x250	../../dataservices/demo/QCLI_DAM_demo/build/qcli_dam_lwm2m_demo_llvm/cortex-a7/ACFNAADZ/qcli/pal_lwm2m_module.o	#SHT_PROGBITS,SHF_ALLOC|SHF_EXECINSTR,4
	0x410003e0		$a.4
	0x410003e0		dam_spawn_thread
	0x410005f8		$d.5
.text.qcli_dam_app_start	0x41000630	0x2c0	../../dataservices/demo/QCLI_DAM_demo/build/qcli_dam_lwm2m_demo_llvm/cortex-a7/ACFNAADZ/qcli/pal_lwm2m_module.o	#SHT_PROGBITS,SHF_ALLOC|SHF_EXECINSTR,4
	0x41000630		$a.6
	0x41000630		qcli_dam_app_start
	0x410008a8		$d.7
.text.PAL_Exit	0x410008f0	0x54	../../dataservices/demo/QCLI_DAM_demo/build/qcli_dam_lwm2m_demo_llvm/cortex-a7/ACFNAADZ/qcli/pal_lwm2m_module.o	#SHT_PROGBITS,SHF_ALLOC|SHF_EXECINSTR,4
	0x410008f0		$a.8
	0x410008f0		PAL_Exit
	0x41000938		$d.9
.text.dam_cli_rx_cb	0x41000944	0x68	../../dataservices/demo/QCLI_DAM_demo/build/qcli_dam_lwm2m_demo_llvm/cortex-a7/ACFNAADZ/qcli/pal_lwm2m_module.o	#SHT_PROGBITS,SHF_ALLOC|SHF_EXECINSTR,4
	0x41000944		$a.10
	0x41000944		dam_cli_rx_cb
	0x410009a8		$d.11
.text.dam_cli_tx_cb	0x410009ac	0x4	../../dataservices/demo/QCLI_DAM_demo/build/qcli_dam_lwm2m_demo_llvm/cortex-a7/ACFNAADZ/qcli/pal_lwm2m_module.o	#SHT_PROGBITS,SHF_ALLOC|SHF_EXECINSTR,4
	0x410009ac		$a.12
	0x410009ac		dam_cli_tx_cb
.text.Command_Help	0x410009b0	0xbc	../../dataservices/demo/QCLI_DAM_demo/build/qcli_dam_lwm2m_demo_llvm/cortex-a7/ACFNAADZ/qcli/qcli_module.o	#SHT_PROGBITS,SHF_ALLOC|SHF_EXECINSTR,4
	0x410009b0		$a.0
	0x410009b0		Command_Help
	0x41000a5c		$d.1
.text.Command_Exit	0x41000a6c	0x34	../../dataservices/demo/QCLI_DAM_demo/build/qcli_dam_lwm2m_demo_llvm/cortex-a7/ACFNAADZ/qcli/qcli_module.o	#SHT_PROGBITS,SHF_ALLOC|SHF_EXECINSTR,4
	0x41000a6c		$a.2
	0x41000a6c		Command_Exit
	0x41000a9c		$d.3
.text.Command_Up	0x41000aa0	0x48	../../dataservices/demo/QCLI_DAM_demo/build/qcli_dam_lwm2m_demo_llvm/cortex-a7/ACFNAADZ/qcli/qcli_module.o	#SHT_PROGBITS,SHF_ALLOC|SHF_EXECINSTR,4
	0x41000aa0		$a.4
	0x41000aa0		Command_Up
	0x41000ae4		$d.5
.text.Command_Root	0x41000ae8	0x48	../../dataservices/demo/QCLI_DAM_demo/build/qcli_dam_lwm2m_demo_llvm/cortex-a7/ACFNAADZ/qcli/qcli_module.o	#SHT_PROGBITS,SHF_ALLOC|SHF_EXECINSTR,4
	0x41000ae8		$a.6
	0x41000ae8		Command_Root
	0x41000b2c		$d.7
.text.__stack_chk_fail	0x41000b30	0x4	../../dataservices/demo/QCLI_DAM_demo/build/qcli_dam_lwm2m_demo_llvm/cortex-a7/ACFNAADZ/qcli/qcli_module.o	#SHT_PROGBITS,SHF_ALLOC|SHF_EXECINSTR,4
	0x41000b30		$a.8
	0x41000b30		__stack_chk_fail
.text.memscpy	0x41000b34	0x24	../../dataservices/demo/QCLI_DAM_demo/build/qcli_dam_lwm2m_demo_llvm/cortex-a7/ACFNAADZ/qcli/qcli_module.o	#SHT_PROGBITS,SHF_ALLOC|SHF_EXECINSTR,4
	0x41000b34		$a.9
	0x41000b34		memscpy
.text.Display_Usage	0x41000b58	0x6c	../../dataservices/demo/QCLI_DAM_demo/build/qcli_dam_lwm2m_demo_llvm/cortex-a7/ACFNAADZ/qcli/qcli_module.o	#SHT_PROGBITS,SHF_ALLOC|SHF_EXECINSTR,4
	0x41000b58		$a.10
	0x41000b58		Display_Usage
	0x41000bb4		$d.11
.text.QCLI_Printf	0x41000bc4	0x1b0	../../dataservices/demo/QCLI_DAM_demo/build/qcli_dam_lwm2m_demo_llvm/cortex-a7/ACFNAADZ/qcli/qcli_module.o	#SHT_PROGBITS,SHF_ALLOC|SHF_EXECINSTR,4
	0x41000bc4		$a.12
	0x41000bc4		QCLI_Printf
	0x41000d68		$d.13
.text.QCLI_Initialize	0x41000d74	0x7c	../../dataservices/demo/QCLI_DAM_demo/build/qcli_dam_lwm2m_demo_llvm/cortex-a7/ACFNAADZ/qcli/qcli_module.o	#SHT_PROGBITS,SHF_ALLOC|SHF_EXECINSTR,4
	0x41000d74		$a.14
	0x41000d74		QCLI_Initialize
	0x41000de0		$d.15
.text.QCLI_Process_Input_Data	0x41000df0	0x71c	../../dataservices/demo/QCLI_DAM_demo/build/qcli_dam_lwm2m_demo_llvm/cortex-a7/ACFNAADZ/qcli/qcli_module.o	#SHT_PROGBITS,SHF_ALLOC|SHF_EXECINSTR,4
	0x41000df0		$a.16
	0x41000df0		QCLI_Process_Input_Data
	0x410014b0		$d.17
.text.QCLI_Display_Prompt	0x4100150c	0x6c	../../dataservices/demo/QCLI_DAM_demo/build/qcli_dam_lwm2m_demo_llvm/cortex-a7/ACFNAADZ/qcli/qcli_module.o	#SHT_PROGBITS,SHF_ALLOC|SHF_EXECINSTR,4
	0x4100150c		$a.18
	0x4100150c		QCLI_Display_Prompt
	0x4100156c		$d.19
.text.QCLI_Display_Command_List	0x41001578	0x38	../../dataservices/demo/QCLI_DAM_demo/build/qcli_dam_lwm2m_demo_llvm/cortex-a7/ACFNAADZ/qcli/qcli_module.o	#SHT_PROGBITS,SHF_ALLOC|SHF_EXECINSTR,4
	0x41001578		$a.20
	0x41001578		QCLI_Display_Command_List
	0x410015ac		$d.21
.text.Display_Command_List	0x410015b0	0x1c4	../../dataservices/demo/QCLI_DAM_demo/build/qcli_dam_lwm2m_demo_llvm/cortex-a7/ACFNAADZ/qcli/qcli_module.o	#SHT_PROGBITS,SHF_ALLOC|SHF_EXECINSTR,4
	0x410015b0		$a.22
	0x410015b0		Display_Command_List
	0x41001748		$d.23
.text.QCLI_Register_Command_Group	0x41001774	0xac	../../dataservices/demo/QCLI_DAM_demo/build/qcli_dam_lwm2m_demo_llvm/cortex-a7/ACFNAADZ/qcli/qcli_module.o	#SHT_PROGBITS,SHF_ALLOC|SHF_EXECINSTR,4
	0x41001774		$a.24
	0x41001774		QCLI_Register_Command_Group
	0x41001818		$d.25
.text.QCLI_Unregister_Command_Group	0x41001820	0x4c	../../dataservices/demo/QCLI_DAM_demo/build/qcli_dam_lwm2m_demo_llvm/cortex-a7/ACFNAADZ/qcli/qcli_module.o	#SHT_PROGBITS,SHF_ALLOC|SHF_EXECINSTR,4
	0x41001820		$a.26
	0x41001820		QCLI_Unregister_Command_Group
	0x41001868		$d.27
.text.Unregister_Command_Group	0x4100186c	0x94	../../dataservices/demo/QCLI_DAM_demo/build/qcli_dam_lwm2m_demo_llvm/cortex-a7/ACFNAADZ/qcli/qcli_module.o	#SHT_PROGBITS,SHF_ALLOC|SHF_EXECINSTR,4
	0x4100186c		$a.28
	0x4100186c		Unregister_Command_Group
	0x410018fc		$d.29
.text.Display_Group_Name	0x41001900	0x4c	../../dataservices/demo/QCLI_DAM_demo/build/qcli_dam_lwm2m_demo_llvm/cortex-a7/ACFNAADZ/qcli/qcli_module.o	#SHT_PROGBITS,SHF_ALLOC|SHF_EXECINSTR,4
	0x41001900		$a.30
	0x41001900		Display_Group_Name
	0x41001940		$d.31
.text.abort_handler	0x4100194c	0x2c	../../dataservices/demo/QCLI_DAM_demo/build/qcli_dam_lwm2m_demo_llvm/cortex-a7/ACFNAADZ/qcli/qcli_module.o	#SHT_PROGBITS,SHF_ALLOC|SHF_EXECINSTR,4
	0x4100194c		$a.32
	0x4100194c		abort_handler
	0x41001974		$d.33
.text.Display_Help	0x41001978	0x84	../../dataservices/demo/QCLI_DAM_demo/build/qcli_dam_lwm2m_demo_llvm/cortex-a7/ACFNAADZ/qcli/qcli_module.o	#SHT_PROGBITS,SHF_ALLOC|SHF_EXECINSTR,4
	0x41001978		$a.34
	0x41001978		Display_Help
.text.Find_Command	0x410019fc	0x264	../../dataservices/demo/QCLI_DAM_demo/build/qcli_dam_lwm2m_demo_llvm/cortex-a7/ACFNAADZ/qcli/qcli_module.o	#SHT_PROGBITS,SHF_ALLOC|SHF_EXECINSTR,4
	0x410019fc		$a.35
	0x410019fc		Find_Command
	0x41001c54		$d.36
.text.Memcmpi	0x41001c60	0x70	../../dataservices/demo/QCLI_DAM_demo/build/qcli_dam_lwm2m_demo_llvm/cortex-a7/ACFNAADZ/qcli/qcli_module.o	#SHT_PROGBITS,SHF_ALLOC|SHF_EXECINSTR,4
	0x41001c60		$a.37
	0x41001c60		Memcmpi
.text.Command_Thread	0x41001cd0	0xf4	../../dataservices/demo/QCLI_DAM_demo/build/qcli_dam_lwm2m_demo_llvm/cortex-a7/ACFNAADZ/qcli/qcli_module.o	#SHT_PROGBITS,SHF_ALLOC|SHF_EXECINSTR,4
	0x41001cd0		$a.38
	0x41001cd0		Command_Thread
	0x41001dc0		$d.39
.text.enqueue	0x41001dc4	0x30	../../dataservices/demo/QCLI_DAM_demo/build/qcli_dam_lwm2m_demo_llvm/cortex-a7/ACFNAADZ/net/netutils_module.o	#SHT_PROGBITS,SHF_ALLOC|SHF_EXECINSTR,4
	0x41001dc4		$a.0
	0x41001dc4		enqueue
.text.dequeue	0x41001df4	0x38	../../dataservices/demo/QCLI_DAM_demo/build/qcli_dam_lwm2m_demo_llvm/cortex-a7/ACFNAADZ/net/netutils_module.o	#SHT_PROGBITS,SHF_ALLOC|SHF_EXECINSTR,4
	0x41001df4		$a.1
	0x41001df4		dequeue
.text.app_get_time	0x41001e2c	0x64	../../dataservices/demo/QCLI_DAM_demo/build/qcli_dam_lwm2m_demo_llvm/cortex-a7/ACFNAADZ/net/netutils_module.o	#SHT_PROGBITS,SHF_ALLOC|SHF_EXECINSTR,4
	0x41001e2c		$a.2
	0x41001e2c		app_get_time
.text.qurt_timetick_user_impl	0x41001e90	0xd8	../../dataservices/demo/QCLI_DAM_demo/build/qcli_dam_lwm2m_demo_llvm/cortex-a7/ACFNAADZ/net/netutils_module.o	#SHT_PROGBITS,SHF_ALLOC|SHF_EXECINSTR,4
	0x41001e90		$a.3
	0x41001e90		qurt_timetick_user_impl
	0x41001f64		$d.4
.text.app_msec_delay	0x41001f68	0x10	../../dataservices/demo/QCLI_DAM_demo/build/qcli_dam_lwm2m_demo_llvm/cortex-a7/ACFNAADZ/net/netutils_module.o	#SHT_PROGBITS,SHF_ALLOC|SHF_EXECINSTR,4
	0x41001f68		$a.5
	0x41001f68		app_msec_delay
.text.app_usec_delay	0x41001f78	0x10	../../dataservices/demo/QCLI_DAM_demo/build/qcli_dam_lwm2m_demo_llvm/cortex-a7/ACFNAADZ/net/netutils_module.o	#SHT_PROGBITS,SHF_ALLOC|SHF_EXECINSTR,4
	0x41001f78		$a.6
	0x41001f78		app_usec_delay
.text.app_tick_delay	0x41001f88	0x10	../../dataservices/demo/QCLI_DAM_demo/build/qcli_dam_lwm2m_demo_llvm/cortex-a7/ACFNAADZ/net/netutils_module.o	#SHT_PROGBITS,SHF_ALLOC|SHF_EXECINSTR,4
	0x41001f88		$a.7
	0x41001f88		app_tick_delay
.text.multi_app_set_signal_dam_t1	0x41001f98	0x7c	../../dataservices/demo/QCLI_DAM_demo/build/qcli_dam_lwm2m_demo_llvm/cortex-a7/ACFNAADZ/net/multi_app_lwm2m_cmdq_1_module.o	#SHT_PROGBITS,SHF_ALLOC|SHF_EXECINSTR,4
	0x41001f98		$a.0
	0x41001f98		multi_app_set_signal_dam_t1
	0x4100200c		$d.1
.text.multi_app_mutex_init_dam_t1	0x41002014	0x7c	../../dataservices/demo/QCLI_DAM_demo/build/qcli_dam_lwm2m_demo_llvm/cortex-a7/ACFNAADZ/net/multi_app_lwm2m_cmdq_1_module.o	#SHT_PROGBITS,SHF_ALLOC|SHF_EXECINSTR,4
	0x41002014		$a.2
	0x41002014		multi_app_mutex_init_dam_t1
	0x41002084		$d.3
.text.multi_app_signal_init_dam_t1	0x41002090	0x78	../../dataservices/demo/QCLI_DAM_demo/build/qcli_dam_lwm2m_demo_llvm/cortex-a7/ACFNAADZ/net/multi_app_lwm2m_cmdq_1_module.o	#SHT_PROGBITS,SHF_ALLOC|SHF_EXECINSTR,4
	0x41002090		$a.4
	0x41002090		multi_app_signal_init_dam_t1
	0x410020fc		$d.5
.text.multi_app_signal_wait_dam_t1	0x41002108	0x88	../../dataservices/demo/QCLI_DAM_demo/build/qcli_dam_lwm2m_demo_llvm/cortex-a7/ACFNAADZ/net/multi_app_lwm2m_cmdq_1_module.o	#SHT_PROGBITS,SHF_ALLOC|SHF_EXECINSTR,4
	0x41002108		$a.6
	0x41002108		multi_app_signal_wait_dam_t1
	0x41002188		$d.7
.text.multi_app_process_commands_t1	0x41002190	0xbc8	../../dataservices/demo/QCLI_DAM_demo/build/qcli_dam_lwm2m_demo_llvm/cortex-a7/ACFNAADZ/net/multi_app_lwm2m_cmdq_1_module.o	#SHT_PROGBITS,SHF_ALLOC|SHF_EXECINSTR,4
	0x41002190		$a.8
	0x41002190		multi_app_process_commands_t1
	0x41002274		$d.9
	0x410022e4		$a.10
	0x41002318		$d.11
	0x4100234c		$a.12
	0x410028cc		$d.13
	0x41002908		$a.14
	0x41002d2c		$d.15
.text.multi_app_task_init_dam_t1	0x41002d58	0x68	../../dataservices/demo/QCLI_DAM_demo/build/qcli_dam_lwm2m_demo_llvm/cortex-a7/ACFNAADZ/net/multi_app_lwm2m_cmdq_1_module.o	#SHT_PROGBITS,SHF_ALLOC|SHF_EXECINSTR,4
	0x41002d58		$a.16
	0x41002d58		multi_app_task_init_dam_t1
	0x41002db8		$d.17
.text.multi_app_cmdq_init_t1	0x41002dc0	0x10c	../../dataservices/demo/QCLI_DAM_demo/build/qcli_dam_lwm2m_demo_llvm/cortex-a7/ACFNAADZ/net/multi_app_lwm2m_cmdq_1_module.o	#SHT_PROGBITS,SHF_ALLOC|SHF_EXECINSTR,4
	0x41002dc0		$a.18
	0x41002dc0		multi_app_cmdq_init_t1
	0x41002eb8		$d.19
.text.multi_app_task_entry_dam_t1	0x41002ecc	0x58	../../dataservices/demo/QCLI_DAM_demo/build/qcli_dam_lwm2m_demo_llvm/cortex-a7/ACFNAADZ/net/multi_app_lwm2m_cmdq_1_module.o	#SHT_PROGBITS,SHF_ALLOC|SHF_EXECINSTR,4
	0x41002ecc		$a.20
	0x41002ecc		multi_app_task_entry_dam_t1
	0x41002f20		$d.21
.text.multi_app_enqueue_cmd_t1	0x41002f24	0x6c	../../dataservices/demo/QCLI_DAM_demo/build/qcli_dam_lwm2m_demo_llvm/cortex-a7/ACFNAADZ/net/multi_app_lwm2m_cmdq_1_module.o	#SHT_PROGBITS,SHF_ALLOC|SHF_EXECINSTR,4
	0x41002f24		$a.22
	0x41002f24		multi_app_enqueue_cmd_t1
	0x41002f88		$d.23
.text.multi_app_dequeue_cmd_t1	0x41002f90	0x70	../../dataservices/demo/QCLI_DAM_demo/build/qcli_dam_lwm2m_demo_llvm/cortex-a7/ACFNAADZ/net/multi_app_lwm2m_cmdq_1_module.o	#SHT_PROGBITS,SHF_ALLOC|SHF_EXECINSTR,4
	0x41002f90		$a.24
	0x41002f90		multi_app_dequeue_cmd_t1
	0x41002ff8		$d.25
.text.multi_app_set_signal_dam_t2	0x41003000	0x7c	../../dataservices/demo/QCLI_DAM_demo/build/qcli_dam_lwm2m_demo_llvm/cortex-a7/ACFNAADZ/net/multi_app_lwm2m_cmdq_2_module.o	#SHT_PROGBITS,SHF_ALLOC|SHF_EXECINSTR,4
	0x41003000		$a.0
	0x41003000		multi_app_set_signal_dam_t2
	0x41003074		$d.1
.text.multi_app_mutex_init_dam_t2	0x4100307c	0x7c	../../dataservices/demo/QCLI_DAM_demo/build/qcli_dam_lwm2m_demo_llvm/cortex-a7/ACFNAADZ/net/multi_app_lwm2m_cmdq_2_module.o	#SHT_PROGBITS,SHF_ALLOC|SHF_EXECINSTR,4
	0x4100307c		$a.2
	0x4100307c		multi_app_mutex_init_dam_t2
	0x410030ec		$d.3
.text.multi_app_signal_init_dam_t2	0x410030f8	0x78	../../dataservices/demo/QCLI_DAM_demo/build/qcli_dam_lwm2m_demo_llvm/cortex-a7/ACFNAADZ/net/multi_app_lwm2m_cmdq_2_module.o	#SHT_PROGBITS,SHF_ALLOC|SHF_EXECINSTR,4
	0x410030f8		$a.4
	0x410030f8		multi_app_signal_init_dam_t2
	0x41003164		$d.5
.text.multi_app_signal_wait_dam_t2	0x41003170	0x88	../../dataservices/demo/QCLI_DAM_demo/build/qcli_dam_lwm2m_demo_llvm/cortex-a7/ACFNAADZ/net/multi_app_lwm2m_cmdq_2_module.o	#SHT_PROGBITS,SHF_ALLOC|SHF_EXECINSTR,4
	0x41003170		$a.6
	0x41003170		multi_app_signal_wait_dam_t2
	0x410031f0		$d.7
.text.multi_app_process_commands_t2	0x410031f8	0xbc8	../../dataservices/demo/QCLI_DAM_demo/build/qcli_dam_lwm2m_demo_llvm/cortex-a7/ACFNAADZ/net/multi_app_lwm2m_cmdq_2_module.o	#SHT_PROGBITS,SHF_ALLOC|SHF_EXECINSTR,4
	0x410031f8		$a.8
	0x410031f8		multi_app_process_commands_t2
	0x410032dc		$d.9
	0x4100334c		$a.10
	0x41003380		$d.11
	0x410033b4		$a.12
	0x41003934		$d.13
	0x41003970		$a.14
	0x41003d94		$d.15
.text.multi_app_task_init_dam_t2	0x41003dc0	0x68	../../dataservices/demo/QCLI_DAM_demo/build/qcli_dam_lwm2m_demo_llvm/cortex-a7/ACFNAADZ/net/multi_app_lwm2m_cmdq_2_module.o	#SHT_PROGBITS,SHF_ALLOC|SHF_EXECINSTR,4
	0x41003dc0		$a.16
	0x41003dc0		multi_app_task_init_dam_t2
	0x41003e20		$d.17
.text.multi_app_cmdq_init_t2	0x41003e28	0x10c	../../dataservices/demo/QCLI_DAM_demo/build/qcli_dam_lwm2m_demo_llvm/cortex-a7/ACFNAADZ/net/multi_app_lwm2m_cmdq_2_module.o	#SHT_PROGBITS,SHF_ALLOC|SHF_EXECINSTR,4
	0x41003e28		$a.18
	0x41003e28		multi_app_cmdq_init_t2
	0x41003f20		$d.19
.text.multi_app_task_entry_dam_t2	0x41003f34	0x58	../../dataservices/demo/QCLI_DAM_demo/build/qcli_dam_lwm2m_demo_llvm/cortex-a7/ACFNAADZ/net/multi_app_lwm2m_cmdq_2_module.o	#SHT_PROGBITS,SHF_ALLOC|SHF_EXECINSTR,4
	0x41003f34		$a.20
	0x41003f34		multi_app_task_entry_dam_t2
	0x41003f88		$d.21
.text.multi_app_enqueue_cmd_t2	0x41003f8c	0x6c	../../dataservices/demo/QCLI_DAM_demo/build/qcli_dam_lwm2m_demo_llvm/cortex-a7/ACFNAADZ/net/multi_app_lwm2m_cmdq_2_module.o	#SHT_PROGBITS,SHF_ALLOC|SHF_EXECINSTR,4
	0x41003f8c		$a.22
	0x41003f8c		multi_app_enqueue_cmd_t2
	0x41003ff0		$d.23
.text.multi_app_dequeue_cmd_t2	0x41003ff8	0x70	../../dataservices/demo/QCLI_DAM_demo/build/qcli_dam_lwm2m_demo_llvm/cortex-a7/ACFNAADZ/net/multi_app_lwm2m_cmdq_2_module.o	#SHT_PROGBITS,SHF_ALLOC|SHF_EXECINSTR,4
	0x41003ff8		$a.24
	0x41003ff8		multi_app_dequeue_cmd_t2
	0x41004060		$d.25
.text.multi_app_get_cmd_buffer	0x41004068	0xbc	../../dataservices/demo/QCLI_DAM_demo/build/qcli_dam_lwm2m_demo_llvm/cortex-a7/ACFNAADZ/net/multi_app_lwm2m_test_module.o	#SHT_PROGBITS,SHF_ALLOC|SHF_EXECINSTR,4
	0x41004068		$a.0
	0x41004068		multi_app_get_cmd_buffer
	0x41004118		$d.1
.text.multi_app_cmd_parser_func	0x41004124	0x564	../../dataservices/demo/QCLI_DAM_demo/build/qcli_dam_lwm2m_demo_llvm/cortex-a7/ACFNAADZ/net/multi_app_lwm2m_test_module.o	#SHT_PROGBITS,SHF_ALLOC|SHF_EXECINSTR,4
	0x41004124		$a.2
	0x41004124		multi_app_cmd_parser_func
	0x41004660		$d.3
.text.multi_app_cmd_queue_func	0x41004688	0x278	../../dataservices/demo/QCLI_DAM_demo/build/qcli_dam_lwm2m_demo_llvm/cortex-a7/ACFNAADZ/net/multi_app_lwm2m_test_module.o	#SHT_PROGBITS,SHF_ALLOC|SHF_EXECINSTR,4
	0x41004688		$a.4
	0x41004688		multi_app_cmd_queue_func
	0x410048d0		$d.5
.text.multi_app_cmd_fill_func	0x41004900	0x188	../../dataservices/demo/QCLI_DAM_demo/build/qcli_dam_lwm2m_demo_llvm/cortex-a7/ACFNAADZ/net/multi_app_lwm2m_test_module.o	#SHT_PROGBITS,SHF_ALLOC|SHF_EXECINSTR,4
	0x41004900		$a.6
	0x41004900		multi_app_cmd_fill_func
.text.lwm2m_list_add	0x41004a88	0x6c	../../dataservices/demo/QCLI_DAM_demo/build/qcli_dam_lwm2m_demo_llvm/cortex-a7/ACFNAADZ/lwm2m/ext_object_test_app_module_v2.o	#SHT_PROGBITS,SHF_ALLOC|SHF_EXECINSTR,4
	0x41004a88		$a.0
	0x41004a88		lwm2m_list_add
.text.lwm2m_list_find	0x41004af4	0x2c	../../dataservices/demo/QCLI_DAM_demo/build/qcli_dam_lwm2m_demo_llvm/cortex-a7/ACFNAADZ/lwm2m/ext_object_test_app_module_v2.o	#SHT_PROGBITS,SHF_ALLOC|SHF_EXECINSTR,4
	0x41004af4		$a.1
	0x41004af4		lwm2m_list_find
.text.lwm2m_list_remove	0x41004b20	0x84	../../dataservices/demo/QCLI_DAM_demo/build/qcli_dam_lwm2m_demo_llvm/cortex-a7/ACFNAADZ/lwm2m/ext_object_test_app_module_v2.o	#SHT_PROGBITS,SHF_ALLOC|SHF_EXECINSTR,4
	0x41004b20		$a.2
	0x41004b20		lwm2m_list_remove
.text.lwm2m_list_newId	0x41004ba4	0x2c	../../dataservices/demo/QCLI_DAM_demo/build/qcli_dam_lwm2m_demo_llvm/cortex-a7/ACFNAADZ/lwm2m/ext_object_test_app_module_v2.o	#SHT_PROGBITS,SHF_ALLOC|SHF_EXECINSTR,4
	0x41004ba4		$a.3
	0x41004ba4		lwm2m_list_newId
.text.lwm2m_list_free	0x41004bd0	0x1c	../../dataservices/demo/QCLI_DAM_demo/build/qcli_dam_lwm2m_demo_llvm/cortex-a7/ACFNAADZ/lwm2m/ext_object_test_app_module_v2.o	#SHT_PROGBITS,SHF_ALLOC|SHF_EXECINSTR,4
	0x41004bd0		$a.4
	0x41004bd0		lwm2m_list_free
.text.lwm2m_list_count	0x41004bec	0x20	../../dataservices/demo/QCLI_DAM_demo/build/qcli_dam_lwm2m_demo_llvm/cortex-a7/ACFNAADZ/lwm2m/ext_object_test_app_module_v2.o	#SHT_PROGBITS,SHF_ALLOC|SHF_EXECINSTR,4
	0x41004bec		$a.5
	0x41004bec		lwm2m_list_count
.text.utility_free_cmd_parser_app_data	0x41004c0c	0x40	../../dataservices/demo/QCLI_DAM_demo/build/qcli_dam_lwm2m_demo_llvm/cortex-a7/ACFNAADZ/lwm2m/ext_object_test_app_module_v2.o	#SHT_PROGBITS,SHF_ALLOC|SHF_EXECINSTR,4
	0x41004c0c		$a.6
	0x41004c0c		utility_free_cmd_parser_app_data
.text.utility_free_cmd_parser	0x41004c4c	0x3c	../../dataservices/demo/QCLI_DAM_demo/build/qcli_dam_lwm2m_demo_llvm/cortex-a7/ACFNAADZ/lwm2m/ext_object_test_app_module_v2.o	#SHT_PROGBITS,SHF_ALLOC|SHF_EXECINSTR,4
	0x41004c4c		$a.7
	0x41004c4c		utility_free_cmd_parser
.text.utility_build_ul_op_cmd_data	0x41004c88	0x2b4	../../dataservices/demo/QCLI_DAM_demo/build/qcli_dam_lwm2m_demo_llvm/cortex-a7/ACFNAADZ/lwm2m/ext_object_test_app_module_v2.o	#SHT_PROGBITS,SHF_ALLOC|SHF_EXECINSTR,4
	0x41004c88		$a.8
	0x41004c88		utility_build_ul_op_cmd_data
	0x41004f10		$d.9
.text.lwm2m_update_called	0x41004f3c	0xac	../../dataservices/demo/QCLI_DAM_demo/build/qcli_dam_lwm2m_demo_llvm/cortex-a7/ACFNAADZ/lwm2m/ext_object_test_app_module_v2.o	#SHT_PROGBITS,SHF_ALLOC|SHF_EXECINSTR,4
	0x41004f3c		$a.10
	0x41004f3c		lwm2m_update_called
	0x41004fe0		$d.11
.text.lwm2m_update_received	0x41004fe8	0x78	../../dataservices/demo/QCLI_DAM_demo/build/qcli_dam_lwm2m_demo_llvm/cortex-a7/ACFNAADZ/lwm2m/ext_object_test_app_module_v2.o	#SHT_PROGBITS,SHF_ALLOC|SHF_EXECINSTR,4
	0x41004fe8		$a.12
	0x41004fe8		lwm2m_update_received
	0x4100505c		$d.13
.text.lwm2m_object_add_v2	0x41005060	0x6c	../../dataservices/demo/QCLI_DAM_demo/build/qcli_dam_lwm2m_demo_llvm/cortex-a7/ACFNAADZ/lwm2m/ext_object_test_app_module_v2.o	#SHT_PROGBITS,SHF_ALLOC|SHF_EXECINSTR,4
	0x41005060		$a.14
	0x41005060		lwm2m_object_add_v2
.text.lwm2m_instance_add_v2	0x410050cc	0x6c	../../dataservices/demo/QCLI_DAM_demo/build/qcli_dam_lwm2m_demo_llvm/cortex-a7/ACFNAADZ/lwm2m/ext_object_test_app_module_v2.o	#SHT_PROGBITS,SHF_ALLOC|SHF_EXECINSTR,4
	0x410050cc		$a.15
	0x410050cc		lwm2m_instance_add_v2
.text.lwm2m_object_remove_v2	0x41005138	0x84	../../dataservices/demo/QCLI_DAM_demo/build/qcli_dam_lwm2m_demo_llvm/cortex-a7/ACFNAADZ/lwm2m/ext_object_test_app_module_v2.o	#SHT_PROGBITS,SHF_ALLOC|SHF_EXECINSTR,4
	0x41005138		$a.16
	0x41005138		lwm2m_object_remove_v2
.text.lwm2m_instance_remove_v2	0x410051bc	0x84	../../dataservices/demo/QCLI_DAM_demo/build/qcli_dam_lwm2m_demo_llvm/cortex-a7/ACFNAADZ/lwm2m/ext_object_test_app_module_v2.o	#SHT_PROGBITS,SHF_ALLOC|SHF_EXECINSTR,4
	0x410051bc		$a.17
	0x410051bc		lwm2m_instance_remove_v2
.text.lwm2m_object_find_v2	0x41005240	0x2c	../../dataservices/demo/QCLI_DAM_demo/build/qcli_dam_lwm2m_demo_llvm/cortex-a7/ACFNAADZ/lwm2m/ext_object_test_app_module_v2.o	#SHT_PROGBITS,SHF_ALLOC|SHF_EXECINSTR,4
	0x41005240		$a.18
	0x41005240		lwm2m_object_find_v2
.text.lwm2m_instance_find_v2	0x4100526c	0x2c	../../dataservices/demo/QCLI_DAM_demo/build/qcli_dam_lwm2m_demo_llvm/cortex-a7/ACFNAADZ/lwm2m/ext_object_test_app_module_v2.o	#SHT_PROGBITS,SHF_ALLOC|SHF_EXECINSTR,4
	0x4100526c		$a.19
	0x4100526c		lwm2m_instance_find_v2
.text.init_ext_obj_v2	0x41005298	0x60c	../../dataservices/demo/QCLI_DAM_demo/build/qcli_dam_lwm2m_demo_llvm/cortex-a7/ACFNAADZ/lwm2m/ext_object_test_app_module_v2.o	#SHT_PROGBITS,SHF_ALLOC|SHF_EXECINSTR,4
	0x41005298		$a.20
	0x41005298		init_ext_obj_v2
	0x41005858		$d.21
.text.qcli_cmd_config_bootstrap_info	0x410058a4	0x88	../../dataservices/demo/QCLI_DAM_demo/build/qcli_dam_lwm2m_demo_llvm/cortex-a7/ACFNAADZ/lwm2m/ext_object_test_app_module_v2.o	#SHT_PROGBITS,SHF_ALLOC|SHF_EXECINSTR,4
	0x410058a4		$a.22
	0x410058a4		qcli_cmd_config_bootstrap_info
	0x41005924		$d.23
.text.create_ext_obj_v2	0x4100592c	0x630	../../dataservices/demo/QCLI_DAM_demo/build/qcli_dam_lwm2m_demo_llvm/cortex-a7/ACFNAADZ/lwm2m/ext_object_test_app_module_v2.o	#SHT_PROGBITS,SHF_ALLOC|SHF_EXECINSTR,4
	0x4100592c		$a.24
	0x4100592c		create_ext_obj_v2
	0x41005f10		$d.25
.text.create_ext_obj_inst_v2	0x41005f5c	0x6f0	../../dataservices/demo/QCLI_DAM_demo/build/qcli_dam_lwm2m_demo_llvm/cortex-a7/ACFNAADZ/lwm2m/ext_object_test_app_module_v2.o	#SHT_PROGBITS,SHF_ALLOC|SHF_EXECINSTR,4
	0x41005f5c		$a.26
	0x41005f5c		create_ext_obj_inst_v2
	0x410065f8		$d.27
.text.delete_ext_obj_inst_v2	0x4100664c	0x7bc	../../dataservices/demo/QCLI_DAM_demo/build/qcli_dam_lwm2m_demo_llvm/cortex-a7/ACFNAADZ/lwm2m/ext_object_test_app_module_v2.o	#SHT_PROGBITS,SHF_ALLOC|SHF_EXECINSTR,4
	0x4100664c		$a.28
	0x4100664c		delete_ext_obj_inst_v2
	0x41006dac		$d.29
.text.ext_read_v2	0x41006e08	0x1498	../../dataservices/demo/QCLI_DAM_demo/build/qcli_dam_lwm2m_demo_llvm/cortex-a7/ACFNAADZ/lwm2m/ext_object_test_app_module_v2.o	#SHT_PROGBITS,SHF_ALLOC|SHF_EXECINSTR,4
	0x41006e08		$a.30
	0x41006e08		ext_read_v2
	0x41007008		$d.31
	0x4100701c		$a.32
	0x410071cc		$d.33
	0x410071e0		$a.34
	0x41007354		$d.35
	0x41007368		$a.36
	0x4100753c		$d.37
	0x41007550		$a.38
	0x410076c0		$d.39
	0x410076d4		$a.40
	0x41007970		$d.41
	0x41007984		$a.42
	0x41007abc		$d.43
	0x41007ad0		$a.44
	0x41007c44		$d.45
	0x41007c58		$a.46
	0x41007e20		$d.47
	0x41007e3c		$a.48
	0x41007e8c		$d.49
	0x41007e94		$a.50
	0x41007ed4		$d.51
	0x41007edc		$a.52
	0x41007f28		$d.53
	0x41007f30		$a.54
	0x41007f88		$d.55
	0x41007f90		$a.56
	0x41007fcc		$d.57
	0x41007fe8		$a.58
	0x41008038		$d.59
	0x41008040		$a.60
	0x41008080		$d.61
	0x41008084		$a.62
	0x410080d0		$d.63
	0x410080d8		$a.64
	0x410081e8		$d.65
.text.ext_write_v2	0x410082a0	0x700	../../dataservices/demo/QCLI_DAM_demo/build/qcli_dam_lwm2m_demo_llvm/cortex-a7/ACFNAADZ/lwm2m/ext_object_test_app_module_v2.o	#SHT_PROGBITS,SHF_ALLOC|SHF_EXECINSTR,4
	0x410082a0		$a.66
	0x410082a0		ext_write_v2
	0x41008498		$d.67
	0x410084ac		$a.68
	0x4100871c		$d.69
	0x41008730		$a.70
	0x41008948		$d.71
.text.ext_exec_v2	0x410089a0	0x4a4	../../dataservices/demo/QCLI_DAM_demo/build/qcli_dam_lwm2m_demo_llvm/cortex-a7/ACFNAADZ/lwm2m/ext_object_test_app_module_v2.o	#SHT_PROGBITS,SHF_ALLOC|SHF_EXECINSTR,4
	0x410089a0		$a.72
	0x410089a0		ext_exec_v2
	0x41008e18		$d.73
.text.display_template_v2	0x41008e44	0x2bc	../../dataservices/demo/QCLI_DAM_demo/build/qcli_dam_lwm2m_demo_llvm/cortex-a7/ACFNAADZ/lwm2m/ext_object_test_app_module_v2.o	#SHT_PROGBITS,SHF_ALLOC|SHF_EXECINSTR,4
	0x41008e44		$a.74
	0x41008e44		display_template_v2
	0x41009060		$d.75
.text.deinit_ext_obj_v2	0x41009100	0x630	../../dataservices/demo/QCLI_DAM_demo/build/qcli_dam_lwm2m_demo_llvm/cortex-a7/ACFNAADZ/lwm2m/ext_object_test_app_module_v2.o	#SHT_PROGBITS,SHF_ALLOC|SHF_EXECINSTR,4
	0x41009100		$a.76
	0x41009100		deinit_ext_obj_v2
	0x410096e4		$d.77
.text.set_obj_link_v2	0x41009730	0x6fc	../../dataservices/demo/QCLI_DAM_demo/build/qcli_dam_lwm2m_demo_llvm/cortex-a7/ACFNAADZ/lwm2m/ext_object_test_app_module_v2.o	#SHT_PROGBITS,SHF_ALLOC|SHF_EXECINSTR,4
	0x41009730		$a.78
	0x41009730		set_obj_link_v2
	0x41009ddc		$d.79
.text.get_obj_link_v2	0x41009e2c	0x6a0	../../dataservices/demo/QCLI_DAM_demo/build/qcli_dam_lwm2m_demo_llvm/cortex-a7/ACFNAADZ/lwm2m/ext_object_test_app_module_v2.o	#SHT_PROGBITS,SHF_ALLOC|SHF_EXECINSTR,4
	0x41009e2c		$a.80
	0x41009e2c		get_obj_link_v2
	0x4100a47c		$d.81
.text.set_server_lifetime_v2	0x4100a4cc	0x428	../../dataservices/demo/QCLI_DAM_demo/build/qcli_dam_lwm2m_demo_llvm/cortex-a7/ACFNAADZ/lwm2m/ext_object_test_app_module_v2.o	#SHT_PROGBITS,SHF_ALLOC|SHF_EXECINSTR,4
	0x4100a4cc		$a.82
	0x4100a4cc		set_server_lifetime_v2
	0x4100a8c0		$d.83
.text.get_server_lifetime_v2	0x4100a8f4	0x6c4	../../dataservices/demo/QCLI_DAM_demo/build/qcli_dam_lwm2m_demo_llvm/cortex-a7/ACFNAADZ/lwm2m/ext_object_test_app_module_v2.o	#SHT_PROGBITS,SHF_ALLOC|SHF_EXECINSTR,4
	0x4100a8f4		$a.84
	0x4100a8f4		get_server_lifetime_v2
	0x4100af68		$d.85
.text.res_inst_create_v2	0x4100afb8	0x5c4	../../dataservices/demo/QCLI_DAM_demo/build/qcli_dam_lwm2m_demo_llvm/cortex-a7/ACFNAADZ/lwm2m/ext_object_test_app_module_v2.o	#SHT_PROGBITS,SHF_ALLOC|SHF_EXECINSTR,4
	0x4100afb8		$a.86
	0x4100afb8		res_inst_create_v2
	0x4100b52c		$d.87
.text.res_inst_delete_v2	0x4100b57c	0x55c	../../dataservices/demo/QCLI_DAM_demo/build/qcli_dam_lwm2m_demo_llvm/cortex-a7/ACFNAADZ/lwm2m/ext_object_test_app_module_v2.o	#SHT_PROGBITS,SHF_ALLOC|SHF_EXECINSTR,4
	0x4100b57c		$a.88
	0x4100b57c		res_inst_delete_v2
	0x4100ba8c		$d.89
.text.qcli_cmd_start_lwm2m	0x4100bad8	0xa0	../../dataservices/demo/QCLI_DAM_demo/build/qcli_dam_lwm2m_demo_llvm/cortex-a7/ACFNAADZ/lwm2m/ext_object_test_app_module_v2.o	#SHT_PROGBITS,SHF_ALLOC|SHF_EXECINSTR,4
	0x4100bad8		$a.90
	0x4100bad8		qcli_cmd_start_lwm2m
	0x4100bb70		$d.91
.text.qcli_cmd_stop_lwm2m	0x4100bb78	0x88	../../dataservices/demo/QCLI_DAM_demo/build/qcli_dam_lwm2m_demo_llvm/cortex-a7/ACFNAADZ/lwm2m/ext_object_test_app_module_v2.o	#SHT_PROGBITS,SHF_ALLOC|SHF_EXECINSTR,4
	0x4100bb78		$a.92
	0x4100bb78		qcli_cmd_stop_lwm2m
	0x4100bbf8		$d.93
.text.Initialize_LWM2M_Ext_Demo_v2	0x4100bc00	0x38	../../dataservices/demo/QCLI_DAM_demo/build/qcli_dam_lwm2m_demo_llvm/cortex-a7/ACFNAADZ/lwm2m/ext_object_test_app_module_v2.o	#SHT_PROGBITS,SHF_ALLOC|SHF_EXECINSTR,4
	0x4100bc00		$a.94
	0x4100bc00		Initialize_LWM2M_Ext_Demo_v2
	0x4100bc2c		$d.95
.text.qapi_Net_LWM2M_Free_FlatData_array	0x4100bc38	0xa8	../../dataservices/demo/QCLI_DAM_demo/build/qcli_dam_lwm2m_demo_llvm/cortex-a7/ACFNAADZ/lwm2m/ext_object_test_app_module_v2.o	#SHT_PROGBITS,SHF_ALLOC|SHF_EXECINSTR,4
	0x4100bc38		$a.96
	0x4100bc38		qapi_Net_LWM2M_Free_FlatData_array
.text.object_check_readable_v2	0x4100bce0	0x13c	../../dataservices/demo/QCLI_DAM_demo/build/qcli_dam_lwm2m_demo_llvm/cortex-a7/ACFNAADZ/lwm2m/ext_object_test_app_module_v2.o	#SHT_PROGBITS,SHF_ALLOC|SHF_EXECINSTR,4
	0x4100bce0		$a.97
	0x4100bce0		object_check_readable_v2
	0x4100be10		$d.98
.text.lwm2m_data_new	0x4100be1c	0x64	../../dataservices/demo/QCLI_DAM_demo/build/qcli_dam_lwm2m_demo_llvm/cortex-a7/ACFNAADZ/lwm2m/ext_object_test_app_module_v2.o	#SHT_PROGBITS,SHF_ALLOC|SHF_EXECINSTR,4
	0x4100be1c		$a.99
	0x4100be1c		lwm2m_data_new
	0x4100be7c		$d.100
.text.read_data_ext_v2	0x4100be80	0x220	../../dataservices/demo/QCLI_DAM_demo/build/qcli_dam_lwm2m_demo_llvm/cortex-a7/ACFNAADZ/lwm2m/ext_object_test_app_module_v2.o	#SHT_PROGBITS,SHF_ALLOC|SHF_EXECINSTR,4
	0x4100be80		$a.101
	0x4100be80		read_data_ext_v2
	0x4100c094		$d.102
.text.lwm2m_data_free	0x4100c0a0	0xc8	../../dataservices/demo/QCLI_DAM_demo/build/qcli_dam_lwm2m_demo_llvm/cortex-a7/ACFNAADZ/lwm2m/ext_object_test_app_module_v2.o	#SHT_PROGBITS,SHF_ALLOC|SHF_EXECINSTR,4
	0x4100c0a0		$a.103
	0x4100c0a0		lwm2m_data_free
	0x4100c164		$d.104
.text.object_check_numeric_v2	0x4100c168	0x13c	../../dataservices/demo/QCLI_DAM_demo/build/qcli_dam_lwm2m_demo_llvm/cortex-a7/ACFNAADZ/lwm2m/ext_object_test_app_module_v2.o	#SHT_PROGBITS,SHF_ALLOC|SHF_EXECINSTR,4
	0x4100c168		$a.105
	0x4100c168		object_check_numeric_v2
	0x4100c298		$d.106
.text.ext_object_callback_app1_v2	0x4100c2a4	0x38c	../../dataservices/demo/QCLI_DAM_demo/build/qcli_dam_lwm2m_demo_llvm/cortex-a7/ACFNAADZ/lwm2m/ext_object_test_app_module_v2.o	#SHT_PROGBITS,SHF_ALLOC|SHF_EXECINSTR,4
	0x4100c2a4		$a.107
	0x4100c2a4		ext_object_callback_app1_v2
	0x4100c604		$d.108
.text.ext_object_callback_app2_v2	0x4100c630	0x38c	../../dataservices/demo/QCLI_DAM_demo/build/qcli_dam_lwm2m_demo_llvm/cortex-a7/ACFNAADZ/lwm2m/ext_object_test_app_module_v2.o	#SHT_PROGBITS,SHF_ALLOC|SHF_EXECINSTR,4
	0x4100c630		$a.109
	0x4100c630		ext_object_callback_app2_v2
	0x4100c990		$d.110
.text.ext_obj_delete_all_v2	0x4100c9bc	0x4a0	../../dataservices/demo/QCLI_DAM_demo/build/qcli_dam_lwm2m_demo_llvm/cortex-a7/ACFNAADZ/lwm2m/ext_object_test_app_module_v2.o	#SHT_PROGBITS,SHF_ALLOC|SHF_EXECINSTR,4
	0x4100c9bc		$a.111
	0x4100c9bc		ext_obj_delete_all_v2
	0x4100ce40		$d.112
.text.observe_delete_ext_handle_req_v2	0x4100ce5c	0x188	../../dataservices/demo/QCLI_DAM_demo/build/qcli_dam_lwm2m_demo_llvm/cortex-a7/ACFNAADZ/lwm2m/ext_object_test_app_module_v2.o	#SHT_PROGBITS,SHF_ALLOC|SHF_EXECINSTR,4
	0x4100ce5c		$a.113
	0x4100ce5c		observe_delete_ext_handle_req_v2
	0x4100cfd0		$d.114
.text.lwm2m_gen_inst_remove	0x4100cfe4	0x84	../../dataservices/demo/QCLI_DAM_demo/build/qcli_dam_lwm2m_demo_llvm/cortex-a7/ACFNAADZ/lwm2m/ext_object_test_app_module_v2.o	#SHT_PROGBITS,SHF_ALLOC|SHF_EXECINSTR,4
	0x4100cfe4		$a.115
	0x4100cfe4		lwm2m_gen_inst_remove
.text.lwm2m_resource_inst_int_free	0x4100d068	0x1c	../../dataservices/demo/QCLI_DAM_demo/build/qcli_dam_lwm2m_demo_llvm/cortex-a7/ACFNAADZ/lwm2m/ext_object_test_app_module_v2.o	#SHT_PROGBITS,SHF_ALLOC|SHF_EXECINSTR,4
	0x4100d068		$a.116
	0x4100d068		lwm2m_resource_inst_int_free
.text.qapi_Net_LWM2M_Free_Single_Instance_Info_v2	0x4100d084	0x6c	../../dataservices/demo/QCLI_DAM_demo/build/qcli_dam_lwm2m_demo_llvm/cortex-a7/ACFNAADZ/lwm2m/ext_object_test_app_module_v2.o	#SHT_PROGBITS,SHF_ALLOC|SHF_EXECINSTR,4
	0x4100d084		$a.117
	0x4100d084		qapi_Net_LWM2M_Free_Single_Instance_Info_v2
.text.lwm2m_pre_inst_remove	0x4100d0f0	0x84	../../dataservices/demo/QCLI_DAM_demo/build/qcli_dam_lwm2m_demo_llvm/cortex-a7/ACFNAADZ/lwm2m/ext_object_test_app_module_v2.o	#SHT_PROGBITS,SHF_ALLOC|SHF_EXECINSTR,4
	0x4100d0f0		$a.118
	0x4100d0f0		lwm2m_pre_inst_remove
.text.lwm2m_resource_inst_string_free	0x4100d174	0x1c	../../dataservices/demo/QCLI_DAM_demo/build/qcli_dam_lwm2m_demo_llvm/cortex-a7/ACFNAADZ/lwm2m/ext_object_test_app_module_v2.o	#SHT_PROGBITS,SHF_ALLOC|SHF_EXECINSTR,4
	0x4100d174		$a.119
	0x4100d174		lwm2m_resource_inst_string_free
.text.ext_obj_handle_event_v2	0x4100d190	0x484	../../dataservices/demo/QCLI_DAM_demo/build/qcli_dam_lwm2m_demo_llvm/cortex-a7/ACFNAADZ/lwm2m/ext_object_test_app_module_v2.o	#SHT_PROGBITS,SHF_ALLOC|SHF_EXECINSTR,4
	0x4100d190		$a.120
	0x4100d190		ext_obj_handle_event_v2
	0x4100d258		$d.121
	0x4100d298		$a.122
	0x4100d5f8		$d.123
.text.flush_pending_notifications	0x4100d614	0x3a0	../../dataservices/demo/QCLI_DAM_demo/build/qcli_dam_lwm2m_demo_llvm/cortex-a7/ACFNAADZ/lwm2m/ext_object_test_app_module_v2.o	#SHT_PROGBITS,SHF_ALLOC|SHF_EXECINSTR,4
	0x4100d614		$a.124
	0x4100d614		flush_pending_notifications
	0x4100d9a0		$d.125
.text.stop_ext_obs_notify_timer_v2	0x4100d9b4	0x58	../../dataservices/demo/QCLI_DAM_demo/build/qcli_dam_lwm2m_demo_llvm/cortex-a7/ACFNAADZ/lwm2m/ext_object_test_app_module_v2.o	#SHT_PROGBITS,SHF_ALLOC|SHF_EXECINSTR,4
	0x4100d9b4		$a.126
	0x4100d9b4		stop_ext_obs_notify_timer_v2
	0x4100da04		$d.127
.text.ext_object_register_v2	0x4100da0c	0x2c4	../../dataservices/demo/QCLI_DAM_demo/build/qcli_dam_lwm2m_demo_llvm/cortex-a7/ACFNAADZ/lwm2m/ext_object_test_app_module_v2.o	#SHT_PROGBITS,SHF_ALLOC|SHF_EXECINSTR,4
	0x4100da0c		$a.128
	0x4100da0c		ext_object_register_v2
	0x4100dc94		$d.129
.text.qapi_lwm2m_cb_uspace_dispatcher	0x4100dcd0	0xac	../../dataservices/demo/QCLI_DAM_demo/build/qcli_dam_lwm2m_demo_llvm/cortex-a7/ACFNAADZ/lwm2m/ext_object_test_app_module_v2.o	#SHT_PROGBITS,SHF_ALLOC|SHF_EXECINSTR,4
	0x4100dcd0		$a.130
	0x4100dcd0		qapi_lwm2m_cb_uspace_dispatcher
	0x4100dd74		$d.131
.text.lwm2m_update_byte_pool	0x4100dd7c	0xf4	../../dataservices/demo/QCLI_DAM_demo/build/qcli_dam_lwm2m_demo_llvm/cortex-a7/ACFNAADZ/lwm2m/ext_object_test_app_module_v2.o	#SHT_PROGBITS,SHF_ALLOC|SHF_EXECINSTR,4
	0x4100dd7c		$a.132
	0x4100dd7c		lwm2m_update_byte_pool
.text.ext_object_deregister_v2	0x4100de70	0x494	../../dataservices/demo/QCLI_DAM_demo/build/qcli_dam_lwm2m_demo_llvm/cortex-a7/ACFNAADZ/lwm2m/ext_object_test_app_module_v2.o	#SHT_PROGBITS,SHF_ALLOC|SHF_EXECINSTR,4
	0x4100de70		$a.133
	0x4100de70		ext_object_deregister_v2
	0x4100e2d0		$d.134
.text.create_object_v2	0x4100e304	0x34c	../../dataservices/demo/QCLI_DAM_demo/build/qcli_dam_lwm2m_demo_llvm/cortex-a7/ACFNAADZ/lwm2m/ext_object_test_app_module_v2.o	#SHT_PROGBITS,SHF_ALLOC|SHF_EXECINSTR,4
	0x4100e304		$a.135
	0x4100e304		create_object_v2
	0x4100e610		$d.136
.text.ext_generic_write_resources_v2	0x4100e650	0x258	../../dataservices/demo/QCLI_DAM_demo/build/qcli_dam_lwm2m_demo_llvm/cortex-a7/ACFNAADZ/lwm2m/ext_object_test_app_module_v2.o	#SHT_PROGBITS,SHF_ALLOC|SHF_EXECINSTR,4
	0x4100e650		$a.137
	0x4100e650		ext_generic_write_resources_v2
	0x4100e898		$d.138
.text.lwm2m_gen_inst_find	0x4100e8a8	0x2c	../../dataservices/demo/QCLI_DAM_demo/build/qcli_dam_lwm2m_demo_llvm/cortex-a7/ACFNAADZ/lwm2m/ext_object_test_app_module_v2.o	#SHT_PROGBITS,SHF_ALLOC|SHF_EXECINSTR,4
	0x4100e8a8		$a.139
	0x4100e8a8		lwm2m_gen_inst_find
.text.lwm2m_data_decode_int	0x4100e8d4	0x148	../../dataservices/demo/QCLI_DAM_demo/build/qcli_dam_lwm2m_demo_llvm/cortex-a7/ACFNAADZ/lwm2m/ext_object_test_app_module_v2.o	#SHT_PROGBITS,SHF_ALLOC|SHF_EXECINSTR,4
	0x4100e8d4		$a.140
	0x4100e8d4		lwm2m_data_decode_int
	0x4100ea10		$d.141
.text.ext_write_resource_inst_val	0x4100ea1c	0xf4	../../dataservices/demo/QCLI_DAM_demo/build/qcli_dam_lwm2m_demo_llvm/cortex-a7/ACFNAADZ/lwm2m/ext_object_test_app_module_v2.o	#SHT_PROGBITS,SHF_ALLOC|SHF_EXECINSTR,4
	0x4100ea1c		$a.142
	0x4100ea1c		ext_write_resource_inst_val
	0x4100eb0c		$d.143
.text.ext_presence_write_resources_v2	0x4100eb10	0x238	../../dataservices/demo/QCLI_DAM_demo/build/qcli_dam_lwm2m_demo_llvm/cortex-a7/ACFNAADZ/lwm2m/ext_object_test_app_module_v2.o	#SHT_PROGBITS,SHF_ALLOC|SHF_EXECINSTR,4
	0x4100eb10		$a.144
	0x4100eb10		ext_presence_write_resources_v2
	0x4100ed34		$d.145
.text.lwm2m_pre_inst_find	0x4100ed48	0x2c	../../dataservices/demo/QCLI_DAM_demo/build/qcli_dam_lwm2m_demo_llvm/cortex-a7/ACFNAADZ/lwm2m/ext_object_test_app_module_v2.o	#SHT_PROGBITS,SHF_ALLOC|SHF_EXECINSTR,4
	0x4100ed48		$a.146
	0x4100ed48		lwm2m_pre_inst_find
.text.ext_write_string_resource_inst_val	0x4100ed74	0x118	../../dataservices/demo/QCLI_DAM_demo/build/qcli_dam_lwm2m_demo_llvm/cortex-a7/ACFNAADZ/lwm2m/ext_object_test_app_module_v2.o	#SHT_PROGBITS,SHF_ALLOC|SHF_EXECINSTR,4
	0x4100ed74		$a.147
	0x4100ed74		ext_write_string_resource_inst_val
	0x4100ee88		$d.148
.text.obj_create_generic_sensor_v2	0x4100ee8c	0x8e0	../../dataservices/demo/QCLI_DAM_demo/build/qcli_dam_lwm2m_demo_llvm/cortex-a7/ACFNAADZ/lwm2m/ext_object_test_app_module_v2.o	#SHT_PROGBITS,SHF_ALLOC|SHF_EXECINSTR,4
	0x4100ee8c		$a.149
	0x4100ee8c		obj_create_generic_sensor_v2
	0x4100f720		$d.150
.text.obj_create_presence_sensor_v2	0x4100f76c	0x718	../../dataservices/demo/QCLI_DAM_demo/build/qcli_dam_lwm2m_demo_llvm/cortex-a7/ACFNAADZ/lwm2m/ext_object_test_app_module_v2.o	#SHT_PROGBITS,SHF_ALLOC|SHF_EXECINSTR,4
	0x4100f76c		$a.151
	0x4100f76c		obj_create_presence_sensor_v2
	0x4100fe44		$d.152
.text.create_object_instance_app_v2	0x4100fe84	0x6f4	../../dataservices/demo/QCLI_DAM_demo/build/qcli_dam_lwm2m_demo_llvm/cortex-a7/ACFNAADZ/lwm2m/ext_object_test_app_module_v2.o	#SHT_PROGBITS,SHF_ALLOC|SHF_EXECINSTR,4
	0x4100fe84		$a.153
	0x4100fe84		create_object_instance_app_v2
	0x41010504		$d.154
.text.create_object_instance_v2	0x41010578	0x428	../../dataservices/demo/QCLI_DAM_demo/build/qcli_dam_lwm2m_demo_llvm/cortex-a7/ACFNAADZ/lwm2m/ext_object_test_app_module_v2.o	#SHT_PROGBITS,SHF_ALLOC|SHF_EXECINSTR,4
	0x41010578		$a.155
	0x41010578		create_object_instance_v2
	0x41010978		$d.156
.text.delete_object_instance_app_v2	0x410109a0	0x938	../../dataservices/demo/QCLI_DAM_demo/build/qcli_dam_lwm2m_demo_llvm/cortex-a7/ACFNAADZ/lwm2m/ext_object_test_app_module_v2.o	#SHT_PROGBITS,SHF_ALLOC|SHF_EXECINSTR,4
	0x410109a0		$a.157
	0x410109a0		delete_object_instance_app_v2
	0x41011258		$d.158
.text.delete_object_instance_v2	0x410112d8	0x684	../../dataservices/demo/QCLI_DAM_demo/build/qcli_dam_lwm2m_demo_llvm/cortex-a7/ACFNAADZ/lwm2m/ext_object_test_app_module_v2.o	#SHT_PROGBITS,SHF_ALLOC|SHF_EXECINSTR,4
	0x410112d8		$a.159
	0x410112d8		delete_object_instance_v2
	0x41011934		$d.160
.text.send_response_message_v2	0x4101195c	0xf8	../../dataservices/demo/QCLI_DAM_demo/build/qcli_dam_lwm2m_demo_llvm/cortex-a7/ACFNAADZ/lwm2m/ext_object_test_app_module_v2.o	#SHT_PROGBITS,SHF_ALLOC|SHF_EXECINSTR,4
	0x4101195c		$a.161
	0x4101195c		send_response_message_v2
.text.set_obj_link_app_v2	0x41011a54	0x46c	../../dataservices/demo/QCLI_DAM_demo/build/qcli_dam_lwm2m_demo_llvm/cortex-a7/ACFNAADZ/lwm2m/ext_object_test_app_module_v2.o	#SHT_PROGBITS,SHF_ALLOC|SHF_EXECINSTR,4
	0x41011a54		$a.162
	0x41011a54		set_obj_link_app_v2
	0x41011e74		$d.163
.text.get_obj_link_app_v2	0x41011ec0	0x50c	../../dataservices/demo/QCLI_DAM_demo/build/qcli_dam_lwm2m_demo_llvm/cortex-a7/ACFNAADZ/lwm2m/ext_object_test_app_module_v2.o	#SHT_PROGBITS,SHF_ALLOC|SHF_EXECINSTR,4
	0x41011ec0		$a.164
	0x41011ec0		get_obj_link_app_v2
	0x41012374		$d.165
.text.set_server_lifetime_app_v2	0x410123cc	0x2d4	../../dataservices/demo/QCLI_DAM_demo/build/qcli_dam_lwm2m_demo_llvm/cortex-a7/ACFNAADZ/lwm2m/ext_object_test_app_module_v2.o	#SHT_PROGBITS,SHF_ALLOC|SHF_EXECINSTR,4
	0x410123cc		$a.166
	0x410123cc		set_server_lifetime_app_v2
	0x41012664		$d.167
.text.get_server_lifetime_app_v2	0x410126a0	0x2dc	../../dataservices/demo/QCLI_DAM_demo/build/qcli_dam_lwm2m_demo_llvm/cortex-a7/ACFNAADZ/lwm2m/ext_object_test_app_module_v2.o	#SHT_PROGBITS,SHF_ALLOC|SHF_EXECINSTR,4
	0x410126a0		$a.168
	0x410126a0		get_server_lifetime_app_v2
	0x41012944		$d.169
.text.payload_set_data_generic_v2	0x4101297c	0x290	../../dataservices/demo/QCLI_DAM_demo/build/qcli_dam_lwm2m_demo_llvm/cortex-a7/ACFNAADZ/lwm2m/ext_object_test_app_module_v2.o	#SHT_PROGBITS,SHF_ALLOC|SHF_EXECINSTR,4
	0x4101297c		$a.170
	0x4101297c		payload_set_data_generic_v2
	0x410129f8		$d.171
	0x41012a20		$a.172
	0x41012bfc		$d.173
.text.lwm2m_resource_find	0x41012c0c	0x2c	../../dataservices/demo/QCLI_DAM_demo/build/qcli_dam_lwm2m_demo_llvm/cortex-a7/ACFNAADZ/lwm2m/ext_object_test_app_module_v2.o	#SHT_PROGBITS,SHF_ALLOC|SHF_EXECINSTR,4
	0x41012c0c		$a.174
	0x41012c0c		lwm2m_resource_find
.text.lwm2m_data_encode_int	0x41012c38	0x64	../../dataservices/demo/QCLI_DAM_demo/build/qcli_dam_lwm2m_demo_llvm/cortex-a7/ACFNAADZ/lwm2m/ext_object_test_app_module_v2.o	#SHT_PROGBITS,SHF_ALLOC|SHF_EXECINSTR,4
	0x41012c38		$a.175
	0x41012c38		lwm2m_data_encode_int
	0x41012c98		$d.176
.text.lwm2m_data_encode_string	0x41012c9c	0x100	../../dataservices/demo/QCLI_DAM_demo/build/qcli_dam_lwm2m_demo_llvm/cortex-a7/ACFNAADZ/lwm2m/ext_object_test_app_module_v2.o	#SHT_PROGBITS,SHF_ALLOC|SHF_EXECINSTR,4
	0x41012c9c		$a.177
	0x41012c9c		lwm2m_data_encode_string
	0x41012d94		$d.178
.text.lwm2m_data_encode_float	0x41012d9c	0xb8	../../dataservices/demo/QCLI_DAM_demo/build/qcli_dam_lwm2m_demo_llvm/cortex-a7/ACFNAADZ/lwm2m/ext_object_test_app_module_v2.o	#SHT_PROGBITS,SHF_ALLOC|SHF_EXECINSTR,4
	0x41012d9c		$a.179
	0x41012d9c		lwm2m_data_encode_float
	0x41012e4c		$d.180
.text.lwm2m_data_encode_instances	0x41012e54	0xa4	../../dataservices/demo/QCLI_DAM_demo/build/qcli_dam_lwm2m_demo_llvm/cortex-a7/ACFNAADZ/lwm2m/ext_object_test_app_module_v2.o	#SHT_PROGBITS,SHF_ALLOC|SHF_EXECINSTR,4
	0x41012e54		$a.181
	0x41012e54		lwm2m_data_encode_instances
	0x41012ef4		$d.182
.text.payload_set_data_presence_v2	0x41012ef8	0x24c	../../dataservices/demo/QCLI_DAM_demo/build/qcli_dam_lwm2m_demo_llvm/cortex-a7/ACFNAADZ/lwm2m/ext_object_test_app_module_v2.o	#SHT_PROGBITS,SHF_ALLOC|SHF_EXECINSTR,4
	0x41012ef8		$a.183
	0x41012ef8		payload_set_data_presence_v2
	0x41012f7c		$d.184
	0x41012f98		$a.185
	0x41013134		$d.186
.text.ext_object_read_v2	0x41013144	0x4f8	../../dataservices/demo/QCLI_DAM_demo/build/qcli_dam_lwm2m_demo_llvm/cortex-a7/ACFNAADZ/lwm2m/ext_object_test_app_module_v2.o	#SHT_PROGBITS,SHF_ALLOC|SHF_EXECINSTR,4
	0x41013144		$a.187
	0x41013144		ext_object_read_v2
	0x4101361c		$d.188
.text.check_readable	0x4101363c	0x5c	../../dataservices/demo/QCLI_DAM_demo/build/qcli_dam_lwm2m_demo_llvm/cortex-a7/ACFNAADZ/lwm2m/ext_object_test_app_module_v2.o	#SHT_PROGBITS,SHF_ALLOC|SHF_EXECINSTR,4
	0x4101363c		$a.189
	0x4101363c		check_readable
.text.read_ext_obj_v2	0x41013698	0xacc	../../dataservices/demo/QCLI_DAM_demo/build/qcli_dam_lwm2m_demo_llvm/cortex-a7/ACFNAADZ/lwm2m/ext_object_test_app_module_v2.o	#SHT_PROGBITS,SHF_ALLOC|SHF_EXECINSTR,4
	0x41013698		$a.190
	0x41013698		read_ext_obj_v2
	0x41014130		$d.191
.text.write_data_ext_v2	0x41014164	0x2f8	../../dataservices/demo/QCLI_DAM_demo/build/qcli_dam_lwm2m_demo_llvm/cortex-a7/ACFNAADZ/lwm2m/ext_object_test_app_module_v2.o	#SHT_PROGBITS,SHF_ALLOC|SHF_EXECINSTR,4
	0x41014164		$a.192
	0x41014164		write_data_ext_v2
	0x41014288		$d.193
	0x410142a0		$a.194
.text.lwm2m_data_decode_float	0x4101445c	0x34c	../../dataservices/demo/QCLI_DAM_demo/build/qcli_dam_lwm2m_demo_llvm/cortex-a7/ACFNAADZ/lwm2m/ext_object_test_app_module_v2.o	#SHT_PROGBITS,SHF_ALLOC|SHF_EXECINSTR,4
	0x4101445c		$a.195
	0x4101445c		lwm2m_data_decode_float
	0x410144d8		$d.196
	0x410144e8		$a.197
	0x4101478c		$d.198
.text.write_ext_obj_v2	0x410147a8	0x8d4	../../dataservices/demo/QCLI_DAM_demo/build/qcli_dam_lwm2m_demo_llvm/cortex-a7/ACFNAADZ/lwm2m/ext_object_test_app_module_v2.o	#SHT_PROGBITS,SHF_ALLOC|SHF_EXECINSTR,4
	0x410147a8		$a.199
	0x410147a8		write_ext_obj_v2
	0x41014e54		$d.200
	0x41014e78		$a.201
	0x4101503c		$d.202
.text.check_writable	0x4101507c	0x5c	../../dataservices/demo/QCLI_DAM_demo/build/qcli_dam_lwm2m_demo_llvm/cortex-a7/ACFNAADZ/lwm2m/ext_object_test_app_module_v2.o	#SHT_PROGBITS,SHF_ALLOC|SHF_EXECINSTR,4
	0x4101507c		$a.203
	0x4101507c		check_writable
.text.exec_data_ext_v2	0x410150d8	0xe4	../../dataservices/demo/QCLI_DAM_demo/build/qcli_dam_lwm2m_demo_llvm/cortex-a7/ACFNAADZ/lwm2m/ext_object_test_app_module_v2.o	#SHT_PROGBITS,SHF_ALLOC|SHF_EXECINSTR,4
	0x410150d8		$a.204
	0x410150d8		exec_data_ext_v2
.text.exec_ext_obj_v2	0x410151bc	0x7f0	../../dataservices/demo/QCLI_DAM_demo/build/qcli_dam_lwm2m_demo_llvm/cortex-a7/ACFNAADZ/lwm2m/ext_object_test_app_module_v2.o	#SHT_PROGBITS,SHF_ALLOC|SHF_EXECINSTR,4
	0x410151bc		$a.205
	0x410151bc		exec_ext_obj_v2
	0x4101597c		$d.206
.text.check_executable	0x410159ac	0x48	../../dataservices/demo/QCLI_DAM_demo/build/qcli_dam_lwm2m_demo_llvm/cortex-a7/ACFNAADZ/lwm2m/ext_object_test_app_module_v2.o	#SHT_PROGBITS,SHF_ALLOC|SHF_EXECINSTR,4
	0x410159ac		$a.207
	0x410159ac		check_executable
.text.discover_data_ext_v2	0x410159f4	0x218	../../dataservices/demo/QCLI_DAM_demo/build/qcli_dam_lwm2m_demo_llvm/cortex-a7/ACFNAADZ/lwm2m/ext_object_test_app_module_v2.o	#SHT_PROGBITS,SHF_ALLOC|SHF_EXECINSTR,4
	0x410159f4		$a.208
	0x410159f4		discover_data_ext_v2
	0x41015c00		$d.209
.text.disc_ext_obj_v2	0x41015c0c	0x8b4	../../dataservices/demo/QCLI_DAM_demo/build/qcli_dam_lwm2m_demo_llvm/cortex-a7/ACFNAADZ/lwm2m/ext_object_test_app_module_v2.o	#SHT_PROGBITS,SHF_ALLOC|SHF_EXECINSTR,4
	0x41015c0c		$a.210
	0x41015c0c		disc_ext_obj_v2
	0x41016498		$d.211
.text.ext_obj_discover_serialize_v2	0x410164c0	0x410	../../dataservices/demo/QCLI_DAM_demo/build/qcli_dam_lwm2m_demo_llvm/cortex-a7/ACFNAADZ/lwm2m/ext_object_test_app_module_v2.o	#SHT_PROGBITS,SHF_ALLOC|SHF_EXECINSTR,4
	0x410164c0		$a.212
	0x410164c0		ext_obj_discover_serialize_v2
	0x410168c8		$d.213
.text.start_ext_obs_notify_timer_v2	0x410168d0	0x120	../../dataservices/demo/QCLI_DAM_demo/build/qcli_dam_lwm2m_demo_llvm/cortex-a7/ACFNAADZ/lwm2m/ext_object_test_app_module_v2.o	#SHT_PROGBITS,SHF_ALLOC|SHF_EXECINSTR,4
	0x410168d0		$a.214
	0x410168d0		start_ext_obs_notify_timer_v2
	0x410169d0		$d.215
.text.notify_signal_cb_1	0x410169f0	0x1a8	../../dataservices/demo/QCLI_DAM_demo/build/qcli_dam_lwm2m_demo_llvm/cortex-a7/ACFNAADZ/lwm2m/ext_object_test_app_module_v2.o	#SHT_PROGBITS,SHF_ALLOC|SHF_EXECINSTR,4
	0x410169f0		$a.216
	0x410169f0		notify_signal_cb_1
	0x41016b78		$d.217
.text.notify_signal_cb_2	0x41016b98	0x1b0	../../dataservices/demo/QCLI_DAM_demo/build/qcli_dam_lwm2m_demo_llvm/cortex-a7/ACFNAADZ/lwm2m/ext_object_test_app_module_v2.o	#SHT_PROGBITS,SHF_ALLOC|SHF_EXECINSTR,4
	0x41016b98		$a.218
	0x41016b98		notify_signal_cb_2
	0x41016d28		$d.219
.text.observe_ext_handle_req_v2	0x41016d48	0x38c	../../dataservices/demo/QCLI_DAM_demo/build/qcli_dam_lwm2m_demo_llvm/cortex-a7/ACFNAADZ/lwm2m/ext_object_test_app_module_v2.o	#SHT_PROGBITS,SHF_ALLOC|SHF_EXECINSTR,4
	0x41016d48		$a.220
	0x41016d48		observe_ext_handle_req_v2
	0x410170ac		$d.221
.text.lwm2m_get_observe_info	0x410170d4	0x214	../../dataservices/demo/QCLI_DAM_demo/build/qcli_dam_lwm2m_demo_llvm/cortex-a7/ACFNAADZ/lwm2m/ext_object_test_app_module_v2.o	#SHT_PROGBITS,SHF_ALLOC|SHF_EXECINSTR,4
	0x410170d4		$a.222
	0x410170d4		lwm2m_get_observe_info
	0x410172d4		$d.223
.text.lwm2m_unlink_observed	0x410172e8	0x17c	../../dataservices/demo/QCLI_DAM_demo/build/qcli_dam_lwm2m_demo_llvm/cortex-a7/ACFNAADZ/lwm2m/ext_object_test_app_module_v2.o	#SHT_PROGBITS,SHF_ALLOC|SHF_EXECINSTR,4
	0x410172e8		$a.224
	0x410172e8		lwm2m_unlink_observed
	0x4101744c		$d.225
.text.observe_cancel_ext_obj_v2	0x41017464	0x520	../../dataservices/demo/QCLI_DAM_demo/build/qcli_dam_lwm2m_demo_llvm/cortex-a7/ACFNAADZ/lwm2m/ext_object_test_app_module_v2.o	#SHT_PROGBITS,SHF_ALLOC|SHF_EXECINSTR,4
	0x41017464		$a.226
	0x41017464		observe_cancel_ext_obj_v2
	0x41017954		$d.227
.text.observe_ext_obj_v2	0x41017984	0xa18	../../dataservices/demo/QCLI_DAM_demo/build/qcli_dam_lwm2m_demo_llvm/cortex-a7/ACFNAADZ/lwm2m/ext_object_test_app_module_v2.o	#SHT_PROGBITS,SHF_ALLOC|SHF_EXECINSTR,4
	0x41017984		$a.228
	0x41017984		observe_ext_obj_v2
	0x41018378		$d.229
.text.ext_object_write_attr_v2	0x4101839c	0xb4	../../dataservices/demo/QCLI_DAM_demo/build/qcli_dam_lwm2m_demo_llvm/cortex-a7/ACFNAADZ/lwm2m/ext_object_test_app_module_v2.o	#SHT_PROGBITS,SHF_ALLOC|SHF_EXECINSTR,4
	0x4101839c		$a.230
	0x4101839c		ext_object_write_attr_v2
	0x4101844c		$d.231
.text.ext_object_set_observe_param_v2	0x41018450	0x6c0	../../dataservices/demo/QCLI_DAM_demo/build/qcli_dam_lwm2m_demo_llvm/cortex-a7/ACFNAADZ/lwm2m/ext_object_test_app_module_v2.o	#SHT_PROGBITS,SHF_ALLOC|SHF_EXECINSTR,4
	0x41018450		$a.232
	0x41018450		ext_object_set_observe_param_v2
	0x41018afc		$d.233
.text.lwm2m_unlink_pending_notifications	0x41018b10	0x94	../../dataservices/demo/QCLI_DAM_demo/build/qcli_dam_lwm2m_demo_llvm/cortex-a7/ACFNAADZ/lwm2m/ext_object_test_app_module_v2.o	#SHT_PROGBITS,SHF_ALLOC|SHF_EXECINSTR,4
	0x41018b10		$a.234
	0x41018b10		lwm2m_unlink_pending_notifications
	0x41018b98		$d.235
.text.ext_object_notify_v2	0x41018ba4	0x1358	../../dataservices/demo/QCLI_DAM_demo/build/qcli_dam_lwm2m_demo_llvm/cortex-a7/ACFNAADZ/lwm2m/ext_object_test_app_module_v2.o	#SHT_PROGBITS,SHF_ALLOC|SHF_EXECINSTR,4
	0x41018ba4		$a.236
	0x41018ba4		ext_object_notify_v2
	0x41019b20		$d.237
	0x41019b24		$a.238
	0x41019dac		$d.239
	0x41019db0		$a.240
	0x41019e6c		$d.241
	0x41019e70		$a.242
	0x41019e90		$d.243
.text.ext_findInheritedWatcher	0x41019efc	0x258	../../dataservices/demo/QCLI_DAM_demo/build/qcli_dam_lwm2m_demo_llvm/cortex-a7/ACFNAADZ/lwm2m/ext_object_test_app_module_v2.o	#SHT_PROGBITS,SHF_ALLOC|SHF_EXECINSTR,4
	0x41019efc		$a.244
	0x41019efc		ext_findInheritedWatcher
	0x4101a140		$d.245
.text.ext_observer_add_notify_to_pending_list	0x4101a154	0x2ec	../../dataservices/demo/QCLI_DAM_demo/build/qcli_dam_lwm2m_demo_llvm/cortex-a7/ACFNAADZ/lwm2m/ext_object_test_app_module_v2.o	#SHT_PROGBITS,SHF_ALLOC|SHF_EXECINSTR,4
	0x4101a154		$a.246
	0x4101a154		ext_observer_add_notify_to_pending_list
	0x4101a424		$d.247
.text.config_bootstrap_info_utility	0x4101a440	0x7d0	../../dataservices/demo/QCLI_DAM_demo/build/qcli_dam_lwm2m_demo_llvm/cortex-a7/ACFNAADZ/lwm2m/ext_object_test_app_module_v2.o	#SHT_PROGBITS,SHF_ALLOC|SHF_EXECINSTR,4
	0x4101a440		$a.248
	0x4101a440		config_bootstrap_info_utility
	0x4101a590		$d.249
	0x4101a5a0		$a.250
	0x4101a654		$d.251
	0x4101a674		$a.252
	0x4101a988		$d.253
[...]
.debug_loc	0x7c5d9	0xdc4	../../dataservices/demo/QCLI_DAM_demo/build/qcli_dam_lwm2m_demo_llvm/cortex-a7/ACFNAADZ/qcli/qcli_module.o	#SHT_PROGBITS,,1
.debug_loc	0x7d39d	0xdf	../../dataservices/demo/QCLI_DAM_demo/build/qcli_dam_lwm2m_demo_llvm/cortex-a7/ACFNAADZ/net/netutils_module.o	#SHT_PROGBITS,,1
.debug_loc	0x7d47c	0x1d5	../../dataservices/demo/QCLI_DAM_demo/build/qcli_dam_lwm2m_demo_llvm/cortex-a7/ACFNAADZ/net/multi_app_lwm2m_cmdq_1_module.o	#SHT_PROGBITS,,1
.debug_loc	0x7d651	0x1d5	../../dataservices/demo/QCLI_DAM_demo/build/qcli_dam_lwm2m_demo_llvm/cortex-a7/ACFNAADZ/net/multi_app_lwm2m_cmdq_2_module.o	#SHT_PROGBITS,,1
.debug_loc	0x7d826	0x401	../../dataservices/demo/QCLI_DAM_demo/build/qcli_dam_lwm2m_demo_llvm/cortex-a7/ACFNAADZ/net/multi_app_lwm2m_test_module.o	#SHT_PROGBITS,,1
.debug_loc	0x7dc27	0x9105	../../dataservices/demo/QCLI_DAM_demo/build/qcli_dam_lwm2m_demo_llvm/cortex-a7/ACFNAADZ/lwm2m/ext_object_test_app_module_v2.o	#SHT_PROGBITS,,1
.debug_loc	0x86d2c	0x42b	../../dataservices/demo/QCLI_DAM_demo/build/qcli_dam_lwm2m_demo_llvm/cortex-a7/ACFNAADZ/lwm2m/device_stub_app_v2.o	#SHT_PROGBITS,,1
.debug_loc	0x87157	0xe1c	../../dataservices/demo/QCLI_DAM_demo/build/qcli_dam_lwm2m_demo_llvm/cortex-a7/ACFNAADZ/lwm2m/devicecap_app_v2.o	#SHT_PROGBITS,,1
.debug_loc	0x87f73	0xfb3	../../dataservices/demo/QCLI_DAM_demo/build/qcli_dam_lwm2m_demo_llvm/cortex-a7/ACFNAADZ/lwm2m/software_mgnt_app_v2.o	#SHT_PROGBITS,,1
.debug_loc	0x88f26	0x183b	../../dataservices/demo/QCLI_DAM_demo/build/qcli_dam_lwm2m_demo_llvm/cortex-a7/ACFNAADZ/lwm2m/lwm2m_main_module_v2.o	#SHT_PROGBITS,,1
.debug_loc	0x8a761	0x34e	../../dataservices/demo/QCLI_DAM_demo/build/qcli_dam_lwm2m_demo_llvm/cortex-a7/ACFNAADZ/lwm2m/utils_app_v2.o	#SHT_PROGBITS,,1
.debug_loc	0x8aaaf	0x8aa	../../dataservices/demo/QCLI_DAM_demo/build/qcli_dam_lwm2m_demo_llvm/cortex-a7/ACFNAADZ/lwm2m/apn_info_app_v2.o	#SHT_PROGBITS,,1
.debug_loc	0x8b359	0x75e	../../dataservices/demo/QCLI_DAM_demo/build/qcli_dam_lwm2m_demo_llvm/cortex-a7/ACFNAADZ/lwm2m/cell_con_app_v2.o	#SHT_PROGBITS,,1
.debug_loc	0x8bab7	0x3c	../../core/kernel/rtos/threadx/txm_module_lib/build/LLVM/txm_lib.lib(txm_module_thread_shell_entry.o)	#SHT_PROGBITS,,1
.debug_loc	0x8baf3	0xa6	../../core/kernel/rtos/threadx/txm_module_lib/build/LLVM/txm_lib.lib(txm_module_callback_request_thread_entry.o)	#SHT_PROGBITS,,1
.debug_loc	0x8bb99	0x103	../../core/kernel/rtos/threadx/txm_module_lib/build/LLVM/txm_lib.lib(txm_module_system_call11.o)	#SHT_PROGBITS,,1
.debug_loc	0x8bc9c	0x118	../../core/kernel/rtos/threadx/txm_module_lib/build/LLVM/txm_lib.lib(txm_module_system_call12.o)	#SHT_PROGBITS,,1
.debug_loc	0x8bdb4	0x87	../../core/kernel/rtos/threadx/txm_module_lib/build/LLVM/txm_lib.lib(txm_module_system_call5.o)	#SHT_PROGBITS,,1
.debug_loc	0x8be3b	0x94	../../core/kernel/rtos/threadx/txm_module_lib/build/LLVM/txm_lib.lib(txm_byte_pool_create.o)	#SHT_PROGBITS,,1
.debug_loc	0x8becf	0x80	../../core/kernel/rtos/threadx/txm_module_lib/build/LLVM/txm_lib.lib(txm_byte_allocate.o)	#SHT_PROGBITS,,1
.debug_loc	0x8bf4f	0x1e	../../core/kernel/rtos/threadx/txm_module_lib/build/LLVM/txm_lib.lib(txm_byte_release.o)	#SHT_PROGBITS,,1
.debug_loc	0x8bf6d	0x5a	../../core/kernel/rtos/threadx/txm_module_lib/build/LLVM/txm_lib.lib(txm_event_flags_create.o)	#SHT_PROGBITS,,1
.debug_loc	0x8bfc7	0x94	../../core/kernel/rtos/threadx/txm_module_lib/build/LLVM/txm_lib.lib(txm_event_flags_get.o)	#SHT_PROGBITS,,1
.debug_loc	0x8c05b	0x5a	../../core/kernel/rtos/threadx/txm_module_lib/build/LLVM/txm_lib.lib(txm_event_flags_set.o)	#SHT_PROGBITS,,1
.debug_loc	0x8c0b5	0x3c	../../core/kernel/rtos/threadx/txm_module_lib/build/LLVM/txm_lib.lib(txm_module_object_allocate.o)	#SHT_PROGBITS,,1
.debug_loc	0x8c0f1	0x1e	../../core/kernel/rtos/threadx/txm_module_lib/build/LLVM/txm_lib.lib(txm_module_thread_system_suspend.o)	#SHT_PROGBITS,,1
.debug_loc	0x8c10f	0x80	../../core/kernel/rtos/threadx/txm_module_lib/build/LLVM/txm_lib.lib(txm_mutex_create.o)	#SHT_PROGBITS,,1
.debug_loc	0x8c18f	0x3c	../../core/kernel/rtos/threadx/txm_module_lib/build/LLVM/txm_lib.lib(txm_mutex_get.o)	#SHT_PROGBITS,,1
.debug_loc	0x8c1cb	0x1e	../../core/kernel/rtos/threadx/txm_module_lib/build/LLVM/txm_lib.lib(txm_mutex_put.o)	#SHT_PROGBITS,,1
.debug_loc	0x8c1e9	0xa8	../../core/kernel/rtos/threadx/txm_module_lib/build/LLVM/txm_lib.lib(txm_queue_create.o)	#SHT_PROGBITS,,1
.debug_loc	0x8c291	0x5a	../../core/kernel/rtos/threadx/txm_module_lib/build/LLVM/txm_lib.lib(txm_queue_receive.o)	#SHT_PROGBITS,,1
.debug_loc	0x8c2eb	0x5a	../../core/kernel/rtos/threadx/txm_module_lib/build/LLVM/txm_lib.lib(txm_queue_send.o)	#SHT_PROGBITS,,1
.debug_loc	0x8c345	0x10f	../../core/kernel/rtos/threadx/txm_module_lib/build/LLVM/txm_lib.lib(txm_thread_create.o)	#SHT_PROGBITS,,1
.debug_loc	0x8c454	0x1e	../../core/kernel/rtos/threadx/txm_module_lib/build/LLVM/txm_lib.lib(txm_thread_resume.o)	#SHT_PROGBITS,,1
.debug_loc	0x8c472	0x1e	../../core/kernel/rtos/threadx/txm_module_lib/build/LLVM/txm_lib.lib(txm_thread_sleep.o)	#SHT_PROGBITS,,1
.debug_loc	0x8c490	0x314	../../core/services/time_qapi/build/LLVM/timer_dam_lib.lib(qapi_timer_user.o)	#SHT_PROGBITS,,1
.debug_loc	0x8c7a4	0x100	../../core/buses/uart/build/LLVM/qapi_dam.lib(qapi_uart_user.o)	#SHT_PROGBITS,,1

.debug_macinfo	0x8c8a4	0x26 # Offset: 0x8c8a4
*(.debug_macinfo )
.debug_macinfo	0x8c8a4	0x1	../../dataservices/demo/QCLI_DAM_demo/build/qcli_dam_lwm2m_demo_llvm/cortex-a7/ACFNAADZ/qcli/pal_lwm2m_module.o	#SHT_PROGBITS,,1
.debug_macinfo	0x8c8a5	0x1	../../dataservices/demo/QCLI_DAM_demo/build/qcli_dam_lwm2m_demo_llvm/cortex-a7/ACFNAADZ/qcli/qcli_module.o	#SHT_PROGBITS,,1
.debug_macinfo	0x8c8a6	0x1	../../dataservices/demo/QCLI_DAM_demo/build/qcli_dam_lwm2m_demo_llvm/cortex-a7/ACFNAADZ/net/netutils_module.o	#SHT_PROGBITS,,1
.debug_macinfo	0x8c8a7	0x1	../../dataservices/demo/QCLI_DAM_demo/build/qcli_dam_lwm2m_demo_llvm/cortex-a7/ACFNAADZ/net/multi_app_lwm2m_cmdq_1_module.o	#SHT_PROGBITS,,1
.debug_macinfo	0x8c8a8	0x1	../../dataservices/demo/QCLI_DAM_demo/build/qcli_dam_lwm2m_demo_llvm/cortex-a7/ACFNAADZ/net/multi_app_lwm2m_cmdq_2_module.o	#SHT_PROGBITS,,1
.debug_macinfo	0x8c8a9	0x1	../../dataservices/demo/QCLI_DAM_demo/build/qcli_dam_lwm2m_demo_llvm/cortex-a7/ACFNAADZ/net/multi_app_lwm2m_test_module.o	#SHT_PROGBITS,,1
.debug_macinfo	0x8c8aa	0x1	../../dataservices/demo/QCLI_DAM_demo/build/qcli_dam_lwm2m_demo_llvm/cortex-a7/ACFNAADZ/lwm2m/ext_object_test_app_module_v2.o	#SHT_PROGBITS,,1
.debug_macinfo	0x8c8ab	0x1	../../dataservices/demo/QCLI_DAM_demo/build/qcli_dam_lwm2m_demo_llvm/cortex-a7/ACFNAADZ/lwm2m/device_stub_app_v2.o	#SHT_PROGBITS,,1
.debug_macinfo	0x8c8ac	0x1	../../dataservices/demo/QCLI_DAM_demo/build/qcli_dam_lwm2m_demo_llvm/cortex-a7/ACFNAADZ/lwm2m/devicecap_app_v2.o	#SHT_PROGBITS,,1
.debug_macinfo	0x8c8ad	0x1	../../dataservices/demo/QCLI_DAM_demo/build/qcli_dam_lwm2m_demo_llvm/cortex-a7/ACFNAADZ/lwm2m/software_mgnt_app_v2.o	#SHT_PROGBITS,,1
.debug_macinfo	0x8c8ae	0x1	../../dataservices/demo/QCLI_DAM_demo/build/qcli_dam_lwm2m_demo_llvm/cortex-a7/ACFNAADZ/lwm2m/lwm2m_main_module_v2.o	#SHT_PROGBITS,,1
.debug_macinfo	0x8c8af	0x1	../../dataservices/demo/QCLI_DAM_demo/build/qcli_dam_lwm2m_demo_llvm/cortex-a7/ACFNAADZ/lwm2m/utils_app_v2.o	#SHT_PROGBITS,,1
.debug_macinfo	0x8c8b0	0x1	../../dataservices/demo/QCLI_DAM_demo/build/qcli_dam_lwm2m_demo_llvm/cortex-a7/ACFNAADZ/lwm2m/apn_info_app_v2.o	#SHT_PROGBITS,,1
.debug_macinfo	0x8c8b1	0x1	../../dataservices/demo/QCLI_DAM_demo/build/qcli_dam_lwm2m_demo_llvm/cortex-a7/ACFNAADZ/lwm2m/cell_con_app_v2.o	#SHT_PROGBITS,,1
.debug_macinfo	0x8c8b2	0x1	../../core/kernel/rtos/threadx/txm_module_lib/build/LLVM/txm_lib.lib(txm_module_thread_shell_entry.o)	#SHT_PROGBITS,,1
.debug_macinfo	0x8c8b3	0x1	../../core/kernel/rtos/threadx/txm_module_lib/build/LLVM/txm_lib.lib(txm_module_callback_request_thread_entry.o)	#SHT_PROGBITS,,1
.debug_macinfo	0x8c8b4	0x1	../../core/kernel/rtos/threadx/txm_module_lib/build/LLVM/txm_lib.lib(txm_module_system_call11.o)	#SHT_PROGBITS,,1
.debug_macinfo	0x8c8b5	0x1	../../core/kernel/rtos/threadx/txm_module_lib/build/LLVM/txm_lib.lib(txm_module_system_call12.o)	#SHT_PROGBITS,,1
.debug_macinfo	0x8c8b6	0x1	../../core/kernel/rtos/threadx/txm_module_lib/build/LLVM/txm_lib.lib(txm_module_system_call5.o)	#SHT_PROGBITS,,1
.debug_macinfo	0x8c8b7	0x1	../../core/kernel/rtos/threadx/txm_module_lib/build/LLVM/txm_lib.lib(txm_byte_pool_create.o)	#SHT_PROGBITS,,1
.debug_macinfo	0x8c8b8	0x1	../../core/kernel/rtos/threadx/txm_module_lib/build/LLVM/txm_lib.lib(txm_byte_allocate.o)	#SHT_PROGBITS,,1
.debug_macinfo	0x8c8b9	0x1	../../core/kernel/rtos/threadx/txm_module_lib/build/LLVM/txm_lib.lib(txm_byte_release.o)	#SHT_PROGBITS,,1
.debug_macinfo	0x8c8ba	0x1	../../core/kernel/rtos/threadx/txm_module_lib/build/LLVM/txm_lib.lib(txm_event_flags_create.o)	#SHT_PROGBITS,,1
.debug_macinfo	0x8c8bb	0x1	../../core/kernel/rtos/threadx/txm_module_lib/build/LLVM/txm_lib.lib(txm_event_flags_get.o)	#SHT_PROGBITS,,1
.debug_macinfo	0x8c8bc	0x1	../../core/kernel/rtos/threadx/txm_module_lib/build/LLVM/txm_lib.lib(txm_event_flags_set.o)	#SHT_PROGBITS,,1
.debug_macinfo	0x8c8bd	0x1	../../core/kernel/rtos/threadx/txm_module_lib/build/LLVM/txm_lib.lib(txm_module_object_allocate.o)	#SHT_PROGBITS,,1
.debug_macinfo	0x8c8be	0x1	../../core/kernel/rtos/threadx/txm_module_lib/build/LLVM/txm_lib.lib(txm_module_thread_system_suspend.o)	#SHT_PROGBITS,,1
.debug_macinfo	0x8c8bf	0x1	../../core/kernel/rtos/threadx/txm_module_lib/build/LLVM/txm_lib.lib(txm_mutex_create.o)	#SHT_PROGBITS,,1
.debug_macinfo	0x8c8c0	0x1	../../core/kernel/rtos/threadx/txm_module_lib/build/LLVM/txm_lib.lib(txm_mutex_get.o)	#SHT_PROGBITS,,1
.debug_macinfo	0x8c8c1	0x1	../../core/kernel/rtos/threadx/txm_module_lib/build/LLVM/txm_lib.lib(txm_mutex_put.o)	#SHT_PROGBITS,,1
.debug_macinfo	0x8c8c2	0x1	../../core/kernel/rtos/threadx/txm_module_lib/build/LLVM/txm_lib.lib(txm_queue_create.o)	#SHT_PROGBITS,,1
.debug_macinfo	0x8c8c3	0x1	../../core/kernel/rtos/threadx/txm_module_lib/build/LLVM/txm_lib.lib(txm_queue_receive.o)	#SHT_PROGBITS,,1
.debug_macinfo	0x8c8c4	0x1	../../core/kernel/rtos/threadx/txm_module_lib/build/LLVM/txm_lib.lib(txm_queue_send.o)	#SHT_PROGBITS,,1
.debug_macinfo	0x8c8c5	0x1	../../core/kernel/rtos/threadx/txm_module_lib/build/LLVM/txm_lib.lib(txm_thread_create.o)	#SHT_PROGBITS,,1
.debug_macinfo	0x8c8c6	0x1	../../core/kernel/rtos/threadx/txm_module_lib/build/LLVM/txm_lib.lib(txm_thread_resume.o)	#SHT_PROGBITS,,1
.debug_macinfo	0x8c8c7	0x1	../../core/kernel/rtos/threadx/txm_module_lib/build/LLVM/txm_lib.lib(txm_thread_sleep.o)	#SHT_PROGBITS,,1
.debug_macinfo	0x8c8c8	0x1	../../core/services/time_qapi/build/LLVM/timer_dam_lib.lib(qapi_timer_user.o)	#SHT_PROGBITS,,1
.debug_macinfo	0x8c8c9	0x1	../../core/buses/uart/build/LLVM/qapi_dam.lib(qapi_uart_user.o)	#SHT_PROGBITS,,1

.debug_weaknames	0x8c8ca	0x0 # Offset: 0x8c8ca

.debug_funcnames	0x8c8ca	0x0 # Offset: 0x8c8ca

.debug_typenames	0x8c8ca	0x0 # Offset: 0x8c8ca

.debug_varnames	0x8c8ca	0x0 # Offset: 0x8c8ca

.debug_pubtypes	0x8c8ca	0x6246 # Offset: 0x8c8ca
*(.debug_pubtypes )
.debug_pubtypes	0x8c8ca	0x2c3	../../dataservices/demo/QCLI_DAM_demo/build/qcli_dam_lwm2m_demo_llvm/cortex-a7/ACFNAADZ/qcli/pal_lwm2m_module.o	#SHT_PROGBITS,,1
.debug_pubtypes	0x8cb8d	0x32c	../../dataservices/demo/QCLI_DAM_demo/build/qcli_dam_lwm2m_demo_llvm/cortex-a7/ACFNAADZ/qcli/qcli_module.o	#SHT_PROGBITS,,1
.debug_pubtypes	0x8ceb9	0xd2	../../dataservices/demo/QCLI_DAM_demo/build/qcli_dam_lwm2m_demo_llvm/cortex-a7/ACFNAADZ/net/netutils_module.o	#SHT_PROGBITS,,1
.debug_pubtypes	0x8cf8b	0x6ec	../../dataservices/demo/QCLI_DAM_demo/build/qcli_dam_lwm2m_demo_llvm/cortex-a7/ACFNAADZ/net/multi_app_lwm2m_cmdq_1_module.o	#SHT_PROGBITS,,1
.debug_pubtypes	0x8d677	0x6ec	../../dataservices/demo/QCLI_DAM_demo/build/qcli_dam_lwm2m_demo_llvm/cortex-a7/ACFNAADZ/net/multi_app_lwm2m_cmdq_2_module.o	#SHT_PROGBITS,,1
.debug_pubtypes	0x8dd63	0x205	../../dataservices/demo/QCLI_DAM_demo/build/qcli_dam_lwm2m_demo_llvm/cortex-a7/ACFNAADZ/net/multi_app_lwm2m_test_module.o	#SHT_PROGBITS,,1
.debug_pubtypes	0x8df68	0xcb6	../../dataservices/demo/QCLI_DAM_demo/build/qcli_dam_lwm2m_demo_llvm/cortex-a7/ACFNAADZ/lwm2m/ext_object_test_app_module_v2.o	#SHT_PROGBITS,,1
.debug_pubtypes	0x8ec1e	0x539	../../dataservices/demo/QCLI_DAM_demo/build/qcli_dam_lwm2m_demo_llvm/cortex-a7/ACFNAADZ/lwm2m/device_stub_app_v2.o	#SHT_PROGBITS,,1
.debug_pubtypes	0x8f157	0x5ec	../../dataservices/demo/QCLI_DAM_demo/build/qcli_dam_lwm2m_demo_llvm/cortex-a7/ACFNAADZ/lwm2m/devicecap_app_v2.o	#SHT_PROGBITS,,1
.debug_pubtypes	0x8f743	0x66d	../../dataservices/demo/QCLI_DAM_demo/build/qcli_dam_lwm2m_demo_llvm/cortex-a7/ACFNAADZ/lwm2m/software_mgnt_app_v2.o	#SHT_PROGBITS,,1
.debug_pubtypes	0x8fdb0	0x246	../../dataservices/demo/QCLI_DAM_demo/build/qcli_dam_lwm2m_demo_llvm/cortex-a7/ACFNAADZ/lwm2m/lwm2m_main_module_v2.o	#SHT_PROGBITS,,1
.debug_pubtypes	0x8fff6	0x2e7	../../dataservices/demo/QCLI_DAM_demo/build/qcli_dam_lwm2m_demo_llvm/cortex-a7/ACFNAADZ/lwm2m/utils_app_v2.o	#SHT_PROGBITS,,1
.debug_pubtypes	0x902dd	0x7c1	../../dataservices/demo/QCLI_DAM_demo/build/qcli_dam_lwm2m_demo_llvm/cortex-a7/ACFNAADZ/lwm2m/apn_info_app_v2.o	#SHT_PROGBITS,,1
.debug_pubtypes	0x90a9e	0x7c5	../../dataservices/demo/QCLI_DAM_demo/build/qcli_dam_lwm2m_demo_llvm/cortex-a7/ACFNAADZ/lwm2m/cell_con_app_v2.o	#SHT_PROGBITS,,1
.debug_pubtypes	0x91263	0x1ea	../../core/kernel/rtos/threadx/txm_module_lib/build/LLVM/txm_lib.lib(txm_module_thread_shell_entry.o)	#SHT_PROGBITS,,1
.debug_pubtypes	0x9144d	0x25e	../../core/kernel/rtos/threadx/txm_module_lib/build/LLVM/txm_lib.lib(txm_module_callback_request_thread_entry.o)	#SHT_PROGBITS,,1
.debug_pubtypes	0x916ab	0x32	../../core/kernel/rtos/threadx/txm_module_lib/build/LLVM/txm_lib.lib(txm_module_system_call11.o)	#SHT_PROGBITS,,1
.debug_pubtypes	0x916dd	0x32	../../core/kernel/rtos/threadx/txm_module_lib/build/LLVM/txm_lib.lib(txm_module_system_call12.o)	#SHT_PROGBITS,,1
.debug_pubtypes	0x9170f	0x32	../../core/kernel/rtos/threadx/txm_module_lib/build/LLVM/txm_lib.lib(txm_module_system_call5.o)	#SHT_PROGBITS,,1
.debug_pubtypes	0x91741	0x128	../../core/kernel/rtos/threadx/txm_module_lib/build/LLVM/txm_lib.lib(txm_byte_pool_create.o)	#SHT_PROGBITS,,1
.debug_pubtypes	0x91869	0x128	../../core/kernel/rtos/threadx/txm_module_lib/build/LLVM/txm_lib.lib(txm_byte_allocate.o)	#SHT_PROGBITS,,1
.debug_pubtypes	0x91991	0x4c	../../core/kernel/rtos/threadx/txm_module_lib/build/LLVM/txm_lib.lib(txm_byte_release.o)	#SHT_PROGBITS,,1
.debug_pubtypes	0x919dd	0x11c	../../core/kernel/rtos/threadx/txm_module_lib/build/LLVM/txm_lib.lib(txm_event_flags_create.o)	#SHT_PROGBITS,,1
.debug_pubtypes	0x91af9	0x11c	../../core/kernel/rtos/threadx/txm_module_lib/build/LLVM/txm_lib.lib(txm_event_flags_get.o)	#SHT_PROGBITS,,1
.debug_pubtypes	0x91c15	0x11c	../../core/kernel/rtos/threadx/txm_module_lib/build/LLVM/txm_lib.lib(txm_event_flags_set.o)	#SHT_PROGBITS,,1
.debug_pubtypes	0x91d31	0x4c	../../core/kernel/rtos/threadx/txm_module_lib/build/LLVM/txm_lib.lib(txm_module_object_allocate.o)	#SHT_PROGBITS,,1
.debug_pubtypes	0x91d7d	0xe3	../../core/kernel/rtos/threadx/txm_module_lib/build/LLVM/txm_lib.lib(txm_module_thread_system_suspend.o)	#SHT_PROGBITS,,1
.debug_pubtypes	0x91e60	0xf0	../../core/kernel/rtos/threadx/txm_module_lib/build/LLVM/txm_lib.lib(txm_mutex_create.o)	#SHT_PROGBITS,,1
.debug_pubtypes	0x91f50	0xf0	../../core/kernel/rtos/threadx/txm_module_lib/build/LLVM/txm_lib.lib(txm_mutex_get.o)	#SHT_PROGBITS,,1
.debug_pubtypes	0x92040	0xf0	../../core/kernel/rtos/threadx/txm_module_lib/build/LLVM/txm_lib.lib(txm_mutex_put.o)	#SHT_PROGBITS,,1
.debug_pubtypes	0x92130	0x104	../../core/kernel/rtos/threadx/txm_module_lib/build/LLVM/txm_lib.lib(txm_queue_create.o)	#SHT_PROGBITS,,1
.debug_pubtypes	0x92234	0x104	../../core/kernel/rtos/threadx/txm_module_lib/build/LLVM/txm_lib.lib(txm_queue_receive.o)	#SHT_PROGBITS,,1
.debug_pubtypes	0x92338	0x104	../../core/kernel/rtos/threadx/txm_module_lib/build/LLVM/txm_lib.lib(txm_queue_send.o)	#SHT_PROGBITS,,1
.debug_pubtypes	0x9243c	0xe3	../../core/kernel/rtos/threadx/txm_module_lib/build/LLVM/txm_lib.lib(txm_thread_create.o)	#SHT_PROGBITS,,1
.debug_pubtypes	0x9251f	0xe3	../../core/kernel/rtos/threadx/txm_module_lib/build/LLVM/txm_lib.lib(txm_thread_resume.o)	#SHT_PROGBITS,,1
.debug_pubtypes	0x92602	0x4c	../../core/kernel/rtos/threadx/txm_module_lib/build/LLVM/txm_lib.lib(txm_thread_sleep.o)	#SHT_PROGBITS,,1
.debug_pubtypes	0x9264e	0x465	../../core/services/time_qapi/build/LLVM/timer_dam_lib.lib(qapi_timer_user.o)	#SHT_PROGBITS,,1
.debug_pubtypes	0x92ab3	0x5d	../../core/buses/uart/build/LLVM/qapi_dam.lib(qapi_uart_user.o)	#SHT_PROGBITS,,1

.debug_ranges	0x92b10	0xdc8 # Offset: 0x92b10
*(.debug_ranges )
.debug_ranges	0x92b10	0x40	../../dataservices/demo/QCLI_DAM_demo/build/qcli_dam_lwm2m_demo_llvm/cortex-a7/ACFNAADZ/qcli/pal_lwm2m_module.o	#SHT_PROGBITS,,1
.debug_ranges	0x92b50	0x150	../../dataservices/demo/QCLI_DAM_demo/build/qcli_dam_lwm2m_demo_llvm/cortex-a7/ACFNAADZ/qcli/qcli_module.o	#SHT_PROGBITS,,1
.debug_ranges	0x92ca0	0x40	../../dataservices/demo/QCLI_DAM_demo/build/qcli_dam_lwm2m_demo_llvm/cortex-a7/ACFNAADZ/net/netutils_module.o	#SHT_PROGBITS,,1
.debug_ranges	0x92ce0	0x58	../../dataservices/demo/QCLI_DAM_demo/build/qcli_dam_lwm2m_demo_llvm/cortex-a7/ACFNAADZ/net/multi_app_lwm2m_cmdq_1_module.o	#SHT_PROGBITS,,1
.debug_ranges	0x92d38	0x58	../../dataservices/demo/QCLI_DAM_demo/build/qcli_dam_lwm2m_demo_llvm/cortex-a7/ACFNAADZ/net/multi_app_lwm2m_cmdq_2_module.o	#SHT_PROGBITS,,1
.debug_ranges	0x92d90	0x28	../../dataservices/demo/QCLI_DAM_demo/build/qcli_dam_lwm2m_demo_llvm/cortex-a7/ACFNAADZ/net/multi_app_lwm2m_test_module.o	#SHT_PROGBITS,,1
.debug_ranges	0x92db8	0x540	../../dataservices/demo/QCLI_DAM_demo/build/qcli_dam_lwm2m_demo_llvm/cortex-a7/ACFNAADZ/lwm2m/ext_object_test_app_module_v2.o	#SHT_PROGBITS,,1
.debug_ranges	0x932f8	0x60	../../dataservices/demo/QCLI_DAM_demo/build/qcli_dam_lwm2m_demo_llvm/cortex-a7/ACFNAADZ/lwm2m/device_stub_app_v2.o	#SHT_PROGBITS,,1
.debug_ranges	0x93358	0xa8	../../dataservices/demo/QCLI_DAM_demo/build/qcli_dam_lwm2m_demo_llvm/cortex-a7/ACFNAADZ/lwm2m/devicecap_app_v2.o	#SHT_PROGBITS,,1
.debug_ranges	0x93400	0x90	../../dataservices/demo/QCLI_DAM_demo/build/qcli_dam_lwm2m_demo_llvm/cortex-a7/ACFNAADZ/lwm2m/software_mgnt_app_v2.o	#SHT_PROGBITS,,1
.debug_ranges	0x93490	0x190	../../dataservices/demo/QCLI_DAM_demo/build/qcli_dam_lwm2m_demo_llvm/cortex-a7/ACFNAADZ/lwm2m/lwm2m_main_module_v2.o	#SHT_PROGBITS,,1
.debug_ranges	0x93620	0x80	../../dataservices/demo/QCLI_DAM_demo/build/qcli_dam_lwm2m_demo_llvm/cortex-a7/ACFNAADZ/lwm2m/utils_app_v2.o	#SHT_PROGBITS,,1
.debug_ranges	0x936a0	0xd0	../../dataservices/demo/QCLI_DAM_demo/build/qcli_dam_lwm2m_demo_llvm/cortex-a7/ACFNAADZ/lwm2m/apn_info_app_v2.o	#SHT_PROGBITS,,1
.debug_ranges	0x93770	0xd0	../../dataservices/demo/QCLI_DAM_demo/build/qcli_dam_lwm2m_demo_llvm/cortex-a7/ACFNAADZ/lwm2m/cell_con_app_v2.o	#SHT_PROGBITS,,1
.debug_ranges	0x93840	0x20	../../core/kernel/rtos/threadx/txm_module_lib/build/LLVM/txm_lib.lib(txm_module_thread_shell_entry.o)	#SHT_PROGBITS,,1
.debug_ranges	0x93860	0x60	../../core/services/time_qapi/build/LLVM/timer_dam_lib.lib(qapi_timer_user.o)	#SHT_PROGBITS,,1
.debug_ranges	0x938c0	0x18	../../core/buses/uart/build/LLVM/qapi_dam.lib(qapi_uart_user.o)	#SHT_PROGBITS,,1

.gnu.attributes	0x0	0x0 # Offset: 0x938d8, LMA: 0x0

.note.gnu.arm.ident	0x0	0x0 # Offset: 0x938d8, LMA: 0x0

.ARM.attributes	0x938d8	0x10 # Offset: 0x938d8

.comment	0x938e8	0x65 # Offset: 0x938e8
.comment	0x938e8	0x1	C:\Apps\LLVM\4.0.3\armv7m-none-eabi\libc\lib/libc.a(malloc.o)	#SHT_PROGBITS,SHF_MERGE|SHF_STRINGS,1
.comment	0x93925	0x28	Linker Version	#SHT_PROGBITS,SHF_MERGE|SHF_STRINGS,1

.note.GNU-stack	0x9394d	0x0 # Offset: 0x9394d

/DISCARD/	0x75	0x0 # Offset: 0x9394d, LMA: 0x0

.shstrtab	0x9394d	0xcc # Offset: 0x9394d

.symtab	0x93a1c	0x274d0 # Offset: 0x93a1c

.strtab	0xbaeec	0x109d6 # Offset: 0xbaeec
