# Linker from Snapdragon LLVM ARM Compiler Version 4.0.3
# Linker based on LLVM version: 4.0
# Notable linker command/script options:
# CPU Architecture Version: 
# Target triple environment for the link: gnueabi
# Maximum GP size: 8
# Link type: Static
# ABI Page Size: 0x4
# CommandLine : C:\Apps\LLVM\4.0.3\bin\ld.qcld.exe -X --eh-frame-hdr -m armelf_linux_eabi -dynamic-linker /lib/ld-musl-arm.so.1 -o Z:\b\apps_proc\ril\bsp\dam_psmtest_img\build\ACFNAADZ\DAM_PSMTEST_LLVM_ACFNAADZA.elf -lc++ -mno-unaligned-access -entry=0x42000000 demo.ld -Map Z:\b\apps_proc\ril\bsp\dam_psmtest_img\build\ACFNAADZ\DAM_PSMTEST_LLVM_ACFNAADZA.Map -gc-sections --start-group ../../ril/psm/dam_psmtest/build/dam_psmtest_llvm/cortex-a7/ACFNAADZ/txm_module_preamble_llvm.o ../../ril/psm/dam_psmtest/build/dam_psmtest_llvm/cortex-a7/ACFNAADZ/psm_test.o ../../api/nas/build/dam_psmtest_llvm/cortex-a7/ACFNAADZ/interfaces_qmi_nas.lib ../../api/voice_nas_service_common/build/dam_psmtest_llvm/cortex-a7/ACFNAADZ/interfaces_qmi_voice_nas_service_common.lib ../../api/common/build/dam_psmtest_llvm/cortex-a7/ACFNAADZ/interfaces_qmi_common.lib ../../core/kernel/rtos/threadx/txm_module_lib/build/LLVM/txm_lib.lib ../../core/mproc/qmi/build/LLVM/qcci_dam_lib.lib ../../core/mproc/qmi/build/LLVM/IDL_DAM_LIB.lib ../../core/services/time_qapi/build/LLVM/timer_dam_lib.lib ../../ril/psm/qapi_lib/build/LLVM/qapi_psm_lib.lib ../../ril/psm/dam_psmtest/build/dam_psmtest_llvm/cortex-a7/ACFNAADZ/dam_psmtest.lib --end-group -LC:\Apps\LLVM\4.0.3\armv7m-none-eabi\libc\lib -LC:\Apps\LLVM\4.0.3\armv7m-none-eabi\lib --start-group -lunwind -lc++ -lc++abi --end-group -LC:\Apps\LLVM\4.0.3\lib\clang\4.0.3\lib\baremetal --start-group -lc -lclang_rt.builtins-armv7m --end-group -lm -lc 
Archive member included because of file (symbol)
../../core/kernel/rtos/threadx/txm_module_lib/build/LLVM/txm_lib.lib(txm_module_thread_shell_entry.o)
		../../ril/psm/dam_psmtest/build/dam_psmtest_llvm/cortex-a7/ACFNAADZ/txm_module_preamble_llvm.o (_txm_module_thread_shell_entry)
../../core/kernel/rtos/threadx/txm_module_lib/build/LLVM/txm_lib.lib(txm_module_callback_request_thread_entry.o)
		../../ril/psm/dam_psmtest/build/dam_psmtest_llvm/cortex-a7/ACFNAADZ/txm_module_preamble_llvm.o (_txm_module_callback_request_thread_entry)
../../core/kernel/rtos/threadx/txm_module_lib/build/LLVM/txm_lib.lib(txm_module_system_call11.o)
		../../ril/psm/dam_psmtest/build/dam_psmtest_llvm/cortex-a7/ACFNAADZ/psm_test.o (_txm_module_system_call11)
../../core/kernel/rtos/threadx/txm_module_lib/build/LLVM/txm_lib.lib(txm_module_system_call12.o)
		../../ril/psm/dam_psmtest/build/dam_psmtest_llvm/cortex-a7/ACFNAADZ/psm_test.o (_txm_module_system_call12)
../../core/kernel/rtos/threadx/txm_module_lib/build/LLVM/txm_lib.lib(txm_byte_pool_create.o)
		../../ril/psm/dam_psmtest/build/dam_psmtest_llvm/cortex-a7/ACFNAADZ/psm_test.o (_txe_byte_pool_create)
../../core/kernel/rtos/threadx/txm_module_lib/build/LLVM/txm_lib.lib(txm_byte_allocate.o)
		../../ril/psm/dam_psmtest/build/dam_psmtest_llvm/cortex-a7/ACFNAADZ/psm_test.o (_txe_byte_allocate)
../../core/kernel/rtos/threadx/txm_module_lib/build/LLVM/txm_lib.lib(txm_byte_release.o)
		../../ril/psm/dam_psmtest/build/dam_psmtest_llvm/cortex-a7/ACFNAADZ/psm_test.o (_txe_byte_release)
../../core/kernel/rtos/threadx/txm_module_lib/build/LLVM/txm_lib.lib(txm_event_flags_create.o)
		../../ril/psm/dam_psmtest/build/dam_psmtest_llvm/cortex-a7/ACFNAADZ/psm_test.o (_txe_event_flags_create)
../../core/kernel/rtos/threadx/txm_module_lib/build/LLVM/txm_lib.lib(txm_event_flags_get.o)
		../../ril/psm/dam_psmtest/build/dam_psmtest_llvm/cortex-a7/ACFNAADZ/psm_test.o (_txe_event_flags_get)
../../core/kernel/rtos/threadx/txm_module_lib/build/LLVM/txm_lib.lib(txm_event_flags_set.o)
		../../ril/psm/dam_psmtest/build/dam_psmtest_llvm/cortex-a7/ACFNAADZ/psm_test.o (_txe_event_flags_set)
../../core/kernel/rtos/threadx/txm_module_lib/build/LLVM/txm_lib.lib(txm_module_object_allocate.o)
		../../ril/psm/dam_psmtest/build/dam_psmtest_llvm/cortex-a7/ACFNAADZ/psm_test.o (_txm_module_object_allocate)
../../core/kernel/rtos/threadx/txm_module_lib/build/LLVM/txm_lib.lib(txm_module_thread_system_suspend.o)
		../../core/kernel/rtos/threadx/txm_module_lib/build/LLVM/txm_lib.lib(txm_module_thread_shell_entry.o) (_txm_module_thread_system_suspend)
../../core/kernel/rtos/threadx/txm_module_lib/build/LLVM/txm_lib.lib(txm_mutex_create.o)
		../../ril/psm/dam_psmtest/build/dam_psmtest_llvm/cortex-a7/ACFNAADZ/psm_test.o (_txe_mutex_create)
../../core/kernel/rtos/threadx/txm_module_lib/build/LLVM/txm_lib.lib(txm_mutex_get.o)
		../../ril/psm/dam_psmtest/build/dam_psmtest_llvm/cortex-a7/ACFNAADZ/psm_test.o (_txe_mutex_get)
../../core/kernel/rtos/threadx/txm_module_lib/build/LLVM/txm_lib.lib(txm_mutex_put.o)
		../../ril/psm/dam_psmtest/build/dam_psmtest_llvm/cortex-a7/ACFNAADZ/psm_test.o (_txe_mutex_put)
../../core/kernel/rtos/threadx/txm_module_lib/build/LLVM/txm_lib.lib(txm_queue_receive.o)
		../../core/kernel/rtos/threadx/txm_module_lib/build/LLVM/txm_lib.lib(txm_module_callback_request_thread_entry.o) (_txe_queue_receive)
../../core/kernel/rtos/threadx/txm_module_lib/build/LLVM/txm_lib.lib(txm_thread_create.o)
		../../ril/psm/dam_psmtest/build/dam_psmtest_llvm/cortex-a7/ACFNAADZ/psm_test.o (_txe_thread_create)
../../core/kernel/rtos/threadx/txm_module_lib/build/LLVM/txm_lib.lib(txm_thread_resume.o)
		../../core/kernel/rtos/threadx/txm_module_lib/build/LLVM/txm_lib.lib(txm_module_thread_shell_entry.o) (_txe_thread_resume)
../../core/services/time_qapi/build/LLVM/timer_dam_lib.lib(qapi_timer_user.o)
		../../ril/psm/dam_psmtest/build/dam_psmtest_llvm/cortex-a7/ACFNAADZ/psm_test.o (qapi_Timer_Sleep)
../../ril/psm/qapi_lib/build/LLVM/qapi_psm_lib.lib(qapi_psm_user.o)
		../../ril/psm/dam_psmtest/build/dam_psmtest_llvm/cortex-a7/ACFNAADZ/psm_test.o (psm_user_space_dispatcher)
C:\Apps\LLVM\4.0.3\armv7m-none-eabi\libc\lib/libc.a(vfprintf.o)
		../../ril/psm/dam_psmtest/build/dam_psmtest_llvm/cortex-a7/ACFNAADZ/psm_test.o (vsnprintf)
C:\Apps\LLVM\4.0.3\armv7m-none-eabi\libc\lib/libc.a(fwrite.o)
		C:\Apps\LLVM\4.0.3\armv7m-none-eabi\libc\lib/libc.a(vfprintf.o) (__fwritex)
C:\Apps\LLVM\4.0.3\armv7m-none-eabi\libc\lib/libc.a(snprintf.o)
		../../ril/psm/dam_psmtest/build/dam_psmtest_llvm/cortex-a7/ACFNAADZ/psm_test.o (snprintf)
C:\Apps\LLVM\4.0.3\armv7m-none-eabi\libc\lib/libc.a(vsnprintf.o)
		C:\Apps\LLVM\4.0.3\armv7m-none-eabi\libc\lib/libc.a(vfprintf.o) (vsnprintf_full)
C:\Apps\LLVM\4.0.3\armv7m-none-eabi\libc\lib/libc.a(__aeabi_memclr.o)
		C:\Apps\LLVM\4.0.3\armv7m-none-eabi\libc\lib/libc.a(vfprintf.o) (__aeabi_memclr4)
C:\Apps\LLVM\4.0.3\armv7m-none-eabi\libc\lib/libc.a(__aeabi_memcpy.o)
		C:\Apps\LLVM\4.0.3\armv7m-none-eabi\libc\lib/libc.a(vsnprintf.o) (__aeabi_memcpy8)
C:\Apps\LLVM\4.0.3\armv7m-none-eabi\libc\lib/libc.a(memcpy_le.o)
		../../ril/psm/dam_psmtest/build/dam_psmtest_llvm/cortex-a7/ACFNAADZ/psm_test.o (memcpy)
C:\Apps\LLVM\4.0.3\armv7m-none-eabi\libc\lib/libc.a(memset_nofp_armv7.o)
		../../ril/psm/dam_psmtest/build/dam_psmtest_llvm/cortex-a7/ACFNAADZ/psm_test.o (memset)
C:\Apps\LLVM\4.0.3\armv7m-none-eabi\libc\lib/libc.a(memchr.o)
		C:\Apps\LLVM\4.0.3\armv7m-none-eabi\libc\lib/libc.a(vfprintf.o) (memchr)
C:\Apps\LLVM\4.0.3\armv7m-none-eabi\libc\lib/libc.a(strlcat.o)
		../../ril/psm/dam_psmtest/build/dam_psmtest_llvm/cortex-a7/ACFNAADZ/psm_test.o (strlcat)
C:\Apps\LLVM\4.0.3\armv7m-none-eabi\libc\lib/libc.a(strlcpy.o)
		../../ril/psm/dam_psmtest/build/dam_psmtest_llvm/cortex-a7/ACFNAADZ/psm_test.o (strlcpy)
C:\Apps\LLVM\4.0.3\armv7m-none-eabi\libc\lib/libc.a(strlen.o)
		../../ril/psm/dam_psmtest/build/dam_psmtest_llvm/cortex-a7/ACFNAADZ/psm_test.o (strlen)
C:\Apps\LLVM\4.0.3\armv7m-none-eabi\libc\lib/libc.a(strnlen.o)
		C:\Apps\LLVM\4.0.3\armv7m-none-eabi\libc\lib/libc.a(strlcat.o) (strnlen)
C:\Apps\LLVM\4.0.3\armv7m-none-eabi\libc\lib/libc.a(strstr.o)
		../../ril/psm/dam_psmtest/build/dam_psmtest_llvm/cortex-a7/ACFNAADZ/psm_test.o (strstr)
C:\Apps\LLVM\4.0.3\armv7m-none-eabi\libc\lib/libc.a(strtok_r.o)
		../../ril/psm/dam_psmtest/build/dam_psmtest_llvm/cortex-a7/ACFNAADZ/psm_test.o (strtok_r)
C:\Apps\LLVM\4.0.3\armv7m-none-eabi\libc\lib/libc.a(__errno_location.o)
		C:\Apps\LLVM\4.0.3\armv7m-none-eabi\libc\lib/libc.a(vfprintf.o) (__errno_location)
C:\Apps\LLVM\4.0.3\armv7m-none-eabi\libc\lib/libc.a(strerror.o)
		C:\Apps\LLVM\4.0.3\armv7m-none-eabi\libc\lib/libc.a(vfprintf.o) (strerror)
C:\Apps\LLVM\4.0.3\armv7m-none-eabi\libc\lib/libc.a(__lctrans.o)
		C:\Apps\LLVM\4.0.3\armv7m-none-eabi\libc\lib/libc.a(strerror.o) (__lctrans)
C:\Apps\LLVM\4.0.3\armv7m-none-eabi\libc\lib/libc.a(wctomb.o)
		C:\Apps\LLVM\4.0.3\armv7m-none-eabi\libc\lib/libc.a(vfprintf.o) (wctomb)
C:\Apps\LLVM\4.0.3\armv7m-none-eabi\libc\lib/libc.a(__towrite.o)
		C:\Apps\LLVM\4.0.3\armv7m-none-eabi\libc\lib/libc.a(fwrite.o) (__towrite)
C:\Apps\LLVM\4.0.3\armv7m-none-eabi\libc\lib/libc.a(__lockfile.o)
		C:\Apps\LLVM\4.0.3\armv7m-none-eabi\libc\lib/libc.a(vfprintf.o) (__lockfile)
C:\Apps\LLVM\4.0.3\armv7m-none-eabi\libc\lib/libc.a(memcmp.o)
		C:\Apps\LLVM\4.0.3\armv7m-none-eabi\libc\lib/libc.a(strstr.o) (memcmp)
C:\Apps\LLVM\4.0.3\armv7m-none-eabi\libc\lib/libc.a(strchr.o)
		C:\Apps\LLVM\4.0.3\armv7m-none-eabi\libc\lib/libc.a(strstr.o) (strchr)
C:\Apps\LLVM\4.0.3\armv7m-none-eabi\libc\lib/libc.a(strchrnul.o)
		C:\Apps\LLVM\4.0.3\armv7m-none-eabi\libc\lib/libc.a(strchr.o) (__strchrnul)
C:\Apps\LLVM\4.0.3\armv7m-none-eabi\libc\lib/libc.a(strcspn.o)
		C:\Apps\LLVM\4.0.3\armv7m-none-eabi\libc\lib/libc.a(strtok_r.o) (strcspn)
C:\Apps\LLVM\4.0.3\armv7m-none-eabi\libc\lib/libc.a(strspn.o)
		C:\Apps\LLVM\4.0.3\armv7m-none-eabi\libc\lib/libc.a(strtok_r.o) (strspn)
C:\Apps\LLVM\4.0.3\armv7m-none-eabi\libc\lib/libc.a(wcrtomb.o)
		C:\Apps\LLVM\4.0.3\armv7m-none-eabi\libc\lib/libc.a(wctomb.o) (wcrtomb)
C:\Apps\LLVM\4.0.3\armv7m-none-eabi\libc\lib/libc.a(__stdio_exit.o)
		C:\Apps\LLVM\4.0.3\armv7m-none-eabi\libc\lib/libc.a(__towrite.o) (__stdio_exit_needed)
C:\Apps\LLVM\4.0.3\armv7m-none-eabi\libc\lib/libc.a(ofl.o)
		C:\Apps\LLVM\4.0.3\armv7m-none-eabi\libc\lib/libc.a(__stdio_exit.o) (__ofl_lock)
C:\Apps\LLVM\4.0.3\lib\clang\4.0.3\lib\baremetal/libclang_rt.builtins-armv7m.a(aeabi_uldivmod.S.obj)
		C:\Apps\LLVM\4.0.3\armv7m-none-eabi\libc\lib/libc.a(vfprintf.o) (__aeabi_uldivmod)
C:\Apps\LLVM\4.0.3\lib\clang\4.0.3\lib\baremetal/libclang_rt.builtins-armv7m.a(fixdfsi.c.obj)
		../../ril/psm/dam_psmtest/build/dam_psmtest_llvm/cortex-a7/ACFNAADZ/psm_test.o (__aeabi_d2iz)
C:\Apps\LLVM\4.0.3\lib\clang\4.0.3\lib\baremetal/libclang_rt.builtins-armv7m.a(fixsfsi.c.obj)
		../../ril/psm/dam_psmtest/build/dam_psmtest_llvm/cortex-a7/ACFNAADZ/psm_test.o (__aeabi_f2iz)
C:\Apps\LLVM\4.0.3\lib\clang\4.0.3\lib\baremetal/libclang_rt.builtins-armv7m.a(muldf3.c.obj)
		../../ril/psm/dam_psmtest/build/dam_psmtest_llvm/cortex-a7/ACFNAADZ/psm_test.o (__aeabi_dmul)
C:\Apps\LLVM\4.0.3\lib\clang\4.0.3\lib\baremetal/libclang_rt.builtins-armv7m.a(mulsf3.c.obj)
		../../ril/psm/dam_psmtest/build/dam_psmtest_llvm/cortex-a7/ACFNAADZ/psm_test.o (__aeabi_fmul)
C:\Apps\LLVM\4.0.3\lib\clang\4.0.3\lib\baremetal/libclang_rt.builtins-armv7m.a(udivmoddi4.c.obj)
		C:\Apps\LLVM\4.0.3\lib\clang\4.0.3\lib\baremetal/libclang_rt.builtins-armv7m.a(aeabi_uldivmod.S.obj) (__udivmoddi4)

Allocating common symbols
Common symbol	size	file

psm_dam_test_gpio_id	0x2	../../ril/psm/dam_psmtest/build/dam_psmtest_llvm/cortex-a7/ACFNAADZ/psm_test.o
app_configuration	0x148	../../ril/psm/dam_psmtest/build/dam_psmtest_llvm/cortex-a7/ACFNAADZ/psm_test.o
byte_pool_psmt	0x4	../../ril/psm/dam_psmtest/build/dam_psmtest_llvm/cortex-a7/ACFNAADZ/psm_test.o
c_cond	0x4	../../ril/psm/dam_psmtest/build/dam_psmtest_llvm/cortex-a7/ACFNAADZ/psm_test.o
c_mutex	0x4	../../ril/psm/dam_psmtest/build/dam_psmtest_llvm/cortex-a7/ACFNAADZ/psm_test.o
cb_msg	0xc	../../ril/psm/dam_psmtest/build/dam_psmtest_llvm/cortex-a7/ACFNAADZ/psm_test.o
cond	0x4	../../ril/psm/dam_psmtest/build/dam_psmtest_llvm/cortex-a7/ACFNAADZ/psm_test.o
data_cond	0x4	../../ril/psm/dam_psmtest/build/dam_psmtest_llvm/cortex-a7/ACFNAADZ/psm_test.o
data_connection_mutex	0x4	../../ril/psm/dam_psmtest/build/dam_psmtest_llvm/cortex-a7/ACFNAADZ/psm_test.o
data_mutex	0x4	../../ril/psm/dam_psmtest/build/dam_psmtest_llvm/cortex-a7/ACFNAADZ/psm_test.o
dss_handle	0x4	../../ril/psm/dam_psmtest/build/dam_psmtest_llvm/cortex-a7/ACFNAADZ/psm_test.o
free_memory_psmt	0x11000	../../ril/psm/dam_psmtest/build/dam_psmtest_llvm/cortex-a7/ACFNAADZ/psm_test.o
gpsid	0x4	../../ril/psm/dam_psmtest/build/dam_psmtest_llvm/cortex-a7/ACFNAADZ/psm_test.o
gpsresp_cond	0x4	../../ril/psm/dam_psmtest/build/dam_psmtest_llvm/cortex-a7/ACFNAADZ/psm_test.o
gpsresp_mutex	0x4	../../ril/psm/dam_psmtest/build/dam_psmtest_llvm/cortex-a7/ACFNAADZ/psm_test.o
gpstrack_cond	0x4	../../ril/psm/dam_psmtest/build/dam_psmtest_llvm/cortex-a7/ACFNAADZ/psm_test.o
gpstrack_mutex	0x4	../../ril/psm/dam_psmtest/build/dam_psmtest_llvm/cortex-a7/ACFNAADZ/psm_test.o
mutex	0x4	../../ril/psm/dam_psmtest/build/dam_psmtest_llvm/cortex-a7/ACFNAADZ/psm_test.o
psm_dam_test_tlmm_config	0x14	../../ril/psm/dam_psmtest/build/dam_psmtest_llvm/cortex-a7/ACFNAADZ/psm_test.o
psm_data_thread	0x4	../../ril/psm/dam_psmtest/build/dam_psmtest_llvm/cortex-a7/ACFNAADZ/psm_test.o
sLocationCallbacks	0x30	../../ril/psm/dam_psmtest/build/dam_psmtest_llvm/cortex-a7/ACFNAADZ/psm_test.o
_txm_module_entry_info	0x4	../../core/kernel/rtos/threadx/txm_module_lib/build/LLVM/txm_lib.lib(txm_module_thread_shell_entry.o)
_txm_module_kernel_call_dispatcher	0x4	../../core/kernel/rtos/threadx/txm_module_lib/build/LLVM/txm_lib.lib(txm_module_thread_shell_entry.o)
timer_client_stack	0x1000	../../core/services/time_qapi/build/LLVM/timer_dam_lib.lib(qapi_timer_user.o)
timer_client_module_thread	0x4	../../core/services/time_qapi/build/LLVM/timer_dam_lib.lib(qapi_timer_user.o)
timer_thread_state	0x4	../../core/services/time_qapi/build/LLVM/timer_dam_lib.lib(qapi_timer_user.o)
timer_user_handle	0x4	../../core/services/time_qapi/build/LLVM/timer_dam_lib.lib(qapi_timer_user.o)

Linker Script and memory map
START GROUP
LOAD ../../ril/psm/dam_psmtest/build/dam_psmtest_llvm/cortex-a7/ACFNAADZ/txm_module_preamble_llvm.o[]
LOAD ../../ril/psm/dam_psmtest/build/dam_psmtest_llvm/cortex-a7/ACFNAADZ/psm_test.o[]
LOAD ../../core/kernel/rtos/threadx/txm_module_lib/build/LLVM/txm_lib.lib(txm_module_thread_shell_entry.o) []
LOAD ../../core/kernel/rtos/threadx/txm_module_lib/build/LLVM/txm_lib.lib(txm_module_callback_request_thread_entry.o) []
LOAD ../../core/kernel/rtos/threadx/txm_module_lib/build/LLVM/txm_lib.lib(txm_module_system_call11.o) []
LOAD ../../core/kernel/rtos/threadx/txm_module_lib/build/LLVM/txm_lib.lib(txm_module_system_call12.o) []
LOAD ../../core/kernel/rtos/threadx/txm_module_lib/build/LLVM/txm_lib.lib(txm_byte_pool_create.o) []
LOAD ../../core/kernel/rtos/threadx/txm_module_lib/build/LLVM/txm_lib.lib(txm_byte_allocate.o) []
LOAD ../../core/kernel/rtos/threadx/txm_module_lib/build/LLVM/txm_lib.lib(txm_byte_release.o) []
LOAD ../../core/kernel/rtos/threadx/txm_module_lib/build/LLVM/txm_lib.lib(txm_event_flags_create.o) []
LOAD ../../core/kernel/rtos/threadx/txm_module_lib/build/LLVM/txm_lib.lib(txm_event_flags_get.o) []
LOAD ../../core/kernel/rtos/threadx/txm_module_lib/build/LLVM/txm_lib.lib(txm_event_flags_set.o) []
LOAD ../../core/kernel/rtos/threadx/txm_module_lib/build/LLVM/txm_lib.lib(txm_module_object_allocate.o) []
LOAD ../../core/kernel/rtos/threadx/txm_module_lib/build/LLVM/txm_lib.lib(txm_module_thread_system_suspend.o) []
LOAD ../../core/kernel/rtos/threadx/txm_module_lib/build/LLVM/txm_lib.lib(txm_mutex_create.o) []
LOAD ../../core/kernel/rtos/threadx/txm_module_lib/build/LLVM/txm_lib.lib(txm_mutex_get.o) []
LOAD ../../core/kernel/rtos/threadx/txm_module_lib/build/LLVM/txm_lib.lib(txm_mutex_put.o) []
LOAD ../../core/kernel/rtos/threadx/txm_module_lib/build/LLVM/txm_lib.lib(txm_queue_receive.o) []
LOAD ../../core/kernel/rtos/threadx/txm_module_lib/build/LLVM/txm_lib.lib(txm_thread_create.o) []
LOAD ../../core/kernel/rtos/threadx/txm_module_lib/build/LLVM/txm_lib.lib(txm_thread_resume.o) []
LOAD ../../core/services/time_qapi/build/LLVM/timer_dam_lib.lib(qapi_timer_user.o) []
LOAD ../../ril/psm/qapi_lib/build/LLVM/qapi_psm_lib.lib(qapi_psm_user.o) []
END GROUP
START GROUP
END GROUP
START GROUP
LOAD C:\Apps\LLVM\4.0.3\armv7m-none-eabi\libc\lib/libc.a(vfprintf.o) []
LOAD C:\Apps\LLVM\4.0.3\armv7m-none-eabi\libc\lib/libc.a(fwrite.o) []
LOAD C:\Apps\LLVM\4.0.3\armv7m-none-eabi\libc\lib/libc.a(snprintf.o) []
LOAD C:\Apps\LLVM\4.0.3\armv7m-none-eabi\libc\lib/libc.a(vsnprintf.o) []
LOAD C:\Apps\LLVM\4.0.3\armv7m-none-eabi\libc\lib/libc.a(__aeabi_memclr.o) []
LOAD C:\Apps\LLVM\4.0.3\armv7m-none-eabi\libc\lib/libc.a(__aeabi_memcpy.o) []
LOAD C:\Apps\LLVM\4.0.3\armv7m-none-eabi\libc\lib/libc.a(memcpy_le.o) []
LOAD C:\Apps\LLVM\4.0.3\armv7m-none-eabi\libc\lib/libc.a(memset_nofp_armv7.o) []
LOAD C:\Apps\LLVM\4.0.3\armv7m-none-eabi\libc\lib/libc.a(memchr.o) []
LOAD C:\Apps\LLVM\4.0.3\armv7m-none-eabi\libc\lib/libc.a(strlcat.o) []
LOAD C:\Apps\LLVM\4.0.3\armv7m-none-eabi\libc\lib/libc.a(strlcpy.o) []
LOAD C:\Apps\LLVM\4.0.3\armv7m-none-eabi\libc\lib/libc.a(strlen.o) []
LOAD C:\Apps\LLVM\4.0.3\armv7m-none-eabi\libc\lib/libc.a(strnlen.o) []
LOAD C:\Apps\LLVM\4.0.3\armv7m-none-eabi\libc\lib/libc.a(strstr.o) []
LOAD C:\Apps\LLVM\4.0.3\armv7m-none-eabi\libc\lib/libc.a(strtok_r.o) []
LOAD C:\Apps\LLVM\4.0.3\armv7m-none-eabi\libc\lib/libc.a(__errno_location.o) []
LOAD C:\Apps\LLVM\4.0.3\armv7m-none-eabi\libc\lib/libc.a(strerror.o) []
LOAD C:\Apps\LLVM\4.0.3\armv7m-none-eabi\libc\lib/libc.a(__lctrans.o) []
LOAD C:\Apps\LLVM\4.0.3\armv7m-none-eabi\libc\lib/libc.a(wctomb.o) []
LOAD C:\Apps\LLVM\4.0.3\armv7m-none-eabi\libc\lib/libc.a(__towrite.o) []
LOAD C:\Apps\LLVM\4.0.3\armv7m-none-eabi\libc\lib/libc.a(__lockfile.o) []
LOAD C:\Apps\LLVM\4.0.3\armv7m-none-eabi\libc\lib/libc.a(memcmp.o) []
LOAD C:\Apps\LLVM\4.0.3\armv7m-none-eabi\libc\lib/libc.a(strchr.o) []
LOAD C:\Apps\LLVM\4.0.3\armv7m-none-eabi\libc\lib/libc.a(strchrnul.o) []
LOAD C:\Apps\LLVM\4.0.3\armv7m-none-eabi\libc\lib/libc.a(strcspn.o) []
LOAD C:\Apps\LLVM\4.0.3\armv7m-none-eabi\libc\lib/libc.a(strspn.o) []
LOAD C:\Apps\LLVM\4.0.3\armv7m-none-eabi\libc\lib/libc.a(wcrtomb.o) []
LOAD C:\Apps\LLVM\4.0.3\armv7m-none-eabi\libc\lib/libc.a(__stdio_exit.o) []
LOAD C:\Apps\LLVM\4.0.3\armv7m-none-eabi\libc\lib/libc.a(ofl.o) []
LOAD C:\Apps\LLVM\4.0.3\lib\clang\4.0.3\lib\baremetal/libclang_rt.builtins-armv7m.a(aeabi_uldivmod.S.obj) []
LOAD C:\Apps\LLVM\4.0.3\lib\clang\4.0.3\lib\baremetal/libclang_rt.builtins-armv7m.a(fixdfsi.c.obj) []
LOAD C:\Apps\LLVM\4.0.3\lib\clang\4.0.3\lib\baremetal/libclang_rt.builtins-armv7m.a(fixsfsi.c.obj) []
LOAD C:\Apps\LLVM\4.0.3\lib\clang\4.0.3\lib\baremetal/libclang_rt.builtins-armv7m.a(muldf3.c.obj) []
LOAD C:\Apps\LLVM\4.0.3\lib\clang\4.0.3\lib\baremetal/libclang_rt.builtins-armv7m.a(mulsf3.c.obj) []
LOAD C:\Apps\LLVM\4.0.3\lib\clang\4.0.3\lib\baremetal/libclang_rt.builtins-armv7m.a(udivmoddi4.c.obj) []
END GROUP

Linker scripts used (including INCLUDE command)
demo.ld

ER_RO	0x40000000	0x11db4 # Offset: 0x60, LMA: 0x40000000
	Image$$ER_RO$$Base(0x40000000) = .( 0x40000000 );
*txm_module_preamble_llvm.o(.text .text.* )
*txm_module_preamble_llvm.o(Init )
Init	0x40000000	0x80	../../ril/psm/dam_psmtest/build/dam_psmtest_llvm/cortex-a7/ACFNAADZ/txm_module_preamble_llvm.o	#SHT_PROGBITS,SHF_ALLOC|SHF_EXECINSTR,4
	0x40000000		.CODE32
	0x40000000		_txm_module_preamble
*txm_module_preamble_llvm.o(.rodata .rodata.* )
KEEP (*(.text .text.* ))
.text.__stack_chk_fail	0x40000080	0x4	../../ril/psm/dam_psmtest/build/dam_psmtest_llvm/cortex-a7/ACFNAADZ/psm_test.o	#SHT_PROGBITS,SHF_ALLOC|SHF_EXECINSTR,4
	0x40000080		$a.0
	0x40000080		__stack_chk_fail
.text.myAtoi	0x40000084	0x38	../../ril/psm/dam_psmtest/build/dam_psmtest_llvm/cortex-a7/ACFNAADZ/psm_test.o	#SHT_PROGBITS,SHF_ALLOC|SHF_EXECINSTR,4
	0x40000084		$a.1
	0x40000084		myAtoi
.text.memscpy	0x400000bc	0x24	../../ril/psm/dam_psmtest/build/dam_psmtest_llvm/cortex-a7/ACFNAADZ/psm_test.o	#SHT_PROGBITS,SHF_ALLOC|SHF_EXECINSTR,4
	0x400000bc		$a.2
	0x400000bc		memscpy
.text.dam_config_load	0x400000e0	0x5c	../../ril/psm/dam_psmtest/build/dam_psmtest_llvm/cortex-a7/ACFNAADZ/psm_test.o	#SHT_PROGBITS,SHF_ALLOC|SHF_EXECINSTR,4
	0x400000e0		$a.3
	0x400000e0		dam_config_load
	0x40000138		$d.4
.text.dam_config_get_value	0x4000013c	0x188	../../ril/psm/dam_psmtest/build/dam_psmtest_llvm/cortex-a7/ACFNAADZ/psm_test.o	#SHT_PROGBITS,SHF_ALLOC|SHF_EXECINSTR,4
	0x4000013c		$a.5
	0x4000013c		dam_config_get_value
	0x400002bc		$d.6
.text.dam_config_unload	0x400002c4	0x50	../../ril/psm/dam_psmtest/build/dam_psmtest_llvm/cortex-a7/ACFNAADZ/psm_test.o	#SHT_PROGBITS,SHF_ALLOC|SHF_EXECINSTR,4
	0x400002c4		$a.7
	0x400002c4		dam_config_unload
.text.dam_thread_cond_wait_and_clear	0x40000314	0x48	../../ril/psm/dam_psmtest/build/dam_psmtest_llvm/cortex-a7/ACFNAADZ/psm_test.o	#SHT_PROGBITS,SHF_ALLOC|SHF_EXECINSTR,4
	0x40000314		$a.8
	0x40000314		dam_thread_cond_wait_and_clear
.text.psm_dam_test_read_config_file	0x4000035c	0x1748	../../ril/psm/dam_psmtest/build/dam_psmtest_llvm/cortex-a7/ACFNAADZ/psm_test.o	#SHT_PROGBITS,SHF_ALLOC|SHF_EXECINSTR,4
	0x4000035c		$a.9
	0x4000035c		psm_dam_test_read_config_file
	0x40000384		$d.10
	0x40000410		$a.11
	0x40001a08		$d.12
.text.psm_format_log_msg	0x40001aa4	0x38	../../ril/psm/dam_psmtest/build/dam_psmtest_llvm/cortex-a7/ACFNAADZ/psm_test.o	#SHT_PROGBITS,SHF_ALLOC|SHF_EXECINSTR,4
	0x40001aa4		$a.13
	0x40001aa4		psm_format_log_msg
.text.psm_dam_test_gpio_init	0x40001adc	0x2c4	../../ril/psm/dam_psmtest/build/dam_psmtest_llvm/cortex-a7/ACFNAADZ/psm_test.o	#SHT_PROGBITS,SHF_ALLOC|SHF_EXECINSTR,4
	0x40001adc		$a.14
	0x40001adc		psm_dam_test_gpio_init
	0x40001d74		$d.15
.text.psm_dam_test_gpio_set	0x40001da0	0x258	../../ril/psm/dam_psmtest/build/dam_psmtest_llvm/cortex-a7/ACFNAADZ/psm_test.o	#SHT_PROGBITS,SHF_ALLOC|SHF_EXECINSTR,4
	0x40001da0		$a.16
	0x40001da0		psm_dam_test_gpio_set
	0x40001fd0		$d.17
.text.psm_dam_test_start_lte_data_call	0x40001ff8	0x9bc	../../ril/psm/dam_psmtest/build/dam_psmtest_llvm/cortex-a7/ACFNAADZ/psm_test.o	#SHT_PROGBITS,SHF_ALLOC|SHF_EXECINSTR,4
	0x40001ff8		$a.18
	0x40001ff8		psm_dam_test_start_lte_data_call
	0x40002950		$d.19
.text.psm_dam_test_app_call_back_func	0x400029b4	0x5e4	../../ril/psm/dam_psmtest/build/dam_psmtest_llvm/cortex-a7/ACFNAADZ/psm_test.o	#SHT_PROGBITS,SHF_ALLOC|SHF_EXECINSTR,4
	0x400029b4		$a.20
	0x400029b4		psm_dam_test_app_call_back_func
	0x40002cac		$d.21
	0x40002cc8		$a.22
	0x40002f50		$d.23
.text.psm_dam_test_net_event_cb	0x40002f98	0x168	../../ril/psm/dam_psmtest/build/dam_psmtest_llvm/cortex-a7/ACFNAADZ/psm_test.o	#SHT_PROGBITS,SHF_ALLOC|SHF_EXECINSTR,4
	0x40002f98		$a.24
	0x40002f98		psm_dam_test_net_event_cb
	0x400030e0		$d.25
.text.psm_dam_test_fetch_network_state	0x40003100	0x6e0	../../ril/psm/dam_psmtest/build/dam_psmtest_llvm/cortex-a7/ACFNAADZ/psm_test.o	#SHT_PROGBITS,SHF_ALLOC|SHF_EXECINSTR,4
	0x40003100		$a.26
	0x40003100		psm_dam_test_fetch_network_state
	0x40003788		$d.27
.text.device_info_callback	0x400037e0	0x530	../../ril/psm/dam_psmtest/build/dam_psmtest_llvm/cortex-a7/ACFNAADZ/psm_test.o	#SHT_PROGBITS,SHF_ALLOC|SHF_EXECINSTR,4
	0x400037e0		$a.28
	0x400037e0		device_info_callback
	0x40003cd0		$d.29
.text.psm_dam_test_devinfo_init2	0x40003d10	0xb0c	../../ril/psm/dam_psmtest/build/dam_psmtest_llvm/cortex-a7/ACFNAADZ/psm_test.o	#SHT_PROGBITS,SHF_ALLOC|SHF_EXECINSTR,4
	0x40003d10		$a.30
	0x40003d10		psm_dam_test_devinfo_init2
	0x40004790		$d.31
.text.qapi_device_info_cb_uspace_dispatcher	0x4000481c	0x140	../../ril/psm/dam_psmtest/build/dam_psmtest_llvm/cortex-a7/ACFNAADZ/psm_test.o	#SHT_PROGBITS,SHF_ALLOC|SHF_EXECINSTR,4
	0x4000481c		$a.32
	0x4000481c		qapi_device_info_cb_uspace_dispatcher
.text.qapi_dss_cb_uspace_dispatcher	0x4000495c	0x50	../../ril/psm/dam_psmtest/build/dam_psmtest_llvm/cortex-a7/ACFNAADZ/psm_test.o	#SHT_PROGBITS,SHF_ALLOC|SHF_EXECINSTR,4
	0x4000495c		$a.33
	0x4000495c		qapi_dss_cb_uspace_dispatcher
	0x400049a8		$d.34
.text.psm_dam_get_MTU_size	0x400049ac	0x490	../../ril/psm/dam_psmtest/build/dam_psmtest_llvm/cortex-a7/ACFNAADZ/psm_test.o	#SHT_PROGBITS,SHF_ALLOC|SHF_EXECINSTR,4
	0x400049ac		$a.35
	0x400049ac		psm_dam_get_MTU_size
	0x40004dfc		$d.36
.text.psm_dam_test_perform_ping	0x40004e3c	0x25e0	../../ril/psm/dam_psmtest/build/dam_psmtest_llvm/cortex-a7/ACFNAADZ/psm_test.o	#SHT_PROGBITS,SHF_ALLOC|SHF_EXECINSTR,4
	0x40004e3c		$a.37
	0x40004e3c		psm_dam_test_perform_ping
	0x40005e68		$d.38
	0x40005e7c		$a.39
	0x40005f04		$d.40
	0x40005f08		$a.41
	0x40005f84		$d.42
	0x40005f90		$a.43
	0x4000607c		$d.44
	0x400060a0		$a.45
	0x40006430		$d.46
	0x40006434		$a.47
	0x400064cc		$d.48
	0x400064e4		$a.49
	0x40006894		$d.50
	0x40006898		$a.51
	0x400068b8		$d.52
	0x400068c4		$a.53
	0x400069bc		$d.54
	0x400069c4		$a.55
	0x40006a70		$d.56
	0x40006a78		$a.57
	0x40006b68		$d.58
	0x40006b78		$a.59
	0x40006db8		$d.60
	0x40006dbc		$a.61
	0x40006ec0		$d.62
	0x40006ec8		$a.63
	0x40006f50		$d.64
	0x40006f5c		$a.65
	0x400070c4		$d.66
	0x400070d8		$a.67
	0x40007390		$d.68
.text.psm_dam_test_enter_psm_auto	0x4000741c	0x608	../../ril/psm/dam_psmtest/build/dam_psmtest_llvm/cortex-a7/ACFNAADZ/psm_test.o	#SHT_PROGBITS,SHF_ALLOC|SHF_EXECINSTR,4
	0x4000741c		$a.69
	0x4000741c		psm_dam_test_enter_psm_auto
	0x400079d8		$d.70
.text.psm_dam_test_evaluate_update_psm_cycle	0x40007a24	0x6ec	../../ril/psm/dam_psmtest/build/dam_psmtest_llvm/cortex-a7/ACFNAADZ/psm_test.o	#SHT_PROGBITS,SHF_ALLOC|SHF_EXECINSTR,4
	0x40007a24		$a.71
	0x40007a24		psm_dam_test_evaluate_update_psm_cycle
	0x400080cc		$d.72
.text.psm_dam_test_gps_sample_and_wait	0x40008110	0x38	../../ril/psm/dam_psmtest/build/dam_psmtest_llvm/cortex-a7/ACFNAADZ/psm_test.o	#SHT_PROGBITS,SHF_ALLOC|SHF_EXECINSTR,4
	0x40008110		$a.73
	0x40008110		psm_dam_test_gps_sample_and_wait
	0x40008140		$d.74
.text.psm_dam_test_gps_init	0x40008148	0x34c	../../ril/psm/dam_psmtest/build/dam_psmtest_llvm/cortex-a7/ACFNAADZ/psm_test.o	#SHT_PROGBITS,SHF_ALLOC|SHF_EXECINSTR,4
	0x40008148		$a.75
	0x40008148		psm_dam_test_gps_init
	0x40008448		$d.76
.text.psm_dam_test_gps_capabilities_callback	0x40008494	0x114	../../ril/psm/dam_psmtest/build/dam_psmtest_llvm/cortex-a7/ACFNAADZ/psm_test.o	#SHT_PROGBITS,SHF_ALLOC|SHF_EXECINSTR,4
	0x40008494		$a.77
	0x40008494		psm_dam_test_gps_capabilities_callback
	0x40008590		$d.78
.text.psm_dam_test_gps_response_callback	0x400085a8	0x150	../../ril/psm/dam_psmtest/build/dam_psmtest_llvm/cortex-a7/ACFNAADZ/psm_test.o	#SHT_PROGBITS,SHF_ALLOC|SHF_EXECINSTR,4
	0x400085a8		$a.79
	0x400085a8		psm_dam_test_gps_response_callback
	0x400086d8		$d.80
.text.psm_dam_test_gps_geofence_response_callback	0x400086f8	0x238	../../ril/psm/dam_psmtest/build/dam_psmtest_llvm/cortex-a7/ACFNAADZ/psm_test.o	#SHT_PROGBITS,SHF_ALLOC|SHF_EXECINSTR,4
	0x400086f8		$a.81
	0x400086f8		psm_dam_test_gps_geofence_response_callback
	0x40008910		$d.82
.text.psm_dam_test_gps_tracking_callback	0x40008930	0x5f4	../../ril/psm/dam_psmtest/build/dam_psmtest_llvm/cortex-a7/ACFNAADZ/psm_test.o	#SHT_PROGBITS,SHF_ALLOC|SHF_EXECINSTR,4
	0x40008930		$a.83
	0x40008930		psm_dam_test_gps_tracking_callback
	0x40008ee8		$d.84
.text.qapi_location_cb_uspace_dispatcher	0x40008f24	0x1d0	../../ril/psm/dam_psmtest/build/dam_psmtest_llvm/cortex-a7/ACFNAADZ/psm_test.o	#SHT_PROGBITS,SHF_ALLOC|SHF_EXECINSTR,4
	0x40008f24		$a.85
	0x40008f24		qapi_location_cb_uspace_dispatcher
	0x40008f70		$d.86
	0x40008f98		$a.87
	0x400090e8		$d.88
.text.psm_dam_test_gps_deinit	0x400090f4	0x2b8	../../ril/psm/dam_psmtest/build/dam_psmtest_llvm/cortex-a7/ACFNAADZ/psm_test.o	#SHT_PROGBITS,SHF_ALLOC|SHF_EXECINSTR,4
	0x400090f4		$a.89
	0x400090f4		psm_dam_test_gps_deinit
	0x4000937c		$d.90
.text.psm_dam_test_gps_start_tracking	0x400093ac	0x79c	../../ril/psm/dam_psmtest/build/dam_psmtest_llvm/cortex-a7/ACFNAADZ/psm_test.o	#SHT_PROGBITS,SHF_ALLOC|SHF_EXECINSTR,4
	0x400093ac		$a.91
	0x400093ac		psm_dam_test_gps_start_tracking
	0x40009ae4		$d.92
.text.psm_dam_test_gps_stop_tracking	0x40009b48	0x598	../../ril/psm/dam_psmtest/build/dam_psmtest_llvm/cortex-a7/ACFNAADZ/psm_test.o	#SHT_PROGBITS,SHF_ALLOC|SHF_EXECINSTR,4
	0x40009b48		$a.93
	0x40009b48		psm_dam_test_gps_stop_tracking
	0x4000a094		$d.94
.text.psm_dam_test_initialize_configuration	0x4000a0e0	0x174	../../ril/psm/dam_psmtest/build/dam_psmtest_llvm/cortex-a7/ACFNAADZ/psm_test.o	#SHT_PROGBITS,SHF_ALLOC|SHF_EXECINSTR,4
	0x4000a0e0		$a.95
	0x4000a0e0		psm_dam_test_initialize_configuration
	0x4000a238		$d.96
.text.psm_dam_test_perform_location_measure	0x4000a254	0x79c	../../ril/psm/dam_psmtest/build/dam_psmtest_llvm/cortex-a7/ACFNAADZ/psm_test.o	#SHT_PROGBITS,SHF_ALLOC|SHF_EXECINSTR,4
	0x4000a254		$a.97
	0x4000a254		psm_dam_test_perform_location_measure
	0x4000a994		$d.98
.text.psm_dam_test_perform_app_event	0x4000a9f0	0x1c	../../ril/psm/dam_psmtest/build/dam_psmtest_llvm/cortex-a7/ACFNAADZ/psm_test.o	#SHT_PROGBITS,SHF_ALLOC|SHF_EXECINSTR,4
	0x4000a9f0		$a.99
	0x4000a9f0		psm_dam_test_perform_app_event
	0x4000aa08		$d.100
.text.psm_dam_test_auto	0x4000aa0c	0x131c	../../ril/psm/dam_psmtest/build/dam_psmtest_llvm/cortex-a7/ACFNAADZ/psm_test.o	#SHT_PROGBITS,SHF_ALLOC|SHF_EXECINSTR,4
	0x4000aa0c		$a.101
	0x4000aa0c		psm_dam_test_auto
	0x4000b938		$d.102
	0x4000b964		$a.103
	0x4000bc7c		$d.104
.text.psm_data_damtest_task_entry	0x4000bd28	0x428	../../ril/psm/dam_psmtest/build/dam_psmtest_llvm/cortex-a7/ACFNAADZ/psm_test.o	#SHT_PROGBITS,SHF_ALLOC|SHF_EXECINSTR,4
	0x4000bd28		$a.105
	0x4000bd28		psm_data_damtest_task_entry
	0x4000c118		$d.106
.text.psm_damtest_task_entry	0x4000c150	0x3d8	../../ril/psm/dam_psmtest/build/dam_psmtest_llvm/cortex-a7/ACFNAADZ/psm_test.o	#SHT_PROGBITS,SHF_ALLOC|SHF_EXECINSTR,4
	0x4000c150		$a.107
	0x4000c150		psm_damtest_task_entry
	0x4000c4b0		$d.108
.text.main	0x4000c528	0x8	../../core/kernel/rtos/threadx/txm_module_lib/build/LLVM/txm_lib.lib(txm_module_thread_shell_entry.o)	#SHT_PROGBITS,SHF_ALLOC|SHF_EXECINSTR,4
	0x4000c528		$a.0
	0x4000c528		main
.text.__user_setup_stackheap	0x4000c530	0x4	../../core/kernel/rtos/threadx/txm_module_lib/build/LLVM/txm_lib.lib(txm_module_thread_shell_entry.o)	#SHT_PROGBITS,SHF_ALLOC|SHF_EXECINSTR,4
	0x4000c530		$a.1
	0x4000c530		__user_setup_stackheap
.text._txm_module_thread_shell_entry	0x4000c534	0x6c	../../core/kernel/rtos/threadx/txm_module_lib/build/LLVM/txm_lib.lib(txm_module_thread_shell_entry.o)	#SHT_PROGBITS,SHF_ALLOC|SHF_EXECINSTR,4
	0x4000c534		$a.2
	0x4000c534		_txm_module_thread_shell_entry
	0x4000c598		$d.3
.text._txm_module_callback_request_thread_entry	0x4000c5a0	0xcc	../../core/kernel/rtos/threadx/txm_module_lib/build/LLVM/txm_lib.lib(txm_module_callback_request_thread_entry.o)	#SHT_PROGBITS,SHF_ALLOC|SHF_EXECINSTR,4
	0x4000c5a0		$a.0
	0x4000c5a0		_txm_module_callback_request_thread_entry
	0x4000c5f8		$d.1
	0x4000c60c		$a.2
	0x4000c668		$d.3
.text._txm_module_system_call11	0x4000c66c	0x68	../../core/kernel/rtos/threadx/txm_module_lib/build/LLVM/txm_lib.lib(txm_module_system_call11.o)	#SHT_PROGBITS,SHF_ALLOC|SHF_EXECINSTR,4
	0x4000c66c		$a.0
	0x4000c66c		_txm_module_system_call11
	0x4000c6d0		$d.1
.text._txm_module_system_call12	0x4000c6d4	0x70	../../core/kernel/rtos/threadx/txm_module_lib/build/LLVM/txm_lib.lib(txm_module_system_call12.o)	#SHT_PROGBITS,SHF_ALLOC|SHF_EXECINSTR,4
	0x4000c6d4		$a.0
	0x4000c6d4		_txm_module_system_call12
	0x4000c740		$d.1
.text._txe_byte_pool_create	0x4000c744	0x3c	../../core/kernel/rtos/threadx/txm_module_lib/build/LLVM/txm_lib.lib(txm_byte_pool_create.o)	#SHT_PROGBITS,SHF_ALLOC|SHF_EXECINSTR,4
	0x4000c744		$a.0
	0x4000c744		_txe_byte_pool_create
	0x4000c77c		$d.1
.text._txe_byte_allocate	0x4000c780	0x34	../../core/kernel/rtos/threadx/txm_module_lib/build/LLVM/txm_lib.lib(txm_byte_allocate.o)	#SHT_PROGBITS,SHF_ALLOC|SHF_EXECINSTR,4
	0x4000c780		$a.0
	0x4000c780		_txe_byte_allocate
	0x4000c7b0		$d.1
.text._txe_byte_release	0x4000c7b4	0x20	../../core/kernel/rtos/threadx/txm_module_lib/build/LLVM/txm_lib.lib(txm_byte_release.o)	#SHT_PROGBITS,SHF_ALLOC|SHF_EXECINSTR,4
	0x4000c7b4		$a.0
	0x4000c7b4		_txe_byte_release
	0x4000c7d0		$d.1
.text._txe_event_flags_create	0x4000c7d4	0x20	../../core/kernel/rtos/threadx/txm_module_lib/build/LLVM/txm_lib.lib(txm_event_flags_create.o)	#SHT_PROGBITS,SHF_ALLOC|SHF_EXECINSTR,4
	0x4000c7d4		$a.0
	0x4000c7d4		_txe_event_flags_create
	0x4000c7f0		$d.1
.text._txe_event_flags_get	0x4000c7f4	0x3c	../../core/kernel/rtos/threadx/txm_module_lib/build/LLVM/txm_lib.lib(txm_event_flags_get.o)	#SHT_PROGBITS,SHF_ALLOC|SHF_EXECINSTR,4
	0x4000c7f4		$a.0
	0x4000c7f4		_txe_event_flags_get
	0x4000c82c		$d.1
.text._txe_event_flags_set	0x4000c830	0x20	../../core/kernel/rtos/threadx/txm_module_lib/build/LLVM/txm_lib.lib(txm_event_flags_set.o)	#SHT_PROGBITS,SHF_ALLOC|SHF_EXECINSTR,4
	0x4000c830		$a.0
	0x4000c830		_txe_event_flags_set
	0x4000c84c		$d.1
.text._txm_module_object_allocate	0x4000c850	0x20	../../core/kernel/rtos/threadx/txm_module_lib/build/LLVM/txm_lib.lib(txm_module_object_allocate.o)	#SHT_PROGBITS,SHF_ALLOC|SHF_EXECINSTR,4
	0x4000c850		$a.0
	0x4000c850		_txm_module_object_allocate
	0x4000c86c		$d.1
.text._txm_module_thread_system_suspend	0x4000c870	0x20	../../core/kernel/rtos/threadx/txm_module_lib/build/LLVM/txm_lib.lib(txm_module_thread_system_suspend.o)	#SHT_PROGBITS,SHF_ALLOC|SHF_EXECINSTR,4
	0x4000c870		$a.0
	0x4000c870		_txm_module_thread_system_suspend
	0x4000c88c		$d.1
.text._txe_mutex_create	0x4000c890	0x34	../../core/kernel/rtos/threadx/txm_module_lib/build/LLVM/txm_lib.lib(txm_mutex_create.o)	#SHT_PROGBITS,SHF_ALLOC|SHF_EXECINSTR,4
	0x4000c890		$a.0
	0x4000c890		_txe_mutex_create
	0x4000c8c0		$d.1
.text._txe_mutex_get	0x4000c8c4	0x20	../../core/kernel/rtos/threadx/txm_module_lib/build/LLVM/txm_lib.lib(txm_mutex_get.o)	#SHT_PROGBITS,SHF_ALLOC|SHF_EXECINSTR,4
	0x4000c8c4		$a.0
	0x4000c8c4		_txe_mutex_get
	0x4000c8e0		$d.1
.text._txe_mutex_put	0x4000c8e4	0x20	../../core/kernel/rtos/threadx/txm_module_lib/build/LLVM/txm_lib.lib(txm_mutex_put.o)	#SHT_PROGBITS,SHF_ALLOC|SHF_EXECINSTR,4
	0x4000c8e4		$a.0
	0x4000c8e4		_txe_mutex_put
	0x4000c900		$d.1
.text._txe_queue_receive	0x4000c904	0x20	../../core/kernel/rtos/threadx/txm_module_lib/build/LLVM/txm_lib.lib(txm_queue_receive.o)	#SHT_PROGBITS,SHF_ALLOC|SHF_EXECINSTR,4
	0x4000c904		$a.0
	0x4000c904		_txe_queue_receive
	0x4000c920		$d.1
.text._txe_thread_create	0x4000c924	0x70	../../core/kernel/rtos/threadx/txm_module_lib/build/LLVM/txm_lib.lib(txm_thread_create.o)	#SHT_PROGBITS,SHF_ALLOC|SHF_EXECINSTR,4
	0x4000c924		$a.0
	0x4000c924		_txe_thread_create
	0x4000c990		$d.1
.text._txe_thread_resume	0x4000c994	0x20	../../core/kernel/rtos/threadx/txm_module_lib/build/LLVM/txm_lib.lib(txm_thread_resume.o)	#SHT_PROGBITS,SHF_ALLOC|SHF_EXECINSTR,4
	0x4000c994		$a.0
	0x4000c994		_txe_thread_resume
	0x4000c9b0		$d.1
.text.qapi_Timer_Get_Cbinfo	0x4000c9b4	0x64	../../core/services/time_qapi/build/LLVM/timer_dam_lib.lib(qapi_timer_user.o)	#SHT_PROGBITS,SHF_ALLOC|SHF_EXECINSTR,4
	0x4000c9b4		$a.0
	0x4000c9b4		qapi_Timer_Get_Cbinfo
	0x4000ca14		$d.1
.text.timer_client_cb_handler	0x4000ca18	0x50	../../core/services/time_qapi/build/LLVM/timer_dam_lib.lib(qapi_timer_user.o)	#SHT_PROGBITS,SHF_ALLOC|SHF_EXECINSTR,4
	0x4000ca18		$a.2
	0x4000ca18		timer_client_cb_handler
.text.qapi_timer_user_init	0x4000ca68	0x100	../../core/services/time_qapi/build/LLVM/timer_dam_lib.lib(qapi_timer_user.o)	#SHT_PROGBITS,SHF_ALLOC|SHF_EXECINSTR,4
	0x4000ca68		$a.3
	0x4000ca68		qapi_timer_user_init
	0x4000cb48		$d.4
.text.qapi_Timer_Def	0x4000cb68	0x8c	../../core/services/time_qapi/build/LLVM/timer_dam_lib.lib(qapi_timer_user.o)	#SHT_PROGBITS,SHF_ALLOC|SHF_EXECINSTR,4
	0x4000cb68		$a.5
	0x4000cb68		qapi_Timer_Def
	0x4000cbec		$d.6
.text.qapi_Timer_Set	0x4000cbf4	0x64	../../core/services/time_qapi/build/LLVM/timer_dam_lib.lib(qapi_timer_user.o)	#SHT_PROGBITS,SHF_ALLOC|SHF_EXECINSTR,4
	0x4000cbf4		$a.7
	0x4000cbf4		qapi_Timer_Set
.text.qapi_Timer_Get_Timer_Info	0x4000cc58	0x6c	../../core/services/time_qapi/build/LLVM/timer_dam_lib.lib(qapi_timer_user.o)	#SHT_PROGBITS,SHF_ALLOC|SHF_EXECINSTR,4
	0x4000cc58		$a.8
	0x4000cc58		qapi_Timer_Get_Timer_Info
.text.qapi_Timer_Sleep	0x4000ccc4	0x5c	../../core/services/time_qapi/build/LLVM/timer_dam_lib.lib(qapi_timer_user.o)	#SHT_PROGBITS,SHF_ALLOC|SHF_EXECINSTR,4
	0x4000ccc4		$a.9
	0x4000ccc4		qapi_Timer_Sleep
.text.qapi_Timer_Undef	0x4000cd20	0x5c	../../core/services/time_qapi/build/LLVM/timer_dam_lib.lib(qapi_timer_user.o)	#SHT_PROGBITS,SHF_ALLOC|SHF_EXECINSTR,4
	0x4000cd20		$a.10
	0x4000cd20		qapi_Timer_Undef
.text.qapi_Timer_Stop	0x4000cd7c	0x5c	../../core/services/time_qapi/build/LLVM/timer_dam_lib.lib(qapi_timer_user.o)	#SHT_PROGBITS,SHF_ALLOC|SHF_EXECINSTR,4
	0x4000cd7c		$a.11
	0x4000cd7c		qapi_Timer_Stop
.text.qapi_time_get	0x4000cdd8	0x70	../../core/services/time_qapi/build/LLVM/timer_dam_lib.lib(qapi_timer_user.o)	#SHT_PROGBITS,SHF_ALLOC|SHF_EXECINSTR,4
	0x4000cdd8		$a.12
	0x4000cdd8		qapi_time_get
.text.qapi_get_timer_inaccuracy	0x4000ce48	0x5c	../../core/services/time_qapi/build/LLVM/timer_dam_lib.lib(qapi_timer_user.o)	#SHT_PROGBITS,SHF_ALLOC|SHF_EXECINSTR,4
	0x4000ce48		$a.13
	0x4000ce48		qapi_get_timer_inaccuracy
	0x4000cea0		$d.14
.text.psm_user_space_dispatcher	0x4000cea4	0x18	../../ril/psm/qapi_lib/build/LLVM/qapi_psm_lib.lib(qapi_psm_user.o)	#SHT_PROGBITS,SHF_ALLOC|SHF_EXECINSTR,4
	0x4000cea4		$a.0
	0x4000cea4		psm_user_space_dispatcher
.text.vfprintf	0x4000cebc	0xd6	C:\Apps\LLVM\4.0.3\armv7m-none-eabi\libc\lib/libc.a(vfprintf.o)	#SHT_PROGBITS,SHF_ALLOC|SHF_EXECINSTR,2
	0x4000cebc		$t
	0x4000cebd		vfprintf
PADDING_ALIGNMENT	0x4000cf92	0x2	0x0
.text.printf_core	0x4000cf94	0x6a8	C:\Apps\LLVM\4.0.3\armv7m-none-eabi\libc\lib/libc.a(vfprintf.o)	#SHT_PROGBITS,SHF_ALLOC|SHF_EXECINSTR,4
	0x4000cf94		$t
	0x4000cf95		printf_core
	0x4000d244		$d
	0x4000d24c		$t
	0x4000d4b4		$d
	0x4000d4da		$t
	0x4000d618		$d
.text.vsnprintf	0x4000d63c	0x1a4	C:\Apps\LLVM\4.0.3\armv7m-none-eabi\libc\lib/libc.a(vfprintf.o)	#SHT_PROGBITS,SHF_ALLOC|SHF_EXECINSTR,4
	0x4000d63c		$t
	0x4000d63d		vsnprintf
	0x4000d7dc		$d
.text.fmt_u32	0x4000d7e0	0x22	C:\Apps\LLVM\4.0.3\armv7m-none-eabi\libc\lib/libc.a(vfprintf.o)	#SHT_PROGBITS,SHF_ALLOC|SHF_EXECINSTR,2
	0x4000d7e0		$t
	0x4000d7e1		fmt_u32
.text.out	0x4000d802	0x14	C:\Apps\LLVM\4.0.3\armv7m-none-eabi\libc\lib/libc.a(vfprintf.o)	#SHT_PROGBITS,SHF_ALLOC|SHF_EXECINSTR,2
	0x4000d802		$t
	0x4000d803		out
.text.getint	0x4000d816	0x1e	C:\Apps\LLVM\4.0.3\armv7m-none-eabi\libc\lib/libc.a(vfprintf.o)	#SHT_PROGBITS,SHF_ALLOC|SHF_EXECINSTR,2
	0x4000d816		$t
	0x4000d817		getint
.text.pop_arg	0x4000d834	0x80	C:\Apps\LLVM\4.0.3\armv7m-none-eabi\libc\lib/libc.a(vfprintf.o)	#SHT_PROGBITS,SHF_ALLOC|SHF_EXECINSTR,4
	0x4000d834		$t
	0x4000d835		pop_arg
	0x4000d842		$d
	0x4000d84c		$t
.text.pad	0x4000d8b4	0x4e	C:\Apps\LLVM\4.0.3\armv7m-none-eabi\libc\lib/libc.a(vfprintf.o)	#SHT_PROGBITS,SHF_ALLOC|SHF_EXECINSTR,2
	0x4000d8b4		$t
	0x4000d8b5		pad
.text.__fwritex	0x4000d902	0x76	C:\Apps\LLVM\4.0.3\armv7m-none-eabi\libc\lib/libc.a(fwrite.o)	#SHT_PROGBITS,SHF_ALLOC|SHF_EXECINSTR,2
	0x4000d902		$t
	0x4000d903		__fwritex
.text.fwrite	0x4000d978	0x58	C:\Apps\LLVM\4.0.3\armv7m-none-eabi\libc\lib/libc.a(fwrite.o)	#SHT_PROGBITS,SHF_ALLOC|SHF_EXECINSTR,2
	0x4000d978		$t
	0x4000d979		fwrite
	0x4000d979		fwrite_unlocked
.text.snprintf	0x4000d9d0	0x16	C:\Apps\LLVM\4.0.3\armv7m-none-eabi\libc\lib/libc.a(snprintf.o)	#SHT_PROGBITS,SHF_ALLOC|SHF_EXECINSTR,2
	0x4000d9d0		$t
	0x4000d9d1		snprintf
PADDING_ALIGNMENT	0x4000d9e6	0x2	0x0
.text.vsnprintf_full	0x4000d9e8	0x74	C:\Apps\LLVM\4.0.3\armv7m-none-eabi\libc\lib/libc.a(vsnprintf.o)	#SHT_PROGBITS,SHF_ALLOC|SHF_EXECINSTR,4
	0x4000d9e8		$t
	0x4000d9e9		vsnprintf_full
	0x4000da54		$d
.text.sn_write	0x4000da5c	0x22	C:\Apps\LLVM\4.0.3\armv7m-none-eabi\libc\lib/libc.a(vsnprintf.o)	#SHT_PROGBITS,SHF_ALLOC|SHF_EXECINSTR,2
	0x4000da5c		$t
	0x4000da5d		sn_write
.text.__aeabi_memclr	0x4000da7e	0x8	C:\Apps\LLVM\4.0.3\armv7m-none-eabi\libc\lib/libc.a(__aeabi_memclr.o)	#SHT_PROGBITS,SHF_ALLOC|SHF_EXECINSTR,2
	0x4000da7e		$t
	0x4000da7f		__aeabi_memclr
	0x4000da7f		__aeabi_memclr4
	0x4000da7f		__aeabi_memclr8
.text.__aeabi_memcpy	0x4000da86	0x4	C:\Apps\LLVM\4.0.3\armv7m-none-eabi\libc\lib/libc.a(__aeabi_memcpy.o)	#SHT_PROGBITS,SHF_ALLOC|SHF_EXECINSTR,2
	0x4000da86		$t
	0x4000da87		__aeabi_memcpy
	0x4000da87		__aeabi_memcpy4
	0x4000da87		__aeabi_memcpy8
.text	0x4000da8a	0x2ee	C:\Apps\LLVM\4.0.3\armv7m-none-eabi\libc\lib/libc.a(memcpy_le.o)	#SHT_PROGBITS,SHF_ALLOC|SHF_EXECINSTR,2
	0x4000da8a		$t
	0x4000da8b		memcpy
	0x4000daca		src_aligned
	0x4000db18		congruent_aligned32
	0x4000db18		cached_aligned32
	0x4000db2e		less_than_32_left
	0x4000db7c		non_congruent
	0x4000dbf8		loop16
	0x4000dc54		loop8
	0x4000dcb0		loop24
	0x4000dd08		less_than_thirtytwo
	0x4000dd32		partial_word_tail
	0x4000dd4e		copy_last_3_and_return
.text	0x4000dd78	0x68	C:\Apps\LLVM\4.0.3\armv7m-none-eabi\libc\lib/libc.a(memset_nofp_armv7.o)	#SHT_PROGBITS,SHF_ALLOC|SHF_EXECINSTR,4
	0x4000dd78		$t
	0x4000dd79		memset
.text.memchr	0x4000dde0	0x5c	C:\Apps\LLVM\4.0.3\armv7m-none-eabi\libc\lib/libc.a(memchr.o)	#SHT_PROGBITS,SHF_ALLOC|SHF_EXECINSTR,2
	0x4000dde0		$t
	0x4000dde1		memchr
.text.strlcat	0x4000de3c	0x2c	C:\Apps\LLVM\4.0.3\armv7m-none-eabi\libc\lib/libc.a(strlcat.o)	#SHT_PROGBITS,SHF_ALLOC|SHF_EXECINSTR,2
	0x4000de3c		$t
	0x4000de3d		strlcat
.text.strlcpy	0x4000de68	0x76	C:\Apps\LLVM\4.0.3\armv7m-none-eabi\libc\lib/libc.a(strlcpy.o)	#SHT_PROGBITS,SHF_ALLOC|SHF_EXECINSTR,2
	0x4000de68		$t
	0x4000de69		strlcpy
.text.strlen	0x4000dede	0x34	C:\Apps\LLVM\4.0.3\armv7m-none-eabi\libc\lib/libc.a(strlen.o)	#SHT_PROGBITS,SHF_ALLOC|SHF_EXECINSTR,2
	0x4000dede		$t
	0x4000dedf		strlen
.text.strnlen	0x4000df12	0x18	C:\Apps\LLVM\4.0.3\armv7m-none-eabi\libc\lib/libc.a(strnlen.o)	#SHT_PROGBITS,SHF_ALLOC|SHF_EXECINSTR,2
	0x4000df12		$t
	0x4000df13		strnlen
.text.strstr	0x4000df2a	0x2d0	C:\Apps\LLVM\4.0.3\armv7m-none-eabi\libc\lib/libc.a(strstr.o)	#SHT_PROGBITS,SHF_ALLOC|SHF_EXECINSTR,2
	0x4000df2a		$t
	0x4000df2b		strstr
.text.strtok_r	0x4000e1fa	0x48	C:\Apps\LLVM\4.0.3\armv7m-none-eabi\libc\lib/libc.a(strtok_r.o)	#SHT_PROGBITS,SHF_ALLOC|SHF_EXECINSTR,2
	0x4000e1fa		$t
	0x4000e1fb		strtok_r
.text.__errno_location	0x4000e242	0x8	C:\Apps\LLVM\4.0.3\armv7m-none-eabi\libc\lib/libc.a(__errno_location.o)	#SHT_PROGBITS,SHF_ALLOC|SHF_EXECINSTR,2
	0x4000e242		$t
	0x4000e243		__errno_location
PADDING_ALIGNMENT	0x4000e24a	0x2	0x0
.text.__strerror_l	0x4000e24c	0x3c	C:\Apps\LLVM\4.0.3\armv7m-none-eabi\libc\lib/libc.a(strerror.o)	#SHT_PROGBITS,SHF_ALLOC|SHF_EXECINSTR,4
	0x4000e24c		$t
	0x4000e24d		__strerror_l
	0x4000e24d		strerror_l
	0x4000e280		$d
.text.strerror	0x4000e288	0xc	C:\Apps\LLVM\4.0.3\armv7m-none-eabi\libc\lib/libc.a(strerror.o)	#SHT_PROGBITS,SHF_ALLOC|SHF_EXECINSTR,2
	0x4000e288		$t
	0x4000e289		strerror
.text.dummy	0x4000e294	0x2	C:\Apps\LLVM\4.0.3\armv7m-none-eabi\libc\lib/libc.a(__lctrans.o)	#SHT_PROGBITS,SHF_ALLOC|SHF_EXECINSTR,2
	0x4000e294		$t
	0x4000e295		dummy
	0x4000e295		__lctrans_impl
.text.__lctrans	0x4000e296	0x4	C:\Apps\LLVM\4.0.3\armv7m-none-eabi\libc\lib/libc.a(__lctrans.o)	#SHT_PROGBITS,SHF_ALLOC|SHF_EXECINSTR,2
	0x4000e296		$t
	0x4000e297		__lctrans
.text.__lctrans_cur	0x4000e29a	0xe	C:\Apps\LLVM\4.0.3\armv7m-none-eabi\libc\lib/libc.a(__lctrans.o)	#SHT_PROGBITS,SHF_ALLOC|SHF_EXECINSTR,2
	0x4000e29a		$t
	0x4000e29b		__lctrans_cur
.text.wctomb	0x4000e2a8	0xc	C:\Apps\LLVM\4.0.3\armv7m-none-eabi\libc\lib/libc.a(wctomb.o)	#SHT_PROGBITS,SHF_ALLOC|SHF_EXECINSTR,2
	0x4000e2a8		$t
	0x4000e2a9		wctomb
.text.__towrite	0x4000e2b4	0x38	C:\Apps\LLVM\4.0.3\armv7m-none-eabi\libc\lib/libc.a(__towrite.o)	#SHT_PROGBITS,SHF_ALLOC|SHF_EXECINSTR,2
	0x4000e2b4		$t
	0x4000e2b5		__towrite
.text.__towrite_needs_stdio_exit	0x4000e2ec	0x4	C:\Apps\LLVM\4.0.3\armv7m-none-eabi\libc\lib/libc.a(__towrite.o)	#SHT_PROGBITS,SHF_ALLOC|SHF_EXECINSTR,2
	0x4000e2ec		$t
	0x4000e2ed		__towrite_needs_stdio_exit
.text.__lockfile	0x4000e2f0	0x4	C:\Apps\LLVM\4.0.3\armv7m-none-eabi\libc\lib/libc.a(__lockfile.o)	#SHT_PROGBITS,SHF_ALLOC|SHF_EXECINSTR,2
	0x4000e2f0		$t
	0x4000e2f1		__lockfile
.text.__unlockfile	0x4000e2f4	0x2	C:\Apps\LLVM\4.0.3\armv7m-none-eabi\libc\lib/libc.a(__lockfile.o)	#SHT_PROGBITS,SHF_ALLOC|SHF_EXECINSTR,2
	0x4000e2f4		$t
	0x4000e2f5		__unlockfile
.text.memcmp	0x4000e2f6	0x1c	C:\Apps\LLVM\4.0.3\armv7m-none-eabi\libc\lib/libc.a(memcmp.o)	#SHT_PROGBITS,SHF_ALLOC|SHF_EXECINSTR,2
	0x4000e2f6		$t
	0x4000e2f7		memcmp
.text.strchr	0x4000e312	0x14	C:\Apps\LLVM\4.0.3\armv7m-none-eabi\libc\lib/libc.a(strchr.o)	#SHT_PROGBITS,SHF_ALLOC|SHF_EXECINSTR,2
	0x4000e312		$t
	0x4000e313		strchr
.text.__strchrnul	0x4000e326	0x5c	C:\Apps\LLVM\4.0.3\armv7m-none-eabi\libc\lib/libc.a(strchrnul.o)	#SHT_PROGBITS,SHF_ALLOC|SHF_EXECINSTR,2
	0x4000e326		$t
	0x4000e327		__strchrnul
	0x4000e327		strchrnul
.text.strcspn	0x4000e382	0x6a	C:\Apps\LLVM\4.0.3\armv7m-none-eabi\libc\lib/libc.a(strcspn.o)	#SHT_PROGBITS,SHF_ALLOC|SHF_EXECINSTR,2
	0x4000e382		$t
	0x4000e383		strcspn
.text.strspn	0x4000e3ec	0x74	C:\Apps\LLVM\4.0.3\armv7m-none-eabi\libc\lib/libc.a(strspn.o)	#SHT_PROGBITS,SHF_ALLOC|SHF_EXECINSTR,2
	0x4000e3ec		$t
	0x4000e3ed		strspn
.text.wcrtomb	0x4000e460	0xb0	C:\Apps\LLVM\4.0.3\armv7m-none-eabi\libc\lib/libc.a(wcrtomb.o)	#SHT_PROGBITS,SHF_ALLOC|SHF_EXECINSTR,2
	0x4000e460		$t
	0x4000e461		wcrtomb
.text.__stdio_exit	0x4000e510	0x30	C:\Apps\LLVM\4.0.3\armv7m-none-eabi\libc\lib/libc.a(__stdio_exit.o)	#SHT_PROGBITS,SHF_ALLOC|SHF_EXECINSTR,4
	0x4000e510		$t
	0x4000e511		__stdio_exit
	0x4000e511		__stdio_exit_needed
	0x4000e538		$d
.text.close_file	0x4000e540	0x3c	C:\Apps\LLVM\4.0.3\armv7m-none-eabi\libc\lib/libc.a(__stdio_exit.o)	#SHT_PROGBITS,SHF_ALLOC|SHF_EXECINSTR,2
	0x4000e540		$t
	0x4000e541		close_file
.text.__ofl_lock	0x4000e57c	0x8	C:\Apps\LLVM\4.0.3\armv7m-none-eabi\libc\lib/libc.a(ofl.o)	#SHT_PROGBITS,SHF_ALLOC|SHF_EXECINSTR,4
	0x4000e57c		$t
	0x4000e57d		__ofl_lock
	0x4000e580		$d
.text.__ofl_unlock	0x4000e584	0x2	C:\Apps\LLVM\4.0.3\armv7m-none-eabi\libc\lib/libc.a(ofl.o)	#SHT_PROGBITS,SHF_ALLOC|SHF_EXECINSTR,2
	0x4000e584		$t
	0x4000e585		__ofl_unlock
PADDING_ALIGNMENT	0x4000e586	0x2	0x0
.text	0x4000e588	0x14	C:\Apps\LLVM\4.0.3\lib\clang\4.0.3\lib\baremetal/libclang_rt.builtins-armv7m.a(aeabi_uldivmod.S.obj)	#SHT_PROGBITS,SHF_ALLOC|SHF_EXECINSTR,4
	0x4000e588		$t.0
	0x4000e589		__aeabi_uldivmod
.text.__fixdfsi	0x4000e59c	0x68	C:\Apps\LLVM\4.0.3\lib\clang\4.0.3\lib\baremetal/libclang_rt.builtins-armv7m.a(fixdfsi.c.obj)	#SHT_PROGBITS,SHF_ALLOC|SHF_EXECINSTR,4
	0x4000e59c		$t.0
	0x4000e59d		__aeabi_d2iz
	0x4000e59d		__fixdfsi
	0x4000e5fc		$d.1
.text.__fixsfsi	0x4000e604	0x54	C:\Apps\LLVM\4.0.3\lib\clang\4.0.3\lib\baremetal/libclang_rt.builtins-armv7m.a(fixsfsi.c.obj)	#SHT_PROGBITS,SHF_ALLOC|SHF_EXECINSTR,4
	0x4000e604		$t.0
	0x4000e605		__aeabi_f2iz
	0x4000e605		__fixsfsi
	0x4000e654		$d.1
.text.__muldf3	0x4000e658	0x32c	C:\Apps\LLVM\4.0.3\lib\clang\4.0.3\lib\baremetal/libclang_rt.builtins-armv7m.a(muldf3.c.obj)	#SHT_PROGBITS,SHF_ALLOC|SHF_EXECINSTR,4
	0x4000e658		$t.0
	0x4000e659		__aeabi_dmul
	0x4000e659		__muldf3
	0x4000e970		$d.1
.text.normalize	0x4000e984	0x46	C:\Apps\LLVM\4.0.3\lib\clang\4.0.3\lib\baremetal/libclang_rt.builtins-armv7m.a(muldf3.c.obj)	#SHT_PROGBITS,SHF_ALLOC|SHF_EXECINSTR,2
	0x4000e984		$t.2
	0x4000e985		normalize
.text.__mulsf3	0x4000e9cc	0x13c	C:\Apps\LLVM\4.0.3\lib\clang\4.0.3\lib\baremetal/libclang_rt.builtins-armv7m.a(mulsf3.c.obj)	#SHT_PROGBITS,SHF_ALLOC|SHF_EXECINSTR,4
	0x4000e9cc		$t.0
	0x4000e9cd		__aeabi_fmul
	0x4000e9cd		__mulsf3
	0x4000eb00		$d.1
.text.normalize	0x4000eb08	0x14	C:\Apps\LLVM\4.0.3\lib\clang\4.0.3\lib\baremetal/libclang_rt.builtins-armv7m.a(mulsf3.c.obj)	#SHT_PROGBITS,SHF_ALLOC|SHF_EXECINSTR,2
	0x4000eb08		$t.2
	0x4000eb09		normalize
.text.__udivmoddi4	0x4000eb1c	0x1d4	C:\Apps\LLVM\4.0.3\lib\clang\4.0.3\lib\baremetal/libclang_rt.builtins-armv7m.a(udivmoddi4.c.obj)	#SHT_PROGBITS,SHF_ALLOC|SHF_EXECINSTR,2
	0x4000eb1c		$t.0
	0x4000eb1d		__udivmoddi4
*(Init )
*(.rodata .rodata.* )
.rodata.str1.1	0x4000ecf0	0x5	../../ril/psm/dam_psmtest/build/dam_psmtest_llvm/cortex-a7/ACFNAADZ/psm_test.o	#SHT_PROGBITS,SHF_ALLOC|SHF_MERGE|SHF_STRINGS,1
	0x4000ecf0		.L.str
.rodata.str1.1	0x4000ecf5	0x5	../../ril/psm/dam_psmtest/build/dam_psmtest_llvm/cortex-a7/ACFNAADZ/psm_test.o	#SHT_PROGBITS,SHF_ALLOC|SHF_MERGE|SHF_STRINGS,1
	0x4000ecf5		.L.str.1
.rodata.str1.1	0x4000ecfa	0x10	../../ril/psm/dam_psmtest/build/dam_psmtest_llvm/cortex-a7/ACFNAADZ/psm_test.o	#SHT_PROGBITS,SHF_ALLOC|SHF_MERGE|SHF_STRINGS,1
	0x4000ecfa		.L.str.2
.rodata.str1.1	0x4000ed0a	0x13	../../ril/psm/dam_psmtest/build/dam_psmtest_llvm/cortex-a7/ACFNAADZ/psm_test.o	#SHT_PROGBITS,SHF_ALLOC|SHF_MERGE|SHF_STRINGS,1
	0x4000ed0a		.L.str.3
.rodata.str1.1	0x4000ed1d	0x14	../../ril/psm/dam_psmtest/build/dam_psmtest_llvm/cortex-a7/ACFNAADZ/psm_test.o	#SHT_PROGBITS,SHF_ALLOC|SHF_MERGE|SHF_STRINGS,1
	0x4000ed1d		.L.str.4
.rodata.str1.1	0x4000ed31	0x22	../../ril/psm/dam_psmtest/build/dam_psmtest_llvm/cortex-a7/ACFNAADZ/psm_test.o	#SHT_PROGBITS,SHF_ALLOC|SHF_MERGE|SHF_STRINGS,1
	0x4000ed31		.L.str.5
.rodata.str1.1	0x4000ed53	0x1b	../../ril/psm/dam_psmtest/build/dam_psmtest_llvm/cortex-a7/ACFNAADZ/psm_test.o	#SHT_PROGBITS,SHF_ALLOC|SHF_MERGE|SHF_STRINGS,1
	0x4000ed53		.L.str.6
.rodata.str1.1	0x4000ed6e	0x18	../../ril/psm/dam_psmtest/build/dam_psmtest_llvm/cortex-a7/ACFNAADZ/psm_test.o	#SHT_PROGBITS,SHF_ALLOC|SHF_MERGE|SHF_STRINGS,1
	0x4000ed6e		.L.str.7
.rodata.str1.1	0x4000ed86	0x18	../../ril/psm/dam_psmtest/build/dam_psmtest_llvm/cortex-a7/ACFNAADZ/psm_test.o	#SHT_PROGBITS,SHF_ALLOC|SHF_MERGE|SHF_STRINGS,1
	0x4000ed86		.L.str.8
.rodata.str1.1	0x4000ed9e	0x22	../../ril/psm/dam_psmtest/build/dam_psmtest_llvm/cortex-a7/ACFNAADZ/psm_test.o	#SHT_PROGBITS,SHF_ALLOC|SHF_MERGE|SHF_STRINGS,1
	0x4000ed9e		.L.str.9
.rodata.str1.1	0x4000edc0	0x14	../../ril/psm/dam_psmtest/build/dam_psmtest_llvm/cortex-a7/ACFNAADZ/psm_test.o	#SHT_PROGBITS,SHF_ALLOC|SHF_MERGE|SHF_STRINGS,1
	0x4000edc0		.L.str.10
.rodata.str1.1	0x4000edd4	0x7	../../ril/psm/dam_psmtest/build/dam_psmtest_llvm/cortex-a7/ACFNAADZ/psm_test.o	#SHT_PROGBITS,SHF_ALLOC|SHF_MERGE|SHF_STRINGS,1
	0x4000edd4		.L.str.11
.rodata.str1.1	0x4000eddb	0x18	../../ril/psm/dam_psmtest/build/dam_psmtest_llvm/cortex-a7/ACFNAADZ/psm_test.o	#SHT_PROGBITS,SHF_ALLOC|SHF_MERGE|SHF_STRINGS,1
	0x4000eddb		.L.str.12
.rodata.str1.1	0x4000edf3	0x1c	../../ril/psm/dam_psmtest/build/dam_psmtest_llvm/cortex-a7/ACFNAADZ/psm_test.o	#SHT_PROGBITS,SHF_ALLOC|SHF_MERGE|SHF_STRINGS,1
	0x4000edf3		.L.str.13
.rodata.str1.1	0x4000ee0f	0x16	../../ril/psm/dam_psmtest/build/dam_psmtest_llvm/cortex-a7/ACFNAADZ/psm_test.o	#SHT_PROGBITS,SHF_ALLOC|SHF_MERGE|SHF_STRINGS,1
	0x4000ee0f		.L.str.14
.rodata.str1.1	0x4000ee25	0x1f	../../ril/psm/dam_psmtest/build/dam_psmtest_llvm/cortex-a7/ACFNAADZ/psm_test.o	#SHT_PROGBITS,SHF_ALLOC|SHF_MERGE|SHF_STRINGS,1
	0x4000ee25		.L.str.15
.rodata.str1.1	0x4000ee44	0xd	../../ril/psm/dam_psmtest/build/dam_psmtest_llvm/cortex-a7/ACFNAADZ/psm_test.o	#SHT_PROGBITS,SHF_ALLOC|SHF_MERGE|SHF_STRINGS,1
	0x4000ee44		.L.str.16
.rodata.str1.1	0x4000ee51	0x11	../../ril/psm/dam_psmtest/build/dam_psmtest_llvm/cortex-a7/ACFNAADZ/psm_test.o	#SHT_PROGBITS,SHF_ALLOC|SHF_MERGE|SHF_STRINGS,1
	0x4000ee51		.L.str.17
.rodata.str1.1	0x4000ee62	0x7	../../ril/psm/dam_psmtest/build/dam_psmtest_llvm/cortex-a7/ACFNAADZ/psm_test.o	#SHT_PROGBITS,SHF_ALLOC|SHF_MERGE|SHF_STRINGS,1
	0x4000ee62		.L.str.18
.rodata.str1.1	0x4000ee69	0x13	../../ril/psm/dam_psmtest/build/dam_psmtest_llvm/cortex-a7/ACFNAADZ/psm_test.o	#SHT_PROGBITS,SHF_ALLOC|SHF_MERGE|SHF_STRINGS,1
	0x4000ee69		.L.str.19
.rodata.str1.1	0x4000ee7c	0xc	../../ril/psm/dam_psmtest/build/dam_psmtest_llvm/cortex-a7/ACFNAADZ/psm_test.o	#SHT_PROGBITS,SHF_ALLOC|SHF_MERGE|SHF_STRINGS,1
	0x4000ee7c		.L.str.20
.rodata.str1.1	0x4000ee88	0x14	../../ril/psm/dam_psmtest/build/dam_psmtest_llvm/cortex-a7/ACFNAADZ/psm_test.o	#SHT_PROGBITS,SHF_ALLOC|SHF_MERGE|SHF_STRINGS,1
	0x4000ee88		.L.str.21
.rodata.str1.1	0x4000ee9c	0x15	../../ril/psm/dam_psmtest/build/dam_psmtest_llvm/cortex-a7/ACFNAADZ/psm_test.o	#SHT_PROGBITS,SHF_ALLOC|SHF_MERGE|SHF_STRINGS,1
	0x4000ee9c		.L.str.22
.rodata.str1.1	0x4000eeb1	0x2	../../ril/psm/dam_psmtest/build/dam_psmtest_llvm/cortex-a7/ACFNAADZ/psm_test.o	#SHT_PROGBITS,SHF_ALLOC|SHF_MERGE|SHF_STRINGS,1
	0x4000eeb1		.L.str.23
.rodata.str1.1	0x4000eeb3	0x1a	../../ril/psm/dam_psmtest/build/dam_psmtest_llvm/cortex-a7/ACFNAADZ/psm_test.o	#SHT_PROGBITS,SHF_ALLOC|SHF_MERGE|SHF_STRINGS,1
	0x4000eeb3		.L.str.24
.rodata.str1.1	0x4000eecd	0x1c	../../ril/psm/dam_psmtest/build/dam_psmtest_llvm/cortex-a7/ACFNAADZ/psm_test.o	#SHT_PROGBITS,SHF_ALLOC|SHF_MERGE|SHF_STRINGS,1
	0x4000eecd		.L.str.25
.rodata.str1.1	0x4000eee9	0x9	../../ril/psm/dam_psmtest/build/dam_psmtest_llvm/cortex-a7/ACFNAADZ/psm_test.o	#SHT_PROGBITS,SHF_ALLOC|SHF_MERGE|SHF_STRINGS,1
	0x4000eee9		.L.str.26
.rodata.str1.1	0x4000eef2	0x22	../../ril/psm/dam_psmtest/build/dam_psmtest_llvm/cortex-a7/ACFNAADZ/psm_test.o	#SHT_PROGBITS,SHF_ALLOC|SHF_MERGE|SHF_STRINGS,1
	0x4000eef2		.L.str.27
.rodata.str1.1	0x4000ef14	0x1e	../../ril/psm/dam_psmtest/build/dam_psmtest_llvm/cortex-a7/ACFNAADZ/psm_test.o	#SHT_PROGBITS,SHF_ALLOC|SHF_MERGE|SHF_STRINGS,1
	0x4000ef14		.L__func__.psm_dam_test_read_config_file
.rodata.str1.1	0x4000ef32	0x3	../../ril/psm/dam_psmtest/build/dam_psmtest_llvm/cortex-a7/ACFNAADZ/psm_test.o	#SHT_PROGBITS,SHF_ALLOC|SHF_MERGE|SHF_STRINGS,1
	0x4000ef32		.L.str.28
.rodata.str1.1	0x4000ef35	0x32	../../ril/psm/dam_psmtest/build/dam_psmtest_llvm/cortex-a7/ACFNAADZ/psm_test.o	#SHT_PROGBITS,SHF_ALLOC|SHF_MERGE|SHF_STRINGS,1
	0x4000ef35		.L.str.29
.rodata.str1.1	0x4000ef67	0x1e	../../ril/psm/dam_psmtest/build/dam_psmtest_llvm/cortex-a7/ACFNAADZ/psm_test.o	#SHT_PROGBITS,SHF_ALLOC|SHF_MERGE|SHF_STRINGS,1
	0x4000ef67		.L.str.30
.rodata.str1.1	0x4000ef85	0x24	../../ril/psm/dam_psmtest/build/dam_psmtest_llvm/cortex-a7/ACFNAADZ/psm_test.o	#SHT_PROGBITS,SHF_ALLOC|SHF_MERGE|SHF_STRINGS,1
	0x4000ef85		.L.str.32
.rodata.str1.1	0x4000efa9	0x4	../../ril/psm/dam_psmtest/build/dam_psmtest_llvm/cortex-a7/ACFNAADZ/psm_test.o	#SHT_PROGBITS,SHF_ALLOC|SHF_MERGE|SHF_STRINGS,1
	0x4000efa9		.L.str.34
.rodata.str1.1	0x4000efad	0x5	../../ril/psm/dam_psmtest/build/dam_psmtest_llvm/cortex-a7/ACFNAADZ/psm_test.o	#SHT_PROGBITS,SHF_ALLOC|SHF_MERGE|SHF_STRINGS,1
	0x4000efad		.L.str.35
.rodata.str1.1	0x4000efb2	0x16	../../ril/psm/dam_psmtest/build/dam_psmtest_llvm/cortex-a7/ACFNAADZ/psm_test.o	#SHT_PROGBITS,SHF_ALLOC|SHF_MERGE|SHF_STRINGS,1
	0x4000efb2		.L.str.36
.rodata.str1.1	0x4000efc8	0xe	../../ril/psm/dam_psmtest/build/dam_psmtest_llvm/cortex-a7/ACFNAADZ/psm_test.o	#SHT_PROGBITS,SHF_ALLOC|SHF_MERGE|SHF_STRINGS,1
	0x4000efc8		.L.str.37
.rodata.str1.1	0x4000efd6	0xd	../../ril/psm/dam_psmtest/build/dam_psmtest_llvm/cortex-a7/ACFNAADZ/psm_test.o	#SHT_PROGBITS,SHF_ALLOC|SHF_MERGE|SHF_STRINGS,1
	0x4000efd6		.L.str.38
.rodata.str1.1	0x4000efe3	0x10	../../ril/psm/dam_psmtest/build/dam_psmtest_llvm/cortex-a7/ACFNAADZ/psm_test.o	#SHT_PROGBITS,SHF_ALLOC|SHF_MERGE|SHF_STRINGS,1
	0x4000efe3		.L.str.39
.rodata.str1.1	0x4000eff3	0x17	../../ril/psm/dam_psmtest/build/dam_psmtest_llvm/cortex-a7/ACFNAADZ/psm_test.o	#SHT_PROGBITS,SHF_ALLOC|SHF_MERGE|SHF_STRINGS,1
	0x4000eff3		.L.str.40
.rodata.str1.1	0x4000f00a	0xb	../../ril/psm/dam_psmtest/build/dam_psmtest_llvm/cortex-a7/ACFNAADZ/psm_test.o	#SHT_PROGBITS,SHF_ALLOC|SHF_MERGE|SHF_STRINGS,1
	0x4000f00a		.L.str.41
.rodata.str1.1	0x4000f015	0xd	../../ril/psm/dam_psmtest/build/dam_psmtest_llvm/cortex-a7/ACFNAADZ/psm_test.o	#SHT_PROGBITS,SHF_ALLOC|SHF_MERGE|SHF_STRINGS,1
	0x4000f015		.L.str.42
.rodata.str1.1	0x4000f022	0xe	../../ril/psm/dam_psmtest/build/dam_psmtest_llvm/cortex-a7/ACFNAADZ/psm_test.o	#SHT_PROGBITS,SHF_ALLOC|SHF_MERGE|SHF_STRINGS,1
	0x4000f022		.L.str.43
.rodata.str1.1	0x4000f030	0xe	../../ril/psm/dam_psmtest/build/dam_psmtest_llvm/cortex-a7/ACFNAADZ/psm_test.o	#SHT_PROGBITS,SHF_ALLOC|SHF_MERGE|SHF_STRINGS,1
	0x4000f030		.L.str.44
.rodata.str1.1	0x4000f03e	0xd	../../ril/psm/dam_psmtest/build/dam_psmtest_llvm/cortex-a7/ACFNAADZ/psm_test.o	#SHT_PROGBITS,SHF_ALLOC|SHF_MERGE|SHF_STRINGS,1
	0x4000f03e		.L.str.45
.rodata.str1.1	0x4000f04b	0xd	../../ril/psm/dam_psmtest/build/dam_psmtest_llvm/cortex-a7/ACFNAADZ/psm_test.o	#SHT_PROGBITS,SHF_ALLOC|SHF_MERGE|SHF_STRINGS,1
	0x4000f04b		.L.str.46
.rodata.str1.1	0x4000f058	0x12	../../ril/psm/dam_psmtest/build/dam_psmtest_llvm/cortex-a7/ACFNAADZ/psm_test.o	#SHT_PROGBITS,SHF_ALLOC|SHF_MERGE|SHF_STRINGS,1
	0x4000f058		.L.str.47
.rodata.str1.1	0x4000f06a	0xb	../../ril/psm/dam_psmtest/build/dam_psmtest_llvm/cortex-a7/ACFNAADZ/psm_test.o	#SHT_PROGBITS,SHF_ALLOC|SHF_MERGE|SHF_STRINGS,1
	0x4000f06a		.L.str.48
.rodata.str1.1	0x4000f075	0xd	../../ril/psm/dam_psmtest/build/dam_psmtest_llvm/cortex-a7/ACFNAADZ/psm_test.o	#SHT_PROGBITS,SHF_ALLOC|SHF_MERGE|SHF_STRINGS,1
	0x4000f075		.L.str.49
.rodata.str1.1	0x4000f082	0xa	../../ril/psm/dam_psmtest/build/dam_psmtest_llvm/cortex-a7/ACFNAADZ/psm_test.o	#SHT_PROGBITS,SHF_ALLOC|SHF_MERGE|SHF_STRINGS,1
	0x4000f082		.L.str.50
.rodata.str1.1	0x4000f08c	0x9	../../ril/psm/dam_psmtest/build/dam_psmtest_llvm/cortex-a7/ACFNAADZ/psm_test.o	#SHT_PROGBITS,SHF_ALLOC|SHF_MERGE|SHF_STRINGS,1
	0x4000f08c		.L.str.51
.rodata.str1.1	0x4000f095	0x2c	../../ril/psm/dam_psmtest/build/dam_psmtest_llvm/cortex-a7/ACFNAADZ/psm_test.o	#SHT_PROGBITS,SHF_ALLOC|SHF_MERGE|SHF_STRINGS,1
	0x4000f095		.L.str.52
.rodata.str1.1	0x4000f0c1	0x24	../../ril/psm/dam_psmtest/build/dam_psmtest_llvm/cortex-a7/ACFNAADZ/psm_test.o	#SHT_PROGBITS,SHF_ALLOC|SHF_MERGE|SHF_STRINGS,1
	0x4000f0c1		.L.str.54
.rodata.str1.1	0x4000f0e5	0x22	../../ril/psm/dam_psmtest/build/dam_psmtest_llvm/cortex-a7/ACFNAADZ/psm_test.o	#SHT_PROGBITS,SHF_ALLOC|SHF_MERGE|SHF_STRINGS,1
	0x4000f0e5		.L.str.56
.rodata.str1.1	0x4000f107	0x1b	../../ril/psm/dam_psmtest/build/dam_psmtest_llvm/cortex-a7/ACFNAADZ/psm_test.o	#SHT_PROGBITS,SHF_ALLOC|SHF_MERGE|SHF_STRINGS,1
	0x4000f107		.L.str.58
.rodata.str1.1	0x4000f122	0x1d	../../ril/psm/dam_psmtest/build/dam_psmtest_llvm/cortex-a7/ACFNAADZ/psm_test.o	#SHT_PROGBITS,SHF_ALLOC|SHF_MERGE|SHF_STRINGS,1
	0x4000f122		.L.str.60
.rodata.str1.1	0x4000f13f	0x20	../../ril/psm/dam_psmtest/build/dam_psmtest_llvm/cortex-a7/ACFNAADZ/psm_test.o	#SHT_PROGBITS,SHF_ALLOC|SHF_MERGE|SHF_STRINGS,1
	0x4000f13f		.L.str.62
.rodata.str1.1	0x4000f15f	0x1e	../../ril/psm/dam_psmtest/build/dam_psmtest_llvm/cortex-a7/ACFNAADZ/psm_test.o	#SHT_PROGBITS,SHF_ALLOC|SHF_MERGE|SHF_STRINGS,1
	0x4000f15f		.L.str.64
.rodata.str1.1	0x4000f17d	0x21	../../ril/psm/dam_psmtest/build/dam_psmtest_llvm/cortex-a7/ACFNAADZ/psm_test.o	#SHT_PROGBITS,SHF_ALLOC|SHF_MERGE|SHF_STRINGS,1
	0x4000f17d		.L.str.66
.rodata.str1.1	0x4000f19e	0x23	../../ril/psm/dam_psmtest/build/dam_psmtest_llvm/cortex-a7/ACFNAADZ/psm_test.o	#SHT_PROGBITS,SHF_ALLOC|SHF_MERGE|SHF_STRINGS,1
	0x4000f19e		.L.str.68
.rodata.str1.1	0x4000f1c1	0x24	../../ril/psm/dam_psmtest/build/dam_psmtest_llvm/cortex-a7/ACFNAADZ/psm_test.o	#SHT_PROGBITS,SHF_ALLOC|SHF_MERGE|SHF_STRINGS,1
	0x4000f1c1		.L.str.70
.rodata.str1.1	0x4000f1e5	0x24	../../ril/psm/dam_psmtest/build/dam_psmtest_llvm/cortex-a7/ACFNAADZ/psm_test.o	#SHT_PROGBITS,SHF_ALLOC|SHF_MERGE|SHF_STRINGS,1
	0x4000f1e5		.L.str.72
.rodata.str1.1	0x4000f209	0x23	../../ril/psm/dam_psmtest/build/dam_psmtest_llvm/cortex-a7/ACFNAADZ/psm_test.o	#SHT_PROGBITS,SHF_ALLOC|SHF_MERGE|SHF_STRINGS,1
	0x4000f209		.L.str.74
.rodata.str1.1	0x4000f22c	0x23	../../ril/psm/dam_psmtest/build/dam_psmtest_llvm/cortex-a7/ACFNAADZ/psm_test.o	#SHT_PROGBITS,SHF_ALLOC|SHF_MERGE|SHF_STRINGS,1
	0x4000f22c		.L.str.76
.rodata.str1.1	0x4000f24f	0x28	../../ril/psm/dam_psmtest/build/dam_psmtest_llvm/cortex-a7/ACFNAADZ/psm_test.o	#SHT_PROGBITS,SHF_ALLOC|SHF_MERGE|SHF_STRINGS,1
	0x4000f24f		.L.str.78
.rodata.str1.1	0x4000f277	0x1b	../../ril/psm/dam_psmtest/build/dam_psmtest_llvm/cortex-a7/ACFNAADZ/psm_test.o	#SHT_PROGBITS,SHF_ALLOC|SHF_MERGE|SHF_STRINGS,1
	0x4000f277		.L.str.80
.rodata.str1.1	0x4000f292	0x13	../../ril/psm/dam_psmtest/build/dam_psmtest_llvm/cortex-a7/ACFNAADZ/psm_test.o	#SHT_PROGBITS,SHF_ALLOC|SHF_MERGE|SHF_STRINGS,1
	0x4000f292		.L.str.82
.rodata.str1.1	0x4000f2a5	0xf	../../ril/psm/dam_psmtest/build/dam_psmtest_llvm/cortex-a7/ACFNAADZ/psm_test.o	#SHT_PROGBITS,SHF_ALLOC|SHF_MERGE|SHF_STRINGS,1
	0x4000f2a5		.L.str.84
.rodata.str1.1	0x4000f2b4	0x16	../../ril/psm/dam_psmtest/build/dam_psmtest_llvm/cortex-a7/ACFNAADZ/psm_test.o	#SHT_PROGBITS,SHF_ALLOC|SHF_MERGE|SHF_STRINGS,1
	0x4000f2b4		.L.str.86
.rodata.str1.1	0x4000f2ca	0x12	../../ril/psm/dam_psmtest/build/dam_psmtest_llvm/cortex-a7/ACFNAADZ/psm_test.o	#SHT_PROGBITS,SHF_ALLOC|SHF_MERGE|SHF_STRINGS,1
	0x4000f2ca		.L.str.88
.rodata.str1.1	0x4000f2dc	0x2e	../../ril/psm/dam_psmtest/build/dam_psmtest_llvm/cortex-a7/ACFNAADZ/psm_test.o	#SHT_PROGBITS,SHF_ALLOC|SHF_MERGE|SHF_STRINGS,1
	0x4000f2dc		.L.str.90
.rodata.str1.1	0x4000f30a	0x1c	../../ril/psm/dam_psmtest/build/dam_psmtest_llvm/cortex-a7/ACFNAADZ/psm_test.o	#SHT_PROGBITS,SHF_ALLOC|SHF_MERGE|SHF_STRINGS,1
	0x4000f30a		.L.str.92
.rodata.str1.1	0x4000f326	0x17	../../ril/psm/dam_psmtest/build/dam_psmtest_llvm/cortex-a7/ACFNAADZ/psm_test.o	#SHT_PROGBITS,SHF_ALLOC|SHF_MERGE|SHF_STRINGS,1
	0x4000f326		.L__func__.psm_dam_test_gpio_init
.rodata.str1.1	0x4000f33d	0x20	../../ril/psm/dam_psmtest/build/dam_psmtest_llvm/cortex-a7/ACFNAADZ/psm_test.o	#SHT_PROGBITS,SHF_ALLOC|SHF_MERGE|SHF_STRINGS,1
	0x4000f33d		.L.str.93
.rodata.str1.1	0x4000f35d	0x11	../../ril/psm/dam_psmtest/build/dam_psmtest_llvm/cortex-a7/ACFNAADZ/psm_test.o	#SHT_PROGBITS,SHF_ALLOC|SHF_MERGE|SHF_STRINGS,1
	0x4000f35d		.L.str.95
.rodata.str1.1	0x4000f36e	0x16	../../ril/psm/dam_psmtest/build/dam_psmtest_llvm/cortex-a7/ACFNAADZ/psm_test.o	#SHT_PROGBITS,SHF_ALLOC|SHF_MERGE|SHF_STRINGS,1
	0x4000f36e		.L__func__.psm_dam_test_gpio_set
.rodata.str1.1	0x4000f384	0x27	../../ril/psm/dam_psmtest/build/dam_psmtest_llvm/cortex-a7/ACFNAADZ/psm_test.o	#SHT_PROGBITS,SHF_ALLOC|SHF_MERGE|SHF_STRINGS,1
	0x4000f384		.L.str.96
.rodata.str1.1	0x4000f3ab	0x1f	../../ril/psm/dam_psmtest/build/dam_psmtest_llvm/cortex-a7/ACFNAADZ/psm_test.o	#SHT_PROGBITS,SHF_ALLOC|SHF_MERGE|SHF_STRINGS,1
	0x4000f3ab		.L.str.98
.rodata.str1.1	0x4000f3ca	0x21	../../ril/psm/dam_psmtest/build/dam_psmtest_llvm/cortex-a7/ACFNAADZ/psm_test.o	#SHT_PROGBITS,SHF_ALLOC|SHF_MERGE|SHF_STRINGS,1
	0x4000f3ca		.L__func__.psm_dam_test_start_lte_data_call
.rodata.str1.1	0x4000f3eb	0x1a	../../ril/psm/dam_psmtest/build/dam_psmtest_llvm/cortex-a7/ACFNAADZ/psm_test.o	#SHT_PROGBITS,SHF_ALLOC|SHF_MERGE|SHF_STRINGS,1
	0x4000f3eb		.L.str.99
.rodata.str1.1	0x4000f405	0x11	../../ril/psm/dam_psmtest/build/dam_psmtest_llvm/cortex-a7/ACFNAADZ/psm_test.o	#SHT_PROGBITS,SHF_ALLOC|SHF_MERGE|SHF_STRINGS,1
	0x4000f405		.L.str.101
.rodata.str1.1	0x4000f416	0x10	../../ril/psm/dam_psmtest/build/dam_psmtest_llvm/cortex-a7/ACFNAADZ/psm_test.o	#SHT_PROGBITS,SHF_ALLOC|SHF_MERGE|SHF_STRINGS,1
	0x4000f416		.L.str.103
.rodata.str1.1	0x4000f426	0x15	../../ril/psm/dam_psmtest/build/dam_psmtest_llvm/cortex-a7/ACFNAADZ/psm_test.o	#SHT_PROGBITS,SHF_ALLOC|SHF_MERGE|SHF_STRINGS,1
	0x4000f426		.L.str.105
.rodata.str1.1	0x4000f43b	0x1e	../../ril/psm/dam_psmtest/build/dam_psmtest_llvm/cortex-a7/ACFNAADZ/psm_test.o	#SHT_PROGBITS,SHF_ALLOC|SHF_MERGE|SHF_STRINGS,1
	0x4000f43b		.L.str.107
.rodata.str1.1	0x4000f459	0x2c	../../ril/psm/dam_psmtest/build/dam_psmtest_llvm/cortex-a7/ACFNAADZ/psm_test.o	#SHT_PROGBITS,SHF_ALLOC|SHF_MERGE|SHF_STRINGS,1
	0x4000f459		.L.str.109
.rodata.str1.1	0x4000f485	0x1d	../../ril/psm/dam_psmtest/build/dam_psmtest_llvm/cortex-a7/ACFNAADZ/psm_test.o	#SHT_PROGBITS,SHF_ALLOC|SHF_MERGE|SHF_STRINGS,1
	0x4000f485		.L.str.111
.rodata.str1.1	0x4000f4a2	0x13	../../ril/psm/dam_psmtest/build/dam_psmtest_llvm/cortex-a7/ACFNAADZ/psm_test.o	#SHT_PROGBITS,SHF_ALLOC|SHF_MERGE|SHF_STRINGS,1
	0x4000f4a2		.L.str.113
.rodata.str1.1	0x4000f4b5	0x11	../../ril/psm/dam_psmtest/build/dam_psmtest_llvm/cortex-a7/ACFNAADZ/psm_test.o	#SHT_PROGBITS,SHF_ALLOC|SHF_MERGE|SHF_STRINGS,1
	0x4000f4b5		.L.str.115
.rodata.str1.1	0x4000f4c6	0x20	../../ril/psm/dam_psmtest/build/dam_psmtest_llvm/cortex-a7/ACFNAADZ/psm_test.o	#SHT_PROGBITS,SHF_ALLOC|SHF_MERGE|SHF_STRINGS,1
	0x4000f4c6		.L__func__.psm_dam_test_app_call_back_func
.rodata.str1.1	0x4000f4e6	0x12	../../ril/psm/dam_psmtest/build/dam_psmtest_llvm/cortex-a7/ACFNAADZ/psm_test.o	#SHT_PROGBITS,SHF_ALLOC|SHF_MERGE|SHF_STRINGS,1
	0x4000f4e6		.L.str.116
.rodata.str1.1	0x4000f4f8	0x13	../../ril/psm/dam_psmtest/build/dam_psmtest_llvm/cortex-a7/ACFNAADZ/psm_test.o	#SHT_PROGBITS,SHF_ALLOC|SHF_MERGE|SHF_STRINGS,1
	0x4000f4f8		.L.str.118
.rodata.str1.1	0x4000f50b	0x16	../../ril/psm/dam_psmtest/build/dam_psmtest_llvm/cortex-a7/ACFNAADZ/psm_test.o	#SHT_PROGBITS,SHF_ALLOC|SHF_MERGE|SHF_STRINGS,1
	0x4000f50b		.L.str.120
.rodata.str1.1	0x4000f521	0xe	../../ril/psm/dam_psmtest/build/dam_psmtest_llvm/cortex-a7/ACFNAADZ/psm_test.o	#SHT_PROGBITS,SHF_ALLOC|SHF_MERGE|SHF_STRINGS,1
	0x4000f521		.L.str.122
.rodata.str1.1	0x4000f52f	0x2e	../../ril/psm/dam_psmtest/build/dam_psmtest_llvm/cortex-a7/ACFNAADZ/psm_test.o	#SHT_PROGBITS,SHF_ALLOC|SHF_MERGE|SHF_STRINGS,1
	0x4000f52f		.L.str.124
.rodata.str1.1	0x4000f55d	0x1a	../../ril/psm/dam_psmtest/build/dam_psmtest_llvm/cortex-a7/ACFNAADZ/psm_test.o	#SHT_PROGBITS,SHF_ALLOC|SHF_MERGE|SHF_STRINGS,1
	0x4000f55d		.L__func__.psm_dam_test_net_event_cb
.rodata.str1.1	0x4000f577	0x34	../../ril/psm/dam_psmtest/build/dam_psmtest_llvm/cortex-a7/ACFNAADZ/psm_test.o	#SHT_PROGBITS,SHF_ALLOC|SHF_MERGE|SHF_STRINGS,1
	0x4000f577		.L.str.125
.rodata.str1.1	0x4000f5ab	0x21	../../ril/psm/dam_psmtest/build/dam_psmtest_llvm/cortex-a7/ACFNAADZ/psm_test.o	#SHT_PROGBITS,SHF_ALLOC|SHF_MERGE|SHF_STRINGS,1
	0x4000f5ab		.L__func__.psm_dam_test_fetch_network_state
.rodata.str1.1	0x4000f5cc	0x52	../../ril/psm/dam_psmtest/build/dam_psmtest_llvm/cortex-a7/ACFNAADZ/psm_test.o	#SHT_PROGBITS,SHF_ALLOC|SHF_MERGE|SHF_STRINGS,1
	0x4000f5cc		.L.str.126
.rodata.str1.1	0x4000f61e	0x33	../../ril/psm/dam_psmtest/build/dam_psmtest_llvm/cortex-a7/ACFNAADZ/psm_test.o	#SHT_PROGBITS,SHF_ALLOC|SHF_MERGE|SHF_STRINGS,1
	0x4000f61e		.L.str.128
.rodata.str1.1	0x4000f651	0x26	../../ril/psm/dam_psmtest/build/dam_psmtest_llvm/cortex-a7/ACFNAADZ/psm_test.o	#SHT_PROGBITS,SHF_ALLOC|SHF_MERGE|SHF_STRINGS,1
	0x4000f651		.L.str.130
.rodata.str1.1	0x4000f677	0x12	../../ril/psm/dam_psmtest/build/dam_psmtest_llvm/cortex-a7/ACFNAADZ/psm_test.o	#SHT_PROGBITS,SHF_ALLOC|SHF_MERGE|SHF_STRINGS,1
	0x4000f677		.L.str.132
.rodata.str1.1	0x4000f689	0xb	../../ril/psm/dam_psmtest/build/dam_psmtest_llvm/cortex-a7/ACFNAADZ/psm_test.o	#SHT_PROGBITS,SHF_ALLOC|SHF_MERGE|SHF_STRINGS,1
	0x4000f689		.L.str.134
.rodata.str1.1	0x4000f694	0x19	../../ril/psm/dam_psmtest/build/dam_psmtest_llvm/cortex-a7/ACFNAADZ/psm_test.o	#SHT_PROGBITS,SHF_ALLOC|SHF_MERGE|SHF_STRINGS,1
	0x4000f694		.L.str.136
.rodata.str1.1	0x4000f6ad	0x3b	../../ril/psm/dam_psmtest/build/dam_psmtest_llvm/cortex-a7/ACFNAADZ/psm_test.o	#SHT_PROGBITS,SHF_ALLOC|SHF_MERGE|SHF_STRINGS,1
	0x4000f6ad		.L.str.138
.rodata.str1.1	0x4000f6e8	0x15	../../ril/psm/dam_psmtest/build/dam_psmtest_llvm/cortex-a7/ACFNAADZ/psm_test.o	#SHT_PROGBITS,SHF_ALLOC|SHF_MERGE|SHF_STRINGS,1
	0x4000f6e8		.L__func__.device_info_callback
.rodata.str1.1	0x4000f6fd	0x35	../../ril/psm/dam_psmtest/build/dam_psmtest_llvm/cortex-a7/ACFNAADZ/psm_test.o	#SHT_PROGBITS,SHF_ALLOC|SHF_MERGE|SHF_STRINGS,1
	0x4000f6fd		.L.str.139
.rodata.str1.1	0x4000f732	0x40	../../ril/psm/dam_psmtest/build/dam_psmtest_llvm/cortex-a7/ACFNAADZ/psm_test.o	#SHT_PROGBITS,SHF_ALLOC|SHF_MERGE|SHF_STRINGS,1
	0x4000f732		.L.str.141
.rodata.str1.1	0x4000f772	0x25	../../ril/psm/dam_psmtest/build/dam_psmtest_llvm/cortex-a7/ACFNAADZ/psm_test.o	#SHT_PROGBITS,SHF_ALLOC|SHF_MERGE|SHF_STRINGS,1
	0x4000f772		.L.str.145
.rodata.str1.1	0x4000f797	0x1b	../../ril/psm/dam_psmtest/build/dam_psmtest_llvm/cortex-a7/ACFNAADZ/psm_test.o	#SHT_PROGBITS,SHF_ALLOC|SHF_MERGE|SHF_STRINGS,1
	0x4000f797		.L__func__.psm_dam_test_devinfo_init2
.rodata.str1.1	0x4000f7b2	0x46	../../ril/psm/dam_psmtest/build/dam_psmtest_llvm/cortex-a7/ACFNAADZ/psm_test.o	#SHT_PROGBITS,SHF_ALLOC|SHF_MERGE|SHF_STRINGS,1
	0x4000f7b2		.L.str.146
.rodata.str1.1	0x4000f7f8	0x46	../../ril/psm/dam_psmtest/build/dam_psmtest_llvm/cortex-a7/ACFNAADZ/psm_test.o	#SHT_PROGBITS,SHF_ALLOC|SHF_MERGE|SHF_STRINGS,1
	0x4000f7f8		.L.str.148
.rodata.str1.1	0x4000f83e	0x26	../../ril/psm/dam_psmtest/build/dam_psmtest_llvm/cortex-a7/ACFNAADZ/psm_test.o	#SHT_PROGBITS,SHF_ALLOC|SHF_MERGE|SHF_STRINGS,1
	0x4000f83e		.L.str.150
.rodata.str1.1	0x4000f864	0x15	../../ril/psm/dam_psmtest/build/dam_psmtest_llvm/cortex-a7/ACFNAADZ/psm_test.o	#SHT_PROGBITS,SHF_ALLOC|SHF_MERGE|SHF_STRINGS,1
	0x4000f864		.L.str.152
.rodata.str1.1	0x4000f879	0x13	../../ril/psm/dam_psmtest/build/dam_psmtest_llvm/cortex-a7/ACFNAADZ/psm_test.o	#SHT_PROGBITS,SHF_ALLOC|SHF_MERGE|SHF_STRINGS,1
	0x4000f879		.L.str.154
.rodata.str1.1	0x4000f88c	0x14	../../ril/psm/dam_psmtest/build/dam_psmtest_llvm/cortex-a7/ACFNAADZ/psm_test.o	#SHT_PROGBITS,SHF_ALLOC|SHF_MERGE|SHF_STRINGS,1
	0x4000f88c		.L.str.156
.rodata.str1.1	0x4000f8a0	0x20	../../ril/psm/dam_psmtest/build/dam_psmtest_llvm/cortex-a7/ACFNAADZ/psm_test.o	#SHT_PROGBITS,SHF_ALLOC|SHF_MERGE|SHF_STRINGS,1
	0x4000f8a0		.L.str.158
.rodata.str1.1	0x4000f8c0	0xe	../../ril/psm/dam_psmtest/build/dam_psmtest_llvm/cortex-a7/ACFNAADZ/psm_test.o	#SHT_PROGBITS,SHF_ALLOC|SHF_MERGE|SHF_STRINGS,1
	0x4000f8c0		.L.str.160
.rodata.str1.1	0x4000f8ce	0x1e	../../ril/psm/dam_psmtest/build/dam_psmtest_llvm/cortex-a7/ACFNAADZ/psm_test.o	#SHT_PROGBITS,SHF_ALLOC|SHF_MERGE|SHF_STRINGS,1
	0x4000f8ce		.L.str.162
.rodata.str1.1	0x4000f8ec	0x2e	../../ril/psm/dam_psmtest/build/dam_psmtest_llvm/cortex-a7/ACFNAADZ/psm_test.o	#SHT_PROGBITS,SHF_ALLOC|SHF_MERGE|SHF_STRINGS,1
	0x4000f8ec		.L.str.164
.rodata.str1.1	0x4000f91a	0x12	../../ril/psm/dam_psmtest/build/dam_psmtest_llvm/cortex-a7/ACFNAADZ/psm_test.o	#SHT_PROGBITS,SHF_ALLOC|SHF_MERGE|SHF_STRINGS,1
	0x4000f91a		.L.str.166
.rodata.str1.1	0x4000f92c	0x15	../../ril/psm/dam_psmtest/build/dam_psmtest_llvm/cortex-a7/ACFNAADZ/psm_test.o	#SHT_PROGBITS,SHF_ALLOC|SHF_MERGE|SHF_STRINGS,1
	0x4000f92c		.L__func__.psm_dam_get_MTU_size
.rodata.str1.1	0x4000f941	0x11	../../ril/psm/dam_psmtest/build/dam_psmtest_llvm/cortex-a7/ACFNAADZ/psm_test.o	#SHT_PROGBITS,SHF_ALLOC|SHF_MERGE|SHF_STRINGS,1
	0x4000f941		.L.str.167
.rodata.str1.1	0x4000f952	0xc	../../ril/psm/dam_psmtest/build/dam_psmtest_llvm/cortex-a7/ACFNAADZ/psm_test.o	#SHT_PROGBITS,SHF_ALLOC|SHF_MERGE|SHF_STRINGS,1
	0x4000f952		.L.str.169
.rodata.str1.1	0x4000f95e	0xa	../../ril/psm/dam_psmtest/build/dam_psmtest_llvm/cortex-a7/ACFNAADZ/psm_test.o	#SHT_PROGBITS,SHF_ALLOC|SHF_MERGE|SHF_STRINGS,1
	0x4000f95e		.L.str.171
.rodata.str1.1	0x4000f968	0x20	../../ril/psm/dam_psmtest/build/dam_psmtest_llvm/cortex-a7/ACFNAADZ/psm_test.o	#SHT_PROGBITS,SHF_ALLOC|SHF_MERGE|SHF_STRINGS,1
	0x4000f968		.L.str.173
.rodata.str1.1	0x4000f988	0x22	../../ril/psm/dam_psmtest/build/dam_psmtest_llvm/cortex-a7/ACFNAADZ/psm_test.o	#SHT_PROGBITS,SHF_ALLOC|SHF_MERGE|SHF_STRINGS,1
	0x4000f988		.L.str.175
.rodata.str1.1	0x4000f9aa	0x1a	../../ril/psm/dam_psmtest/build/dam_psmtest_llvm/cortex-a7/ACFNAADZ/psm_test.o	#SHT_PROGBITS,SHF_ALLOC|SHF_MERGE|SHF_STRINGS,1
	0x4000f9aa		.L__func__.psm_dam_test_perform_ping
.rodata.str1.1	0x4000f9c4	0x23	../../ril/psm/dam_psmtest/build/dam_psmtest_llvm/cortex-a7/ACFNAADZ/psm_test.o	#SHT_PROGBITS,SHF_ALLOC|SHF_MERGE|SHF_STRINGS,1
	0x4000f9c4		.L.str.176
.rodata.str1.1	0x4000f9e7	0x1c	../../ril/psm/dam_psmtest/build/dam_psmtest_llvm/cortex-a7/ACFNAADZ/psm_test.o	#SHT_PROGBITS,SHF_ALLOC|SHF_MERGE|SHF_STRINGS,1
	0x4000f9e7		.L.str.178
.rodata.str1.1	0x4000fa03	0x1c	../../ril/psm/dam_psmtest/build/dam_psmtest_llvm/cortex-a7/ACFNAADZ/psm_test.o	#SHT_PROGBITS,SHF_ALLOC|SHF_MERGE|SHF_STRINGS,1
	0x4000fa03		.L.str.180
.rodata.str1.1	0x4000fa1f	0x11	../../ril/psm/dam_psmtest/build/dam_psmtest_llvm/cortex-a7/ACFNAADZ/psm_test.o	#SHT_PROGBITS,SHF_ALLOC|SHF_MERGE|SHF_STRINGS,1
	0x4000fa1f		.L.str.182
.rodata.str1.1	0x4000fa30	0x1a	../../ril/psm/dam_psmtest/build/dam_psmtest_llvm/cortex-a7/ACFNAADZ/psm_test.o	#SHT_PROGBITS,SHF_ALLOC|SHF_MERGE|SHF_STRINGS,1
	0x4000fa30		.L.str.184
.rodata.str1.1	0x4000fa4a	0x38	../../ril/psm/dam_psmtest/build/dam_psmtest_llvm/cortex-a7/ACFNAADZ/psm_test.o	#SHT_PROGBITS,SHF_ALLOC|SHF_MERGE|SHF_STRINGS,1
	0x4000fa4a		.L.str.187
.rodata.str1.1	0x4000fa82	0x15	../../ril/psm/dam_psmtest/build/dam_psmtest_llvm/cortex-a7/ACFNAADZ/psm_test.o	#SHT_PROGBITS,SHF_ALLOC|SHF_MERGE|SHF_STRINGS,1
	0x4000fa82		.L.str.189
.rodata.str1.1	0x4000fa97	0x21	../../ril/psm/dam_psmtest/build/dam_psmtest_llvm/cortex-a7/ACFNAADZ/psm_test.o	#SHT_PROGBITS,SHF_ALLOC|SHF_MERGE|SHF_STRINGS,1
	0x4000fa97		.L.str.191
.rodata.str1.1	0x4000fab8	0x11	../../ril/psm/dam_psmtest/build/dam_psmtest_llvm/cortex-a7/ACFNAADZ/psm_test.o	#SHT_PROGBITS,SHF_ALLOC|SHF_MERGE|SHF_STRINGS,1
	0x4000fab8		.L.str.193
.rodata.str1.1	0x4000fac9	0x1e	../../ril/psm/dam_psmtest/build/dam_psmtest_llvm/cortex-a7/ACFNAADZ/psm_test.o	#SHT_PROGBITS,SHF_ALLOC|SHF_MERGE|SHF_STRINGS,1
	0x4000fac9		.L.str.195
.rodata.str1.1	0x4000fae7	0x12	../../ril/psm/dam_psmtest/build/dam_psmtest_llvm/cortex-a7/ACFNAADZ/psm_test.o	#SHT_PROGBITS,SHF_ALLOC|SHF_MERGE|SHF_STRINGS,1
	0x4000fae7		.L.str.197
.rodata.str1.1	0x4000faf9	0x15	../../ril/psm/dam_psmtest/build/dam_psmtest_llvm/cortex-a7/ACFNAADZ/psm_test.o	#SHT_PROGBITS,SHF_ALLOC|SHF_MERGE|SHF_STRINGS,1
	0x4000faf9		.L.str.199
.rodata.str1.1	0x4000fb0e	0x1f	../../ril/psm/dam_psmtest/build/dam_psmtest_llvm/cortex-a7/ACFNAADZ/psm_test.o	#SHT_PROGBITS,SHF_ALLOC|SHF_MERGE|SHF_STRINGS,1
	0x4000fb0e		.L.str.201
.rodata.str1.1	0x4000fb2d	0x12	../../ril/psm/dam_psmtest/build/dam_psmtest_llvm/cortex-a7/ACFNAADZ/psm_test.o	#SHT_PROGBITS,SHF_ALLOC|SHF_MERGE|SHF_STRINGS,1
	0x4000fb2d		.L.str.203
.rodata.str1.1	0x4000fb3f	0x20	../../ril/psm/dam_psmtest/build/dam_psmtest_llvm/cortex-a7/ACFNAADZ/psm_test.o	#SHT_PROGBITS,SHF_ALLOC|SHF_MERGE|SHF_STRINGS,1
	0x4000fb3f		.L.str.205
.rodata.str1.1	0x4000fb5f	0x13	../../ril/psm/dam_psmtest/build/dam_psmtest_llvm/cortex-a7/ACFNAADZ/psm_test.o	#SHT_PROGBITS,SHF_ALLOC|SHF_MERGE|SHF_STRINGS,1
	0x4000fb5f		.L.str.207
.rodata.str1.1	0x4000fb72	0x12	../../ril/psm/dam_psmtest/build/dam_psmtest_llvm/cortex-a7/ACFNAADZ/psm_test.o	#SHT_PROGBITS,SHF_ALLOC|SHF_MERGE|SHF_STRINGS,1
	0x4000fb72		.L.str.209
.rodata.str1.1	0x4000fb84	0x1c	../../ril/psm/dam_psmtest/build/dam_psmtest_llvm/cortex-a7/ACFNAADZ/psm_test.o	#SHT_PROGBITS,SHF_ALLOC|SHF_MERGE|SHF_STRINGS,1
	0x4000fb84		.L.str.211
.rodata.str1.1	0x4000fba0	0x1c	../../ril/psm/dam_psmtest/build/dam_psmtest_llvm/cortex-a7/ACFNAADZ/psm_test.o	#SHT_PROGBITS,SHF_ALLOC|SHF_MERGE|SHF_STRINGS,1
	0x4000fba0		.L.str.214
.rodata.str1.1	0x4000fbbc	0x15	../../ril/psm/dam_psmtest/build/dam_psmtest_llvm/cortex-a7/ACFNAADZ/psm_test.o	#SHT_PROGBITS,SHF_ALLOC|SHF_MERGE|SHF_STRINGS,1
	0x4000fbbc		.L.str.219
.rodata.str1.1	0x4000fbd1	0x15	../../ril/psm/dam_psmtest/build/dam_psmtest_llvm/cortex-a7/ACFNAADZ/psm_test.o	#SHT_PROGBITS,SHF_ALLOC|SHF_MERGE|SHF_STRINGS,1
	0x4000fbd1		.L.str.231
.rodata.str1.1	0x4000fbe6	0x29	../../ril/psm/dam_psmtest/build/dam_psmtest_llvm/cortex-a7/ACFNAADZ/psm_test.o	#SHT_PROGBITS,SHF_ALLOC|SHF_MERGE|SHF_STRINGS,1
	0x4000fbe6		.L.str.233
.rodata.str1.1	0x4000fc0f	0x19	../../ril/psm/dam_psmtest/build/dam_psmtest_llvm/cortex-a7/ACFNAADZ/psm_test.o	#SHT_PROGBITS,SHF_ALLOC|SHF_MERGE|SHF_STRINGS,1
	0x4000fc0f		.L.str.235
.rodata.str1.1	0x4000fc28	0x34	../../ril/psm/dam_psmtest/build/dam_psmtest_llvm/cortex-a7/ACFNAADZ/psm_test.o	#SHT_PROGBITS,SHF_ALLOC|SHF_MERGE|SHF_STRINGS,1
	0x4000fc28		.L.str.237
.rodata.str1.1	0x4000fc5c	0x1c	../../ril/psm/dam_psmtest/build/dam_psmtest_llvm/cortex-a7/ACFNAADZ/psm_test.o	#SHT_PROGBITS,SHF_ALLOC|SHF_MERGE|SHF_STRINGS,1
	0x4000fc5c		.L__func__.psm_dam_test_enter_psm_auto
.rodata.str1.1	0x4000fc78	0x1e	../../ril/psm/dam_psmtest/build/dam_psmtest_llvm/cortex-a7/ACFNAADZ/psm_test.o	#SHT_PROGBITS,SHF_ALLOC|SHF_MERGE|SHF_STRINGS,1
	0x4000fc78		.L.str.238
.rodata.str1.1	0x4000fc96	0x1b	../../ril/psm/dam_psmtest/build/dam_psmtest_llvm/cortex-a7/ACFNAADZ/psm_test.o	#SHT_PROGBITS,SHF_ALLOC|SHF_MERGE|SHF_STRINGS,1
	0x4000fc96		.L.str.240
.rodata.str1.1	0x4000fcb1	0xb	../../ril/psm/dam_psmtest/build/dam_psmtest_llvm/cortex-a7/ACFNAADZ/psm_test.o	#SHT_PROGBITS,SHF_ALLOC|SHF_MERGE|SHF_STRINGS,1
	0x4000fcb1		.L.str.242
.rodata.str1.1	0x4000fcbc	0x8	../../ril/psm/dam_psmtest/build/dam_psmtest_llvm/cortex-a7/ACFNAADZ/psm_test.o	#SHT_PROGBITS,SHF_ALLOC|SHF_MERGE|SHF_STRINGS,1
	0x4000fcbc		.L.str.243
.rodata.str1.1	0x4000fcc4	0xb	../../ril/psm/dam_psmtest/build/dam_psmtest_llvm/cortex-a7/ACFNAADZ/psm_test.o	#SHT_PROGBITS,SHF_ALLOC|SHF_MERGE|SHF_STRINGS,1
	0x4000fcc4		.L.str.245
.rodata.str1.1	0x4000fccf	0x1f	../../ril/psm/dam_psmtest/build/dam_psmtest_llvm/cortex-a7/ACFNAADZ/psm_test.o	#SHT_PROGBITS,SHF_ALLOC|SHF_MERGE|SHF_STRINGS,1
	0x4000fccf		.L.str.247
.rodata.str1.1	0x4000fcee	0x27	../../ril/psm/dam_psmtest/build/dam_psmtest_llvm/cortex-a7/ACFNAADZ/psm_test.o	#SHT_PROGBITS,SHF_ALLOC|SHF_MERGE|SHF_STRINGS,1
	0x4000fcee		.L__func__.psm_dam_test_evaluate_update_psm_cycle
.rodata.str1.1	0x4000fd15	0x13	../../ril/psm/dam_psmtest/build/dam_psmtest_llvm/cortex-a7/ACFNAADZ/psm_test.o	#SHT_PROGBITS,SHF_ALLOC|SHF_MERGE|SHF_STRINGS,1
	0x4000fd15		.L.str.248
.rodata.str1.1	0x4000fd28	0x21	../../ril/psm/dam_psmtest/build/dam_psmtest_llvm/cortex-a7/ACFNAADZ/psm_test.o	#SHT_PROGBITS,SHF_ALLOC|SHF_MERGE|SHF_STRINGS,1
	0x4000fd28		.L.str.249
.rodata.str1.1	0x4000fd49	0x1a	../../ril/psm/dam_psmtest/build/dam_psmtest_llvm/cortex-a7/ACFNAADZ/psm_test.o	#SHT_PROGBITS,SHF_ALLOC|SHF_MERGE|SHF_STRINGS,1
	0x4000fd49		.L.str.251
.rodata.str1.1	0x4000fd63	0x3	../../ril/psm/dam_psmtest/build/dam_psmtest_llvm/cortex-a7/ACFNAADZ/psm_test.o	#SHT_PROGBITS,SHF_ALLOC|SHF_MERGE|SHF_STRINGS,1
	0x4000fd63		.L.str.253
.rodata.str1.1	0x4000fd66	0x37	../../ril/psm/dam_psmtest/build/dam_psmtest_llvm/cortex-a7/ACFNAADZ/psm_test.o	#SHT_PROGBITS,SHF_ALLOC|SHF_MERGE|SHF_STRINGS,1
	0x4000fd66		.L.str.254
.rodata.str1.1	0x4000fd9d	0x23	../../ril/psm/dam_psmtest/build/dam_psmtest_llvm/cortex-a7/ACFNAADZ/psm_test.o	#SHT_PROGBITS,SHF_ALLOC|SHF_MERGE|SHF_STRINGS,1
	0x4000fd9d		.L.str.256
.rodata.str1.1	0x4000fdc0	0x19	../../ril/psm/dam_psmtest/build/dam_psmtest_llvm/cortex-a7/ACFNAADZ/psm_test.o	#SHT_PROGBITS,SHF_ALLOC|SHF_MERGE|SHF_STRINGS,1
	0x4000fdc0		.L.str.258
.rodata.str1.1	0x4000fdd9	0x16	../../ril/psm/dam_psmtest/build/dam_psmtest_llvm/cortex-a7/ACFNAADZ/psm_test.o	#SHT_PROGBITS,SHF_ALLOC|SHF_MERGE|SHF_STRINGS,1
	0x4000fdd9		.L__func__.psm_dam_test_gps_init
.rodata.str1.1	0x4000fdef	0x21	../../ril/psm/dam_psmtest/build/dam_psmtest_llvm/cortex-a7/ACFNAADZ/psm_test.o	#SHT_PROGBITS,SHF_ALLOC|SHF_MERGE|SHF_STRINGS,1
	0x4000fdef		.L.str.259
.rodata.str1.1	0x4000fe10	0x16	../../ril/psm/dam_psmtest/build/dam_psmtest_llvm/cortex-a7/ACFNAADZ/psm_test.o	#SHT_PROGBITS,SHF_ALLOC|SHF_MERGE|SHF_STRINGS,1
	0x4000fe10		.L.str.261
.rodata.str1.1	0x4000fe26	0x1b	../../ril/psm/dam_psmtest/build/dam_psmtest_llvm/cortex-a7/ACFNAADZ/psm_test.o	#SHT_PROGBITS,SHF_ALLOC|SHF_MERGE|SHF_STRINGS,1
	0x4000fe26		.L.str.263
.rodata.str1.1	0x4000fe41	0x18	../../ril/psm/dam_psmtest/build/dam_psmtest_llvm/cortex-a7/ACFNAADZ/psm_test.o	#SHT_PROGBITS,SHF_ALLOC|SHF_MERGE|SHF_STRINGS,1
	0x4000fe41		.L__func__.psm_dam_test_gps_deinit
.rodata.str1.1	0x4000fe59	0x23	../../ril/psm/dam_psmtest/build/dam_psmtest_llvm/cortex-a7/ACFNAADZ/psm_test.o	#SHT_PROGBITS,SHF_ALLOC|SHF_MERGE|SHF_STRINGS,1
	0x4000fe59		.L.str.264
.rodata.str1.1	0x4000fe7c	0x18	../../ril/psm/dam_psmtest/build/dam_psmtest_llvm/cortex-a7/ACFNAADZ/psm_test.o	#SHT_PROGBITS,SHF_ALLOC|SHF_MERGE|SHF_STRINGS,1
	0x4000fe7c		.L.str.266
[...]
	0x66af		
.debug_str	0x2c71c	0xb	../../core/services/time_qapi/build/LLVM/timer_dam_lib.lib(qapi_timer_user.o)	#SHT_PROGBITS,SHF_MERGE|SHF_STRINGS,1
	0x66ba		
.debug_str	0x2c727	0x8	../../core/services/time_qapi/build/LLVM/timer_dam_lib.lib(qapi_timer_user.o)	#SHT_PROGBITS,SHF_MERGE|SHF_STRINGS,1
	0x66c5		
.debug_str	0x2c72f	0x8	../../core/services/time_qapi/build/LLVM/timer_dam_lib.lib(qapi_timer_user.o)	#SHT_PROGBITS,SHF_MERGE|SHF_STRINGS,1
	0x66cd		
.debug_str	0x2c737	0x14	../../core/services/time_qapi/build/LLVM/timer_dam_lib.lib(qapi_timer_user.o)	#SHT_PROGBITS,SHF_MERGE|SHF_STRINGS,1
	0x66d5		
.debug_str	0x2c74b	0xe	../../core/services/time_qapi/build/LLVM/timer_dam_lib.lib(qapi_timer_user.o)	#SHT_PROGBITS,SHF_MERGE|SHF_STRINGS,1
	0x66e9		
.debug_str	0x2c759	0xf	../../core/services/time_qapi/build/LLVM/timer_dam_lib.lib(qapi_timer_user.o)	#SHT_PROGBITS,SHF_MERGE|SHF_STRINGS,1
	0x66f7		
.debug_str	0x2c768	0x19	../../core/services/time_qapi/build/LLVM/timer_dam_lib.lib(qapi_timer_user.o)	#SHT_PROGBITS,SHF_MERGE|SHF_STRINGS,1
	0x6706		
.debug_str	0x2c781	0x5	../../core/services/time_qapi/build/LLVM/timer_dam_lib.lib(qapi_timer_user.o)	#SHT_PROGBITS,SHF_MERGE|SHF_STRINGS,1
	0x671f		
.debug_str	0x2c786	0x7	../../core/services/time_qapi/build/LLVM/timer_dam_lib.lib(qapi_timer_user.o)	#SHT_PROGBITS,SHF_MERGE|SHF_STRINGS,1
	0x6724		
.debug_str	0x2c78d	0x5	../../core/services/time_qapi/build/LLVM/timer_dam_lib.lib(qapi_timer_user.o)	#SHT_PROGBITS,SHF_MERGE|SHF_STRINGS,1
	0x672b		
.debug_str	0x2c792	0x15	../../core/services/time_qapi/build/LLVM/timer_dam_lib.lib(qapi_timer_user.o)	#SHT_PROGBITS,SHF_MERGE|SHF_STRINGS,1
	0x6730		
.debug_str	0x2c7a7	0x16	../../core/services/time_qapi/build/LLVM/timer_dam_lib.lib(qapi_timer_user.o)	#SHT_PROGBITS,SHF_MERGE|SHF_STRINGS,1
	0x6745		
.debug_str	0x2c7bd	0x14	../../core/services/time_qapi/build/LLVM/timer_dam_lib.lib(qapi_timer_user.o)	#SHT_PROGBITS,SHF_MERGE|SHF_STRINGS,1
	0x675b		
.debug_str	0x2c7d1	0xb	../../core/services/time_qapi/build/LLVM/timer_dam_lib.lib(qapi_timer_user.o)	#SHT_PROGBITS,SHF_MERGE|SHF_STRINGS,1
	0x676f		
.debug_str	0x2c7dc	0x15	../../core/services/time_qapi/build/LLVM/timer_dam_lib.lib(qapi_timer_user.o)	#SHT_PROGBITS,SHF_MERGE|SHF_STRINGS,1
	0x677a		
.debug_str	0x2c7f1	0x1b	../../core/services/time_qapi/build/LLVM/timer_dam_lib.lib(qapi_timer_user.o)	#SHT_PROGBITS,SHF_MERGE|SHF_STRINGS,1
	0x678f		
.debug_str	0x2c80c	0xf	../../core/services/time_qapi/build/LLVM/timer_dam_lib.lib(qapi_timer_user.o)	#SHT_PROGBITS,SHF_MERGE|SHF_STRINGS,1
	0x67aa		
.debug_str	0x2c81b	0xe	../../core/services/time_qapi/build/LLVM/timer_dam_lib.lib(qapi_timer_user.o)	#SHT_PROGBITS,SHF_MERGE|SHF_STRINGS,1
	0x67b9		
.debug_str	0x2c829	0x14	../../core/services/time_qapi/build/LLVM/timer_dam_lib.lib(qapi_timer_user.o)	#SHT_PROGBITS,SHF_MERGE|SHF_STRINGS,1
	0x67c7		
.debug_str	0x2c83d	0x8	../../core/services/time_qapi/build/LLVM/timer_dam_lib.lib(qapi_timer_user.o)	#SHT_PROGBITS,SHF_MERGE|SHF_STRINGS,1
	0x67db		
.debug_str	0x2c845	0xb	../../core/services/time_qapi/build/LLVM/timer_dam_lib.lib(qapi_timer_user.o)	#SHT_PROGBITS,SHF_MERGE|SHF_STRINGS,1
	0x67e3		
.debug_str	0x2c850	0xf	../../core/services/time_qapi/build/LLVM/timer_dam_lib.lib(qapi_timer_user.o)	#SHT_PROGBITS,SHF_MERGE|SHF_STRINGS,1
	0x67ee		
.debug_str	0x2c85f	0xb	../../core/services/time_qapi/build/LLVM/timer_dam_lib.lib(qapi_timer_user.o)	#SHT_PROGBITS,SHF_MERGE|SHF_STRINGS,1
	0x67fd		
.debug_str	0x2c86a	0xa	../../core/services/time_qapi/build/LLVM/timer_dam_lib.lib(qapi_timer_user.o)	#SHT_PROGBITS,SHF_MERGE|SHF_STRINGS,1
	0x6808		
.debug_str	0x2c874	0xc	../../core/services/time_qapi/build/LLVM/timer_dam_lib.lib(qapi_timer_user.o)	#SHT_PROGBITS,SHF_MERGE|SHF_STRINGS,1
	0x6812		
.debug_str	0x2c880	0x16	../../core/services/time_qapi/build/LLVM/timer_dam_lib.lib(qapi_timer_user.o)	#SHT_PROGBITS,SHF_MERGE|SHF_STRINGS,1
	0x681e		
.debug_str	0x2c896	0x10	../../core/services/time_qapi/build/LLVM/timer_dam_lib.lib(qapi_timer_user.o)	#SHT_PROGBITS,SHF_MERGE|SHF_STRINGS,1
	0x6834		
.debug_str	0x2c8a6	0x6	../../core/services/time_qapi/build/LLVM/timer_dam_lib.lib(qapi_timer_user.o)	#SHT_PROGBITS,SHF_MERGE|SHF_STRINGS,1
	0x6844		
.debug_str	0x2c8ac	0x5	../../core/services/time_qapi/build/LLVM/timer_dam_lib.lib(qapi_timer_user.o)	#SHT_PROGBITS,SHF_MERGE|SHF_STRINGS,1
	0x684a		
.debug_str	0x2c8b1	0x15	../../core/services/time_qapi/build/LLVM/timer_dam_lib.lib(qapi_timer_user.o)	#SHT_PROGBITS,SHF_MERGE|SHF_STRINGS,1
	0x684f		
.debug_str	0x2c8c6	0x7	../../core/services/time_qapi/build/LLVM/timer_dam_lib.lib(qapi_timer_user.o)	#SHT_PROGBITS,SHF_MERGE|SHF_STRINGS,1
	0x6864		
.debug_str	0x2c8cd	0xa	../../core/services/time_qapi/build/LLVM/timer_dam_lib.lib(qapi_timer_user.o)	#SHT_PROGBITS,SHF_MERGE|SHF_STRINGS,1
	0x686b		
.debug_str	0x2c8d7	0x1a	../../core/services/time_qapi/build/LLVM/timer_dam_lib.lib(qapi_timer_user.o)	#SHT_PROGBITS,SHF_MERGE|SHF_STRINGS,1
	0x6875		
.debug_str	0x2c8f1	0xc	../../core/services/time_qapi/build/LLVM/timer_dam_lib.lib(qapi_timer_user.o)	#SHT_PROGBITS,SHF_MERGE|SHF_STRINGS,1
	0x688f		
.debug_str	0x2c8fd	0x1b	../../core/services/time_qapi/build/LLVM/timer_dam_lib.lib(qapi_timer_user.o)	#SHT_PROGBITS,SHF_MERGE|SHF_STRINGS,1
	0x689b		
.debug_str	0x2c918	0xf	../../core/services/time_qapi/build/LLVM/timer_dam_lib.lib(qapi_timer_user.o)	#SHT_PROGBITS,SHF_MERGE|SHF_STRINGS,1
	0x68b6		
.debug_str	0x2c927	0xf	../../core/services/time_qapi/build/LLVM/timer_dam_lib.lib(qapi_timer_user.o)	#SHT_PROGBITS,SHF_MERGE|SHF_STRINGS,1
	0x68c5		
.debug_str	0x2c936	0x13	../../core/services/time_qapi/build/LLVM/timer_dam_lib.lib(qapi_timer_user.o)	#SHT_PROGBITS,SHF_MERGE|SHF_STRINGS,1
	0x68d4		
.debug_str	0x2c949	0xc	../../core/services/time_qapi/build/LLVM/timer_dam_lib.lib(qapi_timer_user.o)	#SHT_PROGBITS,SHF_MERGE|SHF_STRINGS,1
	0x68e7		
.debug_str	0x2c955	0x8	../../core/services/time_qapi/build/LLVM/timer_dam_lib.lib(qapi_timer_user.o)	#SHT_PROGBITS,SHF_MERGE|SHF_STRINGS,1
	0x68f3		
.debug_str	0x2c95d	0xb	../../core/services/time_qapi/build/LLVM/timer_dam_lib.lib(qapi_timer_user.o)	#SHT_PROGBITS,SHF_MERGE|SHF_STRINGS,1
	0x68fb		
.debug_str	0x2c968	0xa	../../core/services/time_qapi/build/LLVM/timer_dam_lib.lib(qapi_timer_user.o)	#SHT_PROGBITS,SHF_MERGE|SHF_STRINGS,1
	0x6906		
.debug_str	0x2c972	0x1c	../../core/services/time_qapi/build/LLVM/timer_dam_lib.lib(qapi_timer_user.o)	#SHT_PROGBITS,SHF_MERGE|SHF_STRINGS,1
	0x6910		
.debug_str	0x2c98e	0x11	../../core/services/time_qapi/build/LLVM/timer_dam_lib.lib(qapi_timer_user.o)	#SHT_PROGBITS,SHF_MERGE|SHF_STRINGS,1
	0x692c		
.debug_str	0x2c99f	0xc	../../core/services/time_qapi/build/LLVM/timer_dam_lib.lib(qapi_timer_user.o)	#SHT_PROGBITS,SHF_MERGE|SHF_STRINGS,1
	0x693d		
.debug_str	0x2c9ab	0x8	../../core/services/time_qapi/build/LLVM/timer_dam_lib.lib(qapi_timer_user.o)	#SHT_PROGBITS,SHF_MERGE|SHF_STRINGS,1
	0x6949		
.debug_str	0x2c9b3	0x1c	../../core/services/time_qapi/build/LLVM/timer_dam_lib.lib(qapi_timer_user.o)	#SHT_PROGBITS,SHF_MERGE|SHF_STRINGS,1
	0x6951		
.debug_str	0x2c9cf	0x12	../../core/services/time_qapi/build/LLVM/timer_dam_lib.lib(qapi_timer_user.o)	#SHT_PROGBITS,SHF_MERGE|SHF_STRINGS,1
	0x696d		
.debug_str	0x2c9e1	0x17	../../core/services/time_qapi/build/LLVM/timer_dam_lib.lib(qapi_timer_user.o)	#SHT_PROGBITS,SHF_MERGE|SHF_STRINGS,1
	0x697f		
.debug_str	0x2c9f8	0x12	../../core/services/time_qapi/build/LLVM/timer_dam_lib.lib(qapi_timer_user.o)	#SHT_PROGBITS,SHF_MERGE|SHF_STRINGS,1
	0x6996		
.debug_str	0x2ca0a	0x11	../../core/services/time_qapi/build/LLVM/timer_dam_lib.lib(qapi_timer_user.o)	#SHT_PROGBITS,SHF_MERGE|SHF_STRINGS,1
	0x69a8		
.debug_str	0x2ca1b	0x7	../../core/services/time_qapi/build/LLVM/timer_dam_lib.lib(qapi_timer_user.o)	#SHT_PROGBITS,SHF_MERGE|SHF_STRINGS,1
	0x69b9		
.debug_str	0x2ca22	0xa	../../core/services/time_qapi/build/LLVM/timer_dam_lib.lib(qapi_timer_user.o)	#SHT_PROGBITS,SHF_MERGE|SHF_STRINGS,1
	0x69c0		
.debug_str	0x2ca2c	0x22	../../core/services/time_qapi/build/LLVM/timer_dam_lib.lib(qapi_timer_user.o)	#SHT_PROGBITS,SHF_MERGE|SHF_STRINGS,1
	0x69ca		
.debug_str	0x2ca4e	0x13	../../core/services/time_qapi/build/LLVM/timer_dam_lib.lib(qapi_timer_user.o)	#SHT_PROGBITS,SHF_MERGE|SHF_STRINGS,1
	0x69ec		
.debug_str	0x2ca61	0x15	../../core/services/time_qapi/build/LLVM/timer_dam_lib.lib(qapi_timer_user.o)	#SHT_PROGBITS,SHF_MERGE|SHF_STRINGS,1
	0x69ff		
.debug_str	0x2ca76	0xb	../../core/services/time_qapi/build/LLVM/timer_dam_lib.lib(qapi_timer_user.o)	#SHT_PROGBITS,SHF_MERGE|SHF_STRINGS,1
	0x6a14		
.debug_str	0x2ca81	0x1c	../../core/services/time_qapi/build/LLVM/timer_dam_lib.lib(qapi_timer_user.o)	#SHT_PROGBITS,SHF_MERGE|SHF_STRINGS,1
	0x6a1f		
.debug_str	0x2ca9d	0x15	../../core/services/time_qapi/build/LLVM/timer_dam_lib.lib(qapi_timer_user.o)	#SHT_PROGBITS,SHF_MERGE|SHF_STRINGS,1
	0x6a3b		
.debug_str	0x2cab2	0x17	../../core/services/time_qapi/build/LLVM/timer_dam_lib.lib(qapi_timer_user.o)	#SHT_PROGBITS,SHF_MERGE|SHF_STRINGS,1
	0x6a50		
.debug_str	0x2cac9	0x11	../../core/services/time_qapi/build/LLVM/timer_dam_lib.lib(qapi_timer_user.o)	#SHT_PROGBITS,SHF_MERGE|SHF_STRINGS,1
	0x6a67		
.debug_str	0x2cada	0x16	../../core/services/time_qapi/build/LLVM/timer_dam_lib.lib(qapi_timer_user.o)	#SHT_PROGBITS,SHF_MERGE|SHF_STRINGS,1
	0x6a78		
.debug_str	0x2caf0	0x1a	../../core/services/time_qapi/build/LLVM/timer_dam_lib.lib(qapi_timer_user.o)	#SHT_PROGBITS,SHF_MERGE|SHF_STRINGS,1
	0x6a8e		
.debug_str	0x2cb0a	0x34	../../ril/psm/qapi_lib/build/LLVM/qapi_psm_lib.lib(qapi_psm_user.o)	#SHT_PROGBITS,SHF_MERGE|SHF_STRINGS,1
	0x6aa8		
.debug_str	0x2cb3e	0x13	../../ril/psm/qapi_lib/build/LLVM/qapi_psm_lib.lib(qapi_psm_user.o)	#SHT_PROGBITS,SHF_MERGE|SHF_STRINGS,1
	0x6adc		
.debug_str	0x2cb51	0x1a	../../ril/psm/qapi_lib/build/LLVM/qapi_psm_lib.lib(qapi_psm_user.o)	#SHT_PROGBITS,SHF_MERGE|SHF_STRINGS,1
	0x6aef		
.debug_str	0x2cb6b	0xc	../../ril/psm/qapi_lib/build/LLVM/qapi_psm_lib.lib(qapi_psm_user.o)	#SHT_PROGBITS,SHF_MERGE|SHF_STRINGS,1
	0x6b09		

.debug_loc	0x2cb77	0x23e7 # Offset: 0x2cb77
*(.debug_loc )
.debug_loc	0x2cb77	0x1868	../../ril/psm/dam_psmtest/build/dam_psmtest_llvm/cortex-a7/ACFNAADZ/psm_test.o	#SHT_PROGBITS,,1
.debug_loc	0x2e3df	0x3c	../../core/kernel/rtos/threadx/txm_module_lib/build/LLVM/txm_lib.lib(txm_module_thread_shell_entry.o)	#SHT_PROGBITS,,1
.debug_loc	0x2e41b	0xa6	../../core/kernel/rtos/threadx/txm_module_lib/build/LLVM/txm_lib.lib(txm_module_callback_request_thread_entry.o)	#SHT_PROGBITS,,1
.debug_loc	0x2e4c1	0x103	../../core/kernel/rtos/threadx/txm_module_lib/build/LLVM/txm_lib.lib(txm_module_system_call11.o)	#SHT_PROGBITS,,1
.debug_loc	0x2e5c4	0x118	../../core/kernel/rtos/threadx/txm_module_lib/build/LLVM/txm_lib.lib(txm_module_system_call12.o)	#SHT_PROGBITS,,1
.debug_loc	0x2e6dc	0x94	../../core/kernel/rtos/threadx/txm_module_lib/build/LLVM/txm_lib.lib(txm_byte_pool_create.o)	#SHT_PROGBITS,,1
.debug_loc	0x2e770	0x80	../../core/kernel/rtos/threadx/txm_module_lib/build/LLVM/txm_lib.lib(txm_byte_allocate.o)	#SHT_PROGBITS,,1
.debug_loc	0x2e7f0	0x1e	../../core/kernel/rtos/threadx/txm_module_lib/build/LLVM/txm_lib.lib(txm_byte_release.o)	#SHT_PROGBITS,,1
.debug_loc	0x2e80e	0x5a	../../core/kernel/rtos/threadx/txm_module_lib/build/LLVM/txm_lib.lib(txm_event_flags_create.o)	#SHT_PROGBITS,,1
.debug_loc	0x2e868	0x94	../../core/kernel/rtos/threadx/txm_module_lib/build/LLVM/txm_lib.lib(txm_event_flags_get.o)	#SHT_PROGBITS,,1
.debug_loc	0x2e8fc	0x5a	../../core/kernel/rtos/threadx/txm_module_lib/build/LLVM/txm_lib.lib(txm_event_flags_set.o)	#SHT_PROGBITS,,1
.debug_loc	0x2e956	0x3c	../../core/kernel/rtos/threadx/txm_module_lib/build/LLVM/txm_lib.lib(txm_module_object_allocate.o)	#SHT_PROGBITS,,1
.debug_loc	0x2e992	0x1e	../../core/kernel/rtos/threadx/txm_module_lib/build/LLVM/txm_lib.lib(txm_module_thread_system_suspend.o)	#SHT_PROGBITS,,1
.debug_loc	0x2e9b0	0x80	../../core/kernel/rtos/threadx/txm_module_lib/build/LLVM/txm_lib.lib(txm_mutex_create.o)	#SHT_PROGBITS,,1
.debug_loc	0x2ea30	0x3c	../../core/kernel/rtos/threadx/txm_module_lib/build/LLVM/txm_lib.lib(txm_mutex_get.o)	#SHT_PROGBITS,,1
.debug_loc	0x2ea6c	0x1e	../../core/kernel/rtos/threadx/txm_module_lib/build/LLVM/txm_lib.lib(txm_mutex_put.o)	#SHT_PROGBITS,,1
.debug_loc	0x2ea8a	0x5a	../../core/kernel/rtos/threadx/txm_module_lib/build/LLVM/txm_lib.lib(txm_queue_receive.o)	#SHT_PROGBITS,,1
.debug_loc	0x2eae4	0x10f	../../core/kernel/rtos/threadx/txm_module_lib/build/LLVM/txm_lib.lib(txm_thread_create.o)	#SHT_PROGBITS,,1
.debug_loc	0x2ebf3	0x1e	../../core/kernel/rtos/threadx/txm_module_lib/build/LLVM/txm_lib.lib(txm_thread_resume.o)	#SHT_PROGBITS,,1
.debug_loc	0x2ec11	0x314	../../core/services/time_qapi/build/LLVM/timer_dam_lib.lib(qapi_timer_user.o)	#SHT_PROGBITS,,1
.debug_loc	0x2ef25	0x39	../../ril/psm/qapi_lib/build/LLVM/qapi_psm_lib.lib(qapi_psm_user.o)	#SHT_PROGBITS,,1

.debug_macinfo	0x2ef5e	0x15 # Offset: 0x2ef5e
*(.debug_macinfo )
.debug_macinfo	0x2ef5e	0x1	../../ril/psm/dam_psmtest/build/dam_psmtest_llvm/cortex-a7/ACFNAADZ/psm_test.o	#SHT_PROGBITS,,1
.debug_macinfo	0x2ef5f	0x1	../../core/kernel/rtos/threadx/txm_module_lib/build/LLVM/txm_lib.lib(txm_module_thread_shell_entry.o)	#SHT_PROGBITS,,1
.debug_macinfo	0x2ef60	0x1	../../core/kernel/rtos/threadx/txm_module_lib/build/LLVM/txm_lib.lib(txm_module_callback_request_thread_entry.o)	#SHT_PROGBITS,,1
.debug_macinfo	0x2ef61	0x1	../../core/kernel/rtos/threadx/txm_module_lib/build/LLVM/txm_lib.lib(txm_module_system_call11.o)	#SHT_PROGBITS,,1
.debug_macinfo	0x2ef62	0x1	../../core/kernel/rtos/threadx/txm_module_lib/build/LLVM/txm_lib.lib(txm_module_system_call12.o)	#SHT_PROGBITS,,1
.debug_macinfo	0x2ef63	0x1	../../core/kernel/rtos/threadx/txm_module_lib/build/LLVM/txm_lib.lib(txm_byte_pool_create.o)	#SHT_PROGBITS,,1
.debug_macinfo	0x2ef64	0x1	../../core/kernel/rtos/threadx/txm_module_lib/build/LLVM/txm_lib.lib(txm_byte_allocate.o)	#SHT_PROGBITS,,1
.debug_macinfo	0x2ef65	0x1	../../core/kernel/rtos/threadx/txm_module_lib/build/LLVM/txm_lib.lib(txm_byte_release.o)	#SHT_PROGBITS,,1
.debug_macinfo	0x2ef66	0x1	../../core/kernel/rtos/threadx/txm_module_lib/build/LLVM/txm_lib.lib(txm_event_flags_create.o)	#SHT_PROGBITS,,1
.debug_macinfo	0x2ef67	0x1	../../core/kernel/rtos/threadx/txm_module_lib/build/LLVM/txm_lib.lib(txm_event_flags_get.o)	#SHT_PROGBITS,,1
.debug_macinfo	0x2ef68	0x1	../../core/kernel/rtos/threadx/txm_module_lib/build/LLVM/txm_lib.lib(txm_event_flags_set.o)	#SHT_PROGBITS,,1
.debug_macinfo	0x2ef69	0x1	../../core/kernel/rtos/threadx/txm_module_lib/build/LLVM/txm_lib.lib(txm_module_object_allocate.o)	#SHT_PROGBITS,,1
.debug_macinfo	0x2ef6a	0x1	../../core/kernel/rtos/threadx/txm_module_lib/build/LLVM/txm_lib.lib(txm_module_thread_system_suspend.o)	#SHT_PROGBITS,,1
.debug_macinfo	0x2ef6b	0x1	../../core/kernel/rtos/threadx/txm_module_lib/build/LLVM/txm_lib.lib(txm_mutex_create.o)	#SHT_PROGBITS,,1
.debug_macinfo	0x2ef6c	0x1	../../core/kernel/rtos/threadx/txm_module_lib/build/LLVM/txm_lib.lib(txm_mutex_get.o)	#SHT_PROGBITS,,1
.debug_macinfo	0x2ef6d	0x1	../../core/kernel/rtos/threadx/txm_module_lib/build/LLVM/txm_lib.lib(txm_mutex_put.o)	#SHT_PROGBITS,,1
.debug_macinfo	0x2ef6e	0x1	../../core/kernel/rtos/threadx/txm_module_lib/build/LLVM/txm_lib.lib(txm_queue_receive.o)	#SHT_PROGBITS,,1
.debug_macinfo	0x2ef6f	0x1	../../core/kernel/rtos/threadx/txm_module_lib/build/LLVM/txm_lib.lib(txm_thread_create.o)	#SHT_PROGBITS,,1
.debug_macinfo	0x2ef70	0x1	../../core/kernel/rtos/threadx/txm_module_lib/build/LLVM/txm_lib.lib(txm_thread_resume.o)	#SHT_PROGBITS,,1
.debug_macinfo	0x2ef71	0x1	../../core/services/time_qapi/build/LLVM/timer_dam_lib.lib(qapi_timer_user.o)	#SHT_PROGBITS,,1
.debug_macinfo	0x2ef72	0x1	../../ril/psm/qapi_lib/build/LLVM/qapi_psm_lib.lib(qapi_psm_user.o)	#SHT_PROGBITS,,1

.debug_weaknames	0x2ef73	0x0 # Offset: 0x2ef73

.debug_funcnames	0x2ef73	0x0 # Offset: 0x2ef73

.debug_typenames	0x2ef73	0x0 # Offset: 0x2ef73

.debug_varnames	0x2ef73	0x0 # Offset: 0x2ef73

.debug_pubtypes	0x2ef73	0x2174 # Offset: 0x2ef73
*(.debug_pubtypes )
.debug_pubtypes	0x2ef73	0xb47	../../ril/psm/dam_psmtest/build/dam_psmtest_llvm/cortex-a7/ACFNAADZ/psm_test.o	#SHT_PROGBITS,,1
.debug_pubtypes	0x2faba	0x1ea	../../core/kernel/rtos/threadx/txm_module_lib/build/LLVM/txm_lib.lib(txm_module_thread_shell_entry.o)	#SHT_PROGBITS,,1
.debug_pubtypes	0x2fca4	0x25e	../../core/kernel/rtos/threadx/txm_module_lib/build/LLVM/txm_lib.lib(txm_module_callback_request_thread_entry.o)	#SHT_PROGBITS,,1
.debug_pubtypes	0x2ff02	0x32	../../core/kernel/rtos/threadx/txm_module_lib/build/LLVM/txm_lib.lib(txm_module_system_call11.o)	#SHT_PROGBITS,,1
.debug_pubtypes	0x2ff34	0x32	../../core/kernel/rtos/threadx/txm_module_lib/build/LLVM/txm_lib.lib(txm_module_system_call12.o)	#SHT_PROGBITS,,1
.debug_pubtypes	0x2ff66	0x128	../../core/kernel/rtos/threadx/txm_module_lib/build/LLVM/txm_lib.lib(txm_byte_pool_create.o)	#SHT_PROGBITS,,1
.debug_pubtypes	0x3008e	0x128	../../core/kernel/rtos/threadx/txm_module_lib/build/LLVM/txm_lib.lib(txm_byte_allocate.o)	#SHT_PROGBITS,,1
.debug_pubtypes	0x301b6	0x4c	../../core/kernel/rtos/threadx/txm_module_lib/build/LLVM/txm_lib.lib(txm_byte_release.o)	#SHT_PROGBITS,,1
.debug_pubtypes	0x30202	0x11c	../../core/kernel/rtos/threadx/txm_module_lib/build/LLVM/txm_lib.lib(txm_event_flags_create.o)	#SHT_PROGBITS,,1
.debug_pubtypes	0x3031e	0x11c	../../core/kernel/rtos/threadx/txm_module_lib/build/LLVM/txm_lib.lib(txm_event_flags_get.o)	#SHT_PROGBITS,,1
.debug_pubtypes	0x3043a	0x11c	../../core/kernel/rtos/threadx/txm_module_lib/build/LLVM/txm_lib.lib(txm_event_flags_set.o)	#SHT_PROGBITS,,1
.debug_pubtypes	0x30556	0x4c	../../core/kernel/rtos/threadx/txm_module_lib/build/LLVM/txm_lib.lib(txm_module_object_allocate.o)	#SHT_PROGBITS,,1
.debug_pubtypes	0x305a2	0xe3	../../core/kernel/rtos/threadx/txm_module_lib/build/LLVM/txm_lib.lib(txm_module_thread_system_suspend.o)	#SHT_PROGBITS,,1
.debug_pubtypes	0x30685	0xf0	../../core/kernel/rtos/threadx/txm_module_lib/build/LLVM/txm_lib.lib(txm_mutex_create.o)	#SHT_PROGBITS,,1
.debug_pubtypes	0x30775	0xf0	../../core/kernel/rtos/threadx/txm_module_lib/build/LLVM/txm_lib.lib(txm_mutex_get.o)	#SHT_PROGBITS,,1
.debug_pubtypes	0x30865	0xf0	../../core/kernel/rtos/threadx/txm_module_lib/build/LLVM/txm_lib.lib(txm_mutex_put.o)	#SHT_PROGBITS,,1
.debug_pubtypes	0x30955	0x104	../../core/kernel/rtos/threadx/txm_module_lib/build/LLVM/txm_lib.lib(txm_queue_receive.o)	#SHT_PROGBITS,,1
.debug_pubtypes	0x30a59	0xe3	../../core/kernel/rtos/threadx/txm_module_lib/build/LLVM/txm_lib.lib(txm_thread_create.o)	#SHT_PROGBITS,,1
.debug_pubtypes	0x30b3c	0xe3	../../core/kernel/rtos/threadx/txm_module_lib/build/LLVM/txm_lib.lib(txm_thread_resume.o)	#SHT_PROGBITS,,1
.debug_pubtypes	0x30c1f	0x465	../../core/services/time_qapi/build/LLVM/timer_dam_lib.lib(qapi_timer_user.o)	#SHT_PROGBITS,,1
.debug_pubtypes	0x31084	0x63	../../ril/psm/qapi_lib/build/LLVM/qapi_psm_lib.lib(qapi_psm_user.o)	#SHT_PROGBITS,,1

.debug_ranges	0x310e7	0x4b8 # Offset: 0x310e7
*(.debug_ranges )
.debug_ranges	0x310e7	0x438	../../ril/psm/dam_psmtest/build/dam_psmtest_llvm/cortex-a7/ACFNAADZ/psm_test.o	#SHT_PROGBITS,,1
.debug_ranges	0x3151f	0x20	../../core/kernel/rtos/threadx/txm_module_lib/build/LLVM/txm_lib.lib(txm_module_thread_shell_entry.o)	#SHT_PROGBITS,,1
.debug_ranges	0x3153f	0x60	../../core/services/time_qapi/build/LLVM/timer_dam_lib.lib(qapi_timer_user.o)	#SHT_PROGBITS,,1

.gnu.attributes	0x0	0x0 # Offset: 0x3159f, LMA: 0x0

.note.gnu.arm.ident	0x0	0x0 # Offset: 0x3159f, LMA: 0x0

.ARM.attributes	0x3159f	0x10 # Offset: 0x3159f

.comment	0x315af	0x65 # Offset: 0x315af
.comment	0x315af	0x1	C:\Apps\LLVM\4.0.3\armv7m-none-eabi\libc\lib/libc.a(vfprintf.o)	#SHT_PROGBITS,SHF_MERGE|SHF_STRINGS,1
.comment	0x315ec	0x28	Linker Version	#SHT_PROGBITS,SHF_MERGE|SHF_STRINGS,1

.note.GNU-stack	0x31614	0x0 # Offset: 0x31614

/DISCARD/	0x75	0x0 # Offset: 0x31614, LMA: 0x0

.shstrtab	0x31614	0xcc # Offset: 0x31614

.symtab	0x316e0	0xf040 # Offset: 0x316e0

.strtab	0x40720	0x569d # Offset: 0x40720
