# Linker from Snapdragon LLVM ARM Compiler Version 4.0.3
# Linker based on LLVM version: 4.0
# Notable linker command/script options:
# CPU Architecture Version: 
# Target triple environment for the link: gnueabi
# Maximum GP size: 8
# Link type: Static
# ABI Page Size: 0x4
# CommandLine : C:\Apps\LLVM\4.0.3\bin\ld.qcld.exe -X --eh-frame-hdr -m armelf_linux_eabi -dynamic-linker /lib/ld-musl-arm.so.1 -o Z:\b\apps_proc\build\bsp\txm_demo_llvm_app_img\build\ACFNAADZ\LLVM_DAM_ACFNAADZA.elf -lc++ -mno-unaligned-access -entry=0x40000000 demo.ld -Map Z:\b\apps_proc\build\bsp\txm_demo_llvm_app_img\build\ACFNAADZ\LLVM_DAM_ACFNAADZA.Map -gc-sections --start-group ../../core/kernel/rtos/threadx/txm_demo_app/build/llvm_dam/cortex-a7/ACFNAADZ/txm_module_preamble_llvm.o ../../core/kernel/rtos/threadx/txm_demo_app/build/llvm_dam/cortex-a7/ACFNAADZ/demo_threadx_module.o ../../core/kernel/rtos/threadx/txm_module_lib/build/LLVM/txm_lib.lib ../../core/mproc/qmi/build/LLVM/qcci_dam_lib.lib ../../core/mproc/qmi/build/LLVM/IDL_DAM_LIB.lib ../../core/services/time_qapi/build/LLVM/timer_dam_lib.lib ../../core/services/diag/build/LLVM/diag_dam_lib.lib --end-group -LC:\Apps\LLVM\4.0.3\armv7m-none-eabi\libc\lib -LC:\Apps\LLVM\4.0.3\armv7m-none-eabi\lib --start-group -lunwind -lc++ -lc++abi --end-group -LC:\Apps\LLVM\4.0.3\lib\clang\4.0.3\lib\baremetal --start-group -lc -lclang_rt.builtins-armv7m --end-group -lm -lc 
Archive member included because of file (symbol)
../../core/kernel/rtos/threadx/txm_module_lib/build/LLVM/txm_lib.lib(txm_module_thread_shell_entry.o)
		../../core/kernel/rtos/threadx/txm_demo_app/build/llvm_dam/cortex-a7/ACFNAADZ/txm_module_preamble_llvm.o (_txm_module_thread_shell_entry)
../../core/kernel/rtos/threadx/txm_module_lib/build/LLVM/txm_lib.lib(txm_module_callback_request_thread_entry.o)
		../../core/kernel/rtos/threadx/txm_demo_app/build/llvm_dam/cortex-a7/ACFNAADZ/txm_module_preamble_llvm.o (_txm_module_callback_request_thread_entry)
../../core/kernel/rtos/threadx/txm_module_lib/build/LLVM/txm_lib.lib(txm_module_system_call12.o)
		../../core/kernel/rtos/threadx/txm_demo_app/build/llvm_dam/cortex-a7/ACFNAADZ/demo_threadx_module.o (_txm_module_system_call12)
../../core/kernel/rtos/threadx/txm_module_lib/build/LLVM/txm_lib.lib(txm_block_allocate.o)
		../../core/kernel/rtos/threadx/txm_demo_app/build/llvm_dam/cortex-a7/ACFNAADZ/demo_threadx_module.o (_txe_block_allocate)
../../core/kernel/rtos/threadx/txm_module_lib/build/LLVM/txm_lib.lib(txm_byte_pool_create.o)
		../../core/kernel/rtos/threadx/txm_demo_app/build/llvm_dam/cortex-a7/ACFNAADZ/demo_threadx_module.o (_txe_byte_pool_create)
../../core/kernel/rtos/threadx/txm_module_lib/build/LLVM/txm_lib.lib(txm_block_pool_create.o)
		../../core/kernel/rtos/threadx/txm_demo_app/build/llvm_dam/cortex-a7/ACFNAADZ/demo_threadx_module.o (_txe_block_pool_create)
../../core/kernel/rtos/threadx/txm_module_lib/build/LLVM/txm_lib.lib(txm_block_release.o)
		../../core/kernel/rtos/threadx/txm_demo_app/build/llvm_dam/cortex-a7/ACFNAADZ/demo_threadx_module.o (_txe_block_release)
../../core/kernel/rtos/threadx/txm_module_lib/build/LLVM/txm_lib.lib(txm_byte_allocate.o)
		../../core/kernel/rtos/threadx/txm_demo_app/build/llvm_dam/cortex-a7/ACFNAADZ/demo_threadx_module.o (_txe_byte_allocate)
../../core/kernel/rtos/threadx/txm_module_lib/build/LLVM/txm_lib.lib(txm_event_flags_create.o)
		../../core/kernel/rtos/threadx/txm_demo_app/build/llvm_dam/cortex-a7/ACFNAADZ/demo_threadx_module.o (_txe_event_flags_create)
../../core/kernel/rtos/threadx/txm_module_lib/build/LLVM/txm_lib.lib(txm_event_flags_get.o)
		../../core/kernel/rtos/threadx/txm_demo_app/build/llvm_dam/cortex-a7/ACFNAADZ/demo_threadx_module.o (_txe_event_flags_get)
../../core/kernel/rtos/threadx/txm_module_lib/build/LLVM/txm_lib.lib(txm_event_flags_set.o)
		../../core/kernel/rtos/threadx/txm_demo_app/build/llvm_dam/cortex-a7/ACFNAADZ/demo_threadx_module.o (_txe_event_flags_set)
../../core/kernel/rtos/threadx/txm_module_lib/build/LLVM/txm_lib.lib(txm_module_object_allocate.o)
		../../core/kernel/rtos/threadx/txm_demo_app/build/llvm_dam/cortex-a7/ACFNAADZ/demo_threadx_module.o (_txm_module_object_allocate)
../../core/kernel/rtos/threadx/txm_module_lib/build/LLVM/txm_lib.lib(txm_module_thread_system_suspend.o)
		../../core/kernel/rtos/threadx/txm_module_lib/build/LLVM/txm_lib.lib(txm_module_thread_shell_entry.o) (_txm_module_thread_system_suspend)
../../core/kernel/rtos/threadx/txm_module_lib/build/LLVM/txm_lib.lib(txm_mutex_create.o)
		../../core/kernel/rtos/threadx/txm_demo_app/build/llvm_dam/cortex-a7/ACFNAADZ/demo_threadx_module.o (_txe_mutex_create)
../../core/kernel/rtos/threadx/txm_module_lib/build/LLVM/txm_lib.lib(txm_mutex_get.o)
		../../core/kernel/rtos/threadx/txm_demo_app/build/llvm_dam/cortex-a7/ACFNAADZ/demo_threadx_module.o (_txe_mutex_get)
../../core/kernel/rtos/threadx/txm_module_lib/build/LLVM/txm_lib.lib(txm_mutex_put.o)
		../../core/kernel/rtos/threadx/txm_demo_app/build/llvm_dam/cortex-a7/ACFNAADZ/demo_threadx_module.o (_txe_mutex_put)
../../core/kernel/rtos/threadx/txm_module_lib/build/LLVM/txm_lib.lib(txm_queue_create.o)
		../../core/kernel/rtos/threadx/txm_demo_app/build/llvm_dam/cortex-a7/ACFNAADZ/demo_threadx_module.o (_txe_queue_create)
../../core/kernel/rtos/threadx/txm_module_lib/build/LLVM/txm_lib.lib(txm_queue_receive.o)
		../../core/kernel/rtos/threadx/txm_demo_app/build/llvm_dam/cortex-a7/ACFNAADZ/demo_threadx_module.o (_txe_queue_receive)
../../core/kernel/rtos/threadx/txm_module_lib/build/LLVM/txm_lib.lib(txm_queue_send.o)
		../../core/kernel/rtos/threadx/txm_demo_app/build/llvm_dam/cortex-a7/ACFNAADZ/demo_threadx_module.o (_txe_queue_send)
../../core/kernel/rtos/threadx/txm_module_lib/build/LLVM/txm_lib.lib(txm_semaphore_create.o)
		../../core/kernel/rtos/threadx/txm_demo_app/build/llvm_dam/cortex-a7/ACFNAADZ/demo_threadx_module.o (_txe_semaphore_create)
../../core/kernel/rtos/threadx/txm_module_lib/build/LLVM/txm_lib.lib(txm_semaphore_get.o)
		../../core/kernel/rtos/threadx/txm_demo_app/build/llvm_dam/cortex-a7/ACFNAADZ/demo_threadx_module.o (_txe_semaphore_get)
../../core/kernel/rtos/threadx/txm_module_lib/build/LLVM/txm_lib.lib(txm_semaphore_put.o)
		../../core/kernel/rtos/threadx/txm_demo_app/build/llvm_dam/cortex-a7/ACFNAADZ/demo_threadx_module.o (_txe_semaphore_put)
../../core/kernel/rtos/threadx/txm_module_lib/build/LLVM/txm_lib.lib(txm_thread_create.o)
		../../core/kernel/rtos/threadx/txm_demo_app/build/llvm_dam/cortex-a7/ACFNAADZ/demo_threadx_module.o (_txe_thread_create)
../../core/kernel/rtos/threadx/txm_module_lib/build/LLVM/txm_lib.lib(txm_thread_resume.o)
		../../core/kernel/rtos/threadx/txm_module_lib/build/LLVM/txm_lib.lib(txm_module_thread_shell_entry.o) (_txe_thread_resume)
../../core/kernel/rtos/threadx/txm_module_lib/build/LLVM/txm_lib.lib(txm_thread_sleep.o)
		../../core/kernel/rtos/threadx/txm_demo_app/build/llvm_dam/cortex-a7/ACFNAADZ/demo_threadx_module.o (_tx_thread_sleep)
../../core/kernel/rtos/threadx/txm_module_lib/build/LLVM/txm_lib.lib(txm_timer_create.o)
		../../core/kernel/rtos/threadx/txm_demo_app/build/llvm_dam/cortex-a7/ACFNAADZ/demo_threadx_module.o (_txe_timer_create)
../../core/kernel/rtos/threadx/txm_module_lib/build/LLVM/txm_lib.lib(txm_timer_delete.o)
		../../core/kernel/rtos/threadx/txm_demo_app/build/llvm_dam/cortex-a7/ACFNAADZ/demo_threadx_module.o (_txe_timer_delete)
C:\Apps\LLVM\4.0.3\armv7m-none-eabi\libc\lib/libc.a(__brk.o)
		../../core/kernel/rtos/threadx/txm_demo_app/build/llvm_dam/cortex-a7/ACFNAADZ/demo_threadx_module.o (__heap_limit)

Allocating common symbols
Common symbol	size	file

block_pool_0	0x4	../../core/kernel/rtos/threadx/txm_demo_app/build/llvm_dam/cortex-a7/ACFNAADZ/demo_threadx_module.o
byte_pool_0	0x4	../../core/kernel/rtos/threadx/txm_demo_app/build/llvm_dam/cortex-a7/ACFNAADZ/demo_threadx_module.o
count	0x4	../../core/kernel/rtos/threadx/txm_demo_app/build/llvm_dam/cortex-a7/ACFNAADZ/demo_threadx_module.o
demo_module_pool_space	0x23a0	../../core/kernel/rtos/threadx/txm_demo_app/build/llvm_dam/cortex-a7/ACFNAADZ/demo_threadx_module.o
event_0_sets	0x4	../../core/kernel/rtos/threadx/txm_demo_app/build/llvm_dam/cortex-a7/ACFNAADZ/demo_threadx_module.o
event_flags_0	0x4	../../core/kernel/rtos/threadx/txm_demo_app/build/llvm_dam/cortex-a7/ACFNAADZ/demo_threadx_module.o
module_heap_area	0x1000	../../core/kernel/rtos/threadx/txm_demo_app/build/llvm_dam/cortex-a7/ACFNAADZ/demo_threadx_module.o
mutex_0	0x4	../../core/kernel/rtos/threadx/txm_demo_app/build/llvm_dam/cortex-a7/ACFNAADZ/demo_threadx_module.o
queue_0	0x4	../../core/kernel/rtos/threadx/txm_demo_app/build/llvm_dam/cortex-a7/ACFNAADZ/demo_threadx_module.o
queue_0_sends	0x4	../../core/kernel/rtos/threadx/txm_demo_app/build/llvm_dam/cortex-a7/ACFNAADZ/demo_threadx_module.o
semaphore_0	0x4	../../core/kernel/rtos/threadx/txm_demo_app/build/llvm_dam/cortex-a7/ACFNAADZ/demo_threadx_module.o
semaphore_0_puts	0x4	../../core/kernel/rtos/threadx/txm_demo_app/build/llvm_dam/cortex-a7/ACFNAADZ/demo_threadx_module.o
test_tx_timer_info	0x4	../../core/kernel/rtos/threadx/txm_demo_app/build/llvm_dam/cortex-a7/ACFNAADZ/demo_threadx_module.o
thread_0	0x4	../../core/kernel/rtos/threadx/txm_demo_app/build/llvm_dam/cortex-a7/ACFNAADZ/demo_threadx_module.o
thread_0_counter	0x4	../../core/kernel/rtos/threadx/txm_demo_app/build/llvm_dam/cortex-a7/ACFNAADZ/demo_threadx_module.o
thread_1	0x4	../../core/kernel/rtos/threadx/txm_demo_app/build/llvm_dam/cortex-a7/ACFNAADZ/demo_threadx_module.o
thread_1_counter	0x4	../../core/kernel/rtos/threadx/txm_demo_app/build/llvm_dam/cortex-a7/ACFNAADZ/demo_threadx_module.o
thread_1_messages_sent	0x4	../../core/kernel/rtos/threadx/txm_demo_app/build/llvm_dam/cortex-a7/ACFNAADZ/demo_threadx_module.o
thread_2	0x4	../../core/kernel/rtos/threadx/txm_demo_app/build/llvm_dam/cortex-a7/ACFNAADZ/demo_threadx_module.o
thread_2_counter	0x4	../../core/kernel/rtos/threadx/txm_demo_app/build/llvm_dam/cortex-a7/ACFNAADZ/demo_threadx_module.o
thread_2_messages_received	0x4	../../core/kernel/rtos/threadx/txm_demo_app/build/llvm_dam/cortex-a7/ACFNAADZ/demo_threadx_module.o
thread_3	0x4	../../core/kernel/rtos/threadx/txm_demo_app/build/llvm_dam/cortex-a7/ACFNAADZ/demo_threadx_module.o
thread_3_counter	0x4	../../core/kernel/rtos/threadx/txm_demo_app/build/llvm_dam/cortex-a7/ACFNAADZ/demo_threadx_module.o
thread_4	0x4	../../core/kernel/rtos/threadx/txm_demo_app/build/llvm_dam/cortex-a7/ACFNAADZ/demo_threadx_module.o
thread_4_counter	0x4	../../core/kernel/rtos/threadx/txm_demo_app/build/llvm_dam/cortex-a7/ACFNAADZ/demo_threadx_module.o
thread_5	0x4	../../core/kernel/rtos/threadx/txm_demo_app/build/llvm_dam/cortex-a7/ACFNAADZ/demo_threadx_module.o
thread_5_counter	0x4	../../core/kernel/rtos/threadx/txm_demo_app/build/llvm_dam/cortex-a7/ACFNAADZ/demo_threadx_module.o
thread_6	0x4	../../core/kernel/rtos/threadx/txm_demo_app/build/llvm_dam/cortex-a7/ACFNAADZ/demo_threadx_module.o
thread_6_counter	0x4	../../core/kernel/rtos/threadx/txm_demo_app/build/llvm_dam/cortex-a7/ACFNAADZ/demo_threadx_module.o
thread_7	0x4	../../core/kernel/rtos/threadx/txm_demo_app/build/llvm_dam/cortex-a7/ACFNAADZ/demo_threadx_module.o
thread_7_counter	0x4	../../core/kernel/rtos/threadx/txm_demo_app/build/llvm_dam/cortex-a7/ACFNAADZ/demo_threadx_module.o
_txm_module_entry_info	0x4	../../core/kernel/rtos/threadx/txm_module_lib/build/LLVM/txm_lib.lib(txm_module_thread_shell_entry.o)
_txm_module_kernel_call_dispatcher	0x4	../../core/kernel/rtos/threadx/txm_module_lib/build/LLVM/txm_lib.lib(txm_module_thread_shell_entry.o)

Linker Script and memory map
START GROUP
LOAD ../../core/kernel/rtos/threadx/txm_demo_app/build/llvm_dam/cortex-a7/ACFNAADZ/txm_module_preamble_llvm.o[]
LOAD ../../core/kernel/rtos/threadx/txm_demo_app/build/llvm_dam/cortex-a7/ACFNAADZ/demo_threadx_module.o[]
LOAD ../../core/kernel/rtos/threadx/txm_module_lib/build/LLVM/txm_lib.lib(txm_module_thread_shell_entry.o) []
LOAD ../../core/kernel/rtos/threadx/txm_module_lib/build/LLVM/txm_lib.lib(txm_module_callback_request_thread_entry.o) []
LOAD ../../core/kernel/rtos/threadx/txm_module_lib/build/LLVM/txm_lib.lib(txm_module_system_call12.o) []
LOAD ../../core/kernel/rtos/threadx/txm_module_lib/build/LLVM/txm_lib.lib(txm_block_allocate.o) []
LOAD ../../core/kernel/rtos/threadx/txm_module_lib/build/LLVM/txm_lib.lib(txm_byte_pool_create.o) []
LOAD ../../core/kernel/rtos/threadx/txm_module_lib/build/LLVM/txm_lib.lib(txm_block_pool_create.o) []
LOAD ../../core/kernel/rtos/threadx/txm_module_lib/build/LLVM/txm_lib.lib(txm_block_release.o) []
LOAD ../../core/kernel/rtos/threadx/txm_module_lib/build/LLVM/txm_lib.lib(txm_byte_allocate.o) []
LOAD ../../core/kernel/rtos/threadx/txm_module_lib/build/LLVM/txm_lib.lib(txm_event_flags_create.o) []
LOAD ../../core/kernel/rtos/threadx/txm_module_lib/build/LLVM/txm_lib.lib(txm_event_flags_get.o) []
LOAD ../../core/kernel/rtos/threadx/txm_module_lib/build/LLVM/txm_lib.lib(txm_event_flags_set.o) []
LOAD ../../core/kernel/rtos/threadx/txm_module_lib/build/LLVM/txm_lib.lib(txm_module_object_allocate.o) []
LOAD ../../core/kernel/rtos/threadx/txm_module_lib/build/LLVM/txm_lib.lib(txm_module_thread_system_suspend.o) []
LOAD ../../core/kernel/rtos/threadx/txm_module_lib/build/LLVM/txm_lib.lib(txm_mutex_create.o) []
LOAD ../../core/kernel/rtos/threadx/txm_module_lib/build/LLVM/txm_lib.lib(txm_mutex_get.o) []
LOAD ../../core/kernel/rtos/threadx/txm_module_lib/build/LLVM/txm_lib.lib(txm_mutex_put.o) []
LOAD ../../core/kernel/rtos/threadx/txm_module_lib/build/LLVM/txm_lib.lib(txm_queue_create.o) []
LOAD ../../core/kernel/rtos/threadx/txm_module_lib/build/LLVM/txm_lib.lib(txm_queue_receive.o) []
LOAD ../../core/kernel/rtos/threadx/txm_module_lib/build/LLVM/txm_lib.lib(txm_queue_send.o) []
LOAD ../../core/kernel/rtos/threadx/txm_module_lib/build/LLVM/txm_lib.lib(txm_semaphore_create.o) []
LOAD ../../core/kernel/rtos/threadx/txm_module_lib/build/LLVM/txm_lib.lib(txm_semaphore_get.o) []
LOAD ../../core/kernel/rtos/threadx/txm_module_lib/build/LLVM/txm_lib.lib(txm_semaphore_put.o) []
LOAD ../../core/kernel/rtos/threadx/txm_module_lib/build/LLVM/txm_lib.lib(txm_thread_create.o) []
LOAD ../../core/kernel/rtos/threadx/txm_module_lib/build/LLVM/txm_lib.lib(txm_thread_resume.o) []
LOAD ../../core/kernel/rtos/threadx/txm_module_lib/build/LLVM/txm_lib.lib(txm_thread_sleep.o) []
LOAD ../../core/kernel/rtos/threadx/txm_module_lib/build/LLVM/txm_lib.lib(txm_timer_create.o) []
LOAD ../../core/kernel/rtos/threadx/txm_module_lib/build/LLVM/txm_lib.lib(txm_timer_delete.o) []
END GROUP
START GROUP
END GROUP
START GROUP
LOAD C:\Apps\LLVM\4.0.3\armv7m-none-eabi\libc\lib/libc.a(__brk.o) []
END GROUP

Linker scripts used (including INCLUDE command)
demo.ld

ER_RO	0x40000000	0x1358 # Offset: 0x54, LMA: 0x40000000
	Image$$ER_RO$$Base(0x40000000) = .( 0x40000000 );
*txm_module_preamble_llvm.o(.text .text.* )
*txm_module_preamble_llvm.o(Init )
Init	0x40000000	0x80	../../core/kernel/rtos/threadx/txm_demo_app/build/llvm_dam/cortex-a7/ACFNAADZ/txm_module_preamble_llvm.o	#SHT_PROGBITS,SHF_ALLOC|SHF_EXECINSTR,4
	0x40000000		.CODE32
	0x40000000		_txm_module_preamble
*txm_module_preamble_llvm.o(.rodata .rodata.* )
KEEP (*(.text .text.* ))
.text.semaphore_0_notify	0x40000080	0x2c	../../core/kernel/rtos/threadx/txm_demo_app/build/llvm_dam/cortex-a7/ACFNAADZ/demo_threadx_module.o	#SHT_PROGBITS,SHF_ALLOC|SHF_EXECINSTR,4
	0x40000080		$a.0
	0x40000080		semaphore_0_notify
	0x400000a4		$d.1
.text.event_0_notify	0x400000ac	0x2c	../../core/kernel/rtos/threadx/txm_demo_app/build/llvm_dam/cortex-a7/ACFNAADZ/demo_threadx_module.o	#SHT_PROGBITS,SHF_ALLOC|SHF_EXECINSTR,4
	0x400000ac		$a.2
	0x400000ac		event_0_notify
	0x400000d0		$d.3
.text.queue_0_notify	0x400000d8	0x2c	../../core/kernel/rtos/threadx/txm_demo_app/build/llvm_dam/cortex-a7/ACFNAADZ/demo_threadx_module.o	#SHT_PROGBITS,SHF_ALLOC|SHF_EXECINSTR,4
	0x400000d8		$a.4
	0x400000d8		queue_0_notify
	0x400000fc		$d.5
.text.demo_module_start	0x40000104	0x4a8	../../core/kernel/rtos/threadx/txm_demo_app/build/llvm_dam/cortex-a7/ACFNAADZ/demo_threadx_module.o	#SHT_PROGBITS,SHF_ALLOC|SHF_EXECINSTR,4
	0x40000104		$a.6
	0x40000104		demo_module_start
	0x40000510		$d.7
.text.thread_0_entry	0x400005ac	0x20c	../../core/kernel/rtos/threadx/txm_demo_app/build/llvm_dam/cortex-a7/ACFNAADZ/demo_threadx_module.o	#SHT_PROGBITS,SHF_ALLOC|SHF_EXECINSTR,4
	0x400005ac		$a.8
	0x400005ac		thread_0_entry
	0x40000790		$d.9
.text.thread_1_entry	0x400007b8	0xe0	../../core/kernel/rtos/threadx/txm_demo_app/build/llvm_dam/cortex-a7/ACFNAADZ/demo_threadx_module.o	#SHT_PROGBITS,SHF_ALLOC|SHF_EXECINSTR,4
	0x400007b8		$a.10
	0x400007b8		thread_1_entry
	0x4000088c		$d.11
.text.thread_2_entry	0x40000898	0x6c	../../core/kernel/rtos/threadx/txm_demo_app/build/llvm_dam/cortex-a7/ACFNAADZ/demo_threadx_module.o	#SHT_PROGBITS,SHF_ALLOC|SHF_EXECINSTR,4
	0x40000898		$a.12
	0x40000898		thread_2_entry
	0x400008f8		$d.13
.text.thread_3_and_4_entry	0x40000904	0x60	../../core/kernel/rtos/threadx/txm_demo_app/build/llvm_dam/cortex-a7/ACFNAADZ/demo_threadx_module.o	#SHT_PROGBITS,SHF_ALLOC|SHF_EXECINSTR,4
	0x40000904		$a.14
	0x40000904		thread_3_and_4_entry
	0x40000958		$d.15
.text.thread_5_entry	0x40000964	0x5c	../../core/kernel/rtos/threadx/txm_demo_app/build/llvm_dam/cortex-a7/ACFNAADZ/demo_threadx_module.o	#SHT_PROGBITS,SHF_ALLOC|SHF_EXECINSTR,4
	0x40000964		$a.16
	0x40000964		thread_5_entry
	0x400009b8		$d.17
.text.thread_6_and_7_entry	0x400009c0	0x84	../../core/kernel/rtos/threadx/txm_demo_app/build/llvm_dam/cortex-a7/ACFNAADZ/demo_threadx_module.o	#SHT_PROGBITS,SHF_ALLOC|SHF_EXECINSTR,4
	0x400009c0		$a.18
	0x400009c0		thread_6_and_7_entry
	0x40000a38		$d.19
.text.qurt_timetick_user_impl	0x40000a44	0xd8	../../core/kernel/rtos/threadx/txm_demo_app/build/llvm_dam/cortex-a7/ACFNAADZ/demo_threadx_module.o	#SHT_PROGBITS,SHF_ALLOC|SHF_EXECINSTR,4
	0x40000a44		$a.20
	0x40000a44		qurt_timetick_user_impl
	0x40000b18		$d.21
.text.qapi_user_cb1	0x40000b1c	0x18	../../core/kernel/rtos/threadx/txm_demo_app/build/llvm_dam/cortex-a7/ACFNAADZ/demo_threadx_module.o	#SHT_PROGBITS,SHF_ALLOC|SHF_EXECINSTR,4
	0x40000b1c		$a.22
	0x40000b1c		qapi_user_cb1
	0x40000b30		$d.23
.text.qapi_custom_cb_uspace_dispatcher	0x40000b34	0x6c	../../core/kernel/rtos/threadx/txm_demo_app/build/llvm_dam/cortex-a7/ACFNAADZ/demo_threadx_module.o	#SHT_PROGBITS,SHF_ALLOC|SHF_EXECINSTR,4
	0x40000b34		$a.24
	0x40000b34		qapi_custom_cb_uspace_dispatcher
	0x40000b98		$d.25
.text.user_timer_cb	0x40000ba0	0x20	../../core/kernel/rtos/threadx/txm_demo_app/build/llvm_dam/cortex-a7/ACFNAADZ/demo_threadx_module.o	#SHT_PROGBITS,SHF_ALLOC|SHF_EXECINSTR,4
	0x40000ba0		$a.26
	0x40000ba0		user_timer_cb
	0x40000bb8		$d.27
.text.qapi_user_oem_cb2	0x40000bc0	0x2c	../../core/kernel/rtos/threadx/txm_demo_app/build/llvm_dam/cortex-a7/ACFNAADZ/demo_threadx_module.o	#SHT_PROGBITS,SHF_ALLOC|SHF_EXECINSTR,4
	0x40000bc0		$a.28
	0x40000bc0		qapi_user_oem_cb2
	0x40000be8		$d.29
.text.demo_module_stop	0x40000bec	0x8	../../core/kernel/rtos/threadx/txm_demo_app/build/llvm_dam/cortex-a7/ACFNAADZ/demo_threadx_module.o	#SHT_PROGBITS,SHF_ALLOC|SHF_EXECINSTR,4
	0x40000bec		$a.30
	0x40000bec		demo_module_stop
.text.main	0x40000bf4	0x8	../../core/kernel/rtos/threadx/txm_module_lib/build/LLVM/txm_lib.lib(txm_module_thread_shell_entry.o)	#SHT_PROGBITS,SHF_ALLOC|SHF_EXECINSTR,4
	0x40000bf4		$a.0
	0x40000bf4		main
.text.__user_setup_stackheap	0x40000bfc	0x4	../../core/kernel/rtos/threadx/txm_module_lib/build/LLVM/txm_lib.lib(txm_module_thread_shell_entry.o)	#SHT_PROGBITS,SHF_ALLOC|SHF_EXECINSTR,4
	0x40000bfc		$a.1
	0x40000bfc		__user_setup_stackheap
.text._txm_module_thread_shell_entry	0x40000c00	0x6c	../../core/kernel/rtos/threadx/txm_module_lib/build/LLVM/txm_lib.lib(txm_module_thread_shell_entry.o)	#SHT_PROGBITS,SHF_ALLOC|SHF_EXECINSTR,4
	0x40000c00		$a.2
	0x40000c00		_txm_module_thread_shell_entry
	0x40000c64		$d.3
.text._txm_module_callback_request_thread_entry	0x40000c6c	0xcc	../../core/kernel/rtos/threadx/txm_module_lib/build/LLVM/txm_lib.lib(txm_module_callback_request_thread_entry.o)	#SHT_PROGBITS,SHF_ALLOC|SHF_EXECINSTR,4
	0x40000c6c		$a.0
	0x40000c6c		_txm_module_callback_request_thread_entry
	0x40000cc4		$d.1
	0x40000cd8		$a.2
	0x40000d34		$d.3
.text._txm_module_system_call12	0x40000d38	0x70	../../core/kernel/rtos/threadx/txm_module_lib/build/LLVM/txm_lib.lib(txm_module_system_call12.o)	#SHT_PROGBITS,SHF_ALLOC|SHF_EXECINSTR,4
	0x40000d38		$a.0
	0x40000d38		_txm_module_system_call12
	0x40000da4		$d.1
.text._txe_block_allocate	0x40000da8	0x20	../../core/kernel/rtos/threadx/txm_module_lib/build/LLVM/txm_lib.lib(txm_block_allocate.o)	#SHT_PROGBITS,SHF_ALLOC|SHF_EXECINSTR,4
	0x40000da8		$a.0
	0x40000da8		_txe_block_allocate
	0x40000dc4		$d.1
.text._txe_byte_pool_create	0x40000dc8	0x3c	../../core/kernel/rtos/threadx/txm_module_lib/build/LLVM/txm_lib.lib(txm_byte_pool_create.o)	#SHT_PROGBITS,SHF_ALLOC|SHF_EXECINSTR,4
	0x40000dc8		$a.0
	0x40000dc8		_txe_byte_pool_create
	0x40000e00		$d.1
.text._txe_block_pool_create	0x40000e04	0x44	../../core/kernel/rtos/threadx/txm_module_lib/build/LLVM/txm_lib.lib(txm_block_pool_create.o)	#SHT_PROGBITS,SHF_ALLOC|SHF_EXECINSTR,4
	0x40000e04		$a.0
	0x40000e04		_txe_block_pool_create
	0x40000e44		$d.1
.text._txe_block_release	0x40000e48	0x20	../../core/kernel/rtos/threadx/txm_module_lib/build/LLVM/txm_lib.lib(txm_block_release.o)	#SHT_PROGBITS,SHF_ALLOC|SHF_EXECINSTR,4
	0x40000e48		$a.0
	0x40000e48		_txe_block_release
	0x40000e64		$d.1
.text._txe_byte_allocate	0x40000e68	0x34	../../core/kernel/rtos/threadx/txm_module_lib/build/LLVM/txm_lib.lib(txm_byte_allocate.o)	#SHT_PROGBITS,SHF_ALLOC|SHF_EXECINSTR,4
	0x40000e68		$a.0
	0x40000e68		_txe_byte_allocate
	0x40000e98		$d.1
.text._txe_event_flags_create	0x40000e9c	0x20	../../core/kernel/rtos/threadx/txm_module_lib/build/LLVM/txm_lib.lib(txm_event_flags_create.o)	#SHT_PROGBITS,SHF_ALLOC|SHF_EXECINSTR,4
	0x40000e9c		$a.0
	0x40000e9c		_txe_event_flags_create
	0x40000eb8		$d.1
.text._txe_event_flags_get	0x40000ebc	0x3c	../../core/kernel/rtos/threadx/txm_module_lib/build/LLVM/txm_lib.lib(txm_event_flags_get.o)	#SHT_PROGBITS,SHF_ALLOC|SHF_EXECINSTR,4
	0x40000ebc		$a.0
	0x40000ebc		_txe_event_flags_get
	0x40000ef4		$d.1
.text._txe_event_flags_set	0x40000ef8	0x20	../../core/kernel/rtos/threadx/txm_module_lib/build/LLVM/txm_lib.lib(txm_event_flags_set.o)	#SHT_PROGBITS,SHF_ALLOC|SHF_EXECINSTR,4
	0x40000ef8		$a.0
	0x40000ef8		_txe_event_flags_set
	0x40000f14		$d.1
.text._txm_module_object_allocate	0x40000f18	0x20	../../core/kernel/rtos/threadx/txm_module_lib/build/LLVM/txm_lib.lib(txm_module_object_allocate.o)	#SHT_PROGBITS,SHF_ALLOC|SHF_EXECINSTR,4
	0x40000f18		$a.0
	0x40000f18		_txm_module_object_allocate
	0x40000f34		$d.1
.text._txm_module_thread_system_suspend	0x40000f38	0x20	../../core/kernel/rtos/threadx/txm_module_lib/build/LLVM/txm_lib.lib(txm_module_thread_system_suspend.o)	#SHT_PROGBITS,SHF_ALLOC|SHF_EXECINSTR,4
	0x40000f38		$a.0
	0x40000f38		_txm_module_thread_system_suspend
	0x40000f54		$d.1
.text._txe_mutex_create	0x40000f58	0x34	../../core/kernel/rtos/threadx/txm_module_lib/build/LLVM/txm_lib.lib(txm_mutex_create.o)	#SHT_PROGBITS,SHF_ALLOC|SHF_EXECINSTR,4
	0x40000f58		$a.0
	0x40000f58		_txe_mutex_create
	0x40000f88		$d.1
.text._txe_mutex_get	0x40000f8c	0x20	../../core/kernel/rtos/threadx/txm_module_lib/build/LLVM/txm_lib.lib(txm_mutex_get.o)	#SHT_PROGBITS,SHF_ALLOC|SHF_EXECINSTR,4
	0x40000f8c		$a.0
	0x40000f8c		_txe_mutex_get
	0x40000fa8		$d.1
.text._txe_mutex_put	0x40000fac	0x20	../../core/kernel/rtos/threadx/txm_module_lib/build/LLVM/txm_lib.lib(txm_mutex_put.o)	#SHT_PROGBITS,SHF_ALLOC|SHF_EXECINSTR,4
	0x40000fac		$a.0
	0x40000fac		_txe_mutex_put
	0x40000fc8		$d.1
.text._txe_queue_create	0x40000fcc	0x44	../../core/kernel/rtos/threadx/txm_module_lib/build/LLVM/txm_lib.lib(txm_queue_create.o)	#SHT_PROGBITS,SHF_ALLOC|SHF_EXECINSTR,4
	0x40000fcc		$a.0
	0x40000fcc		_txe_queue_create
	0x4000100c		$d.1
.text._txe_queue_receive	0x40001010	0x20	../../core/kernel/rtos/threadx/txm_module_lib/build/LLVM/txm_lib.lib(txm_queue_receive.o)	#SHT_PROGBITS,SHF_ALLOC|SHF_EXECINSTR,4
	0x40001010		$a.0
	0x40001010		_txe_queue_receive
	0x4000102c		$d.1
.text._txe_queue_send	0x40001030	0x20	../../core/kernel/rtos/threadx/txm_module_lib/build/LLVM/txm_lib.lib(txm_queue_send.o)	#SHT_PROGBITS,SHF_ALLOC|SHF_EXECINSTR,4
	0x40001030		$a.0
	0x40001030		_txe_queue_send
	0x4000104c		$d.1
.text._txe_semaphore_create	0x40001050	0x34	../../core/kernel/rtos/threadx/txm_module_lib/build/LLVM/txm_lib.lib(txm_semaphore_create.o)	#SHT_PROGBITS,SHF_ALLOC|SHF_EXECINSTR,4
	0x40001050		$a.0
	0x40001050		_txe_semaphore_create
	0x40001080		$d.1
.text._txe_semaphore_get	0x40001084	0x20	../../core/kernel/rtos/threadx/txm_module_lib/build/LLVM/txm_lib.lib(txm_semaphore_get.o)	#SHT_PROGBITS,SHF_ALLOC|SHF_EXECINSTR,4
	0x40001084		$a.0
	0x40001084		_txe_semaphore_get
	0x400010a0		$d.1
.text._txe_semaphore_put	0x400010a4	0x20	../../core/kernel/rtos/threadx/txm_module_lib/build/LLVM/txm_lib.lib(txm_semaphore_put.o)	#SHT_PROGBITS,SHF_ALLOC|SHF_EXECINSTR,4
	0x400010a4		$a.0
	0x400010a4		_txe_semaphore_put
	0x400010c0		$d.1
.text._txe_thread_create	0x400010c4	0x70	../../core/kernel/rtos/threadx/txm_module_lib/build/LLVM/txm_lib.lib(txm_thread_create.o)	#SHT_PROGBITS,SHF_ALLOC|SHF_EXECINSTR,4
	0x400010c4		$a.0
	0x400010c4		_txe_thread_create
	0x40001130		$d.1
.text._txe_thread_resume	0x40001134	0x20	../../core/kernel/rtos/threadx/txm_module_lib/build/LLVM/txm_lib.lib(txm_thread_resume.o)	#SHT_PROGBITS,SHF_ALLOC|SHF_EXECINSTR,4
	0x40001134		$a.0
	0x40001134		_txe_thread_resume
	0x40001150		$d.1
.text._tx_thread_sleep	0x40001154	0x20	../../core/kernel/rtos/threadx/txm_module_lib/build/LLVM/txm_lib.lib(txm_thread_sleep.o)	#SHT_PROGBITS,SHF_ALLOC|SHF_EXECINSTR,4
	0x40001154		$a.0
	0x40001154		_tx_thread_sleep
	0x40001170		$d.1
.text._txe_timer_create	0x40001174	0x54	../../core/kernel/rtos/threadx/txm_module_lib/build/LLVM/txm_lib.lib(txm_timer_create.o)	#SHT_PROGBITS,SHF_ALLOC|SHF_EXECINSTR,4
	0x40001174		$a.0
	0x40001174		_txe_timer_create
	0x400011c4		$d.1
.text._txe_timer_delete	0x400011c8	0x20	../../core/kernel/rtos/threadx/txm_module_lib/build/LLVM/txm_lib.lib(txm_timer_delete.o)	#SHT_PROGBITS,SHF_ALLOC|SHF_EXECINSTR,4
	0x400011c8		$a.0
	0x400011c8		_txe_timer_delete
	0x400011e4		$d.1
.text.__brk	0x400011e8	0x78	C:\Apps\LLVM\4.0.3\armv7m-none-eabi\libc\lib/libc.a(__brk.o)	#SHT_PROGBITS,SHF_ALLOC|SHF_EXECINSTR,4
	0x400011e8		$t
	0x400011e9		__brk
	0x40001248		$d
*(Init )
*(.rodata .rodata.* )
.rodata.str1.1	0x40001260	0x13	../../core/kernel/rtos/threadx/txm_demo_app/build/llvm_dam/cortex-a7/ACFNAADZ/demo_threadx_module.o	#SHT_PROGBITS,SHF_ALLOC|SHF_MERGE|SHF_STRINGS,1
	0x40001260		.L.str
.rodata.str1.1	0x40001273	0xf	../../core/kernel/rtos/threadx/txm_demo_app/build/llvm_dam/cortex-a7/ACFNAADZ/demo_threadx_module.o	#SHT_PROGBITS,SHF_ALLOC|SHF_MERGE|SHF_STRINGS,1
	0x40001273		.L.str.1
.rodata.str1.1	0x40001282	0x13	../../core/kernel/rtos/threadx/txm_demo_app/build/llvm_dam/cortex-a7/ACFNAADZ/demo_threadx_module.o	#SHT_PROGBITS,SHF_ALLOC|SHF_MERGE|SHF_STRINGS,1
	0x40001282		.L.str.2
.rodata.str1.1	0x40001295	0x15	../../core/kernel/rtos/threadx/txm_demo_app/build/llvm_dam/cortex-a7/ACFNAADZ/demo_threadx_module.o	#SHT_PROGBITS,SHF_ALLOC|SHF_MERGE|SHF_STRINGS,1
	0x40001295		.L.str.3
.rodata.str1.1	0x400012aa	0xf	../../core/kernel/rtos/threadx/txm_demo_app/build/llvm_dam/cortex-a7/ACFNAADZ/demo_threadx_module.o	#SHT_PROGBITS,SHF_ALLOC|SHF_MERGE|SHF_STRINGS,1
	0x400012aa		.L.str.4
.rodata.str1.1	0x400012b9	0x14	../../core/kernel/rtos/threadx/txm_demo_app/build/llvm_dam/cortex-a7/ACFNAADZ/demo_threadx_module.o	#SHT_PROGBITS,SHF_ALLOC|SHF_MERGE|SHF_STRINGS,1
	0x400012b9		.L.str.5
.rodata.str1.1	0x400012cd	0x10	../../core/kernel/rtos/threadx/txm_demo_app/build/llvm_dam/cortex-a7/ACFNAADZ/demo_threadx_module.o	#SHT_PROGBITS,SHF_ALLOC|SHF_MERGE|SHF_STRINGS,1
	0x400012cd		.L.str.6
.rodata.str1.1	0x400012dd	0x10	../../core/kernel/rtos/threadx/txm_demo_app/build/llvm_dam/cortex-a7/ACFNAADZ/demo_threadx_module.o	#SHT_PROGBITS,SHF_ALLOC|SHF_MERGE|SHF_STRINGS,1
	0x400012dd		.L.str.7
.rodata.str1.1	0x400012ed	0x10	../../core/kernel/rtos/threadx/txm_demo_app/build/llvm_dam/cortex-a7/ACFNAADZ/demo_threadx_module.o	#SHT_PROGBITS,SHF_ALLOC|SHF_MERGE|SHF_STRINGS,1
	0x400012ed		.L.str.8
.rodata.str1.1	0x400012fd	0x10	../../core/kernel/rtos/threadx/txm_demo_app/build/llvm_dam/cortex-a7/ACFNAADZ/demo_threadx_module.o	#SHT_PROGBITS,SHF_ALLOC|SHF_MERGE|SHF_STRINGS,1
	0x400012fd		.L.str.9
.rodata.str1.1	0x4000130d	0x10	../../core/kernel/rtos/threadx/txm_demo_app/build/llvm_dam/cortex-a7/ACFNAADZ/demo_threadx_module.o	#SHT_PROGBITS,SHF_ALLOC|SHF_MERGE|SHF_STRINGS,1
	0x4000130d		.L.str.10
.rodata.str1.1	0x4000131d	0x10	../../core/kernel/rtos/threadx/txm_demo_app/build/llvm_dam/cortex-a7/ACFNAADZ/demo_threadx_module.o	#SHT_PROGBITS,SHF_ALLOC|SHF_MERGE|SHF_STRINGS,1
	0x4000131d		.L.str.11
.rodata.str1.1	0x4000132d	0x10	../../core/kernel/rtos/threadx/txm_demo_app/build/llvm_dam/cortex-a7/ACFNAADZ/demo_threadx_module.o	#SHT_PROGBITS,SHF_ALLOC|SHF_MERGE|SHF_STRINGS,1
	0x4000132d		.L.str.12
.rodata.str1.1	0x4000133d	0x10	../../core/kernel/rtos/threadx/txm_demo_app/build/llvm_dam/cortex-a7/ACFNAADZ/demo_threadx_module.o	#SHT_PROGBITS,SHF_ALLOC|SHF_MERGE|SHF_STRINGS,1
	0x4000133d		.L.str.13
.rodata.str1.1	0x4000134d	0xb	../../core/kernel/rtos/threadx/txm_demo_app/build/llvm_dam/cortex-a7/ACFNAADZ/demo_threadx_module.o	#SHT_PROGBITS,SHF_ALLOC|SHF_MERGE|SHF_STRINGS,1
	0x4000134d		.L.str.14
	Image$$ER_RO$$Limit(0x40001358) = .( 0x40001358 );
Image$$ER_RO$$Length(0x1358) = Image$$ER_RO$$Limit( 0x40001358 ) - Image$$ER_RO$$Base( 0x40000000 );

ER_RW	0x40001358	0x8 # Offset: 0x13ac, LMA: 0x40001358
	Image$$ER_RW$$Base(0x40001358) = .( 0x40001358 );
KEEP (*(.data .data.* ))
.data.__heap_base	0x40001358	0x4	C:\Apps\LLVM\4.0.3\armv7m-none-eabi\libc\lib/libc.a(__brk.o)	#SHT_PROGBITS,SHF_ALLOC|SHF_WRITE,4
	0x40001358		$d
	0x40001358		__heap_base
.data.__heap_limit	0x4000135c	0x4	C:\Apps\LLVM\4.0.3\armv7m-none-eabi\libc\lib/libc.a(__brk.o)	#SHT_PROGBITS,SHF_ALLOC|SHF_WRITE,4
	0x4000135c		$d
	0x4000135c		__heap_limit
	Image$$ER_RW$$Limit(0x40001360) = .( 0x40001360 );
Image$$ER_RO$$Length(0x1358) = Image$$ER_RW$$Base( 0x40001358 ) - Image$$ER_RO$$Base( 0x40000000 );
Image$$ER_RW$$Length(0x8) = Image$$ER_RW$$Limit( 0x40001360 ) - Image$$ER_RW$$Base( 0x40001358 );

ER_ZI	0x40001360	0x3428 # Offset: 0x13b4, LMA: 0x40001360
	Image$$ER_ZI$$Base(0x40001360) = .( 0x40001360 );
*(.bss* .bss.* .common COMMON )
	0x40001360	0x4	../../core/kernel/rtos/threadx/txm_demo_app/build/llvm_dam/cortex-a7/ACFNAADZ/demo_threadx_module.o	#SHT_NOBITS,SHF_ALLOC|SHF_WRITE,4
	0x40001360		block_pool_0
	0x40001364	0x4	../../core/kernel/rtos/threadx/txm_demo_app/build/llvm_dam/cortex-a7/ACFNAADZ/demo_threadx_module.o	#SHT_NOBITS,SHF_ALLOC|SHF_WRITE,4
	0x40001364		byte_pool_0
	0x40001368	0x4	../../core/kernel/rtos/threadx/txm_demo_app/build/llvm_dam/cortex-a7/ACFNAADZ/demo_threadx_module.o	#SHT_NOBITS,SHF_ALLOC|SHF_WRITE,4
	0x40001368		count
	0x4000136c	0x23a0	../../core/kernel/rtos/threadx/txm_demo_app/build/llvm_dam/cortex-a7/ACFNAADZ/demo_threadx_module.o	#SHT_NOBITS,SHF_ALLOC|SHF_WRITE,4
	0x4000136c		demo_module_pool_space
	0x4000370c	0x4	../../core/kernel/rtos/threadx/txm_demo_app/build/llvm_dam/cortex-a7/ACFNAADZ/demo_threadx_module.o	#SHT_NOBITS,SHF_ALLOC|SHF_WRITE,4
	0x4000370c		event_0_sets
	0x40003710	0x4	../../core/kernel/rtos/threadx/txm_demo_app/build/llvm_dam/cortex-a7/ACFNAADZ/demo_threadx_module.o	#SHT_NOBITS,SHF_ALLOC|SHF_WRITE,4
	0x40003710		event_flags_0
	0x40003714	0x1000	../../core/kernel/rtos/threadx/txm_demo_app/build/llvm_dam/cortex-a7/ACFNAADZ/demo_threadx_module.o	#SHT_NOBITS,SHF_ALLOC|SHF_WRITE,4
	0x40003714		module_heap_area
	0x40004714	0x4	../../core/kernel/rtos/threadx/txm_demo_app/build/llvm_dam/cortex-a7/ACFNAADZ/demo_threadx_module.o	#SHT_NOBITS,SHF_ALLOC|SHF_WRITE,4
	0x40004714		mutex_0
	0x40004718	0x4	../../core/kernel/rtos/threadx/txm_demo_app/build/llvm_dam/cortex-a7/ACFNAADZ/demo_threadx_module.o	#SHT_NOBITS,SHF_ALLOC|SHF_WRITE,4
	0x40004718		queue_0
	0x4000471c	0x4	../../core/kernel/rtos/threadx/txm_demo_app/build/llvm_dam/cortex-a7/ACFNAADZ/demo_threadx_module.o	#SHT_NOBITS,SHF_ALLOC|SHF_WRITE,4
	0x4000471c		queue_0_sends
	0x40004720	0x4	../../core/kernel/rtos/threadx/txm_demo_app/build/llvm_dam/cortex-a7/ACFNAADZ/demo_threadx_module.o	#SHT_NOBITS,SHF_ALLOC|SHF_WRITE,4
	0x40004720		semaphore_0
	0x40004724	0x4	../../core/kernel/rtos/threadx/txm_demo_app/build/llvm_dam/cortex-a7/ACFNAADZ/demo_threadx_module.o	#SHT_NOBITS,SHF_ALLOC|SHF_WRITE,4
	0x40004724		semaphore_0_puts
	0x40004728	0x4	../../core/kernel/rtos/threadx/txm_demo_app/build/llvm_dam/cortex-a7/ACFNAADZ/demo_threadx_module.o	#SHT_NOBITS,SHF_ALLOC|SHF_WRITE,4
	0x40004728		test_tx_timer_info
	0x4000472c	0x4	../../core/kernel/rtos/threadx/txm_demo_app/build/llvm_dam/cortex-a7/ACFNAADZ/demo_threadx_module.o	#SHT_NOBITS,SHF_ALLOC|SHF_WRITE,4
	0x4000472c		thread_0
	0x40004730	0x4	../../core/kernel/rtos/threadx/txm_demo_app/build/llvm_dam/cortex-a7/ACFNAADZ/demo_threadx_module.o	#SHT_NOBITS,SHF_ALLOC|SHF_WRITE,4
	0x40004730		thread_0_counter
	0x40004734	0x4	../../core/kernel/rtos/threadx/txm_demo_app/build/llvm_dam/cortex-a7/ACFNAADZ/demo_threadx_module.o	#SHT_NOBITS,SHF_ALLOC|SHF_WRITE,4
	0x40004734		thread_1
	0x40004738	0x4	../../core/kernel/rtos/threadx/txm_demo_app/build/llvm_dam/cortex-a7/ACFNAADZ/demo_threadx_module.o	#SHT_NOBITS,SHF_ALLOC|SHF_WRITE,4
	0x40004738		thread_1_counter
	0x4000473c	0x4	../../core/kernel/rtos/threadx/txm_demo_app/build/llvm_dam/cortex-a7/ACFNAADZ/demo_threadx_module.o	#SHT_NOBITS,SHF_ALLOC|SHF_WRITE,4
	0x4000473c		thread_1_messages_sent
	0x40004740	0x4	../../core/kernel/rtos/threadx/txm_demo_app/build/llvm_dam/cortex-a7/ACFNAADZ/demo_threadx_module.o	#SHT_NOBITS,SHF_ALLOC|SHF_WRITE,4
	0x40004740		thread_2
	0x40004744	0x4	../../core/kernel/rtos/threadx/txm_demo_app/build/llvm_dam/cortex-a7/ACFNAADZ/demo_threadx_module.o	#SHT_NOBITS,SHF_ALLOC|SHF_WRITE,4
	0x40004744		thread_2_counter
	0x40004748	0x4	../../core/kernel/rtos/threadx/txm_demo_app/build/llvm_dam/cortex-a7/ACFNAADZ/demo_threadx_module.o	#SHT_NOBITS,SHF_ALLOC|SHF_WRITE,4
	0x40004748		thread_2_messages_received
	0x4000474c	0x4	../../core/kernel/rtos/threadx/txm_demo_app/build/llvm_dam/cortex-a7/ACFNAADZ/demo_threadx_module.o	#SHT_NOBITS,SHF_ALLOC|SHF_WRITE,4
	0x4000474c		thread_3
	0x40004750	0x4	../../core/kernel/rtos/threadx/txm_demo_app/build/llvm_dam/cortex-a7/ACFNAADZ/demo_threadx_module.o	#SHT_NOBITS,SHF_ALLOC|SHF_WRITE,4
	0x40004750		thread_3_counter
	0x40004754	0x4	../../core/kernel/rtos/threadx/txm_demo_app/build/llvm_dam/cortex-a7/ACFNAADZ/demo_threadx_module.o	#SHT_NOBITS,SHF_ALLOC|SHF_WRITE,4
	0x40004754		thread_4
	0x40004758	0x4	../../core/kernel/rtos/threadx/txm_demo_app/build/llvm_dam/cortex-a7/ACFNAADZ/demo_threadx_module.o	#SHT_NOBITS,SHF_ALLOC|SHF_WRITE,4
	0x40004758		thread_4_counter
	0x4000475c	0x4	../../core/kernel/rtos/threadx/txm_demo_app/build/llvm_dam/cortex-a7/ACFNAADZ/demo_threadx_module.o	#SHT_NOBITS,SHF_ALLOC|SHF_WRITE,4
	0x4000475c		thread_5
	0x40004760	0x4	../../core/kernel/rtos/threadx/txm_demo_app/build/llvm_dam/cortex-a7/ACFNAADZ/demo_threadx_module.o	#SHT_NOBITS,SHF_ALLOC|SHF_WRITE,4
	0x40004760		thread_5_counter
	0x40004764	0x4	../../core/kernel/rtos/threadx/txm_demo_app/build/llvm_dam/cortex-a7/ACFNAADZ/demo_threadx_module.o	#SHT_NOBITS,SHF_ALLOC|SHF_WRITE,4
	0x40004764		thread_6
	0x40004768	0x4	../../core/kernel/rtos/threadx/txm_demo_app/build/llvm_dam/cortex-a7/ACFNAADZ/demo_threadx_module.o	#SHT_NOBITS,SHF_ALLOC|SHF_WRITE,4
	0x40004768		thread_6_counter
	0x4000476c	0x4	../../core/kernel/rtos/threadx/txm_demo_app/build/llvm_dam/cortex-a7/ACFNAADZ/demo_threadx_module.o	#SHT_NOBITS,SHF_ALLOC|SHF_WRITE,4
	0x4000476c		thread_7
	0x40004770	0x4	../../core/kernel/rtos/threadx/txm_demo_app/build/llvm_dam/cortex-a7/ACFNAADZ/demo_threadx_module.o	#SHT_NOBITS,SHF_ALLOC|SHF_WRITE,4
	0x40004770		thread_7_counter
	0x40004774	0x4	../../core/kernel/rtos/threadx/txm_module_lib/build/LLVM/txm_lib.lib(txm_module_thread_shell_entry.o)	#SHT_NOBITS,SHF_ALLOC|SHF_WRITE,4
	0x40004774		_txm_module_entry_info
	0x40004778	0x4	../../core/kernel/rtos/threadx/txm_module_lib/build/LLVM/txm_lib.lib(txm_module_thread_shell_entry.o)	#SHT_NOBITS,SHF_ALLOC|SHF_WRITE,4
	0x40004778		_txm_module_kernel_call_dispatcher
.bss..L_MergedGlobals	0x4000477c	0xc	../../core/kernel/rtos/threadx/txm_demo_app/build/llvm_dam/cortex-a7/ACFNAADZ/demo_threadx_module.o	#SHT_NOBITS,SHF_ALLOC|SHF_WRITE,4
	0x4000477c		timer_cb_pending
	0x40004780		invoke_txm_cust_cb_qapi1
	0x40004784		invoke_txm_cust_cb_qapi2
	Image$$ER_ZI$$Limit(0x40004788) = .( 0x40004788 );
Image$$ER_ZI$$ZI$$Length(0x3428) = Image$$ER_ZI$$Limit( 0x40004788 ) - Image$$ER_ZI$$Base( 0x40001360 );

.debug	0x0	0x0 # Offset: 0x0

.line	0x0	0x0 # Offset: 0x0

.debug_srcinfo	0x0	0x0 # Offset: 0x0

.debug_sfnames	0x0	0x0 # Offset: 0x0

.debug_aranges	0x0	0x0 # Offset: 0x0

.debug_pubnames	0x13b4	0x8ee # Offset: 0x13b4
*(.debug_pubnames )
.debug_pubnames	0x13b4	0x3f0	../../core/kernel/rtos/threadx/txm_demo_app/build/llvm_dam/cortex-a7/ACFNAADZ/demo_threadx_module.o	#SHT_PROGBITS,,1
.debug_pubnames	0x17a4	0x9b	../../core/kernel/rtos/threadx/txm_module_lib/build/LLVM/txm_lib.lib(txm_module_thread_shell_entry.o)	#SHT_PROGBITS,,1
.debug_pubnames	0x183f	0x40	../../core/kernel/rtos/threadx/txm_module_lib/build/LLVM/txm_lib.lib(txm_module_callback_request_thread_entry.o)	#SHT_PROGBITS,,1
.debug_pubnames	0x187f	0x30	../../core/kernel/rtos/threadx/txm_module_lib/build/LLVM/txm_lib.lib(txm_module_system_call12.o)	#SHT_PROGBITS,,1
.debug_pubnames	0x18af	0x2a	../../core/kernel/rtos/threadx/txm_module_lib/build/LLVM/txm_lib.lib(txm_block_allocate.o)	#SHT_PROGBITS,,1
.debug_pubnames	0x18d9	0x2c	../../core/kernel/rtos/threadx/txm_module_lib/build/LLVM/txm_lib.lib(txm_byte_pool_create.o)	#SHT_PROGBITS,,1
.debug_pubnames	0x1905	0x2d	../../core/kernel/rtos/threadx/txm_module_lib/build/LLVM/txm_lib.lib(txm_block_pool_create.o)	#SHT_PROGBITS,,1
.debug_pubnames	0x1932	0x29	../../core/kernel/rtos/threadx/txm_module_lib/build/LLVM/txm_lib.lib(txm_block_release.o)	#SHT_PROGBITS,,1
.debug_pubnames	0x195b	0x29	../../core/kernel/rtos/threadx/txm_module_lib/build/LLVM/txm_lib.lib(txm_byte_allocate.o)	#SHT_PROGBITS,,1
.debug_pubnames	0x1984	0x2e	../../core/kernel/rtos/threadx/txm_module_lib/build/LLVM/txm_lib.lib(txm_event_flags_create.o)	#SHT_PROGBITS,,1
.debug_pubnames	0x19b2	0x2b	../../core/kernel/rtos/threadx/txm_module_lib/build/LLVM/txm_lib.lib(txm_event_flags_get.o)	#SHT_PROGBITS,,1
.debug_pubnames	0x19dd	0x2b	../../core/kernel/rtos/threadx/txm_module_lib/build/LLVM/txm_lib.lib(txm_event_flags_set.o)	#SHT_PROGBITS,,1
.debug_pubnames	0x1a08	0x32	../../core/kernel/rtos/threadx/txm_module_lib/build/LLVM/txm_lib.lib(txm_module_object_allocate.o)	#SHT_PROGBITS,,1
.debug_pubnames	0x1a3a	0x38	../../core/kernel/rtos/threadx/txm_module_lib/build/LLVM/txm_lib.lib(txm_module_thread_system_suspend.o)	#SHT_PROGBITS,,1
.debug_pubnames	0x1a72	0x28	../../core/kernel/rtos/threadx/txm_module_lib/build/LLVM/txm_lib.lib(txm_mutex_create.o)	#SHT_PROGBITS,,1
.debug_pubnames	0x1a9a	0x25	../../core/kernel/rtos/threadx/txm_module_lib/build/LLVM/txm_lib.lib(txm_mutex_get.o)	#SHT_PROGBITS,,1
.debug_pubnames	0x1abf	0x25	../../core/kernel/rtos/threadx/txm_module_lib/build/LLVM/txm_lib.lib(txm_mutex_put.o)	#SHT_PROGBITS,,1
.debug_pubnames	0x1ae4	0x28	../../core/kernel/rtos/threadx/txm_module_lib/build/LLVM/txm_lib.lib(txm_queue_create.o)	#SHT_PROGBITS,,1
.debug_pubnames	0x1b0c	0x29	../../core/kernel/rtos/threadx/txm_module_lib/build/LLVM/txm_lib.lib(txm_queue_receive.o)	#SHT_PROGBITS,,1
.debug_pubnames	0x1b35	0x26	../../core/kernel/rtos/threadx/txm_module_lib/build/LLVM/txm_lib.lib(txm_queue_send.o)	#SHT_PROGBITS,,1
.debug_pubnames	0x1b5b	0x2c	../../core/kernel/rtos/threadx/txm_module_lib/build/LLVM/txm_lib.lib(txm_semaphore_create.o)	#SHT_PROGBITS,,1
.debug_pubnames	0x1b87	0x29	../../core/kernel/rtos/threadx/txm_module_lib/build/LLVM/txm_lib.lib(txm_semaphore_get.o)	#SHT_PROGBITS,,1
.debug_pubnames	0x1bb0	0x29	../../core/kernel/rtos/threadx/txm_module_lib/build/LLVM/txm_lib.lib(txm_semaphore_put.o)	#SHT_PROGBITS,,1
.debug_pubnames	0x1bd9	0x29	../../core/kernel/rtos/threadx/txm_module_lib/build/LLVM/txm_lib.lib(txm_thread_create.o)	#SHT_PROGBITS,,1
.debug_pubnames	0x1c02	0x29	../../core/kernel/rtos/threadx/txm_module_lib/build/LLVM/txm_lib.lib(txm_thread_resume.o)	#SHT_PROGBITS,,1
.debug_pubnames	0x1c2b	0x27	../../core/kernel/rtos/threadx/txm_module_lib/build/LLVM/txm_lib.lib(txm_thread_sleep.o)	#SHT_PROGBITS,,1
.debug_pubnames	0x1c52	0x28	../../core/kernel/rtos/threadx/txm_module_lib/build/LLVM/txm_lib.lib(txm_timer_create.o)	#SHT_PROGBITS,,1
.debug_pubnames	0x1c7a	0x28	../../core/kernel/rtos/threadx/txm_module_lib/build/LLVM/txm_lib.lib(txm_timer_delete.o)	#SHT_PROGBITS,,1

.debug_info	0x1ca2	0xb115 # Offset: 0x1ca2
*(.debug_info .gnu.linkonce.wi.* )
.debug_info	0x1ca2	0x121f	../../core/kernel/rtos/threadx/txm_demo_app/build/llvm_dam/cortex-a7/ACFNAADZ/demo_threadx_module.o	#SHT_PROGBITS,,1
.debug_info	0x2ec1	0xd81	../../core/kernel/rtos/threadx/txm_module_lib/build/LLVM/txm_lib.lib(txm_module_thread_shell_entry.o)	#SHT_PROGBITS,,1
.debug_info	0x3c42	0xfde	../../core/kernel/rtos/threadx/txm_module_lib/build/LLVM/txm_lib.lib(txm_module_callback_request_thread_entry.o)	#SHT_PROGBITS,,1
.debug_info	0x4c20	0x145	../../core/kernel/rtos/threadx/txm_module_lib/build/LLVM/txm_lib.lib(txm_module_system_call12.o)	#SHT_PROGBITS,,1
.debug_info	0x4d65	0x6af	../../core/kernel/rtos/threadx/txm_module_lib/build/LLVM/txm_lib.lib(txm_block_allocate.o)	#SHT_PROGBITS,,1
.debug_info	0x5414	0x6f6	../../core/kernel/rtos/threadx/txm_module_lib/build/LLVM/txm_lib.lib(txm_byte_pool_create.o)	#SHT_PROGBITS,,1
.debug_info	0x5b0a	0x6f6	../../core/kernel/rtos/threadx/txm_module_lib/build/LLVM/txm_lib.lib(txm_block_pool_create.o)	#SHT_PROGBITS,,1
.debug_info	0x6200	0x7e	../../core/kernel/rtos/threadx/txm_module_lib/build/LLVM/txm_lib.lib(txm_block_release.o)	#SHT_PROGBITS,,1
.debug_info	0x627e	0x6ec	../../core/kernel/rtos/threadx/txm_module_lib/build/LLVM/txm_lib.lib(txm_byte_allocate.o)	#SHT_PROGBITS,,1
.debug_info	0x696a	0x691	../../core/kernel/rtos/threadx/txm_module_lib/build/LLVM/txm_lib.lib(txm_event_flags_create.o)	#SHT_PROGBITS,,1
.debug_info	0x6ffb	0x6d3	../../core/kernel/rtos/threadx/txm_module_lib/build/LLVM/txm_lib.lib(txm_event_flags_get.o)	#SHT_PROGBITS,,1
.debug_info	0x76ce	0x691	../../core/kernel/rtos/threadx/txm_module_lib/build/LLVM/txm_lib.lib(txm_event_flags_set.o)	#SHT_PROGBITS,,1
.debug_info	0x7d5f	0x92	../../core/kernel/rtos/threadx/txm_module_lib/build/LLVM/txm_lib.lib(txm_module_object_allocate.o)	#SHT_PROGBITS,,1
.debug_info	0x7df1	0x5a1	../../core/kernel/rtos/threadx/txm_module_lib/build/LLVM/txm_lib.lib(txm_module_thread_system_suspend.o)	#SHT_PROGBITS,,1
.debug_info	0x8392	0x5fe	../../core/kernel/rtos/threadx/txm_module_lib/build/LLVM/txm_lib.lib(txm_mutex_create.o)	#SHT_PROGBITS,,1
.debug_info	0x8990	0x5c1	../../core/kernel/rtos/threadx/txm_module_lib/build/LLVM/txm_lib.lib(txm_mutex_get.o)	#SHT_PROGBITS,,1
.debug_info	0x8f51	0x5b2	../../core/kernel/rtos/threadx/txm_module_lib/build/LLVM/txm_lib.lib(txm_mutex_put.o)	#SHT_PROGBITS,,1
.debug_info	0x9503	0x72d	../../core/kernel/rtos/threadx/txm_module_lib/build/LLVM/txm_lib.lib(txm_queue_create.o)	#SHT_PROGBITS,,1
.debug_info	0x9c30	0x6e1	../../core/kernel/rtos/threadx/txm_module_lib/build/LLVM/txm_lib.lib(txm_queue_receive.o)	#SHT_PROGBITS,,1
.debug_info	0xa311	0x6e1	../../core/kernel/rtos/threadx/txm_module_lib/build/LLVM/txm_lib.lib(txm_queue_send.o)	#SHT_PROGBITS,,1
.debug_info	0xa9f2	0x6a1	../../core/kernel/rtos/threadx/txm_module_lib/build/LLVM/txm_lib.lib(txm_semaphore_create.o)	#SHT_PROGBITS,,1
.debug_info	0xb093	0x664	../../core/kernel/rtos/threadx/txm_module_lib/build/LLVM/txm_lib.lib(txm_semaphore_get.o)	#SHT_PROGBITS,,1
.debug_info	0xb6f7	0x655	../../core/kernel/rtos/threadx/txm_module_lib/build/LLVM/txm_lib.lib(txm_semaphore_put.o)	#SHT_PROGBITS,,1
.debug_info	0xbd4c	0x656	../../core/kernel/rtos/threadx/txm_module_lib/build/LLVM/txm_lib.lib(txm_thread_create.o)	#SHT_PROGBITS,,1
.debug_info	0xc3a2	0x5a1	../../core/kernel/rtos/threadx/txm_module_lib/build/LLVM/txm_lib.lib(txm_thread_resume.o)	#SHT_PROGBITS,,1
.debug_info	0xc943	0x7d	../../core/kernel/rtos/threadx/txm_module_lib/build/LLVM/txm_lib.lib(txm_thread_sleep.o)	#SHT_PROGBITS,,1
.debug_info	0xc9c0	0x243	../../core/kernel/rtos/threadx/txm_module_lib/build/LLVM/txm_lib.lib(txm_timer_create.o)	#SHT_PROGBITS,,1
.debug_info	0xcc03	0x1b4	../../core/kernel/rtos/threadx/txm_module_lib/build/LLVM/txm_lib.lib(txm_timer_delete.o)	#SHT_PROGBITS,,1

.debug_abbrev	0xcdb7	0x16ae # Offset: 0xcdb7
*(.debug_abbrev )
.debug_abbrev	0xcdb7	0x1d8	../../core/kernel/rtos/threadx/txm_demo_app/build/llvm_dam/cortex-a7/ACFNAADZ/demo_threadx_module.o	#SHT_PROGBITS,,1
.debug_abbrev	0xcf8f	0x103	../../core/kernel/rtos/threadx/txm_module_lib/build/LLVM/txm_lib.lib(txm_module_thread_shell_entry.o)	#SHT_PROGBITS,,1
.debug_abbrev	0xd092	0xfa	../../core/kernel/rtos/threadx/txm_module_lib/build/LLVM/txm_lib.lib(txm_module_callback_request_thread_entry.o)	#SHT_PROGBITS,,1
.debug_abbrev	0xd18c	0x8d	../../core/kernel/rtos/threadx/txm_module_lib/build/LLVM/txm_lib.lib(txm_module_system_call12.o)	#SHT_PROGBITS,,1
.debug_abbrev	0xd219	0xcc	../../core/kernel/rtos/threadx/txm_module_lib/build/LLVM/txm_lib.lib(txm_block_allocate.o)	#SHT_PROGBITS,,1
.debug_abbrev	0xd2e5	0xdd	../../core/kernel/rtos/threadx/txm_module_lib/build/LLVM/txm_lib.lib(txm_byte_pool_create.o)	#SHT_PROGBITS,,1
.debug_abbrev	0xd3c2	0xdd	../../core/kernel/rtos/threadx/txm_module_lib/build/LLVM/txm_lib.lib(txm_block_pool_create.o)	#SHT_PROGBITS,,1
.debug_abbrev	0xd49f	0x64	../../core/kernel/rtos/threadx/txm_module_lib/build/LLVM/txm_lib.lib(txm_block_release.o)	#SHT_PROGBITS,,1
.debug_abbrev	0xd503	0xdd	../../core/kernel/rtos/threadx/txm_module_lib/build/LLVM/txm_lib.lib(txm_byte_allocate.o)	#SHT_PROGBITS,,1
.debug_abbrev	0xd5e0	0xcc	../../core/kernel/rtos/threadx/txm_module_lib/build/LLVM/txm_lib.lib(txm_event_flags_create.o)	#SHT_PROGBITS,,1
.debug_abbrev	0xd6ac	0xdd	../../core/kernel/rtos/threadx/txm_module_lib/build/LLVM/txm_lib.lib(txm_event_flags_get.o)	#SHT_PROGBITS,,1
.debug_abbrev	0xd789	0xcc	../../core/kernel/rtos/threadx/txm_module_lib/build/LLVM/txm_lib.lib(txm_event_flags_set.o)	#SHT_PROGBITS,,1
.debug_abbrev	0xd855	0x6b	../../core/kernel/rtos/threadx/txm_module_lib/build/LLVM/txm_lib.lib(txm_module_object_allocate.o)	#SHT_PROGBITS,,1
.debug_abbrev	0xd8c0	0xcc	../../core/kernel/rtos/threadx/txm_module_lib/build/LLVM/txm_lib.lib(txm_module_thread_system_suspend.o)	#SHT_PROGBITS,,1
.debug_abbrev	0xd98c	0xdd	../../core/kernel/rtos/threadx/txm_module_lib/build/LLVM/txm_lib.lib(txm_mutex_create.o)	#SHT_PROGBITS,,1
.debug_abbrev	0xda69	0xcc	../../core/kernel/rtos/threadx/txm_module_lib/build/LLVM/txm_lib.lib(txm_mutex_get.o)	#SHT_PROGBITS,,1
.debug_abbrev	0xdb35	0xcc	../../core/kernel/rtos/threadx/txm_module_lib/build/LLVM/txm_lib.lib(txm_mutex_put.o)	#SHT_PROGBITS,,1
.debug_abbrev	0xdc01	0xdd	../../core/kernel/rtos/threadx/txm_module_lib/build/LLVM/txm_lib.lib(txm_queue_create.o)	#SHT_PROGBITS,,1
.debug_abbrev	0xdcde	0xcc	../../core/kernel/rtos/threadx/txm_module_lib/build/LLVM/txm_lib.lib(txm_queue_receive.o)	#SHT_PROGBITS,,1
.debug_abbrev	0xddaa	0xcc	../../core/kernel/rtos/threadx/txm_module_lib/build/LLVM/txm_lib.lib(txm_queue_send.o)	#SHT_PROGBITS,,1
.debug_abbrev	0xde76	0xdd	../../core/kernel/rtos/threadx/txm_module_lib/build/LLVM/txm_lib.lib(txm_semaphore_create.o)	#SHT_PROGBITS,,1
.debug_abbrev	0xdf53	0xcc	../../core/kernel/rtos/threadx/txm_module_lib/build/LLVM/txm_lib.lib(txm_semaphore_get.o)	#SHT_PROGBITS,,1
.debug_abbrev	0xe01f	0xcc	../../core/kernel/rtos/threadx/txm_module_lib/build/LLVM/txm_lib.lib(txm_semaphore_put.o)	#SHT_PROGBITS,,1
.debug_abbrev	0xe0eb	0xdd	../../core/kernel/rtos/threadx/txm_module_lib/build/LLVM/txm_lib.lib(txm_thread_create.o)	#SHT_PROGBITS,,1
.debug_abbrev	0xe1c8	0xcc	../../core/kernel/rtos/threadx/txm_module_lib/build/LLVM/txm_lib.lib(txm_thread_resume.o)	#SHT_PROGBITS,,1
.debug_abbrev	0xe294	0x5f	../../core/kernel/rtos/threadx/txm_module_lib/build/LLVM/txm_lib.lib(txm_thread_sleep.o)	#SHT_PROGBITS,,1
.debug_abbrev	0xe2f3	0xd0	../../core/kernel/rtos/threadx/txm_module_lib/build/LLVM/txm_lib.lib(txm_timer_create.o)	#SHT_PROGBITS,,1
.debug_abbrev	0xe3c3	0xa2	../../core/kernel/rtos/threadx/txm_module_lib/build/LLVM/txm_lib.lib(txm_timer_delete.o)	#SHT_PROGBITS,,1

.debug_line	0xe465	0x1ced # Offset: 0xe465
*(.debug_line )
.debug_line	0xe465	0x525	../../core/kernel/rtos/threadx/txm_demo_app/build/llvm_dam/cortex-a7/ACFNAADZ/demo_threadx_module.o	#SHT_PROGBITS,,1
.debug_line	0xe98a	0x147	../../core/kernel/rtos/threadx/txm_module_lib/build/LLVM/txm_lib.lib(txm_module_thread_shell_entry.o)	#SHT_PROGBITS,,1
.debug_line	0xead1	0x18d	../../core/kernel/rtos/threadx/txm_module_lib/build/LLVM/txm_lib.lib(txm_module_callback_request_thread_entry.o)	#SHT_PROGBITS,,1
.debug_line	0xec5e	0xd9	../../core/kernel/rtos/threadx/txm_module_lib/build/LLVM/txm_lib.lib(txm_module_system_call12.o)	#SHT_PROGBITS,,1
.debug_line	0xed37	0xce	../../core/kernel/rtos/threadx/txm_module_lib/build/LLVM/txm_lib.lib(txm_block_allocate.o)	#SHT_PROGBITS,,1
.debug_line	0xee05	0xdf	../../core/kernel/rtos/threadx/txm_module_lib/build/LLVM/txm_lib.lib(txm_byte_pool_create.o)	#SHT_PROGBITS,,1
.debug_line	0xeee4	0xe9	../../core/kernel/rtos/threadx/txm_module_lib/build/LLVM/txm_lib.lib(txm_block_pool_create.o)	#SHT_PROGBITS,,1
.debug_line	0xefcd	0xc7	../../core/kernel/rtos/threadx/txm_module_lib/build/LLVM/txm_lib.lib(txm_block_release.o)	#SHT_PROGBITS,,1
.debug_line	0xf094	0xda	../../core/kernel/rtos/threadx/txm_module_lib/build/LLVM/txm_lib.lib(txm_byte_allocate.o)	#SHT_PROGBITS,,1
.debug_line	0xf16e	0xd2	../../core/kernel/rtos/threadx/txm_module_lib/build/LLVM/txm_lib.lib(txm_event_flags_create.o)	#SHT_PROGBITS,,1
.debug_line	0xf240	0xde	../../core/kernel/rtos/threadx/txm_module_lib/build/LLVM/txm_lib.lib(txm_event_flags_get.o)	#SHT_PROGBITS,,1
.debug_line	0xf31e	0xcf	../../core/kernel/rtos/threadx/txm_module_lib/build/LLVM/txm_lib.lib(txm_event_flags_set.o)	#SHT_PROGBITS,,1
.debug_line	0xf3ed	0xd0	../../core/kernel/rtos/threadx/txm_module_lib/build/LLVM/txm_lib.lib(txm_module_object_allocate.o)	#SHT_PROGBITS,,1
.debug_line	0xf4bd	0xe2	../../core/kernel/rtos/threadx/txm_module_lib/build/LLVM/txm_lib.lib(txm_module_thread_system_suspend.o)	#SHT_PROGBITS,,1
.debug_line	0xf59f	0xd9	../../core/kernel/rtos/threadx/txm_module_lib/build/LLVM/txm_lib.lib(txm_mutex_create.o)	#SHT_PROGBITS,,1
.debug_line	0xf678	0xcf	../../core/kernel/rtos/threadx/txm_module_lib/build/LLVM/txm_lib.lib(txm_mutex_get.o)	#SHT_PROGBITS,,1
.debug_line	0xf747	0xcf	../../core/kernel/rtos/threadx/txm_module_lib/build/LLVM/txm_lib.lib(txm_mutex_put.o)	#SHT_PROGBITS,,1
.debug_line	0xf816	0xe4	../../core/kernel/rtos/threadx/txm_module_lib/build/LLVM/txm_lib.lib(txm_queue_create.o)	#SHT_PROGBITS,,1
.debug_line	0xf8fa	0xcd	../../core/kernel/rtos/threadx/txm_module_lib/build/LLVM/txm_lib.lib(txm_queue_receive.o)	#SHT_PROGBITS,,1
.debug_line	0xf9c7	0xca	../../core/kernel/rtos/threadx/txm_module_lib/build/LLVM/txm_lib.lib(txm_queue_send.o)	#SHT_PROGBITS,,1
.debug_line	0xfa91	0xdd	../../core/kernel/rtos/threadx/txm_module_lib/build/LLVM/txm_lib.lib(txm_semaphore_create.o)	#SHT_PROGBITS,,1
.debug_line	0xfb6e	0xd3	../../core/kernel/rtos/threadx/txm_module_lib/build/LLVM/txm_lib.lib(txm_semaphore_get.o)	#SHT_PROGBITS,,1
.debug_line	0xfc41	0xd3	../../core/kernel/rtos/threadx/txm_module_lib/build/LLVM/txm_lib.lib(txm_semaphore_put.o)	#SHT_PROGBITS,,1
.debug_line	0xfd14	0xed	../../core/kernel/rtos/threadx/txm_module_lib/build/LLVM/txm_lib.lib(txm_thread_create.o)	#SHT_PROGBITS,,1
.debug_line	0xfe01	0xd3	../../core/kernel/rtos/threadx/txm_module_lib/build/LLVM/txm_lib.lib(txm_thread_resume.o)	#SHT_PROGBITS,,1
.debug_line	0xfed4	0xc6	../../core/kernel/rtos/threadx/txm_module_lib/build/LLVM/txm_lib.lib(txm_thread_sleep.o)	#SHT_PROGBITS,,1
.debug_line	0xff9a	0xe6	../../core/kernel/rtos/threadx/txm_module_lib/build/LLVM/txm_lib.lib(txm_timer_create.o)	#SHT_PROGBITS,,1
.debug_line	0x10080	0xd2	../../core/kernel/rtos/threadx/txm_module_lib/build/LLVM/txm_lib.lib(txm_timer_delete.o)	#SHT_PROGBITS,,1

.debug_frame	0x10152	0x5b0 # Offset: 0x10152
*(.debug_frame )
.debug_frame	0x10152	0x1b0	../../core/kernel/rtos/threadx/txm_demo_app/build/llvm_dam/cortex-a7/ACFNAADZ/demo_threadx_module.o	#SHT_PROGBITS,,4
.debug_frame	0x10302	0x4c	../../core/kernel/rtos/threadx/txm_module_lib/build/LLVM/txm_lib.lib(txm_module_thread_shell_entry.o)	#SHT_PROGBITS,,4
.debug_frame	0x1034e	0x3c	../../core/kernel/rtos/threadx/txm_module_lib/build/LLVM/txm_lib.lib(txm_module_callback_request_thread_entry.o)	#SHT_PROGBITS,,4
.debug_frame	0x1038a	0x2c	../../core/kernel/rtos/threadx/txm_module_lib/build/LLVM/txm_lib.lib(txm_module_system_call12.o)	#SHT_PROGBITS,,4
.debug_frame	0x103b6	0x20	../../core/kernel/rtos/threadx/txm_module_lib/build/LLVM/txm_lib.lib(txm_block_allocate.o)	#SHT_PROGBITS,,4
.debug_frame	0x103d6	0x28	../../core/kernel/rtos/threadx/txm_module_lib/build/LLVM/txm_lib.lib(txm_byte_pool_create.o)	#SHT_PROGBITS,,4
.debug_frame	0x103fe	0x28	../../core/kernel/rtos/threadx/txm_module_lib/build/LLVM/txm_lib.lib(txm_block_pool_create.o)	#SHT_PROGBITS,,4
.debug_frame	0x10426	0x20	../../core/kernel/rtos/threadx/txm_module_lib/build/LLVM/txm_lib.lib(txm_block_release.o)	#SHT_PROGBITS,,4
.debug_frame	0x10446	0x28	../../core/kernel/rtos/threadx/txm_module_lib/build/LLVM/txm_lib.lib(txm_byte_allocate.o)	#SHT_PROGBITS,,4
.debug_frame	0x1046e	0x20	../../core/kernel/rtos/threadx/txm_module_lib/build/LLVM/txm_lib.lib(txm_event_flags_create.o)	#SHT_PROGBITS,,4
.debug_frame	0x1048e	0x28	../../core/kernel/rtos/threadx/txm_module_lib/build/LLVM/txm_lib.lib(txm_event_flags_get.o)	#SHT_PROGBITS,,4
.debug_frame	0x104b6	0x20	../../core/kernel/rtos/threadx/txm_module_lib/build/LLVM/txm_lib.lib(txm_event_flags_set.o)	#SHT_PROGBITS,,4
.debug_frame	0x104d6	0x20	../../core/kernel/rtos/threadx/txm_module_lib/build/LLVM/txm_lib.lib(txm_module_object_allocate.o)	#SHT_PROGBITS,,4
.debug_frame	0x104f6	0x20	../../core/kernel/rtos/threadx/txm_module_lib/build/LLVM/txm_lib.lib(txm_module_thread_system_suspend.o)	#SHT_PROGBITS,,4
.debug_frame	0x10516	0x28	../../core/kernel/rtos/threadx/txm_module_lib/build/LLVM/txm_lib.lib(txm_mutex_create.o)	#SHT_PROGBITS,,4
.debug_frame	0x1053e	0x20	../../core/kernel/rtos/threadx/txm_module_lib/build/LLVM/txm_lib.lib(txm_mutex_get.o)	#SHT_PROGBITS,,4
.debug_frame	0x1055e	0x20	../../core/kernel/rtos/threadx/txm_module_lib/build/LLVM/txm_lib.lib(txm_mutex_put.o)	#SHT_PROGBITS,,4
.debug_frame	0x1057e	0x28	../../core/kernel/rtos/threadx/txm_module_lib/build/LLVM/txm_lib.lib(txm_queue_create.o)	#SHT_PROGBITS,,4
.debug_frame	0x105a6	0x20	../../core/kernel/rtos/threadx/txm_module_lib/build/LLVM/txm_lib.lib(txm_queue_receive.o)	#SHT_PROGBITS,,4
.debug_frame	0x105c6	0x20	../../core/kernel/rtos/threadx/txm_module_lib/build/LLVM/txm_lib.lib(txm_queue_send.o)	#SHT_PROGBITS,,4
.debug_frame	0x105e6	0x28	../../core/kernel/rtos/threadx/txm_module_lib/build/LLVM/txm_lib.lib(txm_semaphore_create.o)	#SHT_PROGBITS,,4
.debug_frame	0x1060e	0x20	../../core/kernel/rtos/threadx/txm_module_lib/build/LLVM/txm_lib.lib(txm_semaphore_get.o)	#SHT_PROGBITS,,4
.debug_frame	0x1062e	0x20	../../core/kernel/rtos/threadx/txm_module_lib/build/LLVM/txm_lib.lib(txm_semaphore_put.o)	#SHT_PROGBITS,,4
.debug_frame	0x1064e	0x2c	../../core/kernel/rtos/threadx/txm_module_lib/build/LLVM/txm_lib.lib(txm_thread_create.o)	#SHT_PROGBITS,,4
.debug_frame	0x1067a	0x20	../../core/kernel/rtos/threadx/txm_module_lib/build/LLVM/txm_lib.lib(txm_thread_resume.o)	#SHT_PROGBITS,,4
.debug_frame	0x1069a	0x20	../../core/kernel/rtos/threadx/txm_module_lib/build/LLVM/txm_lib.lib(txm_thread_sleep.o)	#SHT_PROGBITS,,4
.debug_frame	0x106ba	0x28	../../core/kernel/rtos/threadx/txm_module_lib/build/LLVM/txm_lib.lib(txm_timer_create.o)	#SHT_PROGBITS,,4
.debug_frame	0x106e2	0x20	../../core/kernel/rtos/threadx/txm_module_lib/build/LLVM/txm_lib.lib(txm_timer_delete.o)	#SHT_PROGBITS,,4

.debug_str	0x10702	0x34d3 # Offset: 0x10702
*(.debug_str )
.debug_str	0x10702	0x3c	../../core/kernel/rtos/threadx/txm_demo_app/build/llvm_dam/cortex-a7/ACFNAADZ/demo_threadx_module.o	#SHT_PROGBITS,SHF_MERGE|SHF_STRINGS,1
	0x0		
.debug_str	0x1073e	0x4f	../../core/kernel/rtos/threadx/txm_demo_app/build/llvm_dam/cortex-a7/ACFNAADZ/demo_threadx_module.o	#SHT_PROGBITS,SHF_MERGE|SHF_STRINGS,1
	0x3c		
.debug_str	0x1078d	0x18	../../core/kernel/rtos/threadx/txm_demo_app/build/llvm_dam/cortex-a7/ACFNAADZ/demo_threadx_module.o	#SHT_PROGBITS,SHF_MERGE|SHF_STRINGS,1
	0x8b		
.debug_str	0x107a5	0x11	../../core/kernel/rtos/threadx/txm_demo_app/build/llvm_dam/cortex-a7/ACFNAADZ/demo_threadx_module.o	#SHT_PROGBITS,SHF_MERGE|SHF_STRINGS,1
	0xa3		
.debug_str	0x107b6	0x4	../../core/kernel/rtos/threadx/txm_demo_app/build/llvm_dam/cortex-a7/ACFNAADZ/demo_threadx_module.o	#SHT_PROGBITS,SHF_MERGE|SHF_STRINGS,1
	0xb4		
.debug_str	0x107ba	0x19	../../core/kernel/rtos/threadx/txm_demo_app/build/llvm_dam/cortex-a7/ACFNAADZ/demo_threadx_module.o	#SHT_PROGBITS,SHF_MERGE|SHF_STRINGS,1
	0xb8		
.debug_str	0x107d3	0x19	../../core/kernel/rtos/threadx/txm_demo_app/build/llvm_dam/cortex-a7/ACFNAADZ/demo_threadx_module.o	#SHT_PROGBITS,SHF_MERGE|SHF_STRINGS,1
	0xd1		
.debug_str	0x107ec	0x13	../../core/kernel/rtos/threadx/txm_demo_app/build/llvm_dam/cortex-a7/ACFNAADZ/demo_threadx_module.o	#SHT_PROGBITS,SHF_MERGE|SHF_STRINGS,1
	0xea		
.debug_str	0x107ff	0xc	../../core/kernel/rtos/threadx/txm_demo_app/build/llvm_dam/cortex-a7/ACFNAADZ/demo_threadx_module.o	#SHT_PROGBITS,SHF_MERGE|SHF_STRINGS,1
	0xfd		
.debug_str	0x1080b	0x12	../../core/kernel/rtos/threadx/txm_demo_app/build/llvm_dam/cortex-a7/ACFNAADZ/demo_threadx_module.o	#SHT_PROGBITS,SHF_MERGE|SHF_STRINGS,1
	0x109		
.debug_str	0x1081d	0x6	../../core/kernel/rtos/threadx/txm_demo_app/build/llvm_dam/cortex-a7/ACFNAADZ/demo_threadx_module.o	#SHT_PROGBITS,SHF_MERGE|SHF_STRINGS,1
	0x11b		
.debug_str	0x10823	0xe	../../core/kernel/rtos/threadx/txm_demo_app/build/llvm_dam/cortex-a7/ACFNAADZ/demo_threadx_module.o	#SHT_PROGBITS,SHF_MERGE|SHF_STRINGS,1
	0x121		
.debug_str	0x10831	0x5	../../core/kernel/rtos/threadx/txm_demo_app/build/llvm_dam/cortex-a7/ACFNAADZ/demo_threadx_module.o	#SHT_PROGBITS,SHF_MERGE|SHF_STRINGS,1
	0x12f		
.debug_str	0x10836	0x5	../../core/kernel/rtos/threadx/txm_demo_app/build/llvm_dam/cortex-a7/ACFNAADZ/demo_threadx_module.o	#SHT_PROGBITS,SHF_MERGE|SHF_STRINGS,1
	0x134		
.debug_str	0x1083b	0x12	../../core/kernel/rtos/threadx/txm_demo_app/build/llvm_dam/cortex-a7/ACFNAADZ/demo_threadx_module.o	#SHT_PROGBITS,SHF_MERGE|SHF_STRINGS,1
	0x139		
.debug_str	0x1084d	0x22	../../core/kernel/rtos/threadx/txm_demo_app/build/llvm_dam/cortex-a7/ACFNAADZ/demo_threadx_module.o	#SHT_PROGBITS,SHF_MERGE|SHF_STRINGS,1
	0x14b		
.debug_str	0x1086f	0x26	../../core/kernel/rtos/threadx/txm_demo_app/build/llvm_dam/cortex-a7/ACFNAADZ/demo_threadx_module.o	#SHT_PROGBITS,SHF_MERGE|SHF_STRINGS,1
	0x16d		
.debug_str	0x10895	0x23	../../core/kernel/rtos/threadx/txm_demo_app/build/llvm_dam/cortex-a7/ACFNAADZ/demo_threadx_module.o	#SHT_PROGBITS,SHF_MERGE|SHF_STRINGS,1
	0x193		
.debug_str	0x108b8	0x20	../../core/kernel/rtos/threadx/txm_demo_app/build/llvm_dam/cortex-a7/ACFNAADZ/demo_threadx_module.o	#SHT_PROGBITS,SHF_MERGE|SHF_STRINGS,1
	0x1b6		
.debug_str	0x108d8	0x1e	../../core/kernel/rtos/threadx/txm_demo_app/build/llvm_dam/cortex-a7/ACFNAADZ/demo_threadx_module.o	#SHT_PROGBITS,SHF_MERGE|SHF_STRINGS,1
	0x1d6		
.debug_str	0x108f6	0x22	../../core/kernel/rtos/threadx/txm_demo_app/build/llvm_dam/cortex-a7/ACFNAADZ/demo_threadx_module.o	#SHT_PROGBITS,SHF_MERGE|SHF_STRINGS,1
	0x1f4		
.debug_str	0x10918	0x1c	../../core/kernel/rtos/threadx/txm_demo_app/build/llvm_dam/cortex-a7/ACFNAADZ/demo_threadx_module.o	#SHT_PROGBITS,SHF_MERGE|SHF_STRINGS,1
	0x216		
.debug_str	0x10934	0x19	../../core/kernel/rtos/threadx/txm_demo_app/build/llvm_dam/cortex-a7/ACFNAADZ/demo_threadx_module.o	#SHT_PROGBITS,SHF_MERGE|SHF_STRINGS,1
	0x232		
.debug_str	0x1094d	0x12	../../core/kernel/rtos/threadx/txm_demo_app/build/llvm_dam/cortex-a7/ACFNAADZ/demo_threadx_module.o	#SHT_PROGBITS,SHF_MERGE|SHF_STRINGS,1
	0x24b		
.debug_str	0x1095f	0x16	../../core/kernel/rtos/threadx/txm_demo_app/build/llvm_dam/cortex-a7/ACFNAADZ/demo_threadx_module.o	#SHT_PROGBITS,SHF_MERGE|SHF_STRINGS,1
	0x25d		
.debug_str	0x10975	0x1a	../../core/kernel/rtos/threadx/txm_demo_app/build/llvm_dam/cortex-a7/ACFNAADZ/demo_threadx_module.o	#SHT_PROGBITS,SHF_MERGE|SHF_STRINGS,1
	0x273		
.debug_str	0x1098f	0x19	../../core/kernel/rtos/threadx/txm_demo_app/build/llvm_dam/cortex-a7/ACFNAADZ/demo_threadx_module.o	#SHT_PROGBITS,SHF_MERGE|SHF_STRINGS,1
	0x28d		
.debug_str	0x109a8	0x24	../../core/kernel/rtos/threadx/txm_demo_app/build/llvm_dam/cortex-a7/ACFNAADZ/demo_threadx_module.o	#SHT_PROGBITS,SHF_MERGE|SHF_STRINGS,1
	0x2a6		
.debug_str	0x109cc	0x10	../../core/kernel/rtos/threadx/txm_demo_app/build/llvm_dam/cortex-a7/ACFNAADZ/demo_threadx_module.o	#SHT_PROGBITS,SHF_MERGE|SHF_STRINGS,1
	0x2ca		
.debug_str	0x109dc	0x9	../../core/kernel/rtos/threadx/txm_demo_app/build/llvm_dam/cortex-a7/ACFNAADZ/demo_threadx_module.o	#SHT_PROGBITS,SHF_MERGE|SHF_STRINGS,1
	0x2da		
.debug_str	0x109e5	0x6	../../core/kernel/rtos/threadx/txm_demo_app/build/llvm_dam/cortex-a7/ACFNAADZ/demo_threadx_module.o	#SHT_PROGBITS,SHF_MERGE|SHF_STRINGS,1
	0x2e3		
.debug_str	0x109eb	0xd	../../core/kernel/rtos/threadx/txm_demo_app/build/llvm_dam/cortex-a7/ACFNAADZ/demo_threadx_module.o	#SHT_PROGBITS,SHF_MERGE|SHF_STRINGS,1
	0x2e9		
.debug_str	0x109f8	0x5	../../core/kernel/rtos/threadx/txm_demo_app/build/llvm_dam/cortex-a7/ACFNAADZ/demo_threadx_module.o	#SHT_PROGBITS,SHF_MERGE|SHF_STRINGS,1
	0x2f6		
.debug_str	0x109fd	0x17	../../core/kernel/rtos/threadx/txm_demo_app/build/llvm_dam/cortex-a7/ACFNAADZ/demo_threadx_module.o	#SHT_PROGBITS,SHF_MERGE|SHF_STRINGS,1
	0x2fb		
.debug_str	0x10a14	0x9	../../core/kernel/rtos/threadx/txm_demo_app/build/llvm_dam/cortex-a7/ACFNAADZ/demo_threadx_module.o	#SHT_PROGBITS,SHF_MERGE|SHF_STRINGS,1
	0x312		
.debug_str	0x10a1d	0x9	../../core/kernel/rtos/threadx/txm_demo_app/build/llvm_dam/cortex-a7/ACFNAADZ/demo_threadx_module.o	#SHT_PROGBITS,SHF_MERGE|SHF_STRINGS,1
	0x31b		
.debug_str	0x10a26	0xd	../../core/kernel/rtos/threadx/txm_demo_app/build/llvm_dam/cortex-a7/ACFNAADZ/demo_threadx_module.o	#SHT_PROGBITS,SHF_MERGE|SHF_STRINGS,1
	0x324		
.debug_str	0x10a33	0x14	../../core/kernel/rtos/threadx/txm_demo_app/build/llvm_dam/cortex-a7/ACFNAADZ/demo_threadx_module.o	#SHT_PROGBITS,SHF_MERGE|SHF_STRINGS,1
	0x331		
.debug_str	0x10a47	0x14	../../core/kernel/rtos/threadx/txm_demo_app/build/llvm_dam/cortex-a7/ACFNAADZ/demo_threadx_module.o	#SHT_PROGBITS,SHF_MERGE|SHF_STRINGS,1
	0x345		
.debug_str	0x10a5b	0x16	../../core/kernel/rtos/threadx/txm_demo_app/build/llvm_dam/cortex-a7/ACFNAADZ/demo_threadx_module.o	#SHT_PROGBITS,SHF_MERGE|SHF_STRINGS,1
	0x359		
.debug_str	0x10a71	0x14	../../core/kernel/rtos/threadx/txm_demo_app/build/llvm_dam/cortex-a7/ACFNAADZ/demo_threadx_module.o	#SHT_PROGBITS,SHF_MERGE|SHF_STRINGS,1
	0x36f		
.debug_str	0x10a85	0x15	../../core/kernel/rtos/threadx/txm_demo_app/build/llvm_dam/cortex-a7/ACFNAADZ/demo_threadx_module.o	#SHT_PROGBITS,SHF_MERGE|SHF_STRINGS,1
	0x383		
.debug_str	0x10a9a	0x15	../../core/kernel/rtos/threadx/txm_demo_app/build/llvm_dam/cortex-a7/ACFNAADZ/demo_threadx_module.o	#SHT_PROGBITS,SHF_MERGE|SHF_STRINGS,1
	0x398		
.debug_str	0x10aaf	0x19	../../core/kernel/rtos/threadx/txm_demo_app/build/llvm_dam/cortex-a7/ACFNAADZ/demo_threadx_module.o	#SHT_PROGBITS,SHF_MERGE|SHF_STRINGS,1
	0x3ad		
.debug_str	0x10ac8	0x15	../../core/kernel/rtos/threadx/txm_demo_app/build/llvm_dam/cortex-a7/ACFNAADZ/demo_threadx_module.o	#SHT_PROGBITS,SHF_MERGE|SHF_STRINGS,1
	0x3c6		
.debug_str	0x10add	0x19	../../core/kernel/rtos/threadx/txm_demo_app/build/llvm_dam/cortex-a7/ACFNAADZ/demo_threadx_module.o	#SHT_PROGBITS,SHF_MERGE|SHF_STRINGS,1
	0x3db		
.debug_str	0x10af6	0xf	../../core/kernel/rtos/threadx/txm_demo_app/build/llvm_dam/cortex-a7/ACFNAADZ/demo_threadx_module.o	#SHT_PROGBITS,SHF_MERGE|SHF_STRINGS,1
	0x3f4		
.debug_str	0x10b05	0x13	../../core/kernel/rtos/threadx/txm_demo_app/build/llvm_dam/cortex-a7/ACFNAADZ/demo_threadx_module.o	#SHT_PROGBITS,SHF_MERGE|SHF_STRINGS,1
	0x403		
.debug_str	0x10b18	0x10	../../core/kernel/rtos/threadx/txm_demo_app/build/llvm_dam/cortex-a7/ACFNAADZ/demo_threadx_module.o	#SHT_PROGBITS,SHF_MERGE|SHF_STRINGS,1
	0x416		
.debug_str	0x10b28	0x1a	../../core/kernel/rtos/threadx/txm_demo_app/build/llvm_dam/cortex-a7/ACFNAADZ/demo_threadx_module.o	#SHT_PROGBITS,SHF_MERGE|SHF_STRINGS,1
	0x426		
.debug_str	0x10b42	0x15	../../core/kernel/rtos/threadx/txm_demo_app/build/llvm_dam/cortex-a7/ACFNAADZ/demo_threadx_module.o	#SHT_PROGBITS,SHF_MERGE|SHF_STRINGS,1
	0x440		
.debug_str	0x10b57	0x1c	../../core/kernel/rtos/threadx/txm_demo_app/build/llvm_dam/cortex-a7/ACFNAADZ/demo_threadx_module.o	#SHT_PROGBITS,SHF_MERGE|SHF_STRINGS,1
	0x455		
.debug_str	0x10b73	0x12	../../core/kernel/rtos/threadx/txm_demo_app/build/llvm_dam/cortex-a7/ACFNAADZ/demo_threadx_module.o	#SHT_PROGBITS,SHF_MERGE|SHF_STRINGS,1
	0x471		
.debug_str	0x10b85	0x10	../../core/kernel/rtos/threadx/txm_demo_app/build/llvm_dam/cortex-a7/ACFNAADZ/demo_threadx_module.o	#SHT_PROGBITS,SHF_MERGE|SHF_STRINGS,1
	0x483		
.debug_str	0x10b95	0x1a	../../core/kernel/rtos/threadx/txm_demo_app/build/llvm_dam/cortex-a7/ACFNAADZ/demo_threadx_module.o	#SHT_PROGBITS,SHF_MERGE|SHF_STRINGS,1
	0x493		
.debug_str	0x10baf	0x10	../../core/kernel/rtos/threadx/txm_demo_app/build/llvm_dam/cortex-a7/ACFNAADZ/demo_threadx_module.o	#SHT_PROGBITS,SHF_MERGE|SHF_STRINGS,1
	0x4ad		
.debug_str	0x10bbf	0x1a	../../core/kernel/rtos/threadx/txm_demo_app/build/llvm_dam/cortex-a7/ACFNAADZ/demo_threadx_module.o	#SHT_PROGBITS,SHF_MERGE|SHF_STRINGS,1
	0x4bd		
.debug_str	0x10bd9	0x20	../../core/kernel/rtos/threadx/txm_demo_app/build/llvm_dam/cortex-a7/ACFNAADZ/demo_threadx_module.o	#SHT_PROGBITS,SHF_MERGE|SHF_STRINGS,1
	0x4d7		
.debug_str	0x10bf9	0x19	../../core/kernel/rtos/threadx/txm_demo_app/build/llvm_dam/cortex-a7/ACFNAADZ/demo_threadx_module.o	#SHT_PROGBITS,SHF_MERGE|SHF_STRINGS,1
	0x4f7		
.debug_str	0x10c12	0x1d	../../core/kernel/rtos/threadx/txm_demo_app/build/llvm_dam/cortex-a7/ACFNAADZ/demo_threadx_module.o	#SHT_PROGBITS,SHF_MERGE|SHF_STRINGS,1
	0x510		
.debug_str	0x10c2f	0x17	../../core/kernel/rtos/threadx/txm_demo_app/build/llvm_dam/cortex-a7/ACFNAADZ/demo_threadx_module.o	#SHT_PROGBITS,SHF_MERGE|SHF_STRINGS,1
	0x52d		
.debug_str	0x10c46	0x22	../../core/kernel/rtos/threadx/txm_demo_app/build/llvm_dam/cortex-a7/ACFNAADZ/demo_threadx_module.o	#SHT_PROGBITS,SHF_MERGE|SHF_STRINGS,1
	0x544		
.debug_str	0x10c68	0x19	../../core/kernel/rtos/threadx/txm_demo_app/build/llvm_dam/cortex-a7/ACFNAADZ/demo_threadx_module.o	#SHT_PROGBITS,SHF_MERGE|SHF_STRINGS,1
	0x566		
.debug_str	0x10c81	0x19	../../core/kernel/rtos/threadx/txm_demo_app/build/llvm_dam/cortex-a7/ACFNAADZ/demo_threadx_module.o	#SHT_PROGBITS,SHF_MERGE|SHF_STRINGS,1
	0x57f		
.debug_str	0x10c9a	0x17	../../core/kernel/rtos/threadx/txm_demo_app/build/llvm_dam/cortex-a7/ACFNAADZ/demo_threadx_module.o	#SHT_PROGBITS,SHF_MERGE|SHF_STRINGS,1
	0x598		
.debug_str	0x10cb1	0x1b	../../core/kernel/rtos/threadx/txm_demo_app/build/llvm_dam/cortex-a7/ACFNAADZ/demo_threadx_module.o	#SHT_PROGBITS,SHF_MERGE|SHF_STRINGS,1
	0x5af		
.debug_str	0x10ccc	0x15	../../core/kernel/rtos/threadx/txm_demo_app/build/llvm_dam/cortex-a7/ACFNAADZ/demo_threadx_module.o	#SHT_PROGBITS,SHF_MERGE|SHF_STRINGS,1
	0x5ca		
.debug_str	0x10ce1	0x1e	../../core/kernel/rtos/threadx/txm_demo_app/build/llvm_dam/cortex-a7/ACFNAADZ/demo_threadx_module.o	#SHT_PROGBITS,SHF_MERGE|SHF_STRINGS,1
	0x5df		
.debug_str	0x10cff	0x20	../../core/kernel/rtos/threadx/txm_demo_app/build/llvm_dam/cortex-a7/ACFNAADZ/demo_threadx_module.o	#SHT_PROGBITS,SHF_MERGE|SHF_STRINGS,1
	0x5fd		
.debug_str	0x10d1f	0x23	../../core/kernel/rtos/threadx/txm_demo_app/build/llvm_dam/cortex-a7/ACFNAADZ/demo_threadx_module.o	#SHT_PROGBITS,SHF_MERGE|SHF_STRINGS,1
	0x61d		
.debug_str	0x10d42	0x1b	../../core/kernel/rtos/threadx/txm_demo_app/build/llvm_dam/cortex-a7/ACFNAADZ/demo_threadx_module.o	#SHT_PROGBITS,SHF_MERGE|SHF_STRINGS,1
	0x640		
.debug_str	0x10d5d	0x24	../../core/kernel/rtos/threadx/txm_demo_app/build/llvm_dam/cortex-a7/ACFNAADZ/demo_threadx_module.o	#SHT_PROGBITS,SHF_MERGE|SHF_STRINGS,1
	0x65b		
.debug_str	0x10d81	0x22	../../core/kernel/rtos/threadx/txm_demo_app/build/llvm_dam/cortex-a7/ACFNAADZ/demo_threadx_module.o	#SHT_PROGBITS,SHF_MERGE|SHF_STRINGS,1
	0x67f		
.debug_str	0x10da3	0x23	../../core/kernel/rtos/threadx/txm_demo_app/build/llvm_dam/cortex-a7/ACFNAADZ/demo_threadx_module.o	#SHT_PROGBITS,SHF_MERGE|SHF_STRINGS,1
	0x6a1		
.debug_str	0x10dc6	0x1b	../../core/kernel/rtos/threadx/txm_demo_app/build/llvm_dam/cortex-a7/ACFNAADZ/demo_threadx_module.o	#SHT_PROGBITS,SHF_MERGE|SHF_STRINGS,1
	0x6c4		
.debug_str	0x10de1	0x1d	../../core/kernel/rtos/threadx/txm_demo_app/build/llvm_dam/cortex-a7/ACFNAADZ/demo_threadx_module.o	#SHT_PROGBITS,SHF_MERGE|SHF_STRINGS,1
	0x6df		
.debug_str	0x10dfe	0x1b	../../core/kernel/rtos/threadx/txm_demo_app/build/llvm_dam/cortex-a7/ACFNAADZ/demo_threadx_module.o	#SHT_PROGBITS,SHF_MERGE|SHF_STRINGS,1
	0x6fc		
.debug_str	0x10e19	0x1c	../../core/kernel/rtos/threadx/txm_demo_app/build/llvm_dam/cortex-a7/ACFNAADZ/demo_threadx_module.o	#SHT_PROGBITS,SHF_MERGE|SHF_STRINGS,1
	0x717		
.debug_str	0x10e35	0x1a	../../core/kernel/rtos/threadx/txm_demo_app/build/llvm_dam/cortex-a7/ACFNAADZ/demo_threadx_module.o	#SHT_PROGBITS,SHF_MERGE|SHF_STRINGS,1
	0x733		
.debug_str	0x10e4f	0x1d	../../core/kernel/rtos/threadx/txm_demo_app/build/llvm_dam/cortex-a7/ACFNAADZ/demo_threadx_module.o	#SHT_PROGBITS,SHF_MERGE|SHF_STRINGS,1
	0x74d		
.debug_str	0x10e6c	0x18	../../core/kernel/rtos/threadx/txm_demo_app/build/llvm_dam/cortex-a7/ACFNAADZ/demo_threadx_module.o	#SHT_PROGBITS,SHF_MERGE|SHF_STRINGS,1
	0x76a		
.debug_str	0x10e84	0x21	../../core/kernel/rtos/threadx/txm_demo_app/build/llvm_dam/cortex-a7/ACFNAADZ/demo_threadx_module.o	#SHT_PROGBITS,SHF_MERGE|SHF_STRINGS,1
	0x782		
.debug_str	0x10ea5	0x1b	../../core/kernel/rtos/threadx/txm_demo_app/build/llvm_dam/cortex-a7/ACFNAADZ/demo_threadx_module.o	#SHT_PROGBITS,SHF_MERGE|SHF_STRINGS,1
	0x7a3		
.debug_str	0x10ec0	0x1c	../../core/kernel/rtos/threadx/txm_demo_app/build/llvm_dam/cortex-a7/ACFNAADZ/demo_threadx_module.o	#SHT_PROGBITS,SHF_MERGE|SHF_STRINGS,1
	0x7be		
.debug_str	0x10edc	0x1b	../../core/kernel/rtos/threadx/txm_demo_app/build/llvm_dam/cortex-a7/ACFNAADZ/demo_threadx_module.o	#SHT_PROGBITS,SHF_MERGE|SHF_STRINGS,1
	0x7da		
.debug_str	0x10ef7	0xc	../../core/kernel/rtos/threadx/txm_demo_app/build/llvm_dam/cortex-a7/ACFNAADZ/demo_threadx_module.o	#SHT_PROGBITS,SHF_MERGE|SHF_STRINGS,1
	0x7f5		
.debug_str	0x10f03	0xe	../../core/kernel/rtos/threadx/txm_demo_app/build/llvm_dam/cortex-a7/ACFNAADZ/demo_threadx_module.o	#SHT_PROGBITS,SHF_MERGE|SHF_STRINGS,1
	0x801		
.debug_str	0x10f11	0x19	../../core/kernel/rtos/threadx/txm_demo_app/build/llvm_dam/cortex-a7/ACFNAADZ/demo_threadx_module.o	#SHT_PROGBITS,SHF_MERGE|SHF_STRINGS,1
	0x80f		
.debug_str	0x10f2a	0xf	../../core/kernel/rtos/threadx/txm_demo_app/build/llvm_dam/cortex-a7/ACFNAADZ/demo_threadx_module.o	#SHT_PROGBITS,SHF_MERGE|SHF_STRINGS,1
	0x828		
.debug_str	0x10f39	0x11	../../core/kernel/rtos/threadx/txm_demo_app/build/llvm_dam/cortex-a7/ACFNAADZ/demo_threadx_module.o	#SHT_PROGBITS,SHF_MERGE|SHF_STRINGS,1
	0x837		
.debug_str	0x10f4a	0x1b	../../core/kernel/rtos/threadx/txm_demo_app/build/llvm_dam/cortex-a7/ACFNAADZ/demo_threadx_module.o	#SHT_PROGBITS,SHF_MERGE|SHF_STRINGS,1
	0x848		
.debug_str	0x10f65	0x19	../../core/kernel/rtos/threadx/txm_demo_app/build/llvm_dam/cortex-a7/ACFNAADZ/demo_threadx_module.o	#SHT_PROGBITS,SHF_MERGE|SHF_STRINGS,1
	0x863		
.debug_str	0x10f7e	0x19	../../core/kernel/rtos/threadx/txm_demo_app/build/llvm_dam/cortex-a7/ACFNAADZ/demo_threadx_module.o	#SHT_PROGBITS,SHF_MERGE|SHF_STRINGS,1
	0x87c		
.debug_str	0x10f97	0x16	../../core/kernel/rtos/threadx/txm_demo_app/build/llvm_dam/cortex-a7/ACFNAADZ/demo_threadx_module.o	#SHT_PROGBITS,SHF_MERGE|SHF_STRINGS,1
	0x895		
.debug_str	0x10fad	0x1a	../../core/kernel/rtos/threadx/txm_demo_app/build/llvm_dam/cortex-a7/ACFNAADZ/demo_threadx_module.o	#SHT_PROGBITS,SHF_MERGE|SHF_STRINGS,1
	0x8ab		
.debug_str	0x10fc7	0x22	../../core/kernel/rtos/threadx/txm_demo_app/build/llvm_dam/cortex-a7/ACFNAADZ/demo_threadx_module.o	#SHT_PROGBITS,SHF_MERGE|SHF_STRINGS,1
	0x8c5		
.debug_str	0x10fe9	0x14	../../core/kernel/rtos/threadx/txm_demo_app/build/llvm_dam/cortex-a7/ACFNAADZ/demo_threadx_module.o	#SHT_PROGBITS,SHF_MERGE|SHF_STRINGS,1
	0x8e7		
.debug_str	0x10ffd	0x18	../../core/kernel/rtos/threadx/txm_demo_app/build/llvm_dam/cortex-a7/ACFNAADZ/demo_threadx_module.o	#SHT_PROGBITS,SHF_MERGE|SHF_STRINGS,1
	0x8fb		
.debug_str	0x11015	0x10	../../core/kernel/rtos/threadx/txm_demo_app/build/llvm_dam/cortex-a7/ACFNAADZ/demo_threadx_module.o	#SHT_PROGBITS,SHF_MERGE|SHF_STRINGS,1
	0x913		
.debug_str	0x11025	0x1c	../../core/kernel/rtos/threadx/txm_demo_app/build/llvm_dam/cortex-a7/ACFNAADZ/demo_threadx_module.o	#SHT_PROGBITS,SHF_MERGE|SHF_STRINGS,1
	0x923		
.debug_str	0x11041	0x1e	../../core/kernel/rtos/threadx/txm_demo_app/build/llvm_dam/cortex-a7/ACFNAADZ/demo_threadx_module.o	#SHT_PROGBITS,SHF_MERGE|SHF_STRINGS,1
	0x93f		
.debug_str	0x1105f	0x4	../../core/kernel/rtos/threadx/txm_demo_app/build/llvm_dam/cortex-a7/ACFNAADZ/demo_threadx_module.o	#SHT_PROGBITS,SHF_MERGE|SHF_STRINGS,1
	0x95d		
.debug_str	0x11063	0x15	../../core/kernel/rtos/threadx/txm_demo_app/build/llvm_dam/cortex-a7/ACFNAADZ/demo_threadx_module.o	#SHT_PROGBITS,SHF_MERGE|SHF_STRINGS,1
	0x961		
.debug_str	0x11078	0x17	../../core/kernel/rtos/threadx/txm_demo_app/build/llvm_dam/cortex-a7/ACFNAADZ/demo_threadx_module.o	#SHT_PROGBITS,SHF_MERGE|SHF_STRINGS,1
	0x976		
.debug_str	0x1108f	0x1a	../../core/kernel/rtos/threadx/txm_demo_app/build/llvm_dam/cortex-a7/ACFNAADZ/demo_threadx_module.o	#SHT_PROGBITS,SHF_MERGE|SHF_STRINGS,1
	0x98d		
.debug_str	0x110a9	0x15	../../core/kernel/rtos/threadx/txm_demo_app/build/llvm_dam/cortex-a7/ACFNAADZ/demo_threadx_module.o	#SHT_PROGBITS,SHF_MERGE|SHF_STRINGS,1
	0x9a7		
.debug_str	0x110be	0x11	../../core/kernel/rtos/threadx/txm_demo_app/build/llvm_dam/cortex-a7/ACFNAADZ/demo_threadx_module.o	#SHT_PROGBITS,SHF_MERGE|SHF_STRINGS,1
	0x9bc		
.debug_str	0x110cf	0xa	../../core/kernel/rtos/threadx/txm_demo_app/build/llvm_dam/cortex-a7/ACFNAADZ/demo_threadx_module.o	#SHT_PROGBITS,SHF_MERGE|SHF_STRINGS,1
	0x9cd		
.debug_str	0x110d9	0x9	../../core/kernel/rtos/threadx/txm_demo_app/build/llvm_dam/cortex-a7/ACFNAADZ/demo_threadx_module.o	#SHT_PROGBITS,SHF_MERGE|SHF_STRINGS,1
	0x9d7		
.debug_str	0x110e2	0x9	../../core/kernel/rtos/threadx/txm_demo_app/build/llvm_dam/cortex-a7/ACFNAADZ/demo_threadx_module.o	#SHT_PROGBITS,SHF_MERGE|SHF_STRINGS,1
	0x9e0		
.debug_str	0x110eb	0x9	../../core/kernel/rtos/threadx/txm_demo_app/build/llvm_dam/cortex-a7/ACFNAADZ/demo_threadx_module.o	#SHT_PROGBITS,SHF_MERGE|SHF_STRINGS,1
	0x9e9		
.debug_str	0x110f4	0x9	../../core/kernel/rtos/threadx/txm_demo_app/build/llvm_dam/cortex-a7/ACFNAADZ/demo_threadx_module.o	#SHT_PROGBITS,SHF_MERGE|SHF_STRINGS,1
	0x9f2		
.debug_str	0x110fd	0x9	../../core/kernel/rtos/threadx/txm_demo_app/build/llvm_dam/cortex-a7/ACFNAADZ/demo_threadx_module.o	#SHT_PROGBITS,SHF_MERGE|SHF_STRINGS,1
	0x9fb		
.debug_str	0x11106	0x9	../../core/kernel/rtos/threadx/txm_demo_app/build/llvm_dam/cortex-a7/ACFNAADZ/demo_threadx_module.o	#SHT_PROGBITS,SHF_MERGE|SHF_STRINGS,1
	0xa04		
.debug_str	0x1110f	0x9	../../core/kernel/rtos/threadx/txm_demo_app/build/llvm_dam/cortex-a7/ACFNAADZ/demo_threadx_module.o	#SHT_PROGBITS,SHF_MERGE|SHF_STRINGS,1
	0xa0d		
.debug_str	0x11118	0x8	../../core/kernel/rtos/threadx/txm_demo_app/build/llvm_dam/cortex-a7/ACFNAADZ/demo_threadx_module.o	#SHT_PROGBITS,SHF_MERGE|SHF_STRINGS,1
	0xa16		
.debug_str	0x11120	0xc	../../core/kernel/rtos/threadx/txm_demo_app/build/llvm_dam/cortex-a7/ACFNAADZ/demo_threadx_module.o	#SHT_PROGBITS,SHF_MERGE|SHF_STRINGS,1
	0xa1e		
.debug_str	0x1112c	0xe	../../core/kernel/rtos/threadx/txm_demo_app/build/llvm_dam/cortex-a7/ACFNAADZ/demo_threadx_module.o	#SHT_PROGBITS,SHF_MERGE|SHF_STRINGS,1
	0xa2a		
.debug_str	0x1113a	0x16	../../core/kernel/rtos/threadx/txm_demo_app/build/llvm_dam/cortex-a7/ACFNAADZ/demo_threadx_module.o	#SHT_PROGBITS,SHF_MERGE|SHF_STRINGS,1
	0xa38		
.debug_str	0x11150	0x12	../../core/kernel/rtos/threadx/txm_demo_app/build/llvm_dam/cortex-a7/ACFNAADZ/demo_threadx_module.o	#SHT_PROGBITS,SHF_MERGE|SHF_STRINGS,1
	0xa4e		
.debug_str	0x11162	0x12	../../core/kernel/rtos/threadx/txm_demo_app/build/llvm_dam/cortex-a7/ACFNAADZ/demo_threadx_module.o	#SHT_PROGBITS,SHF_MERGE|SHF_STRINGS,1
	0xa60		
.debug_str	0x11174	0x1b	../../core/kernel/rtos/threadx/txm_demo_app/build/llvm_dam/cortex-a7/ACFNAADZ/demo_threadx_module.o	#SHT_PROGBITS,SHF_MERGE|SHF_STRINGS,1
	0xa72		
.debug_str	0x1118f	0xf	../../core/kernel/rtos/threadx/txm_demo_app/build/llvm_dam/cortex-a7/ACFNAADZ/demo_threadx_module.o	#SHT_PROGBITS,SHF_MERGE|SHF_STRINGS,1
	0xa8d		
.debug_str	0x1119e	0xd	../../core/kernel/rtos/threadx/txm_demo_app/build/llvm_dam/cortex-a7/ACFNAADZ/demo_threadx_module.o	#SHT_PROGBITS,SHF_MERGE|SHF_STRINGS,1
	0xa9c		
.debug_str	0x111ab	0xe	../../core/kernel/rtos/threadx/txm_demo_app/build/llvm_dam/cortex-a7/ACFNAADZ/demo_threadx_module.o	#SHT_PROGBITS,SHF_MERGE|SHF_STRINGS,1
	0xaa9		
.debug_str	0x111b9	0xf	../../core/kernel/rtos/threadx/txm_demo_app/build/llvm_dam/cortex-a7/ACFNAADZ/demo_threadx_module.o	#SHT_PROGBITS,SHF_MERGE|SHF_STRINGS,1
	0xab7		
.debug_str	0x111c8	0x19	../../core/kernel/rtos/threadx/txm_demo_app/build/llvm_dam/cortex-a7/ACFNAADZ/demo_threadx_module.o	#SHT_PROGBITS,SHF_MERGE|SHF_STRINGS,1
	0xac6		
.debug_str	0x111e1	0x19	../../core/kernel/rtos/threadx/txm_demo_app/build/llvm_dam/cortex-a7/ACFNAADZ/demo_threadx_module.o	#SHT_PROGBITS,SHF_MERGE|SHF_STRINGS,1
	0xadf		
.debug_str	0x111fa	0x16	../../core/kernel/rtos/threadx/txm_demo_app/build/llvm_dam/cortex-a7/ACFNAADZ/demo_threadx_module.o	#SHT_PROGBITS,SHF_MERGE|SHF_STRINGS,1
	0xaf8		
.debug_str	0x11210	0x1a	../../core/kernel/rtos/threadx/txm_demo_app/build/llvm_dam/cortex-a7/ACFNAADZ/demo_threadx_module.o	#SHT_PROGBITS,SHF_MERGE|SHF_STRINGS,1
	0xb0e		
.debug_str	0x1122a	0x19	../../core/kernel/rtos/threadx/txm_demo_app/build/llvm_dam/cortex-a7/ACFNAADZ/demo_threadx_module.o	#SHT_PROGBITS,SHF_MERGE|SHF_STRINGS,1
	0xb28		
.debug_str	0x11243	0x1c	../../core/kernel/rtos/threadx/txm_demo_app/build/llvm_dam/cortex-a7/ACFNAADZ/demo_threadx_module.o	#SHT_PROGBITS,SHF_MERGE|SHF_STRINGS,1
	0xb41		
.debug_str	0x1125f	0x10	../../core/kernel/rtos/threadx/txm_demo_app/build/llvm_dam/cortex-a7/ACFNAADZ/demo_threadx_module.o	#SHT_PROGBITS,SHF_MERGE|SHF_STRINGS,1
	0xb5d		
.debug_str	0x1126f	0x9	../../core/kernel/rtos/threadx/txm_demo_app/build/llvm_dam/cortex-a7/ACFNAADZ/demo_threadx_module.o	#SHT_PROGBITS,SHF_MERGE|SHF_STRINGS,1
	0xb6d		
.debug_str	0x11278	0xc	../../core/kernel/rtos/threadx/txm_demo_app/build/llvm_dam/cortex-a7/ACFNAADZ/demo_threadx_module.o	#SHT_PROGBITS,SHF_MERGE|SHF_STRINGS,1
	0xb76		
.debug_str	0x11284	0x10	../../core/kernel/rtos/threadx/txm_demo_app/build/llvm_dam/cortex-a7/ACFNAADZ/demo_threadx_module.o	#SHT_PROGBITS,SHF_MERGE|SHF_STRINGS,1
	0xb82		
.debug_str	0x11294	0x12	../../core/kernel/rtos/threadx/txm_demo_app/build/llvm_dam/cortex-a7/ACFNAADZ/demo_threadx_module.o	#SHT_PROGBITS,SHF_MERGE|SHF_STRINGS,1
	0xb92		
.debug_str	0x112a6	0x13	../../core/kernel/rtos/threadx/txm_demo_app/build/llvm_dam/cortex-a7/ACFNAADZ/demo_threadx_module.o	#SHT_PROGBITS,SHF_MERGE|SHF_STRINGS,1
	0xba4		
[...]
	0x2f85		
.debug_str	0x13694	0xc	../../core/kernel/rtos/threadx/txm_module_lib/build/LLVM/txm_lib.lib(txm_queue_create.o)	#SHT_PROGBITS,SHF_MERGE|SHF_STRINGS,1
	0x2f92		
.debug_str	0x136a0	0xb	../../core/kernel/rtos/threadx/txm_module_lib/build/LLVM/txm_lib.lib(txm_queue_create.o)	#SHT_PROGBITS,SHF_MERGE|SHF_STRINGS,1
	0x2f9e		
.debug_str	0x136ab	0x19	../../core/kernel/rtos/threadx/txm_module_lib/build/LLVM/txm_lib.lib(txm_queue_create.o)	#SHT_PROGBITS,SHF_MERGE|SHF_STRINGS,1
	0x2fa9		
.debug_str	0x136c4	0x4f	../../core/kernel/rtos/threadx/txm_module_lib/build/LLVM/txm_lib.lib(txm_queue_receive.o)	#SHT_PROGBITS,SHF_MERGE|SHF_STRINGS,1
	0x2fc2		
.debug_str	0x13713	0x13	../../core/kernel/rtos/threadx/txm_module_lib/build/LLVM/txm_lib.lib(txm_queue_receive.o)	#SHT_PROGBITS,SHF_MERGE|SHF_STRINGS,1
	0x3011		
.debug_str	0x13726	0x10	../../core/kernel/rtos/threadx/txm_module_lib/build/LLVM/txm_lib.lib(txm_queue_receive.o)	#SHT_PROGBITS,SHF_MERGE|SHF_STRINGS,1
	0x3024		
.debug_str	0x13736	0x4c	../../core/kernel/rtos/threadx/txm_module_lib/build/LLVM/txm_lib.lib(txm_queue_send.o)	#SHT_PROGBITS,SHF_MERGE|SHF_STRINGS,1
	0x3034		
.debug_str	0x13782	0x10	../../core/kernel/rtos/threadx/txm_module_lib/build/LLVM/txm_lib.lib(txm_queue_send.o)	#SHT_PROGBITS,SHF_MERGE|SHF_STRINGS,1
	0x3080		
.debug_str	0x13792	0xb	../../core/kernel/rtos/threadx/txm_module_lib/build/LLVM/txm_lib.lib(txm_queue_send.o)	#SHT_PROGBITS,SHF_MERGE|SHF_STRINGS,1
	0x3090		
.debug_str	0x1379d	0x52	../../core/kernel/rtos/threadx/txm_module_lib/build/LLVM/txm_lib.lib(txm_semaphore_create.o)	#SHT_PROGBITS,SHF_MERGE|SHF_STRINGS,1
	0x309b		
.debug_str	0x137ef	0x16	../../core/kernel/rtos/threadx/txm_module_lib/build/LLVM/txm_lib.lib(txm_semaphore_create.o)	#SHT_PROGBITS,SHF_MERGE|SHF_STRINGS,1
	0x30ed		
.debug_str	0x13805	0xe	../../core/kernel/rtos/threadx/txm_module_lib/build/LLVM/txm_lib.lib(txm_semaphore_create.o)	#SHT_PROGBITS,SHF_MERGE|SHF_STRINGS,1
	0x3103		
.debug_str	0x13813	0x1d	../../core/kernel/rtos/threadx/txm_module_lib/build/LLVM/txm_lib.lib(txm_semaphore_create.o)	#SHT_PROGBITS,SHF_MERGE|SHF_STRINGS,1
	0x3111		
.debug_str	0x13830	0x4f	../../core/kernel/rtos/threadx/txm_module_lib/build/LLVM/txm_lib.lib(txm_semaphore_get.o)	#SHT_PROGBITS,SHF_MERGE|SHF_STRINGS,1
	0x312e		
.debug_str	0x1387f	0x13	../../core/kernel/rtos/threadx/txm_module_lib/build/LLVM/txm_lib.lib(txm_semaphore_get.o)	#SHT_PROGBITS,SHF_MERGE|SHF_STRINGS,1
	0x317d		
.debug_str	0x13892	0x4f	../../core/kernel/rtos/threadx/txm_module_lib/build/LLVM/txm_lib.lib(txm_semaphore_put.o)	#SHT_PROGBITS,SHF_MERGE|SHF_STRINGS,1
	0x3190		
.debug_str	0x138e1	0x13	../../core/kernel/rtos/threadx/txm_module_lib/build/LLVM/txm_lib.lib(txm_semaphore_put.o)	#SHT_PROGBITS,SHF_MERGE|SHF_STRINGS,1
	0x31df		
.debug_str	0x138f4	0x4f	../../core/kernel/rtos/threadx/txm_module_lib/build/LLVM/txm_lib.lib(txm_thread_create.o)	#SHT_PROGBITS,SHF_MERGE|SHF_STRINGS,1
	0x31f2		
.debug_str	0x13943	0x13	../../core/kernel/rtos/threadx/txm_module_lib/build/LLVM/txm_lib.lib(txm_thread_create.o)	#SHT_PROGBITS,SHF_MERGE|SHF_STRINGS,1
	0x3241		
.debug_str	0x13956	0xf	../../core/kernel/rtos/threadx/txm_module_lib/build/LLVM/txm_lib.lib(txm_thread_create.o)	#SHT_PROGBITS,SHF_MERGE|SHF_STRINGS,1
	0x3254		
.debug_str	0x13965	0xc	../../core/kernel/rtos/threadx/txm_module_lib/build/LLVM/txm_lib.lib(txm_thread_create.o)	#SHT_PROGBITS,SHF_MERGE|SHF_STRINGS,1
	0x3263		
.debug_str	0x13971	0xc	../../core/kernel/rtos/threadx/txm_module_lib/build/LLVM/txm_lib.lib(txm_thread_create.o)	#SHT_PROGBITS,SHF_MERGE|SHF_STRINGS,1
	0x326f		
.debug_str	0x1397d	0xb	../../core/kernel/rtos/threadx/txm_module_lib/build/LLVM/txm_lib.lib(txm_thread_create.o)	#SHT_PROGBITS,SHF_MERGE|SHF_STRINGS,1
	0x327b		
.debug_str	0x13988	0x9	../../core/kernel/rtos/threadx/txm_module_lib/build/LLVM/txm_lib.lib(txm_thread_create.o)	#SHT_PROGBITS,SHF_MERGE|SHF_STRINGS,1
	0x3286		
.debug_str	0x13991	0x12	../../core/kernel/rtos/threadx/txm_module_lib/build/LLVM/txm_lib.lib(txm_thread_create.o)	#SHT_PROGBITS,SHF_MERGE|SHF_STRINGS,1
	0x328f		
.debug_str	0x139a3	0xb	../../core/kernel/rtos/threadx/txm_module_lib/build/LLVM/txm_lib.lib(txm_thread_create.o)	#SHT_PROGBITS,SHF_MERGE|SHF_STRINGS,1
	0x32a1		
.debug_str	0x139ae	0xb	../../core/kernel/rtos/threadx/txm_module_lib/build/LLVM/txm_lib.lib(txm_thread_create.o)	#SHT_PROGBITS,SHF_MERGE|SHF_STRINGS,1
	0x32ac		
.debug_str	0x139b9	0x1a	../../core/kernel/rtos/threadx/txm_module_lib/build/LLVM/txm_lib.lib(txm_thread_create.o)	#SHT_PROGBITS,SHF_MERGE|SHF_STRINGS,1
	0x32b7		
.debug_str	0x139d3	0x4f	../../core/kernel/rtos/threadx/txm_module_lib/build/LLVM/txm_lib.lib(txm_thread_resume.o)	#SHT_PROGBITS,SHF_MERGE|SHF_STRINGS,1
	0x32d1		
.debug_str	0x13a22	0x13	../../core/kernel/rtos/threadx/txm_module_lib/build/LLVM/txm_lib.lib(txm_thread_resume.o)	#SHT_PROGBITS,SHF_MERGE|SHF_STRINGS,1
	0x3320		
.debug_str	0x13a35	0x4e	../../core/kernel/rtos/threadx/txm_module_lib/build/LLVM/txm_lib.lib(txm_thread_sleep.o)	#SHT_PROGBITS,SHF_MERGE|SHF_STRINGS,1
	0x3333		
.debug_str	0x13a83	0x11	../../core/kernel/rtos/threadx/txm_module_lib/build/LLVM/txm_lib.lib(txm_thread_sleep.o)	#SHT_PROGBITS,SHF_MERGE|SHF_STRINGS,1
	0x3381		
.debug_str	0x13a94	0xc	../../core/kernel/rtos/threadx/txm_module_lib/build/LLVM/txm_lib.lib(txm_thread_sleep.o)	#SHT_PROGBITS,SHF_MERGE|SHF_STRINGS,1
	0x3392		
.debug_str	0x13aa0	0x4e	../../core/kernel/rtos/threadx/txm_module_lib/build/LLVM/txm_lib.lib(txm_timer_create.o)	#SHT_PROGBITS,SHF_MERGE|SHF_STRINGS,1
	0x339e		
.debug_str	0x13aee	0x12	../../core/kernel/rtos/threadx/txm_module_lib/build/LLVM/txm_lib.lib(txm_timer_create.o)	#SHT_PROGBITS,SHF_MERGE|SHF_STRINGS,1
	0x33ec		
.debug_str	0x13b00	0xa	../../core/kernel/rtos/threadx/txm_module_lib/build/LLVM/txm_lib.lib(txm_timer_create.o)	#SHT_PROGBITS,SHF_MERGE|SHF_STRINGS,1
	0x33fe		
.debug_str	0x13b0a	0x14	../../core/kernel/rtos/threadx/txm_module_lib/build/LLVM/txm_lib.lib(txm_timer_create.o)	#SHT_PROGBITS,SHF_MERGE|SHF_STRINGS,1
	0x3408		
.debug_str	0x13b1e	0x11	../../core/kernel/rtos/threadx/txm_module_lib/build/LLVM/txm_lib.lib(txm_timer_create.o)	#SHT_PROGBITS,SHF_MERGE|SHF_STRINGS,1
	0x341c		
.debug_str	0x13b2f	0xe	../../core/kernel/rtos/threadx/txm_module_lib/build/LLVM/txm_lib.lib(txm_timer_create.o)	#SHT_PROGBITS,SHF_MERGE|SHF_STRINGS,1
	0x342d		
.debug_str	0x13b3d	0x11	../../core/kernel/rtos/threadx/txm_module_lib/build/LLVM/txm_lib.lib(txm_timer_create.o)	#SHT_PROGBITS,SHF_MERGE|SHF_STRINGS,1
	0x343b		
.debug_str	0x13b4e	0xe	../../core/kernel/rtos/threadx/txm_module_lib/build/LLVM/txm_lib.lib(txm_timer_create.o)	#SHT_PROGBITS,SHF_MERGE|SHF_STRINGS,1
	0x344c		
.debug_str	0x13b5c	0x19	../../core/kernel/rtos/threadx/txm_module_lib/build/LLVM/txm_lib.lib(txm_timer_create.o)	#SHT_PROGBITS,SHF_MERGE|SHF_STRINGS,1
	0x345a		
.debug_str	0x13b75	0x4e	../../core/kernel/rtos/threadx/txm_module_lib/build/LLVM/txm_lib.lib(txm_timer_delete.o)	#SHT_PROGBITS,SHF_MERGE|SHF_STRINGS,1
	0x3473		
.debug_str	0x13bc3	0x12	../../core/kernel/rtos/threadx/txm_module_lib/build/LLVM/txm_lib.lib(txm_timer_delete.o)	#SHT_PROGBITS,SHF_MERGE|SHF_STRINGS,1
	0x34c1		

.debug_loc	0x13bd5	0xfb1 # Offset: 0x13bd5
*(.debug_loc )
.debug_loc	0x13bd5	0x498	../../core/kernel/rtos/threadx/txm_demo_app/build/llvm_dam/cortex-a7/ACFNAADZ/demo_threadx_module.o	#SHT_PROGBITS,,1
.debug_loc	0x1406d	0x3c	../../core/kernel/rtos/threadx/txm_module_lib/build/LLVM/txm_lib.lib(txm_module_thread_shell_entry.o)	#SHT_PROGBITS,,1
.debug_loc	0x140a9	0xa6	../../core/kernel/rtos/threadx/txm_module_lib/build/LLVM/txm_lib.lib(txm_module_callback_request_thread_entry.o)	#SHT_PROGBITS,,1
.debug_loc	0x1414f	0x118	../../core/kernel/rtos/threadx/txm_module_lib/build/LLVM/txm_lib.lib(txm_module_system_call12.o)	#SHT_PROGBITS,,1
.debug_loc	0x14267	0x5a	../../core/kernel/rtos/threadx/txm_module_lib/build/LLVM/txm_lib.lib(txm_block_allocate.o)	#SHT_PROGBITS,,1
.debug_loc	0x142c1	0x94	../../core/kernel/rtos/threadx/txm_module_lib/build/LLVM/txm_lib.lib(txm_byte_pool_create.o)	#SHT_PROGBITS,,1
.debug_loc	0x14355	0xa8	../../core/kernel/rtos/threadx/txm_module_lib/build/LLVM/txm_lib.lib(txm_block_pool_create.o)	#SHT_PROGBITS,,1
.debug_loc	0x143fd	0x1e	../../core/kernel/rtos/threadx/txm_module_lib/build/LLVM/txm_lib.lib(txm_block_release.o)	#SHT_PROGBITS,,1
.debug_loc	0x1441b	0x80	../../core/kernel/rtos/threadx/txm_module_lib/build/LLVM/txm_lib.lib(txm_byte_allocate.o)	#SHT_PROGBITS,,1
.debug_loc	0x1449b	0x5a	../../core/kernel/rtos/threadx/txm_module_lib/build/LLVM/txm_lib.lib(txm_event_flags_create.o)	#SHT_PROGBITS,,1
.debug_loc	0x144f5	0x94	../../core/kernel/rtos/threadx/txm_module_lib/build/LLVM/txm_lib.lib(txm_event_flags_get.o)	#SHT_PROGBITS,,1
.debug_loc	0x14589	0x5a	../../core/kernel/rtos/threadx/txm_module_lib/build/LLVM/txm_lib.lib(txm_event_flags_set.o)	#SHT_PROGBITS,,1
.debug_loc	0x145e3	0x3c	../../core/kernel/rtos/threadx/txm_module_lib/build/LLVM/txm_lib.lib(txm_module_object_allocate.o)	#SHT_PROGBITS,,1
.debug_loc	0x1461f	0x1e	../../core/kernel/rtos/threadx/txm_module_lib/build/LLVM/txm_lib.lib(txm_module_thread_system_suspend.o)	#SHT_PROGBITS,,1
.debug_loc	0x1463d	0x80	../../core/kernel/rtos/threadx/txm_module_lib/build/LLVM/txm_lib.lib(txm_mutex_create.o)	#SHT_PROGBITS,,1
.debug_loc	0x146bd	0x3c	../../core/kernel/rtos/threadx/txm_module_lib/build/LLVM/txm_lib.lib(txm_mutex_get.o)	#SHT_PROGBITS,,1
.debug_loc	0x146f9	0x1e	../../core/kernel/rtos/threadx/txm_module_lib/build/LLVM/txm_lib.lib(txm_mutex_put.o)	#SHT_PROGBITS,,1
.debug_loc	0x14717	0xa8	../../core/kernel/rtos/threadx/txm_module_lib/build/LLVM/txm_lib.lib(txm_queue_create.o)	#SHT_PROGBITS,,1
.debug_loc	0x147bf	0x5a	../../core/kernel/rtos/threadx/txm_module_lib/build/LLVM/txm_lib.lib(txm_queue_receive.o)	#SHT_PROGBITS,,1
.debug_loc	0x14819	0x5a	../../core/kernel/rtos/threadx/txm_module_lib/build/LLVM/txm_lib.lib(txm_queue_send.o)	#SHT_PROGBITS,,1
.debug_loc	0x14873	0x80	../../core/kernel/rtos/threadx/txm_module_lib/build/LLVM/txm_lib.lib(txm_semaphore_create.o)	#SHT_PROGBITS,,1
.debug_loc	0x148f3	0x3c	../../core/kernel/rtos/threadx/txm_module_lib/build/LLVM/txm_lib.lib(txm_semaphore_get.o)	#SHT_PROGBITS,,1
.debug_loc	0x1492f	0x1e	../../core/kernel/rtos/threadx/txm_module_lib/build/LLVM/txm_lib.lib(txm_semaphore_put.o)	#SHT_PROGBITS,,1
.debug_loc	0x1494d	0x10f	../../core/kernel/rtos/threadx/txm_module_lib/build/LLVM/txm_lib.lib(txm_thread_create.o)	#SHT_PROGBITS,,1
.debug_loc	0x14a5c	0x1e	../../core/kernel/rtos/threadx/txm_module_lib/build/LLVM/txm_lib.lib(txm_thread_resume.o)	#SHT_PROGBITS,,1
.debug_loc	0x14a7a	0x1e	../../core/kernel/rtos/threadx/txm_module_lib/build/LLVM/txm_lib.lib(txm_thread_sleep.o)	#SHT_PROGBITS,,1
.debug_loc	0x14a98	0xd0	../../core/kernel/rtos/threadx/txm_module_lib/build/LLVM/txm_lib.lib(txm_timer_create.o)	#SHT_PROGBITS,,1
.debug_loc	0x14b68	0x1e	../../core/kernel/rtos/threadx/txm_module_lib/build/LLVM/txm_lib.lib(txm_timer_delete.o)	#SHT_PROGBITS,,1

.debug_macinfo	0x14b86	0x1c # Offset: 0x14b86
*(.debug_macinfo )
.debug_macinfo	0x14b86	0x1	../../core/kernel/rtos/threadx/txm_demo_app/build/llvm_dam/cortex-a7/ACFNAADZ/demo_threadx_module.o	#SHT_PROGBITS,,1
.debug_macinfo	0x14b87	0x1	../../core/kernel/rtos/threadx/txm_module_lib/build/LLVM/txm_lib.lib(txm_module_thread_shell_entry.o)	#SHT_PROGBITS,,1
.debug_macinfo	0x14b88	0x1	../../core/kernel/rtos/threadx/txm_module_lib/build/LLVM/txm_lib.lib(txm_module_callback_request_thread_entry.o)	#SHT_PROGBITS,,1
.debug_macinfo	0x14b89	0x1	../../core/kernel/rtos/threadx/txm_module_lib/build/LLVM/txm_lib.lib(txm_module_system_call12.o)	#SHT_PROGBITS,,1
.debug_macinfo	0x14b8a	0x1	../../core/kernel/rtos/threadx/txm_module_lib/build/LLVM/txm_lib.lib(txm_block_allocate.o)	#SHT_PROGBITS,,1
.debug_macinfo	0x14b8b	0x1	../../core/kernel/rtos/threadx/txm_module_lib/build/LLVM/txm_lib.lib(txm_byte_pool_create.o)	#SHT_PROGBITS,,1
.debug_macinfo	0x14b8c	0x1	../../core/kernel/rtos/threadx/txm_module_lib/build/LLVM/txm_lib.lib(txm_block_pool_create.o)	#SHT_PROGBITS,,1
.debug_macinfo	0x14b8d	0x1	../../core/kernel/rtos/threadx/txm_module_lib/build/LLVM/txm_lib.lib(txm_block_release.o)	#SHT_PROGBITS,,1
.debug_macinfo	0x14b8e	0x1	../../core/kernel/rtos/threadx/txm_module_lib/build/LLVM/txm_lib.lib(txm_byte_allocate.o)	#SHT_PROGBITS,,1
.debug_macinfo	0x14b8f	0x1	../../core/kernel/rtos/threadx/txm_module_lib/build/LLVM/txm_lib.lib(txm_event_flags_create.o)	#SHT_PROGBITS,,1
.debug_macinfo	0x14b90	0x1	../../core/kernel/rtos/threadx/txm_module_lib/build/LLVM/txm_lib.lib(txm_event_flags_get.o)	#SHT_PROGBITS,,1
.debug_macinfo	0x14b91	0x1	../../core/kernel/rtos/threadx/txm_module_lib/build/LLVM/txm_lib.lib(txm_event_flags_set.o)	#SHT_PROGBITS,,1
.debug_macinfo	0x14b92	0x1	../../core/kernel/rtos/threadx/txm_module_lib/build/LLVM/txm_lib.lib(txm_module_object_allocate.o)	#SHT_PROGBITS,,1
.debug_macinfo	0x14b93	0x1	../../core/kernel/rtos/threadx/txm_module_lib/build/LLVM/txm_lib.lib(txm_module_thread_system_suspend.o)	#SHT_PROGBITS,,1
.debug_macinfo	0x14b94	0x1	../../core/kernel/rtos/threadx/txm_module_lib/build/LLVM/txm_lib.lib(txm_mutex_create.o)	#SHT_PROGBITS,,1
.debug_macinfo	0x14b95	0x1	../../core/kernel/rtos/threadx/txm_module_lib/build/LLVM/txm_lib.lib(txm_mutex_get.o)	#SHT_PROGBITS,,1
.debug_macinfo	0x14b96	0x1	../../core/kernel/rtos/threadx/txm_module_lib/build/LLVM/txm_lib.lib(txm_mutex_put.o)	#SHT_PROGBITS,,1
.debug_macinfo	0x14b97	0x1	../../core/kernel/rtos/threadx/txm_module_lib/build/LLVM/txm_lib.lib(txm_queue_create.o)	#SHT_PROGBITS,,1
.debug_macinfo	0x14b98	0x1	../../core/kernel/rtos/threadx/txm_module_lib/build/LLVM/txm_lib.lib(txm_queue_receive.o)	#SHT_PROGBITS,,1
.debug_macinfo	0x14b99	0x1	../../core/kernel/rtos/threadx/txm_module_lib/build/LLVM/txm_lib.lib(txm_queue_send.o)	#SHT_PROGBITS,,1
.debug_macinfo	0x14b9a	0x1	../../core/kernel/rtos/threadx/txm_module_lib/build/LLVM/txm_lib.lib(txm_semaphore_create.o)	#SHT_PROGBITS,,1
.debug_macinfo	0x14b9b	0x1	../../core/kernel/rtos/threadx/txm_module_lib/build/LLVM/txm_lib.lib(txm_semaphore_get.o)	#SHT_PROGBITS,,1
.debug_macinfo	0x14b9c	0x1	../../core/kernel/rtos/threadx/txm_module_lib/build/LLVM/txm_lib.lib(txm_semaphore_put.o)	#SHT_PROGBITS,,1
.debug_macinfo	0x14b9d	0x1	../../core/kernel/rtos/threadx/txm_module_lib/build/LLVM/txm_lib.lib(txm_thread_create.o)	#SHT_PROGBITS,,1
.debug_macinfo	0x14b9e	0x1	../../core/kernel/rtos/threadx/txm_module_lib/build/LLVM/txm_lib.lib(txm_thread_resume.o)	#SHT_PROGBITS,,1
.debug_macinfo	0x14b9f	0x1	../../core/kernel/rtos/threadx/txm_module_lib/build/LLVM/txm_lib.lib(txm_thread_sleep.o)	#SHT_PROGBITS,,1
.debug_macinfo	0x14ba0	0x1	../../core/kernel/rtos/threadx/txm_module_lib/build/LLVM/txm_lib.lib(txm_timer_create.o)	#SHT_PROGBITS,,1
.debug_macinfo	0x14ba1	0x1	../../core/kernel/rtos/threadx/txm_module_lib/build/LLVM/txm_lib.lib(txm_timer_delete.o)	#SHT_PROGBITS,,1

.debug_weaknames	0x14ba2	0x0 # Offset: 0x14ba2

.debug_funcnames	0x14ba2	0x0 # Offset: 0x14ba2

.debug_typenames	0x14ba2	0x0 # Offset: 0x14ba2

.debug_varnames	0x14ba2	0x0 # Offset: 0x14ba2

.debug_pubtypes	0x14ba2	0x1c7f # Offset: 0x14ba2
*(.debug_pubtypes )
.debug_pubtypes	0x14ba2	0x21c	../../core/kernel/rtos/threadx/txm_demo_app/build/llvm_dam/cortex-a7/ACFNAADZ/demo_threadx_module.o	#SHT_PROGBITS,,1
.debug_pubtypes	0x14dbe	0x1ea	../../core/kernel/rtos/threadx/txm_module_lib/build/LLVM/txm_lib.lib(txm_module_thread_shell_entry.o)	#SHT_PROGBITS,,1
.debug_pubtypes	0x14fa8	0x25e	../../core/kernel/rtos/threadx/txm_module_lib/build/LLVM/txm_lib.lib(txm_module_callback_request_thread_entry.o)	#SHT_PROGBITS,,1
.debug_pubtypes	0x15206	0x32	../../core/kernel/rtos/threadx/txm_module_lib/build/LLVM/txm_lib.lib(txm_module_system_call12.o)	#SHT_PROGBITS,,1
.debug_pubtypes	0x15238	0x12a	../../core/kernel/rtos/threadx/txm_module_lib/build/LLVM/txm_lib.lib(txm_block_allocate.o)	#SHT_PROGBITS,,1
.debug_pubtypes	0x15362	0x128	../../core/kernel/rtos/threadx/txm_module_lib/build/LLVM/txm_lib.lib(txm_byte_pool_create.o)	#SHT_PROGBITS,,1
.debug_pubtypes	0x1548a	0x12a	../../core/kernel/rtos/threadx/txm_module_lib/build/LLVM/txm_lib.lib(txm_block_pool_create.o)	#SHT_PROGBITS,,1
.debug_pubtypes	0x155b4	0x4c	../../core/kernel/rtos/threadx/txm_module_lib/build/LLVM/txm_lib.lib(txm_block_release.o)	#SHT_PROGBITS,,1
.debug_pubtypes	0x15600	0x128	../../core/kernel/rtos/threadx/txm_module_lib/build/LLVM/txm_lib.lib(txm_byte_allocate.o)	#SHT_PROGBITS,,1
.debug_pubtypes	0x15728	0x11c	../../core/kernel/rtos/threadx/txm_module_lib/build/LLVM/txm_lib.lib(txm_event_flags_create.o)	#SHT_PROGBITS,,1
.debug_pubtypes	0x15844	0x11c	../../core/kernel/rtos/threadx/txm_module_lib/build/LLVM/txm_lib.lib(txm_event_flags_get.o)	#SHT_PROGBITS,,1
.debug_pubtypes	0x15960	0x11c	../../core/kernel/rtos/threadx/txm_module_lib/build/LLVM/txm_lib.lib(txm_event_flags_set.o)	#SHT_PROGBITS,,1
.debug_pubtypes	0x15a7c	0x4c	../../core/kernel/rtos/threadx/txm_module_lib/build/LLVM/txm_lib.lib(txm_module_object_allocate.o)	#SHT_PROGBITS,,1
.debug_pubtypes	0x15ac8	0xe3	../../core/kernel/rtos/threadx/txm_module_lib/build/LLVM/txm_lib.lib(txm_module_thread_system_suspend.o)	#SHT_PROGBITS,,1
.debug_pubtypes	0x15bab	0xf0	../../core/kernel/rtos/threadx/txm_module_lib/build/LLVM/txm_lib.lib(txm_mutex_create.o)	#SHT_PROGBITS,,1
.debug_pubtypes	0x15c9b	0xf0	../../core/kernel/rtos/threadx/txm_module_lib/build/LLVM/txm_lib.lib(txm_mutex_get.o)	#SHT_PROGBITS,,1
.debug_pubtypes	0x15d8b	0xf0	../../core/kernel/rtos/threadx/txm_module_lib/build/LLVM/txm_lib.lib(txm_mutex_put.o)	#SHT_PROGBITS,,1
.debug_pubtypes	0x15e7b	0x104	../../core/kernel/rtos/threadx/txm_module_lib/build/LLVM/txm_lib.lib(txm_queue_create.o)	#SHT_PROGBITS,,1
.debug_pubtypes	0x15f7f	0x104	../../core/kernel/rtos/threadx/txm_module_lib/build/LLVM/txm_lib.lib(txm_queue_receive.o)	#SHT_PROGBITS,,1
.debug_pubtypes	0x16083	0x104	../../core/kernel/rtos/threadx/txm_module_lib/build/LLVM/txm_lib.lib(txm_queue_send.o)	#SHT_PROGBITS,,1
.debug_pubtypes	0x16187	0x10c	../../core/kernel/rtos/threadx/txm_module_lib/build/LLVM/txm_lib.lib(txm_semaphore_create.o)	#SHT_PROGBITS,,1
.debug_pubtypes	0x16293	0x10c	../../core/kernel/rtos/threadx/txm_module_lib/build/LLVM/txm_lib.lib(txm_semaphore_get.o)	#SHT_PROGBITS,,1
.debug_pubtypes	0x1639f	0x10c	../../core/kernel/rtos/threadx/txm_module_lib/build/LLVM/txm_lib.lib(txm_semaphore_put.o)	#SHT_PROGBITS,,1
.debug_pubtypes	0x164ab	0xe3	../../core/kernel/rtos/threadx/txm_module_lib/build/LLVM/txm_lib.lib(txm_thread_create.o)	#SHT_PROGBITS,,1
.debug_pubtypes	0x1658e	0xe3	../../core/kernel/rtos/threadx/txm_module_lib/build/LLVM/txm_lib.lib(txm_thread_resume.o)	#SHT_PROGBITS,,1
.debug_pubtypes	0x16671	0x4c	../../core/kernel/rtos/threadx/txm_module_lib/build/LLVM/txm_lib.lib(txm_thread_sleep.o)	#SHT_PROGBITS,,1
.debug_pubtypes	0x166bd	0xb2	../../core/kernel/rtos/threadx/txm_module_lib/build/LLVM/txm_lib.lib(txm_timer_create.o)	#SHT_PROGBITS,,1
.debug_pubtypes	0x1676f	0xb2	../../core/kernel/rtos/threadx/txm_module_lib/build/LLVM/txm_lib.lib(txm_timer_delete.o)	#SHT_PROGBITS,,1

.debug_ranges	0x16821	0xa8 # Offset: 0x16821
*(.debug_ranges )
.debug_ranges	0x16821	0x88	../../core/kernel/rtos/threadx/txm_demo_app/build/llvm_dam/cortex-a7/ACFNAADZ/demo_threadx_module.o	#SHT_PROGBITS,,1
.debug_ranges	0x168a9	0x20	../../core/kernel/rtos/threadx/txm_module_lib/build/LLVM/txm_lib.lib(txm_module_thread_shell_entry.o)	#SHT_PROGBITS,,1

.gnu.attributes	0x0	0x0 # Offset: 0x168c9, LMA: 0x0

.note.gnu.arm.ident	0x0	0x0 # Offset: 0x168c9, LMA: 0x0

.ARM.attributes	0x168c9	0x10 # Offset: 0x168c9

.comment	0x168d9	0x65 # Offset: 0x168d9
.comment	0x168d9	0x1	C:\Apps\LLVM\4.0.3\armv7m-none-eabi\libc\lib/libc.a(__brk.o)	#SHT_PROGBITS,SHF_MERGE|SHF_STRINGS,1
.comment	0x16916	0x28	Linker Version	#SHT_PROGBITS,SHF_MERGE|SHF_STRINGS,1

.note.GNU-stack	0x1693e	0x0 # Offset: 0x1693e

/DISCARD/	0x75	0x0 # Offset: 0x1693e, LMA: 0x0

.shstrtab	0x1693e	0xcc # Offset: 0x1693e

.symtab	0x16a0c	0xc560 # Offset: 0x16a0c

.strtab	0x22f6c	0x1e65 # Offset: 0x22f6c
