__cold__text_sw_start__ = .; 
*( .text.cold.QURTK_curr_tcb.llvmint.* .text.cold.QURTK_curr_tcb  ) /* inlined */
*( .text.cold.qurt_atomic_compare_and_set.llvmint.* .text.cold.qurt_atomic_compare_and_set  ) /* inlined */
*( .text.cold.DalTimetick_GetTimetick64.llvmint.* .text.cold.DalTimetick_GetTimetick64  ) /* inlined */
*( .text.cold.qurt_atomic_add.llvmint.* .text.cold.qurt_atomic_add  ) /* inlined */
*( .text.cold.lte_static_rrc_dispatcher_get_dmm_active_intfid.llvmint.* .text.cold.lte_static_rrc_dispatcher_get_dmm_active_intfid  ) /* inlined */
*( .text.cold.trampoline_119_for_appmgr_thread_init_complete.llvmint.* .text.cold.trampoline_119_for_appmgr_thread_init_complete  ) /* inlined */
*( .text.cold.trampoline_120_for_ULogFront_RealTimeInit.llvmint.* .text.cold.trampoline_120_for_ULogFront_RealTimeInit  ) /* inlined */
*( .text.cold.lte_static_rrc_dispatcher_get_active_sys_type.llvmint.* .text.cold.lte_static_rrc_dispatcher_get_active_sys_type  ) /* inlined */
*( .text.cold.lte_static_l2_get_active_intf_id.llvmint.* .text.cold.lte_static_l2_get_active_intf_id  ) /* inlined */
*( .text.cold.dmm_get_interface_p.llvmint.* .text.cold.dmm_get_interface_p  ) /* inlined */
*( .text.cold.dmm_rmv_ref.llvmint.* .text.cold.dmm_rmv_ref  ) /* inlined */
*( .text.cold.inc_SubmissionCnt.llvmint.* .text.cold.inc_SubmissionCnt  ) /* inlined */
*( .text.cold.os_MutexLock.llvmint.* .text.cold.os_MutexLock  ) /* inlined */
*( .text.cold.os_TaskTcbGet.llvmint.* .text.cold.os_TaskTcbGet  ) /* inlined */
*( .text.cold.os_MutexUnlock.llvmint.* .text.cold.os_MutexUnlock  ) /* inlined */
*( .text.cold.gts_UpdateUstmrUnc.llvmint.* .text.cold.gts_UpdateUstmrUnc  ) /* inlined */
*( .text.cold.xofestrm_StoreFreqBiasAndFunc.llvmint.* .text.cold.xofestrm_StoreFreqBiasAndFunc  ) /* inlined */
*( .text.cold.xofestrm_TemperatureUpdate.llvmint.merged.llvmint.* .text.cold.xofestrm_TemperatureUpdate.llvmint.merged  ) /* inlined */
*( .text.cold.xofestrm_RpushUpdate.llvmint.* .text.cold.xofestrm_RpushUpdate  ) /* inlined */
*( .text.cold.DOG_LOCK.llvmint.* .text.cold.DOG_LOCK  ) /* inlined */
*( .text.cold.dog_kick.llvmint.* .text.cold.dog_kick  ) /* inlined */
*( .text.cold.DOG_UNLOCK.llvmint.* .text.cold.DOG_UNLOCK  ) /* inlined */
*( .text.cold.rex_timer_check_if_task_is_allowed_to_peform_operation.llvmint.* .text.cold.rex_timer_check_if_task_is_allowed_to_peform_operation  ) /* inlined */
*( .text.cold.REX_GET_OS_TCB_REF.llvmint.* .text.cold.REX_GET_OS_TCB_REF  ) /* inlined */
*( .text.cold.rex_os_clr_sigs.llvmint.* .text.cold.rex_os_clr_sigs  ) /* inlined */
*( .text.cold.REX_PAUSE_DOG_MONITOR.llvmint.* .text.cold.REX_PAUSE_DOG_MONITOR  ) /* inlined */
*( .text.cold.REX_RESUME_DOG_MONITOR.llvmint.* .text.cold.REX_RESUME_DOG_MONITOR  ) /* inlined */
*( .text.cold.rex_os_set_sigs.llvmint.* .text.cold.rex_os_set_sigs  ) /* inlined */
*( .text.cold.rex_os_get_sigs.llvmint.* .text.cold.rex_os_get_sigs  ) /* inlined */
*( .text.cold.msg_save_trace.llvmint.* .text.cold.msg_save_trace  ) /* inlined */
*( .text.cold.qsr_v4_check_bytes.llvmint.* .text.cold.qsr_v4_check_bytes  ) /* inlined */
*( .text.cold.QURTK_mutex_lock_k0.llvmint.* .text.cold.QURTK_mutex_lock_k0  ) /* inlined */
*( .text.cold.QURTK_mutex_unlock_k0.llvmint.* .text.cold.QURTK_mutex_unlock_k0  ) /* inlined */
*( .text.cold.get_pcycles.llvmint.* .text.cold.get_pcycles  ) /* inlined */
*( .text.cold.QURTK_vtlb_lock_for_read.llvmint.* .text.cold.QURTK_vtlb_lock_for_read  ) /* inlined */
*( .text.cold.QURTK_vtlb_unlock_for_read.llvmint.* .text.cold.QURTK_vtlb_unlock_for_read  ) /* inlined */
*( .text.cold.QURTK_vtlb_get_size.llvmint.* .text.cold.QURTK_vtlb_get_size  ) /* inlined */
*( .text.cold.QURTK_vtlb_get_vpage.llvmint.* .text.cold.QURTK_vtlb_get_vpage  ) /* inlined */
*( .text.cold.QURTK_vtlb_overlaps.llvmint.* .text.cold.QURTK_vtlb_overlaps  ) /* inlined */
*( .text.cold.read_pmu_counter0.llvmint.* .text.cold.read_pmu_counter0  ) /* inlined */
*( .text.cold.read_pmu_counter1.llvmint.* .text.cold.read_pmu_counter1  ) /* inlined */
*( .text.cold.read_pmu_counter2.llvmint.* .text.cold.read_pmu_counter2  ) /* inlined */
*( .text.cold.read_pmu_counter3.llvmint.* .text.cold.read_pmu_counter3  ) /* inlined */
*( .text.cold.read_pmu_evtcfg.llvmint.* .text.cold.read_pmu_evtcfg  ) /* inlined */
*( .text.cold.read_pmu_evtcfg1.llvmint.* .text.cold.read_pmu_evtcfg1  ) /* inlined */
*( .text.cold.QURTK_pi_futex_tcb_enqueue.llvmint.* .text.cold.QURTK_pi_futex_tcb_enqueue  ) /* inlined */
*( .text.cold.QURTK_tlb_unlock.llvmint.* .text.cold.QURTK_tlb_unlock  ) /* inlined */
*( .text.cold.QURTK_enqueue_pifutex_list.llvmint.* .text.cold.QURTK_enqueue_pifutex_list  ) /* inlined */
*( .text.cold.QURTK_dequeue_pifutex_list.llvmint.* .text.cold.QURTK_dequeue_pifutex_list  ) /* inlined */
*( .text.cold.qurt_qdi_objref_get_from_pointer.llvmint.* .text.cold.qurt_qdi_objref_get_from_pointer  ) /* inlined */
*( .text.cold.get_hw_thread_id.llvmint.* .text.cold.get_hw_thread_id  ) /* inlined */
*( .text.cold.qurt_sem_up.llvmint.* .text.cold.qurt_sem_up  ) /* inlined */
*( .text.cold.is_named.llvmint.* .text.cold.is_named  ) /* inlined */
*( .text.cold.list_init.llvmint.* .text.cold.list_init  ) /* inlined */
*( .text.cold.list_is_valid.llvmint.* .text.cold.list_is_valid  ) /* inlined */
*( .text.cold.bin_active.llvmint.* .text.cold.bin_active  ) /* inlined */
*( .text.cold.bin_deactive.llvmint.* .text.cold.bin_deactive  ) /* inlined */
*( .text.cold.tls_stats_get_index.llvmint.* .text.cold.tls_stats_get_index  ) /* inlined */
*( .text.cold.q_lock.llvmint.* .text.cold.q_lock  ) /* inlined */
*( .text.cold.q_unlock.llvmint.* .text.cold.q_unlock  ) /* inlined */
*( .text.cold.qw_equ_misaligned.llvmint.* .text.cold.qw_equ_misaligned  ) /* inlined */
*( .text.cold.DalAdcDevice_GetChannelStatus.llvmint.* .text.cold.DalAdcDevice_GetChannelStatus  ) /* inlined */
*( .text.cold.DalDevice_Open.llvmint.* .text.cold.DalDevice_Open  ) /* inlined */
*( .text.cold.DalAdcDevice_StartConversion.llvmint.* .text.cold.DalAdcDevice_StartConversion  ) /* inlined */
*( .text.cold.DalDevice_Close.llvmint.* .text.cold.DalDevice_Close  ) /* inlined */
*( .text.cold.trampoline_1184_for_.text.DAL_StringDeviceAttachEx.llvmint.* .text.cold.trampoline_1184_for_.text.DAL_StringDeviceAttachEx  ) /* inlined */
*( .text.cold.GetNodeFromToken.llvmint.* .text.cold.GetNodeFromToken  ) /* inlined */
*( .text.cold.Adc_LogConversionComplete.llvmint.* .text.cold.Adc_LogConversionComplete  ) /* inlined */
*( .text.cold.Adc_LogConversionRequest.llvmint.* .text.cold.Adc_LogConversionRequest  ) /* inlined */
*( .text.cold.DalSpmi_WriteLong.llvmint.* .text.cold.DalSpmi_WriteLong  ) /* inlined */
*( .text.cold.DalSpmi_ReadLong.llvmint.* .text.cold.DalSpmi_ReadLong  ) /* inlined */
*( .text.cold.VAdc_ReadChannel.llvmint.* .text.cold.VAdc_ReadChannel  ) /* inlined */
*( .text.cold.vadc_diag_send_client_log.llvmint.* .text.cold.vadc_diag_send_client_log  ) /* inlined */
*( .text.cold.VAdc_StartConversionInternal.llvmint.* .text.cold.VAdc_StartConversionInternal  ) /* inlined */
*( .text.cold.VAdc_ReadAdc.llvmint.* .text.cold.VAdc_ReadAdc  ) /* inlined */
*( .text.cold.VAdcHalRequestConversion.llvmint.* .text.cold.VAdcHalRequestConversion  ) /* inlined */
*( .text.cold.VAdcHalGetSettlingDelayUs.llvmint.* .text.cold.VAdcHalGetSettlingDelayUs  ) /* inlined */
*( .text.cold.VAdcHalGetConversionTime.llvmint.* .text.cold.VAdcHalGetConversionTime  ) /* inlined */
*( .text.cold.VAdcHalGetSampleTimeUs.llvmint.* .text.cold.VAdcHalGetSampleTimeUs  ) /* inlined */
*( .text.cold.VAdcHalGetNumAverages.llvmint.* .text.cold.VAdcHalGetNumAverages  ) /* inlined */
*( .text.cold.VAdc_WaitForEoc.llvmint.* .text.cold.VAdc_WaitForEoc  ) /* inlined */
*( .text.cold.VAdcHalGetStatus.llvmint.* .text.cold.VAdcHalGetStatus  ) /* inlined */
*( .text.cold.VAdcHalGetConversionCode.llvmint.* .text.cold.VAdcHalGetConversionCode  ) /* inlined */
*( .text.cold.VAdc_ReadAdcCode.llvmint.* .text.cold.VAdc_ReadAdcCode  ) /* inlined */
*( .text.cold.VAdcHalSetEnable.llvmint.* .text.cold.VAdcHalSetEnable  ) /* inlined */
*( .text.cold.VAdc_ProcessConversionResult.llvmint.* .text.cold.VAdc_ProcessConversionResult  ) /* inlined */
*( .text.cold.VAdcScaleCodeToPercent.llvmint.* .text.cold.VAdcScaleCodeToPercent  ) /* inlined */
*( .text.cold.VAdcScaleCodeToMicrovolts.llvmint.* .text.cold.VAdcScaleCodeToMicrovolts  ) /* inlined */
*( .text.cold.AdcDivideWithRounding.llvmint.* .text.cold.AdcDivideWithRounding  ) /* inlined */
*( .text.cold.VAdcScaleThermistor.llvmint.* .text.cold.VAdcScaleThermistor  ) /* inlined */
*( .text.cold.xofestrm_ProcTempData.llvmint.* .text.cold.xofestrm_ProcTempData ) /* hotness=0.01 */
*( .text.cold.gts_SendIPCMsg.llvmint.* .text.cold.gts_SendIPCMsg ) /* hotness=0.02 */
*( .text.cold.gts_LogFreqEstMsg.llvmint.* .text.cold.gts_LogFreqEstMsg ) /* hotness=0.03 */
*( .text.cold.gts_ProcFreqEstMsg.llvmint.* .text.cold.gts_ProcFreqEstMsg ) /* hotness=0.03 */
*( .text.cold.log_ipc_msg.llvmint.* .text.cold.log_ipc_msg ) /* hotness=0.04 */
*( .text.cold.xofestrm_MessageProc.llvmint.* .text.cold.xofestrm_MessageProc ) /* hotness=0.05 */
*( .text.cold.wwanme_control_ProcessIpcMsg.llvmint.* .text.cold.wwanme_control_ProcessIpcMsg ) /* hotness=0.05 */
*( .text.cold.wwanme_control_task.llvmint.* .text.cold.wwanme_control_task ) /* hotness=0.06 */
*( .text.cold.xofestrm_SendFestToGts.llvmint.* .text.cold.xofestrm_SendFestToGts ) /* hotness=0.08 */
*( .text.cold.gts_LogQtime.llvmint.* .text.cold.gts_LogQtime ) /* hotness=0.08 */
*( .text.cold.QURTK_adjust_pifutex_list_inc.llvmint.* .text.cold.QURTK_adjust_pifutex_list_inc ) /* hotness=0.09 */
*( .text.cold.gts_MessageProc.llvmint.* .text.cold.gts_MessageProc ) /* hotness=0.10 */
*( .text.cold.modem_mem_alloc_setcaller.llvmint.* .text.cold.modem_mem_alloc_setcaller ) /* hotness=0.11 */
*( .text.cold.gts_FindBestGpsTime.llvmint.* .text.cold.gts_FindBestGpsTime ) /* hotness=0.11 */
*( .text.cold.gts_GetQtime.llvmint.* .text.cold.gts_GetQtime ) /* hotness=0.12 */
*( .text.cold.rex_set_timer.llvmint.* .text.cold.rex_set_timer ) /* hotness=0.12 */
*( .text.cold.xofestrm_ProcRpushData.llvmint.* .text.cold.xofestrm_ProcRpushData ) /* hotness=0.12 */
*( .text.cold.os_IpcReceive.llvmint.* .text.cold.os_IpcReceive ) /* hotness=0.14 */
*( .text.cold.cgps_xofestrmTCXOManagerTempCB.llvmint.* .text.cold.cgps_xofestrmTCXOManagerTempCB ) /* hotness=0.16 */
*( .text.cold.list_push_back.llvmint.* .text.cold.list_push_back ) /* hotness=0.17 */
*( .text.cold.xofestrm_TemperatureUpdate.llvmint.* .text.cold.xofestrm_TemperatureUpdate ) /* hotness=0.18 */
*( .text.cold.rex_timed_wait.llvmint.* .text.cold.rex_timed_wait ) /* hotness=0.19 */
*( .text.cold.os_MemFree.llvmint.* .text.cold.os_MemFree ) /* hotness=0.20 */
*( .text.cold.list_size.llvmint.* .text.cold.list_size ) /* hotness=0.21 */
*( .text.cold.cgps_xofestrmTCXOManagerRPushCB.llvmint.* .text.cold.cgps_xofestrmTCXOManagerRPushCB ) /* hotness=0.21 */
*( .text.cold.VAdc_PerformOperationInWorkLoop.llvmint.* .text.cold.VAdc_PerformOperationInWorkLoop ) /* hotness=0.22 */
*( .text.cold.os_IpcDelete.llvmint.* .text.cold.os_IpcDelete ) /* hotness=0.23 */
*( .text.cold.QURTK_user_exit.llvmint.* .text.cold.QURTK_user_exit ) /* hotness=0.23 */
*( .text.cold.dog_task.llvmint.* .text.cold.dog_task ) /* hotness=0.27 */
*( .text.cold.os_IpcForceSend.llvmint.* .text.cold.os_IpcForceSend ) /* hotness=0.28 */
*( .text.cold.os_IpcSend.llvmint.* .text.cold.os_IpcSend ) /* hotness=0.30 */
*( .text.cold.VAdc_StartConversion.llvmint.* .text.cold.VAdc_StartConversion ) /* hotness=0.31 */
*( .text.cold.list_pop_front.llvmint.* .text.cold.list_pop_front ) /* hotness=0.31 */
*( .text.cold.os_IpcCreateInternal.llvmint.* .text.cold.os_IpcCreateInternal ) /* hotness=0.32 */
*( .text.cold.qurt_process_get_id.llvmint.* .text.cold.qurt_process_get_id ) /* hotness=0.33 */
*( .text.cold.os_IpcCreate.llvmint.* .text.cold.os_IpcCreate ) /* hotness=0.38 */
*( .text.cold.VAdc_ReadAdcChannel.llvmint.* .text.cold.VAdc_ReadAdcChannel ) /* hotness=0.39 */
*( .text.cold.QURTK_pi_futex_adjust_prio.llvmint.* .text.cold.QURTK_pi_futex_adjust_prio ) /* hotness=0.39 */
*( .text.cold.QURTK_save_TSA_err_regs.llvmint.* .text.cold.QURTK_save_TSA_err_regs ) /* hotness=0.40 */
*( .text.cold.int_context_restore.llvmint.* .text.cold.int_context_restore ) /* hotness=0.42 */
*( .text.cold.Adc_AddDeviceQueueRequest.llvmint.* .text.cold.Adc_AddDeviceQueueRequest ) /* hotness=0.46 */
*( .text.cold.Adc_RequestConversion.llvmint.* .text.cold.Adc_RequestConversion ) /* hotness=0.47 */
*( .text.cold.dog_force_kick.llvmint.* .text.cold.dog_force_kick ) /* hotness=0.50 */
*( .text.cold.qurt_exception_raise_nonfatal.llvmint.* .text.cold.qurt_exception_raise_nonfatal ) /* hotness=0.50 */
*( .text.cold.qurt_signal_destroy.llvmint.* .text.cold.qurt_signal_destroy ) /* hotness=0.50 */
*( .text.cold.Adc_ConversionCompleteCb.llvmint.* .text.cold.Adc_ConversionCompleteCb ) /* hotness=0.53 */
*( .text.cold.VAdc_GetChannelStatus.llvmint.* .text.cold.VAdc_GetChannelStatus ) /* hotness=0.55 */
*( .text.cold.Adc_DalAdc_RequestConversion.llvmint.* .text.cold.Adc_DalAdc_RequestConversion ) /* hotness=0.62 */
*( .text.cold.VAdc_Close.llvmint.* .text.cold.VAdc_Close ) /* hotness=0.62 */
*( .text.cold.VAdc_Open.llvmint.* .text.cold.VAdc_Open ) /* hotness=0.67 */
*( .text.cold.QURTK_thread_profile.llvmint.* .text.cold.QURTK_thread_profile ) /* hotness=0.68 */
*( .text.cold.msg_sprintf.llvmint.* .text.cold.msg_sprintf ) /* hotness=0.69 */
*( .text.cold.lte_dsmi_extract_1byte.llvmint.* .text.cold.lte_dsmi_extract_1byte ) /* hotness=0.78 */
*( .text.cold.VAdc_LogConversionResult.llvmint.* .text.cold.VAdc_LogConversionResult ) /* hotness=0.81 */
*( .text.cold.VAdc_LogEOC.llvmint.* .text.cold.VAdc_LogEOC ) /* hotness=0.82 */
*( .text.cold.VAdc_DalAdcDevice_Open.llvmint.* .text.cold.VAdc_DalAdcDevice_Open ) /* hotness=0.83 */
*( .text.cold.VAdc_DalAdcDevice_Close.llvmint.* .text.cold.VAdc_DalAdcDevice_Close ) /* hotness=0.83 */
*( .text.cold.VAdc_DalAdcDevice_GetChannelStatus.llvmint.* .text.cold.VAdc_DalAdcDevice_GetChannelStatus ) /* hotness=0.83 */
*( .text.cold.VAdc_DalAdcDevice_StartConversion.llvmint.* .text.cold.VAdc_DalAdcDevice_StartConversion ) /* hotness=0.83 */
*( .text.cold.VAdc_ReadBytes.llvmint.* .text.cold.VAdc_ReadBytes ) /* hotness=0.89 */
*( .text.cold.qw_div.llvmint.* .text.cold.qw_div ) /* hotness=0.96 */
*( .text.cold.lte_dsmi_extract_3byte.llvmint.* .text.cold.lte_dsmi_extract_3byte ) /* hotness=0.96 */
*( .text.cold.qurtos_local_client_invocation.llvmint.* .text.cold.qurtos_local_client_invocation ) /* hotness=0.98 */
*( .text.cold.rex_int_free.llvmint.* .text.cold.rex_int_free ) /* hotness=1.00 */
*( .text.cold.lte_pdcpul_tag_each_pkt.llvmint.* .text.cold.lte_pdcpul_tag_each_pkt ) /* hotness=1.03 */
*( .text.cold.qurt_signal_init.llvmint.* .text.cold.qurt_signal_init ) /* hotness=1.05 */
*( .text.cold.Adc_ProcessDeviceQueue.llvmint.* .text.cold.Adc_ProcessDeviceQueue ) /* hotness=1.08 */
*( .text.cold.VAdc_WriteBytes.llvmint.* .text.cold.VAdc_WriteBytes ) /* hotness=1.15 */
*( .text.cold.qurt_profile_get_idle_pcycles.llvmint.* .text.cold.qurt_profile_get_idle_pcycles ) /* hotness=1.20 */
*( .text.cold.qurt_signal_get.llvmint.* .text.cold.qurt_signal_get ) /* hotness=1.25 */
*( .text.cold.VAdc_LogConversionRequest.llvmint.* .text.cold.VAdc_LogConversionRequest ) /* hotness=1.30 */
*( .text.cold.rex_int_lock.llvmint.* .text.cold.rex_int_lock ) /* hotness=1.32 */
*( .text.cold.mem_calloc.llvmint.* .text.cold.mem_calloc ) /* hotness=1.33 */
*( .text.cold.os_IpcReceive.extracted_region.llvmint.* .text.cold.os_IpcReceive.extracted_region ) /* hotness=1.36 */
*( .text.cold.qurt_qdi_handle_invoke.llvmint.* .text.cold.qurt_qdi_handle_invoke ) /* hotness=1.36 */
*( .text.cold.rex_get_pri.llvmint.* .text.cold.rex_get_pri ) /* hotness=1.39 */
*( .text.cold.qurt_signal_set.llvmint.* .text.cold.qurt_signal_set ) /* hotness=1.56 */
*( .text.cold.q_linear_search.llvmint.* .text.cold.q_linear_search ) /* hotness=1.57 */
*( .text.cold.modem_mem_calloc.llvmint.* .text.cold.modem_mem_calloc ) /* hotness=1.80 */
*( .text.cold.qurt_qdi_obj_ref_inc.llvmint.* .text.cold.qurt_qdi_obj_ref_inc ) /* hotness=2.06 */
*( .text.cold.qurt_qdi_obj_ref_dec.llvmint.* .text.cold.qurt_qdi_obj_ref_dec ) /* hotness=2.09 */
*( .text.cold.os_ThreadBlockGet.llvmint.* .text.cold.os_ThreadBlockGet ) /* hotness=2.25 */
*( .text.cold.qurt_signal_clear.llvmint.* .text.cold.qurt_signal_clear ) /* hotness=3.00 */
*( .text.cold.rex_set_task_pri.llvmint.* .text.cold.rex_set_task_pri ) /* hotness=3.35 */
*( .text.cold.pthread_setschedparam.llvmint.* .text.cold.pthread_setschedparam ) /* hotness=4.13 */
*( .text.cold.QURTK_PMU_ctrl.llvmint.* .text.cold.QURTK_PMU_ctrl ) /* hotness=4.20 */
*( .text.cold.msg_v4_send_3.llvmint.* .text.cold.msg_v4_send_3 ) /* hotness=4.58 */
*( .text.cold.QURTK_prio_setU.llvmint.* .text.cold.QURTK_prio_setU ) /* hotness=4.80 */
*( .text.cold.msg_v4_send_1.llvmint.* .text.cold.msg_v4_send_1 ) /* hotness=4.97 */
*( .text.cold.pthread_getschedparam.llvmint.* .text.cold.pthread_getschedparam ) /* hotness=5.22 */
*( .text.cold.QURTK_prio_setU_internal.llvmint.* .text.cold.QURTK_prio_setU_internal ) /* hotness=5.33 */
*( .text.cold.os_ThreadIdGet.llvmint.* .text.cold.os_ThreadIdGet ) /* hotness=5.36 */
*( .text.cold.qurt_rmutex_unlock.llvmint.* .text.cold.qurt_rmutex_unlock ) /* hotness=6.03 */
*( .text.cold.QURTK_thread_lookup.llvmint.* .text.cold.QURTK_thread_lookup ) /* hotness=6.09 */
*( .text.cold.lte_circ_q_update_write_pointer.llvmint.* .text.cold.lte_circ_q_update_write_pointer ) /* hotness=6.41 */
*( .text.cold.sem_getvalue.llvmint.* .text.cold.sem_getvalue ) /* hotness=6.85 */
*( .text.cold.QURTK_pi_futex_wait.llvmint.* .text.cold.QURTK_pi_futex_wait ) /* hotness=7.09 */
*( .text.cold.AdcMapLinearInt32toInt32.llvmint.* .text.cold.AdcMapLinearInt32toInt32 ) /* hotness=7.28 */
*( .text.cold.qurt_rmutex_lock_i.llvmint.* .text.cold.qurt_rmutex_lock_i ) /* hotness=7.38 */
*( .text.cold.QURTK_prio_orig_get.llvmint.* .text.cold.QURTK_prio_orig_get ) /* hotness=8.23 */
*( .text.cold.q_next.llvmint.* .text.cold.q_next ) /* hotness=8.37 */
*( .text.cold.msg_v4_send_2.llvmint.* .text.cold.msg_v4_send_2 ) /* hotness=8.42 */
*( .text.cold.rex_get_sigs.llvmint.* .text.cold.rex_get_sigs ) /* hotness=8.54 */
*( .text.cold.nb1_dsmi_extract_2byte.llvmint.* .text.cold.nb1_dsmi_extract_2byte ) /* hotness=9.12 */
*( .text.cold._getltcb.llvmint.* .text.cold._getltcb ) /* hotness=9.20 */
*( .text.cold.QURTK_pi_futex_resume.llvmint.* .text.cold.QURTK_pi_futex_resume ) /* hotness=9.21 */
*( .text.cold.strlen.llvmint.* .text.cold.strlen ) /* hotness=10.05 */
*( .text.cold.lte_circ_q_update_read_pointer.llvmint.* .text.cold.lte_circ_q_update_read_pointer ) /* hotness=10.31 */
*( .text.cold.modem_mem_check_heap_initialized.llvmint.* .text.cold.modem_mem_check_heap_initialized ) /* hotness=10.53 */
*( .text.cold.lte_circ_q_get_write_pointer.llvmint.* .text.cold.lte_circ_q_get_write_pointer ) /* hotness=11.65 */
*( .text.cold.QURTK_safe_finish_trap.llvmint.* .text.cold.QURTK_safe_finish_trap ) /* hotness=12.32 */
*( .text.cold.qurt_thread_set_priority.llvmint.* .text.cold.qurt_thread_set_priority ) /* hotness=12.88 */
*( .text.cold.qurt_thread_get_priority.llvmint.* .text.cold.qurt_thread_get_priority ) /* hotness=14.00 */
*( .text.cold.QURTK_vtlb_entry_read.llvmint.* .text.cold.QURTK_vtlb_entry_read ) /* hotness=15.00 */
*( .text.cold.qurt_rmutex_lock.llvmint.* .text.cold.qurt_rmutex_lock ) /* hotness=20.25 */
*( .text.cold.qurt_tlb_entry_get.llvmint.* .text.cold.qurt_tlb_entry_get ) /* hotness=20.36 */
*( .text.cold.fmemcpy_asm.llvmint.* .text.cold.fmemcpy_asm ) /* hotness=20.42 */
*( .text.cold.qurt_tlb_entry_query.llvmint.* .text.cold.qurt_tlb_entry_query ) /* hotness=20.96 */
*( .text.cold.QURTK_vtlb_check_index.llvmint.* .text.cold.QURTK_vtlb_check_index ) /* hotness=21.23 */
*( .text.cold.qurt_i_vtlb_entry_read.llvmint.* .text.cold.qurt_i_vtlb_entry_read ) /* hotness=23.00 */
*( .text.cold.QURTK_get_tlb_from_vaddr_asid.llvmint.* .text.cold.QURTK_get_tlb_from_vaddr_asid ) /* hotness=23.19 */
*( .text.cold.sem_trywait.llvmint.* .text.cold.sem_trywait ) /* hotness=23.32 */
*( .text.cold.QURTK_process_vtlb_check_ownership.llvmint.* .text.cold.QURTK_process_vtlb_check_ownership ) /* hotness=23.96 */
*( .text.cold.QURTK_vtlb_dispatch_entry.llvmint.* .text.cold.QURTK_vtlb_dispatch_entry ) /* hotness=24.23 */
*( .text.cold.qw_set.llvmint.* .text.cold.qw_set ) /* hotness=25.50 */
*( .text.cold.qurt_i_vtlb_entry_probe.llvmint.* .text.cold.qurt_i_vtlb_entry_probe ) /* hotness=26.88 */
*( .text.cold.q_check.llvmint.* .text.cold.q_check ) /* hotness=27.84 */
*( .text.cold.QURTK_mini_get_asid.llvmint.* .text.cold.QURTK_mini_get_asid ) /* hotness=28.00 */
*( .text.cold.pthread_self.llvmint.* .text.cold.pthread_self ) /* hotness=28.19 */
*( .text.cold.qurt_vtlb_trap.llvmint.* .text.cold.qurt_vtlb_trap ) /* hotness=30.93 */
*( .text.cold.free.llvmint.* .text.cold.free ) /* hotness=31.33 */
*( .text.cold.__runtime_stack_memset.llvmint.* .text.cold.__runtime_stack_memset ) /* hotness=31.50 */
*( .text.cold.qurt_sem_try_down.llvmint.* .text.cold.qurt_sem_try_down ) /* hotness=35.52 */
*( .text.cold.dmm_release_interface.llvmint.* .text.cold.dmm_release_interface ) /* hotness=35.75 */
*( .text.cold.dmm_get_interface.llvmint.* .text.cold.dmm_get_interface ) /* hotness=37.50 */
*( .text.cold.QURTK_process_get_effective_pcb.llvmint.* .text.cold.QURTK_process_get_effective_pcb ) /* hotness=39.50 */
*( .text.cold.QURTK_vtlb_entry_probe.llvmint.* .text.cold.QURTK_vtlb_entry_probe ) /* hotness=41.13 */
*( .text.cold.lte_rrc_get_3gpp_release_version.llvmint.* .text.cold.lte_rrc_get_3gpp_release_version ) /* hotness=41.19 */
*( .text.cold.lte_circ_q_get_read_pointer.llvmint.* .text.cold.lte_circ_q_get_read_pointer ) /* hotness=41.31 */
*( .text.cold.malloc.llvmint.* .text.cold.malloc ) /* hotness=42.26 */
*( .text.cold.QURTK_trace_print_C.llvmint.* .text.cold.QURTK_trace_print_C ) /* hotness=42.73 */
*( .text.cold.QURTK_handle_is_valid.llvmint.* .text.cold.QURTK_handle_is_valid ) /* hotness=43.14 */
*( .text.cold.msg_v4_send_var.llvmint.* .text.cold.msg_v4_send_var ) /* hotness=43.28 */
*( .text.cold.__runtime_stack_malloc.llvmint.* .text.cold.__runtime_stack_malloc ) /* hotness=44.03 */
*( .text.cold.QURTK_mini_get_id.llvmint.* .text.cold.QURTK_mini_get_id ) /* hotness=44.50 */
*( .text.cold.qw_equ.llvmint.* .text.cold.qw_equ ) /* hotness=45.54 */
*( .text.cold.qurt_lookup_physaddr.llvmint.* .text.cold.qurt_lookup_physaddr ) /* hotness=45.62 */
*( .text.cold.__runtime_stack_free.llvmint.* .text.cold.__runtime_stack_free ) /* hotness=46.61 */
*( .text.cold.QURTK_handle_get_obj.llvmint.* .text.cold.QURTK_handle_get_obj ) /* hotness=49.21 */
*( .text.cold.qurt_pmu_get.llvmint.* .text.cold.qurt_pmu_get ) /* hotness=52.62 */
*( .text.cold.msg_v4_send.llvmint.* .text.cold.msg_v4_send ) /* hotness=53.68 */
*( .text.cold.rex_os_wait_on_sigs.llvmint.* .text.cold.rex_os_wait_on_sigs ) /* hotness=54.99 */
*( .text.cold.memheap_find_bin.llvmint.* .text.cold.memheap_find_bin ) /* hotness=56.48 */
*( .text.cold.memheap_updatestats.llvmint.* .text.cold.memheap_updatestats ) /* hotness=56.52 */
*( .text.cold.mem_init_block_header.llvmint.* .text.cold.mem_init_block_header ) /* hotness=60.45 */
*( .text.cold.memdebug_updatecallerptr.llvmint.* .text.cold.memdebug_updatecallerptr ) /* hotness=64.06 */
*( .text.cold.rex_check_if_task_allowed_to_block.llvmint.* .text.cold.rex_check_if_task_allowed_to_block ) /* hotness=64.61 */
*( .text.cold.rex_set_sigs.llvmint.* .text.cold.rex_set_sigs ) /* hotness=65.25 */
*( .text.cold.rex_wait.llvmint.* .text.cold.rex_wait ) /* hotness=66.83 */
*( .text.cold.q_cnt.llvmint.* .text.cold.q_cnt ) /* hotness=69.56 */
*( .text.cold.msg_get_time_ext.llvmint.* .text.cold.msg_get_time_ext ) /* hotness=72.00 */
*( .text.cold.modem_mem_free.llvmint.* .text.cold.modem_mem_free ) /* hotness=72.50 */
*( .text.cold.dm_registry_find_entry.llvmint.* .text.cold.dm_registry_find_entry ) /* hotness=75.56 */
*( .text.cold.modem_mem_alloc.llvmint.* .text.cold.modem_mem_alloc ) /* hotness=77.45 */
*( .text.cold.rex_clr_sigs.llvmint.* .text.cold.rex_clr_sigs ) /* hotness=77.65 */
*( .text.cold.msg_status.llvmint.* .text.cold.msg_status ) /* hotness=80.14 */
*( .text.cold.msg_get_time.llvmint.* .text.cold.msg_get_time ) /* hotness=81.00 */
*( .text.cold.q_link.llvmint.* .text.cold.q_link ) /* hotness=81.45 */
*( .text.cold.findNRemoveFreeBlockInBINs.llvmint.* .text.cold.findNRemoveFreeBlockInBINs ) /* hotness=83.95 */
*( .text.cold.memdebug_malloc.llvmint.* .text.cold.memdebug_malloc ) /* hotness=84.79 */
*( .text.cold.memory_barrier.llvmint.* .text.cold.memory_barrier ) /* hotness=86.00 */
*( .text.cold.memheap_addNodeToBin.llvmint.* .text.cold.memheap_addNodeToBin ) /* hotness=86.70 */
*( .text.cold.QURTK_vtlb_lock.llvmint.* .text.cold.QURTK_vtlb_lock ) /* hotness=95.25 */
*( .text.cold.abs.llvmint.* .text.cold.abs ) /* hotness=96.50 */
*( .text.cold.mem_heap_leave_crit_sect.llvmint.* .text.cold.mem_heap_leave_crit_sect ) /* hotness=108.89 */
*( .text.cold._Getptolower.llvmint.* .text.cold._Getptolower ) /* hotness=112.89 */
*( .text.cold.qurt_pmu_ctrl.llvmint.* .text.cold.qurt_pmu_ctrl ) /* hotness=113.88 */
*( .text.cold.mem_heap_enter_crit_sect.llvmint.* .text.cold.mem_heap_enter_crit_sect ) /* hotness=127.98 */
*( .text.cold.qw_hi.llvmint.* .text.cold.qw_hi ) /* hotness=129.86 */
*( .text.cold.QURTK_handle_tlbmissx_jump.llvmint.* .text.cold.QURTK_handle_tlbmissx_jump ) /* hotness=129.88 */
*( .text.cold.memmove.llvmint.* .text.cold.memmove ) /* hotness=130.48 */
*( .text.cold.qw_lo.llvmint.* .text.cold.qw_lo ) /* hotness=130.67 */
*( .text.cold.qurt_mutex_unlock.llvmint.* .text.cold.qurt_mutex_unlock ) /* hotness=134.44 */
*( .text.cold.dm_registry_entry_get_ctnr.llvmint.* .text.cold.dm_registry_entry_get_ctnr ) /* hotness=140.00 */
*( .text.cold.qurt_mutex_lock.llvmint.* .text.cold.qurt_mutex_lock ) /* hotness=143.12 */
*( .text.cold.qurt_thread_get_id.llvmint.* .text.cold.qurt_thread_get_id ) /* hotness=147.05 */
*( .text.cold.qurt_get_core_pcycles.llvmint.* .text.cold.qurt_get_core_pcycles ) /* hotness=158.25 */
*( .text.cold.q_put.llvmint.* .text.cold.q_put ) /* hotness=164.37 */
*( .text.cold._Dint.llvmint.* .text.cold._Dint ) /* hotness=164.78 */
*( .text.cold.QURTK_handle_kernel_int.llvmint.* .text.cold.QURTK_handle_kernel_int ) /* hotness=165.93 */
*( .text.cold.qurt_mutex_lock_i.llvmint.* .text.cold.qurt_mutex_lock_i ) /* hotness=167.96 */
*( .text.cold.QURTK_handle_error_local.llvmint.* .text.cold.QURTK_handle_error_local ) /* hotness=176.54 */
*( .text.cold.q_get.llvmint.* .text.cold.q_get ) /* hotness=184.96 */
*( .text.cold.rex_self.llvmint.* .text.cold.rex_self ) /* hotness=185.75 */
*( .text.cold.floor.llvmint.* .text.cold.floor ) /* hotness=197.86 */
*( .text.cold.QURTK_continuation_interrupt.llvmint.* .text.cold.QURTK_continuation_interrupt ) /* hotness=241.04 */
*( .text.cold.qurt_anysignal_set.llvmint.* .text.cold.qurt_anysignal_set ) /* hotness=270.81 */
*( .text.cold.qurt_sem_down_i.llvmint.* .text.cold.qurt_sem_down_i ) /* hotness=287.91 */
*( .text.cold.QURTK_handle_l2vic_int.llvmint.* .text.cold.QURTK_handle_l2vic_int ) /* hotness=360.06 */
*( .text.cold.qurt_isr_cb.llvmint.* .text.cold.qurt_isr_cb ) /* hotness=361.15 */
*( .text.cold.sem_post.llvmint.* .text.cold.sem_post ) /* hotness=374.09 */
*( .text.cold.pthread_getspecific.llvmint.* .text.cold.pthread_getspecific ) /* hotness=379.25 */
*( .text.cold.sem_wait.llvmint.* .text.cold.sem_wait ) /* hotness=389.14 */
*( .text.cold.qurt_pimutex_lock.llvmint.* .text.cold.qurt_pimutex_lock ) /* hotness=449.62 */
*( .text.cold.qurt_tls_get_specific.llvmint.* .text.cold.qurt_tls_get_specific ) /* hotness=464.53 */
*( .text.cold.QURTK_tlbmiss_handlers.llvmint.* .text.cold.QURTK_tlbmiss_handlers ) /* hotness=470.49 */
*( .text.cold.QURTK_event_vectors.llvmint.* .text.cold.QURTK_event_vectors ) /* hotness=474.94 */
*( .text.cold.rex_leave_crit_sect.llvmint.* .text.cold.rex_leave_crit_sect ) /* hotness=519.44 */
*( .text.cold.qurt_signal_wait.llvmint.* .text.cold.qurt_signal_wait ) /* hotness=560.35 */
*( .text.cold.pthread_mutex_lock.llvmint.* .text.cold.pthread_mutex_lock ) /* hotness=571.02 */
*( .text.cold.qurt_sem_down.llvmint.* .text.cold.qurt_sem_down ) /* hotness=587.25 */
*( .text.cold.rex_enter_crit_sect.llvmint.* .text.cold.rex_enter_crit_sect ) /* hotness=596.06 */
*( .text.cold.qurt_sem_add.llvmint.* .text.cold.qurt_sem_add ) /* hotness=600.89 */
*( .text.cold.pthread_mutex_unlock.llvmint.* .text.cold.pthread_mutex_unlock ) /* hotness=607.08 */
*( .text.cold.QURTK_handle_tlbmissrw_jump.llvmint.* .text.cold.QURTK_handle_tlbmissrw_jump ) /* hotness=799.00 */
*( .text.cold.qurt_interrupt_raise.llvmint.* .text.cold.qurt_interrupt_raise ) /* hotness=925.38 */
*( .text.cold.qurt_interrupt_raise_l1.llvmint.* .text.cold.qurt_interrupt_raise_l1 ) /* hotness=955.00 */
*( .text.cold.qurt_pimutex_unlock.llvmint.* .text.cold.qurt_pimutex_unlock ) /* hotness=978.26 */
*( .text.cold.memcpy.llvmint.* .text.cold.memcpy ) /* hotness=1333.30 */
*( .text.cold.qurt_anysignal_clear.llvmint.* .text.cold.qurt_anysignal_clear ) /* hotness=1385.21 */
*( .text.cold.qurt_interrupt_acknowledge.llvmint.* .text.cold.qurt_interrupt_acknowledge ) /* hotness=1434.67 */
*( .text.cold.qurt_sysclock_get_hw_ticks.llvmint.* .text.cold.qurt_sysclock_get_hw_ticks ) /* hotness=1893.88 */
__cold__text_sw_end__ = .; 

__hot__text_sw_start__ = .; 
*(  .text.QURTK_curr_tcb.llvmint.* .text.QURTK_curr_tcb ) /* inlined */
*(  .text.qurt_atomic_compare_and_set.llvmint.* .text.qurt_atomic_compare_and_set ) /* inlined */
*(  .text.DalTimetick_GetTimetick64.llvmint.* .text.DalTimetick_GetTimetick64 ) /* inlined */
*(  .text.qurt_atomic_add.llvmint.* .text.qurt_atomic_add ) /* inlined */
*(  .text.lte_static_rrc_dispatcher_get_dmm_active_intfid.llvmint.* .text.lte_static_rrc_dispatcher_get_dmm_active_intfid ) /* inlined */
*(  .text.trampoline_119_for_appmgr_thread_init_complete.llvmint.* .text.trampoline_119_for_appmgr_thread_init_complete ) /* inlined */
*(  .text.trampoline_120_for_ULogFront_RealTimeInit.llvmint.* .text.trampoline_120_for_ULogFront_RealTimeInit ) /* inlined */
*(  .text.lte_static_rrc_dispatcher_get_active_sys_type.llvmint.* .text.lte_static_rrc_dispatcher_get_active_sys_type ) /* inlined */
*(  .text.lte_static_l2_get_active_intf_id.llvmint.* .text.lte_static_l2_get_active_intf_id ) /* inlined */
*(  .text.dmm_get_interface_p.llvmint.* .text.dmm_get_interface_p ) /* inlined */
*(  .text.dmm_rmv_ref.llvmint.* .text.dmm_rmv_ref ) /* inlined */
*(  .text.inc_SubmissionCnt.llvmint.* .text.inc_SubmissionCnt ) /* inlined */
*(  .text.os_MutexLock.llvmint.* .text.os_MutexLock ) /* inlined */
*(  .text.os_TaskTcbGet.llvmint.* .text.os_TaskTcbGet ) /* inlined */
*(  .text.os_MutexUnlock.llvmint.* .text.os_MutexUnlock ) /* inlined */
*(  .text.gts_UpdateUstmrUnc.llvmint.* .text.gts_UpdateUstmrUnc ) /* inlined */
*(  .text.xofestrm_StoreFreqBiasAndFunc.llvmint.* .text.xofestrm_StoreFreqBiasAndFunc ) /* inlined */
*(  .text.xofestrm_TemperatureUpdate.llvmint.merged.llvmint.* .text.xofestrm_TemperatureUpdate.llvmint.merged ) /* inlined */
*(  .text.xofestrm_RpushUpdate.llvmint.* .text.xofestrm_RpushUpdate ) /* inlined */
*(  .text.DOG_LOCK.llvmint.* .text.DOG_LOCK ) /* inlined */
*(  .text.dog_kick.llvmint.* .text.dog_kick ) /* inlined */
*(  .text.DOG_UNLOCK.llvmint.* .text.DOG_UNLOCK ) /* inlined */
*(  .text.rex_timer_check_if_task_is_allowed_to_peform_operation.llvmint.* .text.rex_timer_check_if_task_is_allowed_to_peform_operation ) /* inlined */
*(  .text.REX_GET_OS_TCB_REF.llvmint.* .text.REX_GET_OS_TCB_REF ) /* inlined */
*(  .text.rex_os_clr_sigs.llvmint.* .text.rex_os_clr_sigs ) /* inlined */
*(  .text.REX_PAUSE_DOG_MONITOR.llvmint.* .text.REX_PAUSE_DOG_MONITOR ) /* inlined */
*(  .text.REX_RESUME_DOG_MONITOR.llvmint.* .text.REX_RESUME_DOG_MONITOR ) /* inlined */
*(  .text.rex_os_set_sigs.llvmint.* .text.rex_os_set_sigs ) /* inlined */
*(  .text.rex_os_get_sigs.llvmint.* .text.rex_os_get_sigs ) /* inlined */
*(  .text.msg_save_trace.llvmint.* .text.msg_save_trace ) /* inlined */
*(  .text.qsr_v4_check_bytes.llvmint.* .text.qsr_v4_check_bytes ) /* inlined */
*(  .text.QURTK_mutex_lock_k0.llvmint.* .text.QURTK_mutex_lock_k0 ) /* inlined */
*(  .text.QURTK_mutex_unlock_k0.llvmint.* .text.QURTK_mutex_unlock_k0 ) /* inlined */
*(  .text.get_pcycles.llvmint.* .text.get_pcycles ) /* inlined */
*(  .text.QURTK_vtlb_lock_for_read.llvmint.* .text.QURTK_vtlb_lock_for_read ) /* inlined */
*(  .text.QURTK_vtlb_unlock_for_read.llvmint.* .text.QURTK_vtlb_unlock_for_read ) /* inlined */
*(  .text.QURTK_vtlb_get_size.llvmint.* .text.QURTK_vtlb_get_size ) /* inlined */
*(  .text.QURTK_vtlb_get_vpage.llvmint.* .text.QURTK_vtlb_get_vpage ) /* inlined */
*(  .text.QURTK_vtlb_overlaps.llvmint.* .text.QURTK_vtlb_overlaps ) /* inlined */
*(  .text.read_pmu_counter0.llvmint.* .text.read_pmu_counter0 ) /* inlined */
*(  .text.read_pmu_counter1.llvmint.* .text.read_pmu_counter1 ) /* inlined */
*(  .text.read_pmu_counter2.llvmint.* .text.read_pmu_counter2 ) /* inlined */
*(  .text.read_pmu_counter3.llvmint.* .text.read_pmu_counter3 ) /* inlined */
*(  .text.read_pmu_evtcfg.llvmint.* .text.read_pmu_evtcfg ) /* inlined */
*(  .text.read_pmu_evtcfg1.llvmint.* .text.read_pmu_evtcfg1 ) /* inlined */
*(  .text.QURTK_pi_futex_tcb_enqueue.llvmint.* .text.QURTK_pi_futex_tcb_enqueue ) /* inlined */
*(  .text.QURTK_tlb_unlock.llvmint.* .text.QURTK_tlb_unlock ) /* inlined */
*(  .text.QURTK_enqueue_pifutex_list.llvmint.* .text.QURTK_enqueue_pifutex_list ) /* inlined */
*(  .text.QURTK_dequeue_pifutex_list.llvmint.* .text.QURTK_dequeue_pifutex_list ) /* inlined */
*(  .text.qurt_qdi_objref_get_from_pointer.llvmint.* .text.qurt_qdi_objref_get_from_pointer ) /* inlined */
*(  .text.get_hw_thread_id.llvmint.* .text.get_hw_thread_id ) /* inlined */
*(  .text.qurt_sem_up.llvmint.* .text.qurt_sem_up ) /* inlined */
*(  .text.is_named.llvmint.* .text.is_named ) /* inlined */
*(  .text.list_init.llvmint.* .text.list_init ) /* inlined */
*(  .text.list_is_valid.llvmint.* .text.list_is_valid ) /* inlined */
*(  .text.bin_active.llvmint.* .text.bin_active ) /* inlined */
*(  .text.bin_deactive.llvmint.* .text.bin_deactive ) /* inlined */
*(  .text.tls_stats_get_index.llvmint.* .text.tls_stats_get_index ) /* inlined */
*(  .text.q_lock.llvmint.* .text.q_lock ) /* inlined */
*(  .text.q_unlock.llvmint.* .text.q_unlock ) /* inlined */
*(  .text.qw_equ_misaligned.llvmint.* .text.qw_equ_misaligned ) /* inlined */
*(  .text.DalAdcDevice_GetChannelStatus.llvmint.* .text.DalAdcDevice_GetChannelStatus ) /* inlined */
*(  .text.DalDevice_Open.llvmint.* .text.DalDevice_Open ) /* inlined */
*(  .text.DalAdcDevice_StartConversion.llvmint.* .text.DalAdcDevice_StartConversion ) /* inlined */
*(  .text.DalDevice_Close.llvmint.* .text.DalDevice_Close ) /* inlined */
*(  .text.trampoline_1184_for_.text.DAL_StringDeviceAttachEx.llvmint.* .text.trampoline_1184_for_.text.DAL_StringDeviceAttachEx ) /* inlined */
*(  .text.GetNodeFromToken.llvmint.* .text.GetNodeFromToken ) /* inlined */
*(  .text.Adc_LogConversionComplete.llvmint.* .text.Adc_LogConversionComplete ) /* inlined */
*(  .text.Adc_LogConversionRequest.llvmint.* .text.Adc_LogConversionRequest ) /* inlined */
*(  .text.DalSpmi_WriteLong.llvmint.* .text.DalSpmi_WriteLong ) /* inlined */
*(  .text.DalSpmi_ReadLong.llvmint.* .text.DalSpmi_ReadLong ) /* inlined */
*(  .text.VAdc_ReadChannel.llvmint.* .text.VAdc_ReadChannel ) /* inlined */
*(  .text.vadc_diag_send_client_log.llvmint.* .text.vadc_diag_send_client_log ) /* inlined */
*(  .text.VAdc_StartConversionInternal.llvmint.* .text.VAdc_StartConversionInternal ) /* inlined */
*(  .text.VAdc_ReadAdc.llvmint.* .text.VAdc_ReadAdc ) /* inlined */
*(  .text.VAdcHalRequestConversion.llvmint.* .text.VAdcHalRequestConversion ) /* inlined */
*(  .text.VAdcHalGetSettlingDelayUs.llvmint.* .text.VAdcHalGetSettlingDelayUs ) /* inlined */
*(  .text.VAdcHalGetConversionTime.llvmint.* .text.VAdcHalGetConversionTime ) /* inlined */
*(  .text.VAdcHalGetSampleTimeUs.llvmint.* .text.VAdcHalGetSampleTimeUs ) /* inlined */
*(  .text.VAdcHalGetNumAverages.llvmint.* .text.VAdcHalGetNumAverages ) /* inlined */
*(  .text.VAdc_WaitForEoc.llvmint.* .text.VAdc_WaitForEoc ) /* inlined */
*(  .text.VAdcHalGetStatus.llvmint.* .text.VAdcHalGetStatus ) /* inlined */
*(  .text.VAdcHalGetConversionCode.llvmint.* .text.VAdcHalGetConversionCode ) /* inlined */
*(  .text.VAdc_ReadAdcCode.llvmint.* .text.VAdc_ReadAdcCode ) /* inlined */
*(  .text.VAdcHalSetEnable.llvmint.* .text.VAdcHalSetEnable ) /* inlined */
*(  .text.VAdc_ProcessConversionResult.llvmint.* .text.VAdc_ProcessConversionResult ) /* inlined */
*(  .text.VAdcScaleCodeToPercent.llvmint.* .text.VAdcScaleCodeToPercent ) /* inlined */
*(  .text.VAdcScaleCodeToMicrovolts.llvmint.* .text.VAdcScaleCodeToMicrovolts ) /* inlined */
*(  .text.AdcDivideWithRounding.llvmint.* .text.AdcDivideWithRounding ) /* inlined */
*(  .text.VAdcScaleThermistor.llvmint.* .text.VAdcScaleThermistor ) /* inlined */
*err_hndlr_island.o( .text .text.* ) /*hotness=0.00 */
*( .text.xofestrm_ProcTempData.llvmint.* .text.xofestrm_ProcTempData ) /* hotness=0.01 */
*( .text.gts_SendIPCMsg.llvmint.* .text.gts_SendIPCMsg ) /* hotness=0.02 */
*( .text.gts_LogFreqEstMsg.llvmint.* .text.gts_LogFreqEstMsg ) /* hotness=0.03 */
*( .text.gts_ProcFreqEstMsg.llvmint.* .text.gts_ProcFreqEstMsg ) /* hotness=0.03 */
*( .text.log_ipc_msg.llvmint.* .text.log_ipc_msg ) /* hotness=0.04 */
*qurt_exit.o( .text .text.* ) /*hotness=0.05 */
*( .text.xofestrm_MessageProc.llvmint.* .text.xofestrm_MessageProc ) /* hotness=0.05 */
*( .text.wwanme_control_ProcessIpcMsg.llvmint.* .text.wwanme_control_ProcessIpcMsg ) /* hotness=0.05 */
*( .text.wwanme_control_task.llvmint.* .text.wwanme_control_task ) /* hotness=0.06 */
*( .text.xofestrm_SendFestToGts.llvmint.* .text.xofestrm_SendFestToGts ) /* hotness=0.08 */
*( .text.gts_LogQtime.llvmint.* .text.gts_LogQtime ) /* hotness=0.08 */
*( .text.QURTK_adjust_pifutex_list_inc.llvmint.* .text.QURTK_adjust_pifutex_list_inc ) /* hotness=0.09 */
*( .text.gts_MessageProc.llvmint.* .text.gts_MessageProc ) /* hotness=0.10 */
*( .text.modem_mem_alloc_setcaller.llvmint.* .text.modem_mem_alloc_setcaller ) /* hotness=0.11 */
*( .text.gts_FindBestGpsTime.llvmint.* .text.gts_FindBestGpsTime ) /* hotness=0.11 */
*( .text.gts_GetQtime.llvmint.* .text.gts_GetQtime ) /* hotness=0.12 */
*( .text.rex_set_timer.llvmint.* .text.rex_set_timer ) /* hotness=0.12 */
*( .text.xofestrm_ProcRpushData.llvmint.* .text.xofestrm_ProcRpushData ) /* hotness=0.12 */
*( .text.os_IpcReceive.llvmint.* .text.os_IpcReceive ) /* hotness=0.14 */
*( .text.cgps_xofestrmTCXOManagerTempCB.llvmint.* .text.cgps_xofestrmTCXOManagerTempCB ) /* hotness=0.16 */
*( .text.list_push_back.llvmint.* .text.list_push_back ) /* hotness=0.17 */
*( .text.xofestrm_TemperatureUpdate.llvmint.* .text.xofestrm_TemperatureUpdate ) /* hotness=0.18 */
*( .text.rex_timed_wait.llvmint.* .text.rex_timed_wait ) /* hotness=0.19 */
*( .text.os_MemFree.llvmint.* .text.os_MemFree ) /* hotness=0.20 */
*( .text.list_size.llvmint.* .text.list_size ) /* hotness=0.21 */
*( .text.cgps_xofestrmTCXOManagerRPushCB.llvmint.* .text.cgps_xofestrmTCXOManagerRPushCB ) /* hotness=0.21 */
*cgps_xofestrmTCXOManagerRPushCB.o( .text .text.* ) /*hotness=0.21 */
*( .text.VAdc_PerformOperationInWorkLoop.llvmint.* .text.VAdc_PerformOperationInWorkLoop ) /* hotness=0.22 */
*( .text.os_IpcDelete.llvmint.* .text.os_IpcDelete ) /* hotness=0.23 */
*( .text.QURTK_user_exit.llvmint.* .text.QURTK_user_exit ) /* hotness=0.23 */
*( .text.dog_task.llvmint.* .text.dog_task ) /* hotness=0.27 */
*( .text.os_IpcForceSend.llvmint.* .text.os_IpcForceSend ) /* hotness=0.28 */
*( .text.os_IpcSend.llvmint.* .text.os_IpcSend ) /* hotness=0.30 */
*( .text.VAdc_StartConversion.llvmint.* .text.VAdc_StartConversion ) /* hotness=0.31 */
*( .text.list_pop_front.llvmint.* .text.list_pop_front ) /* hotness=0.31 */
*( .text.os_IpcCreateInternal.llvmint.* .text.os_IpcCreateInternal ) /* hotness=0.32 */
*( .text.qurt_process_get_id.llvmint.* .text.qurt_process_get_id ) /* hotness=0.33 */
*( .text.os_IpcCreate.llvmint.* .text.os_IpcCreate ) /* hotness=0.38 */
*( .text.VAdc_ReadAdcChannel.llvmint.* .text.VAdc_ReadAdcChannel ) /* hotness=0.39 */
*( .text.QURTK_pi_futex_adjust_prio.llvmint.* .text.QURTK_pi_futex_adjust_prio ) /* hotness=0.39 */
*( .text.QURTK_save_TSA_err_regs.llvmint.* .text.QURTK_save_TSA_err_regs ) /* hotness=0.40 */
*( .text.int_context_restore.llvmint.* .text.int_context_restore ) /* hotness=0.42 */
*( .text.Adc_AddDeviceQueueRequest.llvmint.* .text.Adc_AddDeviceQueueRequest ) /* hotness=0.46 */
*( .text.Adc_RequestConversion.llvmint.* .text.Adc_RequestConversion ) /* hotness=0.47 */
*( .text.dog_force_kick.llvmint.* .text.dog_force_kick ) /* hotness=0.50 */
*( .text.qurt_exception_raise_nonfatal.llvmint.* .text.qurt_exception_raise_nonfatal ) /* hotness=0.50 */
*( .text.qurt_signal_destroy.llvmint.* .text.qurt_signal_destroy ) /* hotness=0.50 */
*( .text.Adc_ConversionCompleteCb.llvmint.* .text.Adc_ConversionCompleteCb ) /* hotness=0.53 */
*( .text.VAdc_GetChannelStatus.llvmint.* .text.VAdc_GetChannelStatus ) /* hotness=0.55 */
*( .text.Adc_DalAdc_RequestConversion.llvmint.* .text.Adc_DalAdc_RequestConversion ) /* hotness=0.62 */
*( .text.VAdc_Close.llvmint.* .text.VAdc_Close ) /* hotness=0.62 */
*( .text.VAdc_Open.llvmint.* .text.VAdc_Open ) /* hotness=0.67 */
*( .text.QURTK_thread_profile.llvmint.* .text.QURTK_thread_profile ) /* hotness=0.68 */
*( .text.msg_sprintf.llvmint.* .text.msg_sprintf ) /* hotness=0.69 */
*qurt_qdi_asm.o( .text .text.* ) /*hotness=0.72 */
*( .text.lte_dsmi_extract_1byte.llvmint.* .text.lte_dsmi_extract_1byte ) /* hotness=0.78 */
*( .text.VAdc_LogConversionResult.llvmint.* .text.VAdc_LogConversionResult ) /* hotness=0.81 */
*( .text.VAdc_LogEOC.llvmint.* .text.VAdc_LogEOC ) /* hotness=0.82 */
*( .text.VAdc_DalAdcDevice_Open.llvmint.* .text.VAdc_DalAdcDevice_Open ) /* hotness=0.83 */
*( .text.VAdc_DalAdcDevice_Close.llvmint.* .text.VAdc_DalAdcDevice_Close ) /* hotness=0.83 */
*( .text.VAdc_DalAdcDevice_GetChannelStatus.llvmint.* .text.VAdc_DalAdcDevice_GetChannelStatus ) /* hotness=0.83 */
*( .text.VAdc_DalAdcDevice_StartConversion.llvmint.* .text.VAdc_DalAdcDevice_StartConversion ) /* hotness=0.83 */
*( .text.VAdc_ReadBytes.llvmint.* .text.VAdc_ReadBytes ) /* hotness=0.89 */
*( .text.qw_div.llvmint.* .text.qw_div ) /* hotness=0.96 */
*( .text.lte_dsmi_extract_3byte.llvmint.* .text.lte_dsmi_extract_3byte ) /* hotness=0.96 */
*( .text.qurtos_local_client_invocation.llvmint.* .text.qurtos_local_client_invocation ) /* hotness=0.98 */
*( .text.rex_int_free.llvmint.* .text.rex_int_free ) /* hotness=1.00 */
*( .text.lte_pdcpul_tag_each_pkt.llvmint.* .text.lte_pdcpul_tag_each_pkt ) /* hotness=1.03 */
*( .text.qurt_signal_init.llvmint.* .text.qurt_signal_init ) /* hotness=1.05 */
*( .text.Adc_ProcessDeviceQueue.llvmint.* .text.Adc_ProcessDeviceQueue ) /* hotness=1.08 */
*( .text.VAdc_WriteBytes.llvmint.* .text.VAdc_WriteBytes ) /* hotness=1.15 */
*( .text.qurt_profile_get_idle_pcycles.llvmint.* .text.qurt_profile_get_idle_pcycles ) /* hotness=1.20 */
*( .text.qurt_signal_get.llvmint.* .text.qurt_signal_get ) /* hotness=1.25 */
*( .text.VAdc_LogConversionRequest.llvmint.* .text.VAdc_LogConversionRequest ) /* hotness=1.30 */
*( .text.rex_int_lock.llvmint.* .text.rex_int_lock ) /* hotness=1.32 */
*( .text.mem_calloc.llvmint.* .text.mem_calloc ) /* hotness=1.33 */
*( .text.os_IpcReceive.extracted_region.llvmint.* .text.os_IpcReceive.extracted_region ) /* hotness=1.36 */
*( .text.qurt_qdi_handle_invoke.llvmint.* .text.qurt_qdi_handle_invoke ) /* hotness=1.36 */
*( .text.rex_get_pri.llvmint.* .text.rex_get_pri ) /* hotness=1.39 */
*( .text.qurt_signal_set.llvmint.* .text.qurt_signal_set ) /* hotness=1.56 */
*( .text.q_linear_search.llvmint.* .text.q_linear_search ) /* hotness=1.57 */
*( .text.modem_mem_calloc.llvmint.* .text.modem_mem_calloc ) /* hotness=1.80 */
*( .text.qurt_qdi_obj_ref_inc.llvmint.* .text.qurt_qdi_obj_ref_inc ) /* hotness=2.06 */
*( .text.qurt_qdi_obj_ref_dec.llvmint.* .text.qurt_qdi_obj_ref_dec ) /* hotness=2.09 */
*( .text.os_ThreadBlockGet.llvmint.* .text.os_ThreadBlockGet ) /* hotness=2.25 */
*qurt_rmutex_asm.o( .text .text.* ) /*hotness=2.28 */
*( .text.qurt_signal_clear.llvmint.* .text.qurt_signal_clear ) /* hotness=3.00 */
*( .text.rex_set_task_pri.llvmint.* .text.rex_set_task_pri ) /* hotness=3.35 */
*( .text.pthread_setschedparam.llvmint.* .text.pthread_setschedparam ) /* hotness=4.13 */
*( .text.QURTK_PMU_ctrl.llvmint.* .text.QURTK_PMU_ctrl ) /* hotness=4.20 */
*( .text.msg_v4_send_3.llvmint.* .text.msg_v4_send_3 ) /* hotness=4.58 */
*( .text.QURTK_prio_setU.llvmint.* .text.QURTK_prio_setU ) /* hotness=4.80 */
*( .text.msg_v4_send_1.llvmint.* .text.msg_v4_send_1 ) /* hotness=4.97 */
*( .text.pthread_getschedparam.llvmint.* .text.pthread_getschedparam ) /* hotness=5.22 */
*( .text.QURTK_prio_setU_internal.llvmint.* .text.QURTK_prio_setU_internal ) /* hotness=5.33 */
*( .text.os_ThreadIdGet.llvmint.* .text.os_ThreadIdGet ) /* hotness=5.36 */
*( .text.qurt_rmutex_unlock.llvmint.* .text.qurt_rmutex_unlock ) /* hotness=6.03 */
*( .text.QURTK_thread_lookup.llvmint.* .text.QURTK_thread_lookup ) /* hotness=6.09 */
*( .text.lte_circ_q_update_write_pointer.llvmint.* .text.lte_circ_q_update_write_pointer ) /* hotness=6.41 */
*( .text.sem_getvalue.llvmint.* .text.sem_getvalue ) /* hotness=6.85 */
*( .text.QURTK_pi_futex_wait.llvmint.* .text.QURTK_pi_futex_wait ) /* hotness=7.09 */
*( .text.AdcMapLinearInt32toInt32.llvmint.* .text.AdcMapLinearInt32toInt32 ) /* hotness=7.28 */
*( .text.qurt_rmutex_lock_i.llvmint.* .text.qurt_rmutex_lock_i ) /* hotness=7.38 */
*( .text.QURTK_prio_orig_get.llvmint.* .text.QURTK_prio_orig_get ) /* hotness=8.23 */
*( .text.q_next.llvmint.* .text.q_next ) /* hotness=8.37 */
*( .text.msg_v4_send_2.llvmint.* .text.msg_v4_send_2 ) /* hotness=8.42 */
*( .text.rex_get_sigs.llvmint.* .text.rex_get_sigs ) /* hotness=8.54 */
*minitraps.o( .text .text.* ) /*hotness=8.73 */
*qurt_prio.o( .text .text.* ) /*hotness=8.96 */
*( .text.nb1_dsmi_extract_2byte.llvmint.* .text.nb1_dsmi_extract_2byte ) /* hotness=9.12 */
*( .text._getltcb.llvmint.* .text._getltcb ) /* hotness=9.20 */
*( .text.QURTK_pi_futex_resume.llvmint.* .text.QURTK_pi_futex_resume ) /* hotness=9.21 */
*strlen.o( .text .text.* ) /*hotness=9.77 */
*( .text.strlen.llvmint.* .text.strlen ) /* hotness=10.05 */
*( .text.lte_circ_q_update_read_pointer.llvmint.* .text.lte_circ_q_update_read_pointer ) /* hotness=10.31 */
*( .text.modem_mem_check_heap_initialized.llvmint.* .text.modem_mem_check_heap_initialized ) /* hotness=10.53 */
*qurt_cycles_asm.o( .text .text.* ) /*hotness=10.95 */
*( .text.lte_circ_q_get_write_pointer.llvmint.* .text.lte_circ_q_get_write_pointer ) /* hotness=11.65 */
*( .text.QURTK_safe_finish_trap.llvmint.* .text.QURTK_safe_finish_trap ) /* hotness=12.32 */
*qurt_vtlb_asm.o( .text .text.* ) /*hotness=12.78 */
*( .text.qurt_thread_set_priority.llvmint.* .text.qurt_thread_set_priority ) /* hotness=12.88 */
*qurt_memory_syscall.o( .text .text.* ) /*hotness=13.52 */
*( .text.qurt_thread_get_priority.llvmint.* .text.qurt_thread_get_priority ) /* hotness=14.00 */
*( .text.QURTK_vtlb_entry_read.llvmint.* .text.QURTK_vtlb_entry_read ) /* hotness=15.00 */
*fmemcpy_asm.o( .text .text.* ) /*hotness=19.30 */
*( .text.qurt_rmutex_lock.llvmint.* .text.qurt_rmutex_lock ) /* hotness=20.25 */
*( .text.qurt_tlb_entry_get.llvmint.* .text.qurt_tlb_entry_get ) /* hotness=20.36 */
*( .text.fmemcpy_asm.llvmint.* .text.fmemcpy_asm ) /* hotness=20.42 */
*( .text.qurt_tlb_entry_query.llvmint.* .text.qurt_tlb_entry_query ) /* hotness=20.96 */
*( .text.QURTK_vtlb_check_index.llvmint.* .text.QURTK_vtlb_check_index ) /* hotness=21.23 */
*( .text.qurt_i_vtlb_entry_read.llvmint.* .text.qurt_i_vtlb_entry_read ) /* hotness=23.00 */
*( .text.QURTK_get_tlb_from_vaddr_asid.llvmint.* .text.QURTK_get_tlb_from_vaddr_asid ) /* hotness=23.19 */
*( .text.sem_trywait.llvmint.* .text.sem_trywait ) /* hotness=23.32 */
*( .text.QURTK_process_vtlb_check_ownership.llvmint.* .text.QURTK_process_vtlb_check_ownership ) /* hotness=23.96 */
*( .text.QURTK_vtlb_dispatch_entry.llvmint.* .text.QURTK_vtlb_dispatch_entry ) /* hotness=24.23 */
*( .text.qw_set.llvmint.* .text.qw_set ) /* hotness=25.50 */
*( .text.qurt_i_vtlb_entry_probe.llvmint.* .text.qurt_i_vtlb_entry_probe ) /* hotness=26.88 */
*( .text.q_check.llvmint.* .text.q_check ) /* hotness=27.84 */
*( .text.QURTK_mini_get_asid.llvmint.* .text.QURTK_mini_get_asid ) /* hotness=28.00 */
*( .text.pthread_self.llvmint.* .text.pthread_self ) /* hotness=28.19 */
*qurt_pmu.o( .text .text.* ) /*hotness=30.27 */
*( .text.qurt_vtlb_trap.llvmint.* .text.qurt_vtlb_trap ) /* hotness=30.93 */
*( .text.free.llvmint.* .text.free ) /* hotness=31.33 */
*( .text.__runtime_stack_memset.llvmint.* .text.__runtime_stack_memset ) /* hotness=31.50 */
*( .text.qurt_sem_try_down.llvmint.* .text.qurt_sem_try_down ) /* hotness=35.52 */
*( .text.dmm_release_interface.llvmint.* .text.dmm_release_interface ) /* hotness=35.75 */
*vtlb_asm.o( .text .text.* ) /*hotness=35.88 */
*( .text.dmm_get_interface.llvmint.* .text.dmm_get_interface ) /* hotness=37.50 */
*dmm_get_interface.o( .text .text.* ) /*hotness=37.50 */
*qurt_mutex.o( .text .text.* ) /*hotness=37.50 */
*( .text.QURTK_process_get_effective_pcb.llvmint.* .text.QURTK_process_get_effective_pcb ) /* hotness=39.50 */
*( .text.QURTK_vtlb_entry_probe.llvmint.* .text.QURTK_vtlb_entry_probe ) /* hotness=41.13 */
*( .text.lte_rrc_get_3gpp_release_version.llvmint.* .text.lte_rrc_get_3gpp_release_version ) /* hotness=41.19 */
*( .text.lte_circ_q_get_read_pointer.llvmint.* .text.lte_circ_q_get_read_pointer ) /* hotness=41.31 */
*( .text.malloc.llvmint.* .text.malloc ) /* hotness=42.26 */
*( .text.QURTK_trace_print_C.llvmint.* .text.QURTK_trace_print_C ) /* hotness=42.73 */
*( .text.QURTK_handle_is_valid.llvmint.* .text.QURTK_handle_is_valid ) /* hotness=43.14 */
*( .text.msg_v4_send_var.llvmint.* .text.msg_v4_send_var ) /* hotness=43.28 */
*( .text.__runtime_stack_malloc.llvmint.* .text.__runtime_stack_malloc ) /* hotness=44.03 */
*( .text.QURTK_mini_get_id.llvmint.* .text.QURTK_mini_get_id ) /* hotness=44.50 */
*( .text.qw_equ.llvmint.* .text.qw_equ ) /* hotness=45.54 */
*( .text.qurt_lookup_physaddr.llvmint.* .text.qurt_lookup_physaddr ) /* hotness=45.62 */
*( .text.__runtime_stack_free.llvmint.* .text.__runtime_stack_free ) /* hotness=46.61 */
*( .text.QURTK_handle_get_obj.llvmint.* .text.QURTK_handle_get_obj ) /* hotness=49.21 */
*( .text.qurt_pmu_get.llvmint.* .text.qurt_pmu_get ) /* hotness=52.62 */
*memmove.o( .text .text.* ) /*hotness=53.01 */
*( .text.msg_v4_send.llvmint.* .text.msg_v4_send ) /* hotness=53.68 */
*( .text.rex_os_wait_on_sigs.llvmint.* .text.rex_os_wait_on_sigs ) /* hotness=54.99 */
*( .text.memheap_find_bin.llvmint.* .text.memheap_find_bin ) /* hotness=56.48 */
*( .text.memheap_updatestats.llvmint.* .text.memheap_updatestats ) /* hotness=56.52 */
*( .text.mem_init_block_header.llvmint.* .text.mem_init_block_header ) /* hotness=60.45 */
*( .text.memdebug_updatecallerptr.llvmint.* .text.memdebug_updatecallerptr ) /* hotness=64.06 */
*( .text.rex_check_if_task_allowed_to_block.llvmint.* .text.rex_check_if_task_allowed_to_block ) /* hotness=64.61 */
*( .text.rex_set_sigs.llvmint.* .text.rex_set_sigs ) /* hotness=65.25 */
*( .text.rex_wait.llvmint.* .text.rex_wait ) /* hotness=66.83 */
*qurt_fastint.o( .text .text.* ) /*hotness=66.88 */
*( .text.q_cnt.llvmint.* .text.q_cnt ) /* hotness=69.56 */
*( .text.msg_get_time_ext.llvmint.* .text.msg_get_time_ext ) /* hotness=72.00 */
*( .text.modem_mem_free.llvmint.* .text.modem_mem_free ) /* hotness=72.50 */
*( .text.dm_registry_find_entry.llvmint.* .text.dm_registry_find_entry ) /* hotness=75.56 */
*( .text.modem_mem_alloc.llvmint.* .text.modem_mem_alloc ) /* hotness=77.45 */
*( .text.rex_clr_sigs.llvmint.* .text.rex_clr_sigs ) /* hotness=77.65 */
*( .text.msg_status.llvmint.* .text.msg_status ) /* hotness=80.14 */
*( .text.msg_get_time.llvmint.* .text.msg_get_time ) /* hotness=81.00 */
*( .text.q_link.llvmint.* .text.q_link ) /* hotness=81.45 */
*( .text.findNRemoveFreeBlockInBINs.llvmint.* .text.findNRemoveFreeBlockInBINs ) /* hotness=83.95 */
*( .text.memdebug_malloc.llvmint.* .text.memdebug_malloc ) /* hotness=84.79 */
*( .text.memory_barrier.llvmint.* .text.memory_barrier ) /* hotness=86.00 */
*( .text.memheap_addNodeToBin.llvmint.* .text.memheap_addNodeToBin ) /* hotness=86.70 */
*( .text.QURTK_vtlb_lock.llvmint.* .text.QURTK_vtlb_lock ) /* hotness=95.25 */
*( .text.abs.llvmint.* .text.abs ) /* hotness=96.50 */
*abs.o( .text .text.* ) /*hotness=96.50 */
*_Getptolower.o( .text .text.* ) /*hotness=98.78 */
*vectors_island.o( .text .text.* ) /*hotness=105.93 */
*( .text.mem_heap_leave_crit_sect.llvmint.* .text.mem_heap_leave_crit_sect ) /* hotness=108.89 */
*( .text._Getptolower.llvmint.* .text._Getptolower ) /* hotness=112.89 */
*( .text.qurt_pmu_ctrl.llvmint.* .text.qurt_pmu_ctrl ) /* hotness=113.88 */
*qurt_int.o( .text .text.* ) /*hotness=126.01 */
*( .text.mem_heap_enter_crit_sect.llvmint.* .text.mem_heap_enter_crit_sect ) /* hotness=127.98 */
*( .text.qw_hi.llvmint.* .text.qw_hi ) /* hotness=129.86 */
*( .text.QURTK_handle_tlbmissx_jump.llvmint.* .text.QURTK_handle_tlbmissx_jump ) /* hotness=129.88 */
*( .text.memmove.llvmint.* .text.memmove ) /* hotness=130.48 */
*( .text.qw_lo.llvmint.* .text.qw_lo ) /* hotness=130.67 */
*( .text.qurt_mutex_unlock.llvmint.* .text.qurt_mutex_unlock ) /* hotness=134.44 */
*( .text.dm_registry_entry_get_ctnr.llvmint.* .text.dm_registry_entry_get_ctnr ) /* hotness=140.00 */
*( .text.qurt_mutex_lock.llvmint.* .text.qurt_mutex_lock ) /* hotness=143.12 */
*( .text.qurt_thread_get_id.llvmint.* .text.qurt_thread_get_id ) /* hotness=147.05 */
*( .text.qurt_get_core_pcycles.llvmint.* .text.qurt_get_core_pcycles ) /* hotness=158.25 */
*_Dint.o( .text .text.* ) /*hotness=162.59 */
*( .text.q_put.llvmint.* .text.q_put ) /* hotness=164.37 */
*( .text._Dint.llvmint.* .text._Dint ) /* hotness=164.78 */
*( .text.QURTK_handle_kernel_int.llvmint.* .text.QURTK_handle_kernel_int ) /* hotness=165.93 */
*( .text.qurt_mutex_lock_i.llvmint.* .text.qurt_mutex_lock_i ) /* hotness=167.96 */
*( .text.QURTK_handle_error_local.llvmint.* .text.QURTK_handle_error_local ) /* hotness=176.54 */
*( .text.q_get.llvmint.* .text.q_get ) /* hotness=184.96 */
*( .text.rex_self.llvmint.* .text.rex_self ) /* hotness=185.75 */
*vtlb_miss.o( .text .text.* ) /*hotness=197.46 */
*( .text.floor.llvmint.* .text.floor ) /* hotness=197.86 */
*floor.o( .text .text.* ) /*hotness=197.86 */
*( .text.QURTK_continuation_interrupt.llvmint.* .text.QURTK_continuation_interrupt ) /* hotness=241.04 */
*qurt_sem.o( .text .text.* ) /*hotness=266.27 */
*( .text.qurt_anysignal_set.llvmint.* .text.qurt_anysignal_set ) /* hotness=270.81 */
*( .text.qurt_sem_down_i.llvmint.* .text.qurt_sem_down_i ) /* hotness=287.91 */
*qurt_signal.o( .text .text.* ) /*hotness=312.80 */
*( .text.QURTK_handle_l2vic_int.llvmint.* .text.QURTK_handle_l2vic_int ) /* hotness=360.06 */
*( .text.qurt_isr_cb.llvmint.* .text.qurt_isr_cb ) /* hotness=361.15 */
*( .text.sem_post.llvmint.* .text.sem_post ) /* hotness=374.09 */
*( .text.pthread_getspecific.llvmint.* .text.pthread_getspecific ) /* hotness=379.25 */
*( .text.sem_wait.llvmint.* .text.sem_wait ) /* hotness=389.14 */
*qurt_pimutex_asm.o( .text .text.* ) /*hotness=437.43 */
*( .text.qurt_pimutex_lock.llvmint.* .text.qurt_pimutex_lock ) /* hotness=449.62 */
*( .text.qurt_tls_get_specific.llvmint.* .text.qurt_tls_get_specific ) /* hotness=464.53 */
*( .text.QURTK_tlbmiss_handlers.llvmint.* .text.QURTK_tlbmiss_handlers ) /* hotness=470.49 */
*( .text.QURTK_event_vectors.llvmint.* .text.QURTK_event_vectors ) /* hotness=474.94 */
*qurt_anysignal_asm.o( .text .text.* ) /*hotness=508.43 */
*( .text.rex_leave_crit_sect.llvmint.* .text.rex_leave_crit_sect ) /* hotness=519.44 */
*( .text.qurt_signal_wait.llvmint.* .text.qurt_signal_wait ) /* hotness=560.35 */
*( .text.pthread_mutex_lock.llvmint.* .text.pthread_mutex_lock ) /* hotness=571.02 */
*( .text.qurt_sem_down.llvmint.* .text.qurt_sem_down ) /* hotness=587.25 */
*( .text.rex_enter_crit_sect.llvmint.* .text.rex_enter_crit_sect ) /* hotness=596.06 */
*( .text.qurt_sem_add.llvmint.* .text.qurt_sem_add ) /* hotness=600.89 */
*( .text.pthread_mutex_unlock.llvmint.* .text.pthread_mutex_unlock ) /* hotness=607.08 */
*( .text.QURTK_handle_tlbmissrw_jump.llvmint.* .text.QURTK_handle_tlbmissrw_jump ) /* hotness=799.00 */
*( .text.qurt_interrupt_raise.llvmint.* .text.qurt_interrupt_raise ) /* hotness=925.38 */
*( .text.qurt_interrupt_raise_l1.llvmint.* .text.qurt_interrupt_raise_l1 ) /* hotness=955.00 */
*( .text.qurt_pimutex_unlock.llvmint.* .text.qurt_pimutex_unlock ) /* hotness=978.26 */
*( .text.memcpy.llvmint.* .text.memcpy ) /* hotness=1333.30 */
*memcpy.o( .text .text.* ) /*hotness=1333.30 */
*( .text.qurt_anysignal_clear.llvmint.* .text.qurt_anysignal_clear ) /* hotness=1385.21 */
*( .text.qurt_interrupt_acknowledge.llvmint.* .text.qurt_interrupt_acknowledge ) /* hotness=1434.67 */
*( .text.qurt_sysclock_get_hw_ticks.llvmint.* .text.qurt_sysclock_get_hw_ticks ) /* hotness=1893.88 */
__hot__text_sw_end__ = .; 

