# Linker from Snapdragon LLVM ARM Compiler Version 4.0.3
# Linker based on LLVM version: 4.0
# Notable linker command/script options:
# CPU Architecture Version: 
# Target triple environment for the link: gnueabi
# Maximum GP size: 8
# Link type: Static
# ABI Page Size: 0x4
# CommandLine : C:\Apps\LLVM\4.0.3\bin\ld.qcld.exe -X --eh-frame-hdr -m armelf_linux_eabi -dynamic-linker /lib/ld-musl-arm.so.1 -o Z:\b\apps_proc\dataservices\bsp\sensor_dam_demo_img\build\ACFNAADZ\SENSOR_DAM_DEMO_LLVM_ACFNAADZA.elf -lc++ -mno-unaligned-access -entry=0x43000000 Z:/b/apps_proc/dataservices/sensor/build/sensor_dam_demo.ld -Map Z:\b\apps_proc\dataservices\bsp\sensor_dam_demo_img\build\ACFNAADZ\SENSOR_DAM_DEMO_LLVM_ACFNAADZA.Map -gc-sections --start-group ../../dataservices/sensor/build/sensor_dam_demo_llvm/cortex-a7/ACFNAADZ/txm_module_preamble_llvm.o ../../dataservices/sensor/build/sensor_dam_demo_llvm/cortex-a7/ACFNAADZ/demo/test_app_module.o ../../dataservices/sensor/build/sensor_dam_demo_llvm/cortex-a7/ACFNAADZ/demo/test_main_module.o ../../dataservices/sensor/build/sensor_dam_demo_llvm/cortex-a7/ACFNAADZ/demo/test_utils.o ../../core/kernel/rtos/threadx/txm_module_lib/build/LLVM/txm_lib.lib ../../core/services/time_qapi/build/LLVM/timer_dam_lib.lib --end-group -LC:\Apps\LLVM\4.0.3\armv7m-none-eabi\libc\lib -LC:\Apps\LLVM\4.0.3\armv7m-none-eabi\lib --start-group -lunwind -lc++ -lc++abi --end-group -LC:\Apps\LLVM\4.0.3\lib\clang\4.0.3\lib\baremetal --start-group -lc -lclang_rt.builtins-armv7m --end-group -lm -lc 
Archive member included because of file (symbol)
../../core/kernel/rtos/threadx/txm_module_lib/build/LLVM/txm_lib.lib(txm_module_thread_shell_entry.o)
		../../dataservices/sensor/build/sensor_dam_demo_llvm/cortex-a7/ACFNAADZ/txm_module_preamble_llvm.o (_txm_module_thread_shell_entry)
../../core/kernel/rtos/threadx/txm_module_lib/build/LLVM/txm_lib.lib(txm_module_callback_request_thread_entry.o)
		../../dataservices/sensor/build/sensor_dam_demo_llvm/cortex-a7/ACFNAADZ/txm_module_preamble_llvm.o (_txm_module_callback_request_thread_entry)
../../core/kernel/rtos/threadx/txm_module_lib/build/LLVM/txm_lib.lib(txm_module_system_call11.o)
		../../dataservices/sensor/build/sensor_dam_demo_llvm/cortex-a7/ACFNAADZ/demo/test_app_module.o (_txm_module_system_call11)
../../core/kernel/rtos/threadx/txm_module_lib/build/LLVM/txm_lib.lib(txm_module_system_call12.o)
		../../dataservices/sensor/build/sensor_dam_demo_llvm/cortex-a7/ACFNAADZ/demo/test_app_module.o (_txm_module_system_call12)
../../core/kernel/rtos/threadx/txm_module_lib/build/LLVM/txm_lib.lib(txm_byte_pool_create.o)
		../../dataservices/sensor/build/sensor_dam_demo_llvm/cortex-a7/ACFNAADZ/demo/test_app_module.o (_txe_byte_pool_create)
../../core/kernel/rtos/threadx/txm_module_lib/build/LLVM/txm_lib.lib(txm_byte_allocate.o)
		../../dataservices/sensor/build/sensor_dam_demo_llvm/cortex-a7/ACFNAADZ/demo/test_app_module.o (_txe_byte_allocate)
../../core/kernel/rtos/threadx/txm_module_lib/build/LLVM/txm_lib.lib(txm_byte_release.o)
		../../dataservices/sensor/build/sensor_dam_demo_llvm/cortex-a7/ACFNAADZ/demo/test_app_module.o (_txe_byte_release)
../../core/kernel/rtos/threadx/txm_module_lib/build/LLVM/txm_lib.lib(txm_event_flags_create.o)
		../../dataservices/sensor/build/sensor_dam_demo_llvm/cortex-a7/ACFNAADZ/demo/test_main_module.o (_txe_event_flags_create)
../../core/kernel/rtos/threadx/txm_module_lib/build/LLVM/txm_lib.lib(txm_event_flags_get.o)
		../../dataservices/sensor/build/sensor_dam_demo_llvm/cortex-a7/ACFNAADZ/demo/test_main_module.o (_txe_event_flags_get)
../../core/kernel/rtos/threadx/txm_module_lib/build/LLVM/txm_lib.lib(txm_event_flags_set.o)
		../../dataservices/sensor/build/sensor_dam_demo_llvm/cortex-a7/ACFNAADZ/demo/test_main_module.o (_txe_event_flags_set)
../../core/kernel/rtos/threadx/txm_module_lib/build/LLVM/txm_lib.lib(txm_module_object_allocate.o)
		../../dataservices/sensor/build/sensor_dam_demo_llvm/cortex-a7/ACFNAADZ/demo/test_app_module.o (_txm_module_object_allocate)
../../core/kernel/rtos/threadx/txm_module_lib/build/LLVM/txm_lib.lib(txm_module_thread_system_suspend.o)
		../../core/kernel/rtos/threadx/txm_module_lib/build/LLVM/txm_lib.lib(txm_module_thread_shell_entry.o) (_txm_module_thread_system_suspend)
../../core/kernel/rtos/threadx/txm_module_lib/build/LLVM/txm_lib.lib(txm_mutex_create.o)
		../../dataservices/sensor/build/sensor_dam_demo_llvm/cortex-a7/ACFNAADZ/demo/test_main_module.o (_txe_mutex_create)
../../core/kernel/rtos/threadx/txm_module_lib/build/LLVM/txm_lib.lib(txm_mutex_get.o)
		../../dataservices/sensor/build/sensor_dam_demo_llvm/cortex-a7/ACFNAADZ/demo/test_main_module.o (_txe_mutex_get)
../../core/kernel/rtos/threadx/txm_module_lib/build/LLVM/txm_lib.lib(txm_mutex_put.o)
		../../dataservices/sensor/build/sensor_dam_demo_llvm/cortex-a7/ACFNAADZ/demo/test_main_module.o (_txe_mutex_put)
../../core/kernel/rtos/threadx/txm_module_lib/build/LLVM/txm_lib.lib(txm_queue_create.o)
		../../dataservices/sensor/build/sensor_dam_demo_llvm/cortex-a7/ACFNAADZ/demo/test_main_module.o (_txe_queue_create)
../../core/kernel/rtos/threadx/txm_module_lib/build/LLVM/txm_lib.lib(txm_queue_receive.o)
		../../dataservices/sensor/build/sensor_dam_demo_llvm/cortex-a7/ACFNAADZ/demo/test_main_module.o (_txe_queue_receive)
../../core/kernel/rtos/threadx/txm_module_lib/build/LLVM/txm_lib.lib(txm_queue_send.o)
		../../dataservices/sensor/build/sensor_dam_demo_llvm/cortex-a7/ACFNAADZ/demo/test_main_module.o (_txe_queue_send)
../../core/kernel/rtos/threadx/txm_module_lib/build/LLVM/txm_lib.lib(txm_thread_create.o)
		../../dataservices/sensor/build/sensor_dam_demo_llvm/cortex-a7/ACFNAADZ/demo/test_app_module.o (_txe_thread_create)
../../core/kernel/rtos/threadx/txm_module_lib/build/LLVM/txm_lib.lib(txm_thread_resume.o)
		../../core/kernel/rtos/threadx/txm_module_lib/build/LLVM/txm_lib.lib(txm_module_thread_shell_entry.o) (_txe_thread_resume)
../../core/services/time_qapi/build/LLVM/timer_dam_lib.lib(qapi_timer_user.o)
		../../dataservices/sensor/build/sensor_dam_demo_llvm/cortex-a7/ACFNAADZ/demo/test_app_module.o (qapi_Timer_Def)
C:\Apps\LLVM\4.0.3\armv7m-none-eabi\libc\lib/libc.a(vfprintf.o)
		../../dataservices/sensor/build/sensor_dam_demo_llvm/cortex-a7/ACFNAADZ/demo/test_utils.o (vsnprintf)
C:\Apps\LLVM\4.0.3\armv7m-none-eabi\libc\lib/libc.a(fwrite.o)
		C:\Apps\LLVM\4.0.3\armv7m-none-eabi\libc\lib/libc.a(vfprintf.o) (__fwritex)
C:\Apps\LLVM\4.0.3\armv7m-none-eabi\libc\lib/libc.a(vsnprintf.o)
		C:\Apps\LLVM\4.0.3\armv7m-none-eabi\libc\lib/libc.a(vfprintf.o) (vsnprintf_full)
C:\Apps\LLVM\4.0.3\armv7m-none-eabi\libc\lib/libc.a(__aeabi_memclr.o)
		C:\Apps\LLVM\4.0.3\armv7m-none-eabi\libc\lib/libc.a(vfprintf.o) (__aeabi_memclr4)
C:\Apps\LLVM\4.0.3\armv7m-none-eabi\libc\lib/libc.a(__aeabi_memcpy.o)
		C:\Apps\LLVM\4.0.3\armv7m-none-eabi\libc\lib/libc.a(vsnprintf.o) (__aeabi_memcpy8)
C:\Apps\LLVM\4.0.3\armv7m-none-eabi\libc\lib/libc.a(memcpy_le.o)
		../../dataservices/sensor/build/sensor_dam_demo_llvm/cortex-a7/ACFNAADZ/demo/test_app_module.o (memcpy)
C:\Apps\LLVM\4.0.3\armv7m-none-eabi\libc\lib/libc.a(memset_nofp_armv7.o)
		../../dataservices/sensor/build/sensor_dam_demo_llvm/cortex-a7/ACFNAADZ/demo/test_app_module.o (memset)
C:\Apps\LLVM\4.0.3\armv7m-none-eabi\libc\lib/libc.a(memchr.o)
		C:\Apps\LLVM\4.0.3\armv7m-none-eabi\libc\lib/libc.a(vfprintf.o) (memchr)
C:\Apps\LLVM\4.0.3\armv7m-none-eabi\libc\lib/libc.a(strncmp.o)
		../../dataservices/sensor/build/sensor_dam_demo_llvm/cortex-a7/ACFNAADZ/demo/test_app_module.o (strncmp)
C:\Apps\LLVM\4.0.3\armv7m-none-eabi\libc\lib/libc.a(__errno_location.o)
		C:\Apps\LLVM\4.0.3\armv7m-none-eabi\libc\lib/libc.a(vfprintf.o) (__errno_location)
C:\Apps\LLVM\4.0.3\armv7m-none-eabi\libc\lib/libc.a(strerror.o)
		C:\Apps\LLVM\4.0.3\armv7m-none-eabi\libc\lib/libc.a(vfprintf.o) (strerror)
C:\Apps\LLVM\4.0.3\armv7m-none-eabi\libc\lib/libc.a(__lctrans.o)
		C:\Apps\LLVM\4.0.3\armv7m-none-eabi\libc\lib/libc.a(strerror.o) (__lctrans)
C:\Apps\LLVM\4.0.3\armv7m-none-eabi\libc\lib/libc.a(wctomb.o)
		C:\Apps\LLVM\4.0.3\armv7m-none-eabi\libc\lib/libc.a(vfprintf.o) (wctomb)
C:\Apps\LLVM\4.0.3\armv7m-none-eabi\libc\lib/libc.a(__towrite.o)
		C:\Apps\LLVM\4.0.3\armv7m-none-eabi\libc\lib/libc.a(fwrite.o) (__towrite)
C:\Apps\LLVM\4.0.3\armv7m-none-eabi\libc\lib/libc.a(__lockfile.o)
		C:\Apps\LLVM\4.0.3\armv7m-none-eabi\libc\lib/libc.a(vfprintf.o) (__lockfile)
C:\Apps\LLVM\4.0.3\armv7m-none-eabi\libc\lib/libc.a(wcrtomb.o)
		C:\Apps\LLVM\4.0.3\armv7m-none-eabi\libc\lib/libc.a(wctomb.o) (wcrtomb)
C:\Apps\LLVM\4.0.3\armv7m-none-eabi\libc\lib/libc.a(__stdio_exit.o)
		C:\Apps\LLVM\4.0.3\armv7m-none-eabi\libc\lib/libc.a(__towrite.o) (__stdio_exit_needed)
C:\Apps\LLVM\4.0.3\armv7m-none-eabi\libc\lib/libc.a(ofl.o)
		C:\Apps\LLVM\4.0.3\armv7m-none-eabi\libc\lib/libc.a(__stdio_exit.o) (__ofl_lock)
C:\Apps\LLVM\4.0.3\lib\clang\4.0.3\lib\baremetal/libclang_rt.builtins-armv7m.a(aeabi_dcmp.S.obj)
		../../dataservices/sensor/build/sensor_dam_demo_llvm/cortex-a7/ACFNAADZ/demo/test_app_module.o (__aeabi_dcmpeq)
C:\Apps\LLVM\4.0.3\lib\clang\4.0.3\lib\baremetal/libclang_rt.builtins-armv7m.a(aeabi_fcmp.S.obj)
		../../dataservices/sensor/build/sensor_dam_demo_llvm/cortex-a7/ACFNAADZ/demo/test_app_module.o (__aeabi_fcmpge)
C:\Apps\LLVM\4.0.3\lib\clang\4.0.3\lib\baremetal/libclang_rt.builtins-armv7m.a(aeabi_ldivmod.S.obj)
		../../dataservices/sensor/build/sensor_dam_demo_llvm/cortex-a7/ACFNAADZ/demo/test_app_module.o (__aeabi_ldivmod)
C:\Apps\LLVM\4.0.3\lib\clang\4.0.3\lib\baremetal/libclang_rt.builtins-armv7m.a(aeabi_uldivmod.S.obj)
		C:\Apps\LLVM\4.0.3\armv7m-none-eabi\libc\lib/libc.a(vfprintf.o) (__aeabi_uldivmod)
C:\Apps\LLVM\4.0.3\lib\clang\4.0.3\lib\baremetal/libclang_rt.builtins-armv7m.a(adddf3.c.obj)
		../../dataservices/sensor/build/sensor_dam_demo_llvm/cortex-a7/ACFNAADZ/demo/test_app_module.o (__aeabi_dadd)
C:\Apps\LLVM\4.0.3\lib\clang\4.0.3\lib\baremetal/libclang_rt.builtins-armv7m.a(addsf3.c.obj)
		../../dataservices/sensor/build/sensor_dam_demo_llvm/cortex-a7/ACFNAADZ/demo/test_app_module.o (__aeabi_fadd)
C:\Apps\LLVM\4.0.3\lib\clang\4.0.3\lib\baremetal/libclang_rt.builtins-armv7m.a(comparedf2.c.obj)
		C:\Apps\LLVM\4.0.3\lib\clang\4.0.3\lib\baremetal/libclang_rt.builtins-armv7m.a(aeabi_dcmp.S.obj) (__eqdf2)
C:\Apps\LLVM\4.0.3\lib\clang\4.0.3\lib\baremetal/libclang_rt.builtins-armv7m.a(comparesf2.c.obj)
		C:\Apps\LLVM\4.0.3\lib\clang\4.0.3\lib\baremetal/libclang_rt.builtins-armv7m.a(aeabi_fcmp.S.obj) (__eqsf2)
C:\Apps\LLVM\4.0.3\lib\clang\4.0.3\lib\baremetal/libclang_rt.builtins-armv7m.a(divdf3.c.obj)
		../../dataservices/sensor/build/sensor_dam_demo_llvm/cortex-a7/ACFNAADZ/demo/test_app_module.o (__aeabi_ddiv)
C:\Apps\LLVM\4.0.3\lib\clang\4.0.3\lib\baremetal/libclang_rt.builtins-armv7m.a(divmoddi4.c.obj)
		C:\Apps\LLVM\4.0.3\lib\clang\4.0.3\lib\baremetal/libclang_rt.builtins-armv7m.a(aeabi_ldivmod.S.obj) (__divmoddi4)
C:\Apps\LLVM\4.0.3\lib\clang\4.0.3\lib\baremetal/libclang_rt.builtins-armv7m.a(extendsfdf2.c.obj)
		../../dataservices/sensor/build/sensor_dam_demo_llvm/cortex-a7/ACFNAADZ/demo/test_app_module.o (__aeabi_f2d)
C:\Apps\LLVM\4.0.3\lib\clang\4.0.3\lib\baremetal/libclang_rt.builtins-armv7m.a(fixdfdi.c.obj)
		../../dataservices/sensor/build/sensor_dam_demo_llvm/cortex-a7/ACFNAADZ/demo/test_app_module.o (__aeabi_d2lz)
C:\Apps\LLVM\4.0.3\lib\clang\4.0.3\lib\baremetal/libclang_rt.builtins-armv7m.a(fixunsdfdi.c.obj)
		C:\Apps\LLVM\4.0.3\lib\clang\4.0.3\lib\baremetal/libclang_rt.builtins-armv7m.a(fixdfdi.c.obj) (__fixunsdfdi)
C:\Apps\LLVM\4.0.3\lib\clang\4.0.3\lib\baremetal/libclang_rt.builtins-armv7m.a(fixunsdfsi.c.obj)
		C:\Apps\LLVM\4.0.3\lib\clang\4.0.3\lib\baremetal/libclang_rt.builtins-armv7m.a(fixunsdfdi.c.obj) (__aeabi_d2uiz)
C:\Apps\LLVM\4.0.3\lib\clang\4.0.3\lib\baremetal/libclang_rt.builtins-armv7m.a(floatdidf.c.obj)
		../../dataservices/sensor/build/sensor_dam_demo_llvm/cortex-a7/ACFNAADZ/demo/test_app_module.o (__aeabi_l2d)
C:\Apps\LLVM\4.0.3\lib\clang\4.0.3\lib\baremetal/libclang_rt.builtins-armv7m.a(floatsidf.c.obj)
		../../dataservices/sensor/build/sensor_dam_demo_llvm/cortex-a7/ACFNAADZ/demo/test_app_module.o (__aeabi_i2d)
C:\Apps\LLVM\4.0.3\lib\clang\4.0.3\lib\baremetal/libclang_rt.builtins-armv7m.a(floatunsidf.c.obj)
		C:\Apps\LLVM\4.0.3\lib\clang\4.0.3\lib\baremetal/libclang_rt.builtins-armv7m.a(fixunsdfdi.c.obj) (__aeabi_ui2d)
C:\Apps\LLVM\4.0.3\lib\clang\4.0.3\lib\baremetal/libclang_rt.builtins-armv7m.a(muldf3.c.obj)
		../../dataservices/sensor/build/sensor_dam_demo_llvm/cortex-a7/ACFNAADZ/demo/test_app_module.o (__aeabi_dmul)
C:\Apps\LLVM\4.0.3\lib\clang\4.0.3\lib\baremetal/libclang_rt.builtins-armv7m.a(subdf3.c.obj)
		../../dataservices/sensor/build/sensor_dam_demo_llvm/cortex-a7/ACFNAADZ/demo/test_app_module.o (__aeabi_dsub)
C:\Apps\LLVM\4.0.3\lib\clang\4.0.3\lib\baremetal/libclang_rt.builtins-armv7m.a(truncdfsf2.c.obj)
		../../dataservices/sensor/build/sensor_dam_demo_llvm/cortex-a7/ACFNAADZ/demo/test_app_module.o (__aeabi_d2f)
C:\Apps\LLVM\4.0.3\lib\clang\4.0.3\lib\baremetal/libclang_rt.builtins-armv7m.a(udivmoddi4.c.obj)
		C:\Apps\LLVM\4.0.3\lib\clang\4.0.3\lib\baremetal/libclang_rt.builtins-armv7m.a(aeabi_uldivmod.S.obj) (__udivmoddi4)
C:\Apps\LLVM\4.0.3\lib\clang\4.0.3\lib\baremetal/libclang_rt.builtins-armv7m.a(divdi3.c.obj)
		C:\Apps\LLVM\4.0.3\lib\clang\4.0.3\lib\baremetal/libclang_rt.builtins-armv7m.a(divmoddi4.c.obj) (__divdi3)

Allocating common symbols
Common symbol	size	file

free_memory_sensor	0x3c000	../../dataservices/sensor/build/sensor_dam_demo_llvm/cortex-a7/ACFNAADZ/demo/test_app_module.o
sen_obj_event	0x1	../../dataservices/sensor/build/sensor_dam_demo_llvm/cortex-a7/ACFNAADZ/demo/test_app_module.o
digital_counter	0x2	../../dataservices/sensor/build/sensor_dam_demo_llvm/cortex-a7/ACFNAADZ/demo/test_app_module.o
app_thread_handle	0x4	../../dataservices/sensor/build/sensor_dam_demo_llvm/cortex-a7/ACFNAADZ/demo/test_app_module.o
byte_pool_sensor	0x4	../../dataservices/sensor/build/sensor_dam_demo_llvm/cortex-a7/ACFNAADZ/demo/test_app_module.o
lwm2m_sen_handle	0x4	../../dataservices/sensor/build/sensor_dam_demo_llvm/cortex-a7/ACFNAADZ/demo/test_app_module.o
obj_inst_index_presence	0x4	../../dataservices/sensor/build/sensor_dam_demo_llvm/cortex-a7/ACFNAADZ/demo/test_app_module.o
sen_hndl	0x4	../../dataservices/sensor/build/sensor_dam_demo_llvm/cortex-a7/ACFNAADZ/demo/test_app_module.o
sen_obj_cmdq	0x4	../../dataservices/sensor/build/sensor_dam_demo_llvm/cortex-a7/ACFNAADZ/demo/test_main_module.o
sen_obj_param	0xc	../../dataservices/sensor/build/sensor_dam_demo_llvm/cortex-a7/ACFNAADZ/demo/test_main_module.o
_txm_module_entry_info	0x4	../../core/kernel/rtos/threadx/txm_module_lib/build/LLVM/txm_lib.lib(txm_module_thread_shell_entry.o)
_txm_module_kernel_call_dispatcher	0x4	../../core/kernel/rtos/threadx/txm_module_lib/build/LLVM/txm_lib.lib(txm_module_thread_shell_entry.o)
timer_client_stack	0x1000	../../core/services/time_qapi/build/LLVM/timer_dam_lib.lib(qapi_timer_user.o)
timer_client_module_thread	0x4	../../core/services/time_qapi/build/LLVM/timer_dam_lib.lib(qapi_timer_user.o)
timer_thread_state	0x4	../../core/services/time_qapi/build/LLVM/timer_dam_lib.lib(qapi_timer_user.o)
timer_user_handle	0x4	../../core/services/time_qapi/build/LLVM/timer_dam_lib.lib(qapi_timer_user.o)

Linker Script and memory map
START GROUP
LOAD ../../dataservices/sensor/build/sensor_dam_demo_llvm/cortex-a7/ACFNAADZ/txm_module_preamble_llvm.o[]
LOAD ../../dataservices/sensor/build/sensor_dam_demo_llvm/cortex-a7/ACFNAADZ/demo/test_app_module.o[]
LOAD ../../dataservices/sensor/build/sensor_dam_demo_llvm/cortex-a7/ACFNAADZ/demo/test_main_module.o[]
LOAD ../../dataservices/sensor/build/sensor_dam_demo_llvm/cortex-a7/ACFNAADZ/demo/test_utils.o[]
LOAD ../../core/kernel/rtos/threadx/txm_module_lib/build/LLVM/txm_lib.lib(txm_module_thread_shell_entry.o) []
LOAD ../../core/kernel/rtos/threadx/txm_module_lib/build/LLVM/txm_lib.lib(txm_module_callback_request_thread_entry.o) []
LOAD ../../core/kernel/rtos/threadx/txm_module_lib/build/LLVM/txm_lib.lib(txm_module_system_call11.o) []
LOAD ../../core/kernel/rtos/threadx/txm_module_lib/build/LLVM/txm_lib.lib(txm_module_system_call12.o) []
LOAD ../../core/kernel/rtos/threadx/txm_module_lib/build/LLVM/txm_lib.lib(txm_byte_pool_create.o) []
LOAD ../../core/kernel/rtos/threadx/txm_module_lib/build/LLVM/txm_lib.lib(txm_byte_allocate.o) []
LOAD ../../core/kernel/rtos/threadx/txm_module_lib/build/LLVM/txm_lib.lib(txm_byte_release.o) []
LOAD ../../core/kernel/rtos/threadx/txm_module_lib/build/LLVM/txm_lib.lib(txm_event_flags_create.o) []
LOAD ../../core/kernel/rtos/threadx/txm_module_lib/build/LLVM/txm_lib.lib(txm_event_flags_get.o) []
LOAD ../../core/kernel/rtos/threadx/txm_module_lib/build/LLVM/txm_lib.lib(txm_event_flags_set.o) []
LOAD ../../core/kernel/rtos/threadx/txm_module_lib/build/LLVM/txm_lib.lib(txm_module_object_allocate.o) []
LOAD ../../core/kernel/rtos/threadx/txm_module_lib/build/LLVM/txm_lib.lib(txm_module_thread_system_suspend.o) []
LOAD ../../core/kernel/rtos/threadx/txm_module_lib/build/LLVM/txm_lib.lib(txm_mutex_create.o) []
LOAD ../../core/kernel/rtos/threadx/txm_module_lib/build/LLVM/txm_lib.lib(txm_mutex_get.o) []
LOAD ../../core/kernel/rtos/threadx/txm_module_lib/build/LLVM/txm_lib.lib(txm_mutex_put.o) []
LOAD ../../core/kernel/rtos/threadx/txm_module_lib/build/LLVM/txm_lib.lib(txm_queue_create.o) []
LOAD ../../core/kernel/rtos/threadx/txm_module_lib/build/LLVM/txm_lib.lib(txm_queue_receive.o) []
LOAD ../../core/kernel/rtos/threadx/txm_module_lib/build/LLVM/txm_lib.lib(txm_queue_send.o) []
LOAD ../../core/kernel/rtos/threadx/txm_module_lib/build/LLVM/txm_lib.lib(txm_thread_create.o) []
LOAD ../../core/kernel/rtos/threadx/txm_module_lib/build/LLVM/txm_lib.lib(txm_thread_resume.o) []
LOAD ../../core/services/time_qapi/build/LLVM/timer_dam_lib.lib(qapi_timer_user.o) []
END GROUP
START GROUP
END GROUP
START GROUP
LOAD C:\Apps\LLVM\4.0.3\armv7m-none-eabi\libc\lib/libc.a(vfprintf.o) []
LOAD C:\Apps\LLVM\4.0.3\armv7m-none-eabi\libc\lib/libc.a(fwrite.o) []
LOAD C:\Apps\LLVM\4.0.3\armv7m-none-eabi\libc\lib/libc.a(vsnprintf.o) []
LOAD C:\Apps\LLVM\4.0.3\armv7m-none-eabi\libc\lib/libc.a(__aeabi_memclr.o) []
LOAD C:\Apps\LLVM\4.0.3\armv7m-none-eabi\libc\lib/libc.a(__aeabi_memcpy.o) []
LOAD C:\Apps\LLVM\4.0.3\armv7m-none-eabi\libc\lib/libc.a(memcpy_le.o) []
LOAD C:\Apps\LLVM\4.0.3\armv7m-none-eabi\libc\lib/libc.a(memset_nofp_armv7.o) []
LOAD C:\Apps\LLVM\4.0.3\armv7m-none-eabi\libc\lib/libc.a(memchr.o) []
LOAD C:\Apps\LLVM\4.0.3\armv7m-none-eabi\libc\lib/libc.a(strncmp.o) []
LOAD C:\Apps\LLVM\4.0.3\armv7m-none-eabi\libc\lib/libc.a(__errno_location.o) []
LOAD C:\Apps\LLVM\4.0.3\armv7m-none-eabi\libc\lib/libc.a(strerror.o) []
LOAD C:\Apps\LLVM\4.0.3\armv7m-none-eabi\libc\lib/libc.a(__lctrans.o) []
LOAD C:\Apps\LLVM\4.0.3\armv7m-none-eabi\libc\lib/libc.a(wctomb.o) []
LOAD C:\Apps\LLVM\4.0.3\armv7m-none-eabi\libc\lib/libc.a(__towrite.o) []
LOAD C:\Apps\LLVM\4.0.3\armv7m-none-eabi\libc\lib/libc.a(__lockfile.o) []
LOAD C:\Apps\LLVM\4.0.3\armv7m-none-eabi\libc\lib/libc.a(wcrtomb.o) []
LOAD C:\Apps\LLVM\4.0.3\armv7m-none-eabi\libc\lib/libc.a(__stdio_exit.o) []
LOAD C:\Apps\LLVM\4.0.3\armv7m-none-eabi\libc\lib/libc.a(ofl.o) []
LOAD C:\Apps\LLVM\4.0.3\lib\clang\4.0.3\lib\baremetal/libclang_rt.builtins-armv7m.a(aeabi_dcmp.S.obj) []
LOAD C:\Apps\LLVM\4.0.3\lib\clang\4.0.3\lib\baremetal/libclang_rt.builtins-armv7m.a(aeabi_fcmp.S.obj) []
LOAD C:\Apps\LLVM\4.0.3\lib\clang\4.0.3\lib\baremetal/libclang_rt.builtins-armv7m.a(aeabi_ldivmod.S.obj) []
LOAD C:\Apps\LLVM\4.0.3\lib\clang\4.0.3\lib\baremetal/libclang_rt.builtins-armv7m.a(aeabi_uldivmod.S.obj) []
LOAD C:\Apps\LLVM\4.0.3\lib\clang\4.0.3\lib\baremetal/libclang_rt.builtins-armv7m.a(adddf3.c.obj) []
LOAD C:\Apps\LLVM\4.0.3\lib\clang\4.0.3\lib\baremetal/libclang_rt.builtins-armv7m.a(addsf3.c.obj) []
LOAD C:\Apps\LLVM\4.0.3\lib\clang\4.0.3\lib\baremetal/libclang_rt.builtins-armv7m.a(comparedf2.c.obj) []
LOAD C:\Apps\LLVM\4.0.3\lib\clang\4.0.3\lib\baremetal/libclang_rt.builtins-armv7m.a(comparesf2.c.obj) []
LOAD C:\Apps\LLVM\4.0.3\lib\clang\4.0.3\lib\baremetal/libclang_rt.builtins-armv7m.a(divdf3.c.obj) []
LOAD C:\Apps\LLVM\4.0.3\lib\clang\4.0.3\lib\baremetal/libclang_rt.builtins-armv7m.a(divmoddi4.c.obj) []
LOAD C:\Apps\LLVM\4.0.3\lib\clang\4.0.3\lib\baremetal/libclang_rt.builtins-armv7m.a(extendsfdf2.c.obj) []
LOAD C:\Apps\LLVM\4.0.3\lib\clang\4.0.3\lib\baremetal/libclang_rt.builtins-armv7m.a(fixdfdi.c.obj) []
LOAD C:\Apps\LLVM\4.0.3\lib\clang\4.0.3\lib\baremetal/libclang_rt.builtins-armv7m.a(fixunsdfdi.c.obj) []
LOAD C:\Apps\LLVM\4.0.3\lib\clang\4.0.3\lib\baremetal/libclang_rt.builtins-armv7m.a(fixunsdfsi.c.obj) []
LOAD C:\Apps\LLVM\4.0.3\lib\clang\4.0.3\lib\baremetal/libclang_rt.builtins-armv7m.a(floatdidf.c.obj) []
LOAD C:\Apps\LLVM\4.0.3\lib\clang\4.0.3\lib\baremetal/libclang_rt.builtins-armv7m.a(floatsidf.c.obj) []
LOAD C:\Apps\LLVM\4.0.3\lib\clang\4.0.3\lib\baremetal/libclang_rt.builtins-armv7m.a(floatunsidf.c.obj) []
LOAD C:\Apps\LLVM\4.0.3\lib\clang\4.0.3\lib\baremetal/libclang_rt.builtins-armv7m.a(muldf3.c.obj) []
LOAD C:\Apps\LLVM\4.0.3\lib\clang\4.0.3\lib\baremetal/libclang_rt.builtins-armv7m.a(subdf3.c.obj) []
LOAD C:\Apps\LLVM\4.0.3\lib\clang\4.0.3\lib\baremetal/libclang_rt.builtins-armv7m.a(truncdfsf2.c.obj) []
LOAD C:\Apps\LLVM\4.0.3\lib\clang\4.0.3\lib\baremetal/libclang_rt.builtins-armv7m.a(udivmoddi4.c.obj) []
LOAD C:\Apps\LLVM\4.0.3\lib\clang\4.0.3\lib\baremetal/libclang_rt.builtins-armv7m.a(divdi3.c.obj) []
END GROUP

Linker scripts used (including INCLUDE command)
Z:/b/apps_proc/dataservices/sensor/build/sensor_dam_demo.ld

ER_RO	0x43000000	0x15cd4 # Offset: 0x60, LMA: 0x43000000
	Image$$ER_RO$$Base(0x43000000) = .( 0x43000000 );
*txm_module_preamble_llvm.o(.text .text.* )
*txm_module_preamble_llvm.o(Init )
Init	0x43000000	0x80	../../dataservices/sensor/build/sensor_dam_demo_llvm/cortex-a7/ACFNAADZ/txm_module_preamble_llvm.o	#SHT_PROGBITS,SHF_ALLOC|SHF_EXECINSTR,4
	0x43000000		.CODE32
	0x43000000		_txm_module_preamble
*txm_module_preamble_llvm.o(.rodata .rodata.* )
KEEP (*(.text .text.* ))
.text.__stack_chk_fail	0x43000080	0x4	../../dataservices/sensor/build/sensor_dam_demo_llvm/cortex-a7/ACFNAADZ/demo/test_app_module.o	#SHT_PROGBITS,SHF_ALLOC|SHF_EXECINSTR,4
	0x43000080		$a.0
	0x43000080		__stack_chk_fail
.text.memscpy	0x43000084	0x24	../../dataservices/sensor/build/sensor_dam_demo_llvm/cortex-a7/ACFNAADZ/demo/test_app_module.o	#SHT_PROGBITS,SHF_ALLOC|SHF_EXECINSTR,4
	0x43000084		$a.1
	0x43000084		memscpy
.text.cmd_handler_cb	0x430000a8	0x214	../../dataservices/sensor/build/sensor_dam_demo_llvm/cortex-a7/ACFNAADZ/demo/test_app_module.o	#SHT_PROGBITS,SHF_ALLOC|SHF_EXECINSTR,4
	0x430000a8		$a.2
	0x430000a8		cmd_handler_cb
	0x43000294		$d.3
.text.auto_create	0x430002bc	0x1f4	../../dataservices/sensor/build/sensor_dam_demo_llvm/cortex-a7/ACFNAADZ/demo/test_app_module.o	#SHT_PROGBITS,SHF_ALLOC|SHF_EXECINSTR,4
	0x430002bc		$a.4
	0x430002bc		auto_create
	0x43000488		$d.5
.text.set_input_cnt	0x430004b0	0x284	../../dataservices/sensor/build/sensor_dam_demo_llvm/cortex-a7/ACFNAADZ/demo/test_app_module.o	#SHT_PROGBITS,SHF_ALLOC|SHF_EXECINSTR,4
	0x430004b0		$a.6
	0x430004b0		set_input_cnt
	0x43000704		$d.7
.text.Initialize_Sensor_App	0x43000734	0x128	../../dataservices/sensor/build/sensor_dam_demo_llvm/cortex-a7/ACFNAADZ/demo/test_app_module.o	#SHT_PROGBITS,SHF_ALLOC|SHF_EXECINSTR,4
	0x43000734		$a.8
	0x43000734		Initialize_Sensor_App
	0x43000848		$d.9
.text.qapi_cli_cb_uspace_dispatcher	0x4300085c	0x30	../../dataservices/sensor/build/sensor_dam_demo_llvm/cortex-a7/ACFNAADZ/demo/test_app_module.o	#SHT_PROGBITS,SHF_ALLOC|SHF_EXECINSTR,4
	0x4300085c		$a.10
	0x4300085c		qapi_cli_cb_uspace_dispatcher
	0x43000888		$d.11
.text.notify_signal_cb	0x4300088c	0x1ec	../../dataservices/sensor/build/sensor_dam_demo_llvm/cortex-a7/ACFNAADZ/demo/test_app_module.o	#SHT_PROGBITS,SHF_ALLOC|SHF_EXECINSTR,4
	0x4300088c		$a.12
	0x4300088c		notify_signal_cb
	0x43000a50		$d.13
.text.check_readable	0x43000a78	0x48	../../dataservices/sensor/build/sensor_dam_demo_llvm/cortex-a7/ACFNAADZ/demo/test_app_module.o	#SHT_PROGBITS,SHF_ALLOC|SHF_EXECINSTR,4
	0x43000a78		$a.14
	0x43000a78		check_readable
.text.check_writable	0x43000ac0	0x2c	../../dataservices/sensor/build/sensor_dam_demo_llvm/cortex-a7/ACFNAADZ/demo/test_app_module.o	#SHT_PROGBITS,SHF_ALLOC|SHF_EXECINSTR,4
	0x43000ac0		$a.15
	0x43000ac0		check_writable
.text.check_executable	0x43000aec	0x28	../../dataservices/sensor/build/sensor_dam_demo_llvm/cortex-a7/ACFNAADZ/demo/test_app_module.o	#SHT_PROGBITS,SHF_ALLOC|SHF_EXECINSTR,4
	0x43000aec		$a.16
	0x43000aec		check_executable
.text.object_check_readable	0x43000b14	0x148	../../dataservices/sensor/build/sensor_dam_demo_llvm/cortex-a7/ACFNAADZ/demo/test_app_module.o	#SHT_PROGBITS,SHF_ALLOC|SHF_EXECINSTR,4
	0x43000b14		$a.17
	0x43000b14		object_check_readable
	0x43000c4c		$d.18
.text.read_data_sen	0x43000c5c	0xe8	../../dataservices/sensor/build/sensor_dam_demo_llvm/cortex-a7/ACFNAADZ/demo/test_app_module.o	#SHT_PROGBITS,SHF_ALLOC|SHF_EXECINSTR,4
	0x43000c5c		$a.19
	0x43000c5c		read_data_sen
	0x43000d40		$d.20
.text.object_check_numeric	0x43000d44	0x13c	../../dataservices/sensor/build/sensor_dam_demo_llvm/cortex-a7/ACFNAADZ/demo/test_app_module.o	#SHT_PROGBITS,SHF_ALLOC|SHF_EXECINSTR,4
	0x43000d44		$a.21
	0x43000d44		object_check_numeric
	0x43000e70		$d.22
.text.sensor_object_app_callback	0x43000e80	0x408	../../dataservices/sensor/build/sensor_dam_demo_llvm/cortex-a7/ACFNAADZ/demo/test_app_module.o	#SHT_PROGBITS,SHF_ALLOC|SHF_EXECINSTR,4
	0x43000e80		$a.23
	0x43000e80		sensor_object_app_callback
	0x43001254		$d.24
.text.sen_obj_delete_all	0x43001288	0x25c	../../dataservices/sensor/build/sensor_dam_demo_llvm/cortex-a7/ACFNAADZ/demo/test_app_module.o	#SHT_PROGBITS,SHF_ALLOC|SHF_EXECINSTR,4
	0x43001288		$a.25
	0x43001288		sen_obj_delete_all
	0x430014c8		$d.26
.text.observe_delete_sen_handle_req	0x430014e4	0x258	../../dataservices/sensor/build/sensor_dam_demo_llvm/cortex-a7/ACFNAADZ/demo/test_app_module.o	#SHT_PROGBITS,SHF_ALLOC|SHF_EXECINSTR,4
	0x430014e4		$a.27
	0x430014e4		observe_delete_sen_handle_req
	0x43001718		$d.28
.text.qapi_Net_LWM2M_Free_Single_Instance_Info	0x4300173c	0x6c	../../dataservices/sensor/build/sensor_dam_demo_llvm/cortex-a7/ACFNAADZ/demo/test_app_module.o	#SHT_PROGBITS,SHF_ALLOC|SHF_EXECINSTR,4
	0x4300173c		$a.29
	0x4300173c		qapi_Net_LWM2M_Free_Single_Instance_Info
.text.sen_obj_handle_event	0x430017a8	0x25c	../../dataservices/sensor/build/sensor_dam_demo_llvm/cortex-a7/ACFNAADZ/demo/test_app_module.o	#SHT_PROGBITS,SHF_ALLOC|SHF_EXECINSTR,4
	0x430017a8		$a.30
	0x430017a8		sen_obj_handle_event
	0x43001850		$d.31
	0x43001874		$a.32
	0x430019e4		$d.33
.text.stop_sen_obs_notify_timer	0x43001a04	0x34	../../dataservices/sensor/build/sensor_dam_demo_llvm/cortex-a7/ACFNAADZ/demo/test_app_module.o	#SHT_PROGBITS,SHF_ALLOC|SHF_EXECINSTR,4
	0x43001a04		$a.34
	0x43001a04		stop_sen_obs_notify_timer
	0x43001a30		$d.35
.text.sen_object_register	0x43001a38	0x27c	../../dataservices/sensor/build/sensor_dam_demo_llvm/cortex-a7/ACFNAADZ/demo/test_app_module.o	#SHT_PROGBITS,SHF_ALLOC|SHF_EXECINSTR,4
	0x43001a38		$a.36
	0x43001a38		sen_object_register
	0x43001c8c		$d.37
.text.qapi_lwm2m_cb_uspace_dispatcher	0x43001cb4	0xac	../../dataservices/sensor/build/sensor_dam_demo_llvm/cortex-a7/ACFNAADZ/demo/test_app_module.o	#SHT_PROGBITS,SHF_ALLOC|SHF_EXECINSTR,4
	0x43001cb4		$a.38
	0x43001cb4		qapi_lwm2m_cb_uspace_dispatcher
	0x43001d58		$d.39
.text.sen_object_deregister	0x43001d60	0x2c0	../../dataservices/sensor/build/sensor_dam_demo_llvm/cortex-a7/ACFNAADZ/demo/test_app_module.o	#SHT_PROGBITS,SHF_ALLOC|SHF_EXECINSTR,4
	0x43001d60		$a.40
	0x43001d60		sen_object_deregister
	0x43001ff8		$d.41
.text.create_object	0x43002020	0x1f4	../../dataservices/sensor/build/sensor_dam_demo_llvm/cortex-a7/ACFNAADZ/demo/test_app_module.o	#SHT_PROGBITS,SHF_ALLOC|SHF_EXECINSTR,4
	0x43002020		$a.42
	0x43002020		create_object
	0x430021ec		$d.43
.text.create_object_instance_app	0x43002214	0x388	../../dataservices/sensor/build/sensor_dam_demo_llvm/cortex-a7/ACFNAADZ/demo/test_app_module.o	#SHT_PROGBITS,SHF_ALLOC|SHF_EXECINSTR,4
	0x43002214		$a.44
	0x43002214		create_object_instance_app
	0x43002564		$d.45
.text.obj_create_presence_sensor	0x4300259c	0x650	../../dataservices/sensor/build/sensor_dam_demo_llvm/cortex-a7/ACFNAADZ/demo/test_app_module.o	#SHT_PROGBITS,SHF_ALLOC|SHF_EXECINSTR,4
	0x4300259c		$a.46
	0x4300259c		obj_create_presence_sensor
	0x43002ba8		$d.47
.text.create_object_instance	0x43002bec	0x3fc	../../dataservices/sensor/build/sensor_dam_demo_llvm/cortex-a7/ACFNAADZ/demo/test_app_module.o	#SHT_PROGBITS,SHF_ALLOC|SHF_EXECINSTR,4
	0x43002bec		$a.48
	0x43002bec		create_object_instance
	0x43002fbc		$d.49
.text.delete_object_instance	0x43002fe8	0x640	../../dataservices/sensor/build/sensor_dam_demo_llvm/cortex-a7/ACFNAADZ/demo/test_app_module.o	#SHT_PROGBITS,SHF_ALLOC|SHF_EXECINSTR,4
	0x43002fe8		$a.50
	0x43002fe8		delete_object_instance
	0x430035ec		$d.51
.text.send_response_message	0x43003628	0xf0	../../dataservices/sensor/build/sensor_dam_demo_llvm/cortex-a7/ACFNAADZ/demo/test_app_module.o	#SHT_PROGBITS,SHF_ALLOC|SHF_EXECINSTR,4
	0x43003628		$a.52
	0x43003628		send_response_message
.text.payload_set_data_presence	0x43003718	0x1e4	../../dataservices/sensor/build/sensor_dam_demo_llvm/cortex-a7/ACFNAADZ/demo/test_app_module.o	#SHT_PROGBITS,SHF_ALLOC|SHF_EXECINSTR,4
	0x43003718		$a.53
	0x43003718		payload_set_data_presence
	0x430038e8		$d.54
.text.sen_object_read	0x430038fc	0x46c	../../dataservices/sensor/build/sensor_dam_demo_llvm/cortex-a7/ACFNAADZ/demo/test_app_module.o	#SHT_PROGBITS,SHF_ALLOC|SHF_EXECINSTR,4
	0x430038fc		$a.55
	0x430038fc		sen_object_read
	0x43003d34		$d.56
.text.read_sen_obj	0x43003d68	0xa74	../../dataservices/sensor/build/sensor_dam_demo_llvm/cortex-a7/ACFNAADZ/demo/test_app_module.o	#SHT_PROGBITS,SHF_ALLOC|SHF_EXECINSTR,4
	0x43003d68		$a.57
	0x43003d68		read_sen_obj
	0x43004784		$d.58
.text.write_data_sen	0x430047dc	0x134	../../dataservices/sensor/build/sensor_dam_demo_llvm/cortex-a7/ACFNAADZ/demo/test_app_module.o	#SHT_PROGBITS,SHF_ALLOC|SHF_EXECINSTR,4
	0x430047dc		$a.59
	0x430047dc		write_data_sen
.text.lwm2m_data_decode_int	0x43004910	0x298	../../dataservices/sensor/build/sensor_dam_demo_llvm/cortex-a7/ACFNAADZ/demo/test_app_module.o	#SHT_PROGBITS,SHF_ALLOC|SHF_EXECINSTR,4
	0x43004910		$a.60
	0x43004910		lwm2m_data_decode_int
	0x43004af0		$d.61
	0x43004b10		$a.62
	0x43004b90		$d.63
.text.write_sen_obj	0x43004ba8	0xa70	../../dataservices/sensor/build/sensor_dam_demo_llvm/cortex-a7/ACFNAADZ/demo/test_app_module.o	#SHT_PROGBITS,SHF_ALLOC|SHF_EXECINSTR,4
	0x43004ba8		$a.64
	0x43004ba8		write_sen_obj
	0x43005218		$d.65
	0x4300523c		$a.66
	0x430055b0		$d.67
.text.exec_data_sen	0x43005618	0xc0	../../dataservices/sensor/build/sensor_dam_demo_llvm/cortex-a7/ACFNAADZ/demo/test_app_module.o	#SHT_PROGBITS,SHF_ALLOC|SHF_EXECINSTR,4
	0x43005618		$a.68
	0x43005618		exec_data_sen
	0x430056d4		$d.69
.text.sen_obj_resource_value_changed	0x430056d8	0x1e4	../../dataservices/sensor/build/sensor_dam_demo_llvm/cortex-a7/ACFNAADZ/demo/test_app_module.o	#SHT_PROGBITS,SHF_ALLOC|SHF_EXECINSTR,4
	0x430056d8		$a.70
	0x430056d8		sen_obj_resource_value_changed
	0x43005898		$d.71
.text.exec_sen_obj	0x430058bc	0x748	../../dataservices/sensor/build/sensor_dam_demo_llvm/cortex-a7/ACFNAADZ/demo/test_app_module.o	#SHT_PROGBITS,SHF_ALLOC|SHF_EXECINSTR,4
	0x430058bc		$a.72
	0x430058bc		exec_sen_obj
	0x43005fb4		$d.73
.text.discover_data_sen	0x43006004	0x124	../../dataservices/sensor/build/sensor_dam_demo_llvm/cortex-a7/ACFNAADZ/demo/test_app_module.o	#SHT_PROGBITS,SHF_ALLOC|SHF_EXECINSTR,4
	0x43006004		$a.74
	0x43006004		discover_data_sen
	0x43006124		$d.75
.text.disc_sen_obj	0x43006128	0x93c	../../dataservices/sensor/build/sensor_dam_demo_llvm/cortex-a7/ACFNAADZ/demo/test_app_module.o	#SHT_PROGBITS,SHF_ALLOC|SHF_EXECINSTR,4
	0x43006128		$a.76
	0x43006128		disc_sen_obj
	0x43006a1c		$d.77
.text.sen_obj_discover_serialize	0x43006a64	0x738	../../dataservices/sensor/build/sensor_dam_demo_llvm/cortex-a7/ACFNAADZ/demo/test_app_module.o	#SHT_PROGBITS,SHF_ALLOC|SHF_EXECINSTR,4
	0x43006a64		$a.78
	0x43006a64		sen_obj_discover_serialize
	0x43007180		$d.79
.text.start_sen_obs_notify_timer	0x4300719c	0xf8	../../dataservices/sensor/build/sensor_dam_demo_llvm/cortex-a7/ACFNAADZ/demo/test_app_module.o	#SHT_PROGBITS,SHF_ALLOC|SHF_EXECINSTR,4
	0x4300719c		$a.80
	0x4300719c		start_sen_obs_notify_timer
	0x43007278		$d.81
.text.btc_signal_cb	0x43007294	0x1ec	../../dataservices/sensor/build/sensor_dam_demo_llvm/cortex-a7/ACFNAADZ/demo/test_app_module.o	#SHT_PROGBITS,SHF_ALLOC|SHF_EXECINSTR,4
	0x43007294		$a.82
	0x43007294		btc_signal_cb
	0x43007458		$d.83
.text.ctb_signal_cb	0x43007480	0x1ec	../../dataservices/sensor/build/sensor_dam_demo_llvm/cortex-a7/ACFNAADZ/demo/test_app_module.o	#SHT_PROGBITS,SHF_ALLOC|SHF_EXECINSTR,4
	0x43007480		$a.84
	0x43007480		ctb_signal_cb
	0x43007644		$d.85
.text.start_busy_to_clear_timer	0x4300766c	0xe0	../../dataservices/sensor/build/sensor_dam_demo_llvm/cortex-a7/ACFNAADZ/demo/test_app_module.o	#SHT_PROGBITS,SHF_ALLOC|SHF_EXECINSTR,4
	0x4300766c		$a.86
	0x4300766c		start_busy_to_clear_timer
	0x43007734		$d.87
.text.start_clear_to_busy_timer	0x4300774c	0xe4	../../dataservices/sensor/build/sensor_dam_demo_llvm/cortex-a7/ACFNAADZ/demo/test_app_module.o	#SHT_PROGBITS,SHF_ALLOC|SHF_EXECINSTR,4
	0x4300774c		$a.88
	0x4300774c		start_clear_to_busy_timer
	0x43007818		$d.89
.text.stop_busy_to_clear_timer	0x43007830	0x10	../../dataservices/sensor/build/sensor_dam_demo_llvm/cortex-a7/ACFNAADZ/demo/test_app_module.o	#SHT_PROGBITS,SHF_ALLOC|SHF_EXECINSTR,4
	0x43007830		$a.90
	0x43007830		stop_busy_to_clear_timer
	0x4300783c		$d.91
.text.stop_clear_to_busy_timer	0x43007840	0x10	../../dataservices/sensor/build/sensor_dam_demo_llvm/cortex-a7/ACFNAADZ/demo/test_app_module.o	#SHT_PROGBITS,SHF_ALLOC|SHF_EXECINSTR,4
	0x43007840		$a.92
	0x43007840		stop_clear_to_busy_timer
	0x4300784c		$d.93
.text.sen_findInheritedWatcher	0x43007850	0x2a4	../../dataservices/sensor/build/sensor_dam_demo_llvm/cortex-a7/ACFNAADZ/demo/test_app_module.o	#SHT_PROGBITS,SHF_ALLOC|SHF_EXECINSTR,4
	0x43007850		$a.94
	0x43007850		sen_findInheritedWatcher
	0x43007ad8		$d.95
.text.lwm2m_find_observed	0x43007af4	0x98	../../dataservices/sensor/build/sensor_dam_demo_llvm/cortex-a7/ACFNAADZ/demo/test_app_module.o	#SHT_PROGBITS,SHF_ALLOC|SHF_EXECINSTR,4
	0x43007af4		$a.96
	0x43007af4		lwm2m_find_observed
	0x43007b88		$d.97
.text.lwm2m_find_observe_info	0x43007b8c	0xe4	../../dataservices/sensor/build/sensor_dam_demo_llvm/cortex-a7/ACFNAADZ/demo/test_app_module.o	#SHT_PROGBITS,SHF_ALLOC|SHF_EXECINSTR,4
	0x43007b8c		$a.98
	0x43007b8c		lwm2m_find_observe_info
	0x43007c60		$d.99
.text.observe_sen_handle_req	0x43007c70	0x310	../../dataservices/sensor/build/sensor_dam_demo_llvm/cortex-a7/ACFNAADZ/demo/test_app_module.o	#SHT_PROGBITS,SHF_ALLOC|SHF_EXECINSTR,4
	0x43007c70		$a.100
	0x43007c70		observe_sen_handle_req
	0x43007f50		$d.101
.text.lwm2m_get_observe_info	0x43007f80	0x1fc	../../dataservices/sensor/build/sensor_dam_demo_llvm/cortex-a7/ACFNAADZ/demo/test_app_module.o	#SHT_PROGBITS,SHF_ALLOC|SHF_EXECINSTR,4
	0x43007f80		$a.102
	0x43007f80		lwm2m_get_observe_info
	0x43008164		$d.103
.text.lwm2m_data_decode_float	0x4300817c	0x37c	../../dataservices/sensor/build/sensor_dam_demo_llvm/cortex-a7/ACFNAADZ/demo/test_app_module.o	#SHT_PROGBITS,SHF_ALLOC|SHF_EXECINSTR,4
	0x4300817c		$a.104
	0x4300817c		lwm2m_data_decode_float
	0x43008210		$d.105
	0x43008220		$a.106
	0x430084d4		$d.107
.text.observe_cancel_sen_handle_req	0x430084f8	0x1dc	../../dataservices/sensor/build/sensor_dam_demo_llvm/cortex-a7/ACFNAADZ/demo/test_app_module.o	#SHT_PROGBITS,SHF_ALLOC|SHF_EXECINSTR,4
	0x430084f8		$a.108
	0x430084f8		observe_cancel_sen_handle_req
	0x430086c0		$d.109
.text.observe_cancel_sen_obj	0x430086d4	0xc0	../../dataservices/sensor/build/sensor_dam_demo_llvm/cortex-a7/ACFNAADZ/demo/test_app_module.o	#SHT_PROGBITS,SHF_ALLOC|SHF_EXECINSTR,4
	0x430086d4		$a.110
	0x430086d4		observe_cancel_sen_obj
	0x4300878c		$d.111
.text.observe_sen_obj	0x43008794	0x91c	../../dataservices/sensor/build/sensor_dam_demo_llvm/cortex-a7/ACFNAADZ/demo/test_app_module.o	#SHT_PROGBITS,SHF_ALLOC|SHF_EXECINSTR,4
	0x43008794		$a.112
	0x43008794		observe_sen_obj
	0x43009070		$d.113
.text.sen_object_write_attr	0x430090b0	0xcc	../../dataservices/sensor/build/sensor_dam_demo_llvm/cortex-a7/ACFNAADZ/demo/test_app_module.o	#SHT_PROGBITS,SHF_ALLOC|SHF_EXECINSTR,4
	0x430090b0		$a.114
	0x430090b0		sen_object_write_attr
	0x43009174		$d.115
.text.sen_object_set_observe_param	0x4300917c	0x5dc	../../dataservices/sensor/build/sensor_dam_demo_llvm/cortex-a7/ACFNAADZ/demo/test_app_module.o	#SHT_PROGBITS,SHF_ALLOC|SHF_EXECINSTR,4
	0x4300917c		$a.116
	0x4300917c		sen_object_set_observe_param
	0x43009740		$d.117
.text.observe_find_by_uri	0x43009758	0x1e0	../../dataservices/sensor/build/sensor_dam_demo_llvm/cortex-a7/ACFNAADZ/demo/test_app_module.o	#SHT_PROGBITS,SHF_ALLOC|SHF_EXECINSTR,4
	0x43009758		$a.118
	0x43009758		observe_find_by_uri
	0x4300990c		$d.119
.text.sen_observer_add_notify_to_pending_list	0x43009938	0x338	../../dataservices/sensor/build/sensor_dam_demo_llvm/cortex-a7/ACFNAADZ/demo/test_app_module.o	#SHT_PROGBITS,SHF_ALLOC|SHF_EXECINSTR,4
	0x43009938		$a.120
	0x43009938		sen_observer_add_notify_to_pending_list
	0x43009c40		$d.121
.text.sen_object_notify	0x43009c70	0x170c	../../dataservices/sensor/build/sensor_dam_demo_llvm/cortex-a7/ACFNAADZ/demo/test_app_module.o	#SHT_PROGBITS,SHF_ALLOC|SHF_EXECINSTR,4
	0x43009c70		$a.122
	0x43009c70		sen_object_notify
	0x4300abcc		$d.123
	0x4300abd0		$a.124
	0x4300aca8		$d.125
	0x4300acb4		$a.126
	0x4300add4		$d.127
	0x4300addc		$a.128
	0x4300af94		$d.129
	0x4300af9c		$a.130
	0x4300b1b0		$d.131
	0x4300b1bc		$a.132
	0x4300b234		$d.133
	0x4300b238		$a.134
	0x4300b268		$d.135
	0x4300b270		$a.136
	0x4300b2cc		$d.137
.text.sensor_auto_create	0x4300b37c	0x2bc	../../dataservices/sensor/build/sensor_dam_demo_llvm/cortex-a7/ACFNAADZ/demo/test_app_module.o	#SHT_PROGBITS,SHF_ALLOC|SHF_EXECINSTR,4
	0x4300b37c		$a.138
	0x4300b37c		sensor_auto_create
	0x4300b600		$d.139
.text.update_state_clear	0x4300b638	0x1bc	../../dataservices/sensor/build/sensor_dam_demo_llvm/cortex-a7/ACFNAADZ/demo/test_app_module.o	#SHT_PROGBITS,SHF_ALLOC|SHF_EXECINSTR,4
	0x4300b638		$a.140
	0x4300b638		update_state_clear
	0x4300b7d4		$d.141
.text.update_state_busy	0x4300b7f4	0x1c8	../../dataservices/sensor/build/sensor_dam_demo_llvm/cortex-a7/ACFNAADZ/demo/test_app_module.o	#SHT_PROGBITS,SHF_ALLOC|SHF_EXECINSTR,4
	0x4300b7f4		$a.142
	0x4300b7f4		update_state_busy
	0x4300b998		$d.143
.text.set_dig_cnt	0x4300b9bc	0x438	../../dataservices/sensor/build/sensor_dam_demo_llvm/cortex-a7/ACFNAADZ/demo/test_app_module.o	#SHT_PROGBITS,SHF_ALLOC|SHF_EXECINSTR,4
	0x4300b9bc		$a.144
	0x4300b9bc		set_dig_cnt
	0x4300bda4		$d.145
.text.sensor_dam_app_start	0x4300bdf4	0x198	../../dataservices/sensor/build/sensor_dam_demo_llvm/cortex-a7/ACFNAADZ/demo/test_app_module.o	#SHT_PROGBITS,SHF_ALLOC|SHF_EXECINSTR,4
	0x4300bdf4		$a.146
	0x4300bdf4		sensor_dam_app_start
	0x4300bf64		$d.147
.text.lwm2m_find_attributes	0x4300bf8c	0xc8	../../dataservices/sensor/build/sensor_dam_demo_llvm/cortex-a7/ACFNAADZ/demo/test_app_module.o	#SHT_PROGBITS,SHF_ALLOC|SHF_EXECINSTR,4
	0x4300bf8c		$a.148
	0x4300bf8c		lwm2m_find_attributes
.text.sen_serialize_attributes	0x4300c054	0x494	../../dataservices/sensor/build/sensor_dam_demo_llvm/cortex-a7/ACFNAADZ/demo/test_app_module.o	#SHT_PROGBITS,SHF_ALLOC|SHF_EXECINSTR,4
	0x4300c054		$a.149
	0x4300c054		sen_serialize_attributes
	0x4300c4d8		$d.150
.text.utils_intToText	0x4300c4e8	0x114	../../dataservices/sensor/build/sensor_dam_demo_llvm/cortex-a7/ACFNAADZ/demo/test_app_module.o	#SHT_PROGBITS,SHF_ALLOC|SHF_EXECINSTR,4
	0x4300c4e8		$a.151
	0x4300c4e8		utils_intToText
	0x4300c5f4		$d.152
.text.utils_floatToText	0x4300c5fc	0x2e8	../../dataservices/sensor/build/sensor_dam_demo_llvm/cortex-a7/ACFNAADZ/demo/test_app_module.o	#SHT_PROGBITS,SHF_ALLOC|SHF_EXECINSTR,4
	0x4300c5fc		$a.153
	0x4300c5fc		utils_floatToText
	0x4300c8dc		$d.154
.text.sen_serialize_link_data	0x4300c8e4	0x52c	../../dataservices/sensor/build/sensor_dam_demo_llvm/cortex-a7/ACFNAADZ/demo/test_app_module.o	#SHT_PROGBITS,SHF_ALLOC|SHF_EXECINSTR,4
	0x4300c8e4		$a.155
	0x4300c8e4		sen_serialize_link_data
	0x4300ce04		$d.156
.text.utils_copyValue	0x4300ce10	0x9c	../../dataservices/sensor/build/sensor_dam_demo_llvm/cortex-a7/ACFNAADZ/demo/test_app_module.o	#SHT_PROGBITS,SHF_ALLOC|SHF_EXECINSTR,4
	0x4300ce10		$a.157
	0x4300ce10		utils_copyValue
	0x4300cea4		$d.158
.text.sen_obj_set_signal	0x4300ceac	0x94	../../dataservices/sensor/build/sensor_dam_demo_llvm/cortex-a7/ACFNAADZ/demo/test_main_module.o	#SHT_PROGBITS,SHF_ALLOC|SHF_EXECINSTR,4
	0x4300ceac		$a.0
	0x4300ceac		sen_obj_set_signal
	0x4300cf34		$d.1
.text.sen_obj_task_init	0x4300cf40	0x80	../../dataservices/sensor/build/sensor_dam_demo_llvm/cortex-a7/ACFNAADZ/demo/test_main_module.o	#SHT_PROGBITS,SHF_ALLOC|SHF_EXECINSTR,4
	0x4300cf40		$a.2
	0x4300cf40		sen_obj_task_init
	0x4300cfb4		$d.3
.text.sen_obj_cmdq_init	0x4300cfc0	0x144	../../dataservices/sensor/build/sensor_dam_demo_llvm/cortex-a7/ACFNAADZ/demo/test_main_module.o	#SHT_PROGBITS,SHF_ALLOC|SHF_EXECINSTR,4
	0x4300cfc0		$a.4
	0x4300cfc0		sen_obj_cmdq_init
	0x4300d0e4		$d.5
.text.test_obj_task_entry	0x4300d104	0x1d8	../../dataservices/sensor/build/sensor_dam_demo_llvm/cortex-a7/ACFNAADZ/demo/test_main_module.o	#SHT_PROGBITS,SHF_ALLOC|SHF_EXECINSTR,4
	0x4300d104		$a.6
	0x4300d104		test_obj_task_entry
	0x4300d2b0		$d.7
.text.sen_obj_get_cmd_buffer	0x4300d2dc	0xec	../../dataservices/sensor/build/sensor_dam_demo_llvm/cortex-a7/ACFNAADZ/demo/test_main_module.o	#SHT_PROGBITS,SHF_ALLOC|SHF_EXECINSTR,4
	0x4300d2dc		$a.8
	0x4300d2dc		sen_obj_get_cmd_buffer
	0x4300d3b4		$d.9
.text.sen_obj_enqueue_cmd	0x4300d3c8	0x24	../../dataservices/sensor/build/sensor_dam_demo_llvm/cortex-a7/ACFNAADZ/demo/test_main_module.o	#SHT_PROGBITS,SHF_ALLOC|SHF_EXECINSTR,4
	0x4300d3c8		$a.10
	0x4300d3c8		sen_obj_enqueue_cmd
	0x4300d3e8		$d.11
.text.sen_obj_process_commands	0x4300d3ec	0xa28	../../dataservices/sensor/build/sensor_dam_demo_llvm/cortex-a7/ACFNAADZ/demo/test_main_module.o	#SHT_PROGBITS,SHF_ALLOC|SHF_EXECINSTR,4
	0x4300d3ec		$a.12
	0x4300d3ec		sen_obj_process_commands
	0x4300d580		$d.13
	0x4300d5b4		$a.14
	0x4300db94		$d.15
	0x4300dba8		$a.16
	0x4300dde0		$d.17
.text.lwm2m_object_add	0x4300de14	0x6c	../../dataservices/sensor/build/sensor_dam_demo_llvm/cortex-a7/ACFNAADZ/demo/test_utils.o	#SHT_PROGBITS,SHF_ALLOC|SHF_EXECINSTR,4
	0x4300de14		$a.0
	0x4300de14		lwm2m_object_add
.text.lwm2m_instance_add	0x4300de80	0x6c	../../dataservices/sensor/build/sensor_dam_demo_llvm/cortex-a7/ACFNAADZ/demo/test_utils.o	#SHT_PROGBITS,SHF_ALLOC|SHF_EXECINSTR,4
	0x4300de80		$a.1
	0x4300de80		lwm2m_instance_add
.text.lwm2m_resource_add	0x4300deec	0x6c	../../dataservices/sensor/build/sensor_dam_demo_llvm/cortex-a7/ACFNAADZ/demo/test_utils.o	#SHT_PROGBITS,SHF_ALLOC|SHF_EXECINSTR,4
	0x4300deec		$a.2
	0x4300deec		lwm2m_resource_add
.text.lwm2m_object_remove	0x4300df58	0x84	../../dataservices/sensor/build/sensor_dam_demo_llvm/cortex-a7/ACFNAADZ/demo/test_utils.o	#SHT_PROGBITS,SHF_ALLOC|SHF_EXECINSTR,4
	0x4300df58		$a.3
	0x4300df58		lwm2m_object_remove
.text.lwm2m_instance_remove	0x4300dfdc	0x84	../../dataservices/sensor/build/sensor_dam_demo_llvm/cortex-a7/ACFNAADZ/demo/test_utils.o	#SHT_PROGBITS,SHF_ALLOC|SHF_EXECINSTR,4
	0x4300dfdc		$a.4
	0x4300dfdc		lwm2m_instance_remove
.text.lwm2m_object_find	0x4300e060	0x2c	../../dataservices/sensor/build/sensor_dam_demo_llvm/cortex-a7/ACFNAADZ/demo/test_utils.o	#SHT_PROGBITS,SHF_ALLOC|SHF_EXECINSTR,4
	0x4300e060		$a.5
	0x4300e060		lwm2m_object_find
.text.lwm2m_instance_find	0x4300e08c	0x2c	../../dataservices/sensor/build/sensor_dam_demo_llvm/cortex-a7/ACFNAADZ/demo/test_utils.o	#SHT_PROGBITS,SHF_ALLOC|SHF_EXECINSTR,4
	0x4300e08c		$a.6
	0x4300e08c		lwm2m_instance_find
.text.lwm2m_resource_find	0x4300e0b8	0x2c	../../dataservices/sensor/build/sensor_dam_demo_llvm/cortex-a7/ACFNAADZ/demo/test_utils.o	#SHT_PROGBITS,SHF_ALLOC|SHF_EXECINSTR,4
	0x4300e0b8		$a.7
	0x4300e0b8		lwm2m_resource_find
.text.data_malloc	0x4300e0e4	0x64	../../dataservices/sensor/build/sensor_dam_demo_llvm/cortex-a7/ACFNAADZ/demo/test_utils.o	#SHT_PROGBITS,SHF_ALLOC|SHF_EXECINSTR,4
	0x4300e0e4		$a.8
	0x4300e0e4		data_malloc
	0x4300e144		$d.9
.text.data_free	0x4300e148	0xdc	../../dataservices/sensor/build/sensor_dam_demo_llvm/cortex-a7/ACFNAADZ/demo/test_utils.o	#SHT_PROGBITS,SHF_ALLOC|SHF_EXECINSTR,4
	0x4300e148		$a.10
	0x4300e148		data_free
	0x4300e21c		$d.11
.text.sen_format_log_msg	0x4300e224	0xa8	../../dataservices/sensor/build/sensor_dam_demo_llvm/cortex-a7/ACFNAADZ/demo/test_utils.o	#SHT_PROGBITS,SHF_ALLOC|SHF_EXECINSTR,4
	0x4300e224		$a.12
	0x4300e224		sen_format_log_msg
	0x4300e2c4		$d.13
.text.copy_value	0x4300e2cc	0x9c	../../dataservices/sensor/build/sensor_dam_demo_llvm/cortex-a7/ACFNAADZ/demo/test_utils.o	#SHT_PROGBITS,SHF_ALLOC|SHF_EXECINSTR,4
	0x4300e2cc		$a.14
	0x4300e2cc		copy_value
	0x4300e360		$d.15
.text.int_to_text	0x4300e368	0x118	../../dataservices/sensor/build/sensor_dam_demo_llvm/cortex-a7/ACFNAADZ/demo/test_utils.o	#SHT_PROGBITS,SHF_ALLOC|SHF_EXECINSTR,4
	0x4300e368		$a.16
	0x4300e368		int_to_text
	0x4300e478		$d.17
.text.float_to_text	0x4300e480	0x2e8	../../dataservices/sensor/build/sensor_dam_demo_llvm/cortex-a7/ACFNAADZ/demo/test_utils.o	#SHT_PROGBITS,SHF_ALLOC|SHF_EXECINSTR,4
	0x4300e480		$a.18
	0x4300e480		float_to_text
	0x4300e760		$d.19
.text.int64_to_text	0x4300e768	0xd8	../../dataservices/sensor/build/sensor_dam_demo_llvm/cortex-a7/ACFNAADZ/demo/test_utils.o	#SHT_PROGBITS,SHF_ALLOC|SHF_EXECINSTR,4
	0x4300e768		$a.20
	0x4300e768		int64_to_text
	0x4300e834		$d.21
.text.float64_to_text	0x4300e840	0xd8	../../dataservices/sensor/build/sensor_dam_demo_llvm/cortex-a7/ACFNAADZ/demo/test_utils.o	#SHT_PROGBITS,SHF_ALLOC|SHF_EXECINSTR,4
	0x4300e840		$a.22
	0x4300e840		float64_to_text
	0x4300e90c		$d.23
.text.bool_to_text	0x4300e918	0x80	../../dataservices/sensor/build/sensor_dam_demo_llvm/cortex-a7/ACFNAADZ/demo/test_utils.o	#SHT_PROGBITS,SHF_ALLOC|SHF_EXECINSTR,4
	0x4300e918		$a.24
	0x4300e918		bool_to_text
	0x4300e990		$d.25
.text.serialize_text	0x4300e998	0x130	../../dataservices/sensor/build/sensor_dam_demo_llvm/cortex-a7/ACFNAADZ/demo/test_utils.o	#SHT_PROGBITS,SHF_ALLOC|SHF_EXECINSTR,4
	0x4300e998		$a.26
	0x4300e998		serialize_text
	0x4300ea28		$d.27
	0x4300ea3c		$a.28
	0x4300eabc		$d.29
.text.uri_to_string	0x4300eac8	0x1f0	../../dataservices/sensor/build/sensor_dam_demo_llvm/cortex-a7/ACFNAADZ/demo/test_utils.o	#SHT_PROGBITS,SHF_ALLOC|SHF_EXECINSTR,4
	0x4300eac8		$a.30
	0x4300eac8		uri_to_string
	0x4300eca8		$d.31
.text.set_buffer	0x4300ecb8	0xe4	../../dataservices/sensor/build/sensor_dam_demo_llvm/cortex-a7/ACFNAADZ/demo/test_utils.o	#SHT_PROGBITS,SHF_ALLOC|SHF_EXECINSTR,4
	0x4300ecb8		$a.32
	0x4300ecb8		set_buffer
	0x4300ed90		$d.33
.text.encode_int	0x4300ed9c	0xf0	../../dataservices/sensor/build/sensor_dam_demo_llvm/cortex-a7/ACFNAADZ/demo/test_utils.o	#SHT_PROGBITS,SHF_ALLOC|SHF_EXECINSTR,4
	0x4300ed9c		$a.34
	0x4300ed9c		encode_int
.text.encode_float	0x4300ee8c	0xc4	../../dataservices/sensor/build/sensor_dam_demo_llvm/cortex-a7/ACFNAADZ/demo/test_utils.o	#SHT_PROGBITS,SHF_ALLOC|SHF_EXECINSTR,4
	0x4300ee8c		$a.35
	0x4300ee8c		encode_float
	0x4300ef48		$d.36
.text.encode_opaque_data	0x4300ef50	0xb8	../../dataservices/sensor/build/sensor_dam_demo_llvm/cortex-a7/ACFNAADZ/demo/test_utils.o	#SHT_PROGBITS,SHF_ALLOC|SHF_EXECINSTR,4
	0x4300ef50		$a.37
	0x4300ef50		encode_opaque_data
	0x4300f000		$d.38
.text.get_header_type	0x4300f008	0x60	../../dataservices/sensor/build/sensor_dam_demo_llvm/cortex-a7/ACFNAADZ/demo/test_utils.o	#SHT_PROGBITS,SHF_ALLOC|SHF_EXECINSTR,4
	0x4300f008		$a.39
	0x4300f008		get_header_type
	0x4300f024		$d.40
	0x4300f048		$a.41
.text.get_data_type	0x4300f068	0x4c	../../dataservices/sensor/build/sensor_dam_demo_llvm/cortex-a7/ACFNAADZ/demo/test_utils.o	#SHT_PROGBITS,SHF_ALLOC|SHF_EXECINSTR,4
	0x4300f068		$a.42
	0x4300f068		get_data_type
.text.get_header_length	0x4300f0b4	0x40	../../dataservices/sensor/build/sensor_dam_demo_llvm/cortex-a7/ACFNAADZ/demo/test_utils.o	#SHT_PROGBITS,SHF_ALLOC|SHF_EXECINSTR,4
	0x4300f0b4		$a.43
	0x4300f0b4		get_header_length
.text.create_header	0x4300f0f4	0x16c	../../dataservices/sensor/build/sensor_dam_demo_llvm/cortex-a7/ACFNAADZ/demo/test_utils.o	#SHT_PROGBITS,SHF_ALLOC|SHF_EXECINSTR,4
	0x4300f0f4		$a.44
	0x4300f0f4		create_header
	0x4300f258		$d.45
.text.tlv_decode	0x4300f260	0x1cc	../../dataservices/sensor/build/sensor_dam_demo_llvm/cortex-a7/ACFNAADZ/demo/test_utils.o	#SHT_PROGBITS,SHF_ALLOC|SHF_EXECINSTR,4
	0x4300f260		$a.46
	0x4300f260		tlv_decode
	0x4300f424		$d.47
.text.tlv_parser	0x4300f42c	0x1b0	../../dataservices/sensor/build/sensor_dam_demo_llvm/cortex-a7/ACFNAADZ/demo/test_utils.o	#SHT_PROGBITS,SHF_ALLOC|SHF_EXECINSTR,4
	0x4300f42c		$a.48
	0x4300f42c		tlv_parser
	0x4300f5d4		$d.49
.text.get_item_length	0x4300f5dc	0x1c8	../../dataservices/sensor/build/sensor_dam_demo_llvm/cortex-a7/ACFNAADZ/demo/test_utils.o	#SHT_PROGBITS,SHF_ALLOC|SHF_EXECINSTR,4
	0x4300f5dc		$a.50
	0x4300f5dc		get_item_length
	0x4300f634		$d.51
	0x4300f654		$a.52
	0x4300f794		$d.53
.text.tlv_encode	0x4300f7a4	0x2dc	../../dataservices/sensor/build/sensor_dam_demo_llvm/cortex-a7/ACFNAADZ/demo/test_utils.o	#SHT_PROGBITS,SHF_ALLOC|SHF_EXECINSTR,4
	0x4300f7a4		$a.54
	0x4300f7a4		tlv_encode
	0x4300f8b8		$d.55
	0x4300f8d8		$a.56
	0x4300fa74		$d.57
.text.lwm2m_data_decode_payload	0x4300fa80	0x138	../../dataservices/sensor/build/sensor_dam_demo_llvm/cortex-a7/ACFNAADZ/demo/test_utils.o	#SHT_PROGBITS,SHF_ALLOC|SHF_EXECINSTR,4
	0x4300fa80		$a.58
	0x4300fa80		lwm2m_data_decode_payload
	0x4300fbb0		$d.59
.text.lwm2m_data_encode_payload	0x4300fbb8	0x1b8	../../dataservices/sensor/build/sensor_dam_demo_llvm/cortex-a7/ACFNAADZ/demo/test_utils.o	#SHT_PROGBITS,SHF_ALLOC|SHF_EXECINSTR,4
	0x4300fbb8		$a.60
	0x4300fbb8		lwm2m_data_encode_payload
	0x4300fd64		$d.61
.text.main	0x4300fd70	0x8	../../core/kernel/rtos/threadx/txm_module_lib/build/LLVM/txm_lib.lib(txm_module_thread_shell_entry.o)	#SHT_PROGBITS,SHF_ALLOC|SHF_EXECINSTR,4
	0x4300fd70		$a.0
	0x4300fd70		main
.text.__user_setup_stackheap	0x4300fd78	0x4	../../core/kernel/rtos/threadx/txm_module_lib/build/LLVM/txm_lib.lib(txm_module_thread_shell_entry.o)	#SHT_PROGBITS,SHF_ALLOC|SHF_EXECINSTR,4
	0x4300fd78		$a.1
	0x4300fd78		__user_setup_stackheap
.text._txm_module_thread_shell_entry	0x4300fd7c	0x6c	../../core/kernel/rtos/threadx/txm_module_lib/build/LLVM/txm_lib.lib(txm_module_thread_shell_entry.o)	#SHT_PROGBITS,SHF_ALLOC|SHF_EXECINSTR,4
	0x4300fd7c		$a.2
	0x4300fd7c		_txm_module_thread_shell_entry
	0x4300fde0		$d.3
.text._txm_module_callback_request_thread_entry	0x4300fde8	0xcc	../../core/kernel/rtos/threadx/txm_module_lib/build/LLVM/txm_lib.lib(txm_module_callback_request_thread_entry.o)	#SHT_PROGBITS,SHF_ALLOC|SHF_EXECINSTR,4
	0x4300fde8		$a.0
	0x4300fde8		_txm_module_callback_request_thread_entry
	0x4300fe40		$d.1
	0x4300fe54		$a.2
	0x4300feb0		$d.3
.text._txm_module_system_call11	0x4300feb4	0x68	../../core/kernel/rtos/threadx/txm_module_lib/build/LLVM/txm_lib.lib(txm_module_system_call11.o)	#SHT_PROGBITS,SHF_ALLOC|SHF_EXECINSTR,4
	0x4300feb4		$a.0
	0x4300feb4		_txm_module_system_call11
	0x4300ff18		$d.1
.text._txm_module_system_call12	0x4300ff1c	0x70	../../core/kernel/rtos/threadx/txm_module_lib/build/LLVM/txm_lib.lib(txm_module_system_call12.o)	#SHT_PROGBITS,SHF_ALLOC|SHF_EXECINSTR,4
	0x4300ff1c		$a.0
	0x4300ff1c		_txm_module_system_call12
	0x4300ff88		$d.1
.text._txe_byte_pool_create	0x4300ff8c	0x3c	../../core/kernel/rtos/threadx/txm_module_lib/build/LLVM/txm_lib.lib(txm_byte_pool_create.o)	#SHT_PROGBITS,SHF_ALLOC|SHF_EXECINSTR,4
	0x4300ff8c		$a.0
	0x4300ff8c		_txe_byte_pool_create
	0x4300ffc4		$d.1
.text._txe_byte_allocate	0x4300ffc8	0x34	../../core/kernel/rtos/threadx/txm_module_lib/build/LLVM/txm_lib.lib(txm_byte_allocate.o)	#SHT_PROGBITS,SHF_ALLOC|SHF_EXECINSTR,4
	0x4300ffc8		$a.0
	0x4300ffc8		_txe_byte_allocate
	0x4300fff8		$d.1
.text._txe_byte_release	0x4300fffc	0x20	../../core/kernel/rtos/threadx/txm_module_lib/build/LLVM/txm_lib.lib(txm_byte_release.o)	#SHT_PROGBITS,SHF_ALLOC|SHF_EXECINSTR,4
	0x4300fffc		$a.0
	0x4300fffc		_txe_byte_release
	0x43010018		$d.1
.text._txe_event_flags_create	0x4301001c	0x20	../../core/kernel/rtos/threadx/txm_module_lib/build/LLVM/txm_lib.lib(txm_event_flags_create.o)	#SHT_PROGBITS,SHF_ALLOC|SHF_EXECINSTR,4
	0x4301001c		$a.0
	0x4301001c		_txe_event_flags_create
	0x43010038		$d.1
.text._txe_event_flags_get	0x4301003c	0x3c	../../core/kernel/rtos/threadx/txm_module_lib/build/LLVM/txm_lib.lib(txm_event_flags_get.o)	#SHT_PROGBITS,SHF_ALLOC|SHF_EXECINSTR,4
	0x4301003c		$a.0
	0x4301003c		_txe_event_flags_get
	0x43010074		$d.1
.text._txe_event_flags_set	0x43010078	0x20	../../core/kernel/rtos/threadx/txm_module_lib/build/LLVM/txm_lib.lib(txm_event_flags_set.o)	#SHT_PROGBITS,SHF_ALLOC|SHF_EXECINSTR,4
	0x43010078		$a.0
	0x43010078		_txe_event_flags_set
	0x43010094		$d.1
.text._txm_module_object_allocate	0x43010098	0x20	../../core/kernel/rtos/threadx/txm_module_lib/build/LLVM/txm_lib.lib(txm_module_object_allocate.o)	#SHT_PROGBITS,SHF_ALLOC|SHF_EXECINSTR,4
	0x43010098		$a.0
	0x43010098		_txm_module_object_allocate
	0x430100b4		$d.1
.text._txm_module_thread_system_suspend	0x430100b8	0x20	../../core/kernel/rtos/threadx/txm_module_lib/build/LLVM/txm_lib.lib(txm_module_thread_system_suspend.o)	#SHT_PROGBITS,SHF_ALLOC|SHF_EXECINSTR,4
	0x430100b8		$a.0
	0x430100b8		_txm_module_thread_system_suspend
	0x430100d4		$d.1
.text._txe_mutex_create	0x430100d8	0x34	../../core/kernel/rtos/threadx/txm_module_lib/build/LLVM/txm_lib.lib(txm_mutex_create.o)	#SHT_PROGBITS,SHF_ALLOC|SHF_EXECINSTR,4
	0x430100d8		$a.0
	0x430100d8		_txe_mutex_create
	0x43010108		$d.1
.text._txe_mutex_get	0x4301010c	0x20	../../core/kernel/rtos/threadx/txm_module_lib/build/LLVM/txm_lib.lib(txm_mutex_get.o)	#SHT_PROGBITS,SHF_ALLOC|SHF_EXECINSTR,4
	0x4301010c		$a.0
	0x4301010c		_txe_mutex_get
	0x43010128		$d.1
.text._txe_mutex_put	0x4301012c	0x20	../../core/kernel/rtos/threadx/txm_module_lib/build/LLVM/txm_lib.lib(txm_mutex_put.o)	#SHT_PROGBITS,SHF_ALLOC|SHF_EXECINSTR,4
	0x4301012c		$a.0
	0x4301012c		_txe_mutex_put
	0x43010148		$d.1
.text._txe_queue_create	0x4301014c	0x44	../../core/kernel/rtos/threadx/txm_module_lib/build/LLVM/txm_lib.lib(txm_queue_create.o)	#SHT_PROGBITS,SHF_ALLOC|SHF_EXECINSTR,4
	0x4301014c		$a.0
	0x4301014c		_txe_queue_create
	0x4301018c		$d.1
.text._txe_queue_receive	0x43010190	0x20	../../core/kernel/rtos/threadx/txm_module_lib/build/LLVM/txm_lib.lib(txm_queue_receive.o)	#SHT_PROGBITS,SHF_ALLOC|SHF_EXECINSTR,4
	0x43010190		$a.0
	0x43010190		_txe_queue_receive
	0x430101ac		$d.1
.text._txe_queue_send	0x430101b0	0x20	../../core/kernel/rtos/threadx/txm_module_lib/build/LLVM/txm_lib.lib(txm_queue_send.o)	#SHT_PROGBITS,SHF_ALLOC|SHF_EXECINSTR,4
	0x430101b0		$a.0
	0x430101b0		_txe_queue_send
	0x430101cc		$d.1
.text._txe_thread_create	0x430101d0	0x70	../../core/kernel/rtos/threadx/txm_module_lib/build/LLVM/txm_lib.lib(txm_thread_create.o)	#SHT_PROGBITS,SHF_ALLOC|SHF_EXECINSTR,4
	0x430101d0		$a.0
	0x430101d0		_txe_thread_create
	0x4301023c		$d.1
.text._txe_thread_resume	0x43010240	0x20	../../core/kernel/rtos/threadx/txm_module_lib/build/LLVM/txm_lib.lib(txm_thread_resume.o)	#SHT_PROGBITS,SHF_ALLOC|SHF_EXECINSTR,4
	0x43010240		$a.0
	0x43010240		_txe_thread_resume
	0x4301025c		$d.1
.text.qapi_Timer_Get_Cbinfo	0x43010260	0x64	../../core/services/time_qapi/build/LLVM/timer_dam_lib.lib(qapi_timer_user.o)	#SHT_PROGBITS,SHF_ALLOC|SHF_EXECINSTR,4
	0x43010260		$a.0
	0x43010260		qapi_Timer_Get_Cbinfo
	0x430102c0		$d.1
.text.timer_client_cb_handler	0x430102c4	0x50	../../core/services/time_qapi/build/LLVM/timer_dam_lib.lib(qapi_timer_user.o)	#SHT_PROGBITS,SHF_ALLOC|SHF_EXECINSTR,4
	0x430102c4		$a.2
	0x430102c4		timer_client_cb_handler
.text.qapi_timer_user_init	0x43010314	0x100	../../core/services/time_qapi/build/LLVM/timer_dam_lib.lib(qapi_timer_user.o)	#SHT_PROGBITS,SHF_ALLOC|SHF_EXECINSTR,4
	0x43010314		$a.3
	0x43010314		qapi_timer_user_init
	0x430103f4		$d.4
.text.qapi_Timer_Def	0x43010414	0x8c	../../core/services/time_qapi/build/LLVM/timer_dam_lib.lib(qapi_timer_user.o)	#SHT_PROGBITS,SHF_ALLOC|SHF_EXECINSTR,4
	0x43010414		$a.5
	0x43010414		qapi_Timer_Def
	0x43010498		$d.6
.text.qapi_Timer_Set	0x430104a0	0x64	../../core/services/time_qapi/build/LLVM/timer_dam_lib.lib(qapi_timer_user.o)	#SHT_PROGBITS,SHF_ALLOC|SHF_EXECINSTR,4
	0x430104a0		$a.7
	0x430104a0		qapi_Timer_Set
.text.qapi_Timer_Get_Timer_Info	0x43010504	0x6c	../../core/services/time_qapi/build/LLVM/timer_dam_lib.lib(qapi_timer_user.o)	#SHT_PROGBITS,SHF_ALLOC|SHF_EXECINSTR,4
	0x43010504		$a.8
	0x43010504		qapi_Timer_Get_Timer_Info
.text.qapi_Timer_Sleep	0x43010570	0x5c	../../core/services/time_qapi/build/LLVM/timer_dam_lib.lib(qapi_timer_user.o)	#SHT_PROGBITS,SHF_ALLOC|SHF_EXECINSTR,4
	0x43010570		$a.9
	0x43010570		qapi_Timer_Sleep
.text.qapi_Timer_Undef	0x430105cc	0x5c	../../core/services/time_qapi/build/LLVM/timer_dam_lib.lib(qapi_timer_user.o)	#SHT_PROGBITS,SHF_ALLOC|SHF_EXECINSTR,4
	0x430105cc		$a.10
	0x430105cc		qapi_Timer_Undef
.text.qapi_Timer_Stop	0x43010628	0x5c	../../core/services/time_qapi/build/LLVM/timer_dam_lib.lib(qapi_timer_user.o)	#SHT_PROGBITS,SHF_ALLOC|SHF_EXECINSTR,4
	0x43010628		$a.11
	0x43010628		qapi_Timer_Stop
.text.qapi_time_get	0x43010684	0x70	../../core/services/time_qapi/build/LLVM/timer_dam_lib.lib(qapi_timer_user.o)	#SHT_PROGBITS,SHF_ALLOC|SHF_EXECINSTR,4
	0x43010684		$a.12
	0x43010684		qapi_time_get
.text.qapi_get_timer_inaccuracy	0x430106f4	0x5c	../../core/services/time_qapi/build/LLVM/timer_dam_lib.lib(qapi_timer_user.o)	#SHT_PROGBITS,SHF_ALLOC|SHF_EXECINSTR,4
	0x430106f4		$a.13
	0x430106f4		qapi_get_timer_inaccuracy
	0x4301074c		$d.14
.text.vfprintf	0x43010750	0xd6	C:\Apps\LLVM\4.0.3\armv7m-none-eabi\libc\lib/libc.a(vfprintf.o)	#SHT_PROGBITS,SHF_ALLOC|SHF_EXECINSTR,2
	0x43010750		$t
	0x43010751		vfprintf
PADDING_ALIGNMENT	0x43010826	0x2	0x0
.text.printf_core	0x43010828	0x6a8	C:\Apps\LLVM\4.0.3\armv7m-none-eabi\libc\lib/libc.a(vfprintf.o)	#SHT_PROGBITS,SHF_ALLOC|SHF_EXECINSTR,4
	0x43010828		$t
	0x43010829		printf_core
	0x43010ad8		$d
	0x43010ae0		$t
	0x43010d48		$d
	0x43010d6e		$t
	0x43010eac		$d
.text.vsnprintf	0x43010ed0	0x1a4	C:\Apps\LLVM\4.0.3\armv7m-none-eabi\libc\lib/libc.a(vfprintf.o)	#SHT_PROGBITS,SHF_ALLOC|SHF_EXECINSTR,4
	0x43010ed0		$t
	0x43010ed1		vsnprintf
	0x43011070		$d
.text.fmt_u32	0x43011074	0x22	C:\Apps\LLVM\4.0.3\armv7m-none-eabi\libc\lib/libc.a(vfprintf.o)	#SHT_PROGBITS,SHF_ALLOC|SHF_EXECINSTR,2
	0x43011074		$t
	0x43011075		fmt_u32
.text.out	0x43011096	0x14	C:\Apps\LLVM\4.0.3\armv7m-none-eabi\libc\lib/libc.a(vfprintf.o)	#SHT_PROGBITS,SHF_ALLOC|SHF_EXECINSTR,2
	0x43011096		$t
	0x43011097		out
.text.getint	0x430110aa	0x1e	C:\Apps\LLVM\4.0.3\armv7m-none-eabi\libc\lib/libc.a(vfprintf.o)	#SHT_PROGBITS,SHF_ALLOC|SHF_EXECINSTR,2
	0x430110aa		$t
	0x430110ab		getint
.text.pop_arg	0x430110c8	0x80	C:\Apps\LLVM\4.0.3\armv7m-none-eabi\libc\lib/libc.a(vfprintf.o)	#SHT_PROGBITS,SHF_ALLOC|SHF_EXECINSTR,4
	0x430110c8		$t
	0x430110c9		pop_arg
	0x430110d6		$d
	0x430110e0		$t
.text.pad	0x43011148	0x4e	C:\Apps\LLVM\4.0.3\armv7m-none-eabi\libc\lib/libc.a(vfprintf.o)	#SHT_PROGBITS,SHF_ALLOC|SHF_EXECINSTR,2
	0x43011148		$t
	0x43011149		pad
.text.__fwritex	0x43011196	0x76	C:\Apps\LLVM\4.0.3\armv7m-none-eabi\libc\lib/libc.a(fwrite.o)	#SHT_PROGBITS,SHF_ALLOC|SHF_EXECINSTR,2
	0x43011196		$t
	0x43011197		__fwritex
.text.fwrite	0x4301120c	0x58	C:\Apps\LLVM\4.0.3\armv7m-none-eabi\libc\lib/libc.a(fwrite.o)	#SHT_PROGBITS,SHF_ALLOC|SHF_EXECINSTR,2
	0x4301120c		$t
	0x4301120d		fwrite
	0x4301120d		fwrite_unlocked
.text.vsnprintf_full	0x43011264	0x74	C:\Apps\LLVM\4.0.3\armv7m-none-eabi\libc\lib/libc.a(vsnprintf.o)	#SHT_PROGBITS,SHF_ALLOC|SHF_EXECINSTR,4
	0x43011264		$t
	0x43011265		vsnprintf_full
	0x430112d0		$d
.text.sn_write	0x430112d8	0x22	C:\Apps\LLVM\4.0.3\armv7m-none-eabi\libc\lib/libc.a(vsnprintf.o)	#SHT_PROGBITS,SHF_ALLOC|SHF_EXECINSTR,2
	0x430112d8		$t
	0x430112d9		sn_write
.text.__aeabi_memclr	0x430112fa	0x8	C:\Apps\LLVM\4.0.3\armv7m-none-eabi\libc\lib/libc.a(__aeabi_memclr.o)	#SHT_PROGBITS,SHF_ALLOC|SHF_EXECINSTR,2
	0x430112fa		$t
	0x430112fb		__aeabi_memclr
	0x430112fb		__aeabi_memclr4
	0x430112fb		__aeabi_memclr8
.text.__aeabi_memcpy	0x43011302	0x4	C:\Apps\LLVM\4.0.3\armv7m-none-eabi\libc\lib/libc.a(__aeabi_memcpy.o)	#SHT_PROGBITS,SHF_ALLOC|SHF_EXECINSTR,2
	0x43011302		$t
	0x43011303		__aeabi_memcpy
	0x43011303		__aeabi_memcpy4
	0x43011303		__aeabi_memcpy8
.text	0x43011306	0x2ee	C:\Apps\LLVM\4.0.3\armv7m-none-eabi\libc\lib/libc.a(memcpy_le.o)	#SHT_PROGBITS,SHF_ALLOC|SHF_EXECINSTR,2
	0x43011306		$t
	0x43011307		memcpy
	0x43011346		src_aligned
	0x43011394		congruent_aligned32
	0x43011394		cached_aligned32
	0x430113aa		less_than_32_left
	0x430113f8		non_congruent
	0x43011474		loop16
	0x430114d0		loop8
	0x4301152c		loop24
	0x43011584		less_than_thirtytwo
	0x430115ae		partial_word_tail
	0x430115ca		copy_last_3_and_return
.text	0x430115f4	0x68	C:\Apps\LLVM\4.0.3\armv7m-none-eabi\libc\lib/libc.a(memset_nofp_armv7.o)	#SHT_PROGBITS,SHF_ALLOC|SHF_EXECINSTR,4
	0x430115f4		$t
	0x430115f5		memset
.text.memchr	0x4301165c	0x5c	C:\Apps\LLVM\4.0.3\armv7m-none-eabi\libc\lib/libc.a(memchr.o)	#SHT_PROGBITS,SHF_ALLOC|SHF_EXECINSTR,2
	0x4301165c		$t
	0x4301165d		memchr
.text.strncmp	0x430116b8	0x28	C:\Apps\LLVM\4.0.3\armv7m-none-eabi\libc\lib/libc.a(strncmp.o)	#SHT_PROGBITS,SHF_ALLOC|SHF_EXECINSTR,2
	0x430116b8		$t
	0x430116b9		strncmp
.text.__errno_location	0x430116e0	0x8	C:\Apps\LLVM\4.0.3\armv7m-none-eabi\libc\lib/libc.a(__errno_location.o)	#SHT_PROGBITS,SHF_ALLOC|SHF_EXECINSTR,2
	0x430116e0		$t
	0x430116e1		__errno_location
.text.__strerror_l	0x430116e8	0x3c	C:\Apps\LLVM\4.0.3\armv7m-none-eabi\libc\lib/libc.a(strerror.o)	#SHT_PROGBITS,SHF_ALLOC|SHF_EXECINSTR,4
	0x430116e8		$t
	0x430116e9		__strerror_l
	0x430116e9		strerror_l
	0x4301171c		$d
.text.strerror	0x43011724	0xc	C:\Apps\LLVM\4.0.3\armv7m-none-eabi\libc\lib/libc.a(strerror.o)	#SHT_PROGBITS,SHF_ALLOC|SHF_EXECINSTR,2
	0x43011724		$t
	0x43011725		strerror
.text.dummy	0x43011730	0x2	C:\Apps\LLVM\4.0.3\armv7m-none-eabi\libc\lib/libc.a(__lctrans.o)	#SHT_PROGBITS,SHF_ALLOC|SHF_EXECINSTR,2
	0x43011730		$t
	0x43011731		dummy
	0x43011731		__lctrans_impl
.text.__lctrans	0x43011732	0x4	C:\Apps\LLVM\4.0.3\armv7m-none-eabi\libc\lib/libc.a(__lctrans.o)	#SHT_PROGBITS,SHF_ALLOC|SHF_EXECINSTR,2
	0x43011732		$t
	0x43011733		__lctrans
.text.__lctrans_cur	0x43011736	0xe	C:\Apps\LLVM\4.0.3\armv7m-none-eabi\libc\lib/libc.a(__lctrans.o)	#SHT_PROGBITS,SHF_ALLOC|SHF_EXECINSTR,2
	0x43011736		$t
	0x43011737		__lctrans_cur
.text.wctomb	0x43011744	0xc	C:\Apps\LLVM\4.0.3\armv7m-none-eabi\libc\lib/libc.a(wctomb.o)	#SHT_PROGBITS,SHF_ALLOC|SHF_EXECINSTR,2
	0x43011744		$t
	0x43011745		wctomb
.text.__towrite	0x43011750	0x38	C:\Apps\LLVM\4.0.3\armv7m-none-eabi\libc\lib/libc.a(__towrite.o)	#SHT_PROGBITS,SHF_ALLOC|SHF_EXECINSTR,2
	0x43011750		$t
	0x43011751		__towrite
.text.__towrite_needs_stdio_exit	0x43011788	0x4	C:\Apps\LLVM\4.0.3\armv7m-none-eabi\libc\lib/libc.a(__towrite.o)	#SHT_PROGBITS,SHF_ALLOC|SHF_EXECINSTR,2
	0x43011788		$t
	0x43011789		__towrite_needs_stdio_exit
.text.__lockfile	0x4301178c	0x4	C:\Apps\LLVM\4.0.3\armv7m-none-eabi\libc\lib/libc.a(__lockfile.o)	#SHT_PROGBITS,SHF_ALLOC|SHF_EXECINSTR,2
	0x4301178c		$t
	0x4301178d		__lockfile
.text.__unlockfile	0x43011790	0x2	C:\Apps\LLVM\4.0.3\armv7m-none-eabi\libc\lib/libc.a(__lockfile.o)	#SHT_PROGBITS,SHF_ALLOC|SHF_EXECINSTR,2
	0x43011790		$t
	0x43011791		__unlockfile
.text.wcrtomb	0x43011792	0xb0	C:\Apps\LLVM\4.0.3\armv7m-none-eabi\libc\lib/libc.a(wcrtomb.o)	#SHT_PROGBITS,SHF_ALLOC|SHF_EXECINSTR,2
	0x43011792		$t
	0x43011793		wcrtomb
PADDING_ALIGNMENT	0x43011842	0x2	0x0
.text.__stdio_exit	0x43011844	0x30	C:\Apps\LLVM\4.0.3\armv7m-none-eabi\libc\lib/libc.a(__stdio_exit.o)	#SHT_PROGBITS,SHF_ALLOC|SHF_EXECINSTR,4
	0x43011844		$t
	0x43011845		__stdio_exit
	0x43011845		__stdio_exit_needed
	0x4301186c		$d
.text.close_file	0x43011874	0x3c	C:\Apps\LLVM\4.0.3\armv7m-none-eabi\libc\lib/libc.a(__stdio_exit.o)	#SHT_PROGBITS,SHF_ALLOC|SHF_EXECINSTR,2
	0x43011874		$t
	0x43011875		close_file
.text.__ofl_lock	0x430118b0	0x8	C:\Apps\LLVM\4.0.3\armv7m-none-eabi\libc\lib/libc.a(ofl.o)	#SHT_PROGBITS,SHF_ALLOC|SHF_EXECINSTR,4
	0x430118b0		$t
	0x430118b1		__ofl_lock
	0x430118b4		$d
.text.__ofl_unlock	0x430118b8	0x2	C:\Apps\LLVM\4.0.3\armv7m-none-eabi\libc\lib/libc.a(ofl.o)	#SHT_PROGBITS,SHF_ALLOC|SHF_EXECINSTR,2
	0x430118b8		$t
	0x430118b9		__ofl_unlock
PADDING_ALIGNMENT	0x430118ba	0x2	0x0
.text	0x430118bc	0x62	C:\Apps\LLVM\4.0.3\lib\clang\4.0.3\lib\baremetal/libclang_rt.builtins-armv7m.a(aeabi_dcmp.S.obj)	#SHT_PROGBITS,SHF_ALLOC|SHF_EXECINSTR,4
	0x430118bc		$t.0
	0x430118bd		__aeabi_dcmpeq
	0x430118d1		__aeabi_dcmplt
	0x430118e5		__aeabi_dcmple
	0x430118f9		__aeabi_dcmpge
	0x4301190d		__aeabi_dcmpgt
PADDING_ALIGNMENT	0x4301191e	0x2	0x0
.text	0x43011920	0x62	C:\Apps\LLVM\4.0.3\lib\clang\4.0.3\lib\baremetal/libclang_rt.builtins-armv7m.a(aeabi_fcmp.S.obj)	#SHT_PROGBITS,SHF_ALLOC|SHF_EXECINSTR,4
	0x43011920		$t.0
	0x43011921		__aeabi_fcmpeq
	0x43011935		__aeabi_fcmplt
	0x43011949		__aeabi_fcmple
	0x4301195d		__aeabi_fcmpge
	0x43011971		__aeabi_fcmpgt
PADDING_ALIGNMENT	0x43011982	0x2	0x0
.text	0x43011984	0x14	C:\Apps\LLVM\4.0.3\lib\clang\4.0.3\lib\baremetal/libclang_rt.builtins-armv7m.a(aeabi_ldivmod.S.obj)	#SHT_PROGBITS,SHF_ALLOC|SHF_EXECINSTR,4
	0x43011984		$t.0
	0x43011985		__aeabi_ldivmod
.text	0x43011998	0x14	C:\Apps\LLVM\4.0.3\lib\clang\4.0.3\lib\baremetal/libclang_rt.builtins-armv7m.a(aeabi_uldivmod.S.obj)	#SHT_PROGBITS,SHF_ALLOC|SHF_EXECINSTR,4
	0x43011998		$t.0
	0x43011999		__aeabi_uldivmod
.text.__adddf3	0x430119ac	0x340	C:\Apps\LLVM\4.0.3\lib\clang\4.0.3\lib\baremetal/libclang_rt.builtins-armv7m.a(adddf3.c.obj)	#SHT_PROGBITS,SHF_ALLOC|SHF_EXECINSTR,4
	0x430119ac		$t.0
	0x430119ad		__adddf3
	0x430119ad		__aeabi_dadd
	0x43011cdc		$d.1
.text.fromRep	0x43011cec	0x2	C:\Apps\LLVM\4.0.3\lib\clang\4.0.3\lib\baremetal/libclang_rt.builtins-armv7m.a(adddf3.c.obj)	#SHT_PROGBITS,SHF_ALLOC|SHF_EXECINSTR,2
	0x43011cec		$t.2
	0x43011ced		fromRep
.text.normalize	0x43011cee	0x44	C:\Apps\LLVM\4.0.3\lib\clang\4.0.3\lib\baremetal/libclang_rt.builtins-armv7m.a(adddf3.c.obj)	#SHT_PROGBITS,SHF_ALLOC|SHF_EXECINSTR,2
	0x43011cee		$t.3
	0x43011cef		normalize
.text.rep_clz	0x43011d32	0x10	C:\Apps\LLVM\4.0.3\lib\clang\4.0.3\lib\baremetal/libclang_rt.builtins-armv7m.a(adddf3.c.obj)	#SHT_PROGBITS,SHF_ALLOC|SHF_EXECINSTR,2
	0x43011d32		$t.4
	0x43011d33		rep_clz
.text.__addsf3	0x43011d44	0x180	C:\Apps\LLVM\4.0.3\lib\clang\4.0.3\lib\baremetal/libclang_rt.builtins-armv7m.a(addsf3.c.obj)	#SHT_PROGBITS,SHF_ALLOC|SHF_EXECINSTR,4
	0x43011d44		$t.0
	0x43011d45		__addsf3
	0x43011d45		__aeabi_fadd
	0x43011eb8		$d.1
.text.fromRep	0x43011ec4	0x2	C:\Apps\LLVM\4.0.3\lib\clang\4.0.3\lib\baremetal/libclang_rt.builtins-armv7m.a(addsf3.c.obj)	#SHT_PROGBITS,SHF_ALLOC|SHF_EXECINSTR,2
	0x43011ec4		$t.2
	0x43011ec5		fromRep
.text.normalize	0x43011ec6	0x14	C:\Apps\LLVM\4.0.3\lib\clang\4.0.3\lib\baremetal/libclang_rt.builtins-armv7m.a(addsf3.c.obj)	#SHT_PROGBITS,SHF_ALLOC|SHF_EXECINSTR,2
	0x43011ec6		$t.3
	0x43011ec7		normalize
.text.__ledf2	0x43011edc	0x74	C:\Apps\LLVM\4.0.3\lib\clang\4.0.3\lib\baremetal/libclang_rt.builtins-armv7m.a(comparedf2.c.obj)	#SHT_PROGBITS,SHF_ALLOC|SHF_EXECINSTR,4
	0x43011edc		$t.0
	0x43011edd		__cmpdf2
	0x43011edd		__ledf2
	0x43011f4c		$d.1
.text.__gedf2	0x43011f50	0x7c	C:\Apps\LLVM\4.0.3\lib\clang\4.0.3\lib\baremetal/libclang_rt.builtins-armv7m.a(comparedf2.c.obj)	#SHT_PROGBITS,SHF_ALLOC|SHF_EXECINSTR,4
	0x43011f50		$t.2
	0x43011f51		__gedf2
	0x43011fc8		$d.3
.text.__unorddf2	0x43011fcc	0x44	C:\Apps\LLVM\4.0.3\lib\clang\4.0.3\lib\baremetal/libclang_rt.builtins-armv7m.a(comparedf2.c.obj)	#SHT_PROGBITS,SHF_ALLOC|SHF_EXECINSTR,4
	0x43011fcc		$t.4
	0x43011fcd		__aeabi_dcmpun
	0x43011fcd		__unorddf2
	0x43012008		$d.5
.text.__eqdf2	0x43012010	0x8	C:\Apps\LLVM\4.0.3\lib\clang\4.0.3\lib\baremetal/libclang_rt.builtins-armv7m.a(comparedf2.c.obj)	#SHT_PROGBITS,SHF_ALLOC|SHF_EXECINSTR,2
	0x43012010		$t.6
	0x43012011		__eqdf2
.text.__ltdf2	0x43012018	0x8	C:\Apps\LLVM\4.0.3\lib\clang\4.0.3\lib\baremetal/libclang_rt.builtins-armv7m.a(comparedf2.c.obj)	#SHT_PROGBITS,SHF_ALLOC|SHF_EXECINSTR,2
	0x43012018		$t.7
	0x43012019		__ltdf2
.text.__nedf2	0x43012020	0x8	C:\Apps\LLVM\4.0.3\lib\clang\4.0.3\lib\baremetal/libclang_rt.builtins-armv7m.a(comparedf2.c.obj)	#SHT_PROGBITS,SHF_ALLOC|SHF_EXECINSTR,2
	0x43012020		$t.8
	0x43012021		__nedf2
.text.__gtdf2	0x43012028	0x8	C:\Apps\LLVM\4.0.3\lib\clang\4.0.3\lib\baremetal/libclang_rt.builtins-armv7m.a(comparedf2.c.obj)	#SHT_PROGBITS,SHF_ALLOC|SHF_EXECINSTR,2
	0x43012028		$t.9
	0x43012029		__gtdf2
.text.__lesf2	0x43012030	0x40	C:\Apps\LLVM\4.0.3\lib\clang\4.0.3\lib\baremetal/libclang_rt.builtins-armv7m.a(comparesf2.c.obj)	#SHT_PROGBITS,SHF_ALLOC|SHF_EXECINSTR,2
	0x43012030		$t.0
	0x43012031		__cmpsf2
	0x43012031		__lesf2
.text.__gesf2	0x43012070	0x42	C:\Apps\LLVM\4.0.3\lib\clang\4.0.3\lib\baremetal/libclang_rt.builtins-armv7m.a(comparesf2.c.obj)	#SHT_PROGBITS,SHF_ALLOC|SHF_EXECINSTR,2
	0x43012070		$t.1
	0x43012071		__gesf2
.text.__unordsf2	0x430120b2	0x24	C:\Apps\LLVM\4.0.3\lib\clang\4.0.3\lib\baremetal/libclang_rt.builtins-armv7m.a(comparesf2.c.obj)	#SHT_PROGBITS,SHF_ALLOC|SHF_EXECINSTR,2
	0x430120b2		$t.2
	0x430120b3		__aeabi_fcmpun
	0x430120b3		__unordsf2
.text.__eqsf2	0x430120d6	0x8	C:\Apps\LLVM\4.0.3\lib\clang\4.0.3\lib\baremetal/libclang_rt.builtins-armv7m.a(comparesf2.c.obj)	#SHT_PROGBITS,SHF_ALLOC|SHF_EXECINSTR,2
	0x430120d6		$t.3
	0x430120d7		__eqsf2
.text.__ltsf2	0x430120de	0x8	C:\Apps\LLVM\4.0.3\lib\clang\4.0.3\lib\baremetal/libclang_rt.builtins-armv7m.a(comparesf2.c.obj)	#SHT_PROGBITS,SHF_ALLOC|SHF_EXECINSTR,2
	0x430120de		$t.4
	0x430120df		__ltsf2
.text.__nesf2	0x430120e6	0x8	C:\Apps\LLVM\4.0.3\lib\clang\4.0.3\lib\baremetal/libclang_rt.builtins-armv7m.a(comparesf2.c.obj)	#SHT_PROGBITS,SHF_ALLOC|SHF_EXECINSTR,2
	0x430120e6		$t.5
	0x430120e7		__nesf2
.text.__gtsf2	0x430120ee	0x8	C:\Apps\LLVM\4.0.3\lib\clang\4.0.3\lib\baremetal/libclang_rt.builtins-armv7m.a(comparesf2.c.obj)	#SHT_PROGBITS,SHF_ALLOC|SHF_EXECINSTR,2
	0x430120ee		$t.6
	0x430120ef		__gtsf2
.text.__divdf3	0x430120f8	0x3b8	C:\Apps\LLVM\4.0.3\lib\clang\4.0.3\lib\baremetal/libclang_rt.builtins-armv7m.a(divdf3.c.obj)	#SHT_PROGBITS,SHF_ALLOC|SHF_EXECINSTR,4
	0x430120f8		$t.0
	0x430120f9		__aeabi_ddiv
	0x430120f9		__divdf3
	0x43012498		$d.1
.text.fromRep	0x430124b0	0x2	C:\Apps\LLVM\4.0.3\lib\clang\4.0.3\lib\baremetal/libclang_rt.builtins-armv7m.a(divdf3.c.obj)	#SHT_PROGBITS,SHF_ALLOC|SHF_EXECINSTR,2
	0x430124b0		$t.2
	0x430124b1		fromRep
.text.normalize	0x430124b2	0x46	C:\Apps\LLVM\4.0.3\lib\clang\4.0.3\lib\baremetal/libclang_rt.builtins-armv7m.a(divdf3.c.obj)	#SHT_PROGBITS,SHF_ALLOC|SHF_EXECINSTR,2
	0x430124b2		$t.3
	0x430124b3		normalize
.text.__divmoddi4	0x430124f8	0x2c	C:\Apps\LLVM\4.0.3\lib\clang\4.0.3\lib\baremetal/libclang_rt.builtins-armv7m.a(divmoddi4.c.obj)	#SHT_PROGBITS,SHF_ALLOC|SHF_EXECINSTR,2
	0x430124f8		$t.0
	0x430124f9		__divmoddi4
.text.__extendsfdf2	0x43012524	0x78	C:\Apps\LLVM\4.0.3\lib\clang\4.0.3\lib\baremetal/libclang_rt.builtins-armv7m.a(extendsfdf2.c.obj)	#SHT_PROGBITS,SHF_ALLOC|SHF_EXECINSTR,4
	0x43012524		$t.0
	0x43012525		__aeabi_f2d
	0x43012525		__extendsfdf2
	0x43012598		$d.1
.text.__fixdfdi	0x4301259c	0x2e	C:\Apps\LLVM\4.0.3\lib\clang\4.0.3\lib\baremetal/libclang_rt.builtins-armv7m.a(fixdfdi.c.obj)	#SHT_PROGBITS,SHF_ALLOC|SHF_EXECINSTR,2
	0x4301259c		$t.0
	0x4301259d		__aeabi_d2lz
	0x4301259d		__fixdfdi
.text.__fixunsdfdi	0x430125cc	0x58	C:\Apps\LLVM\4.0.3\lib\clang\4.0.3\lib\baremetal/libclang_rt.builtins-armv7m.a(fixunsdfdi.c.obj)	#SHT_PROGBITS,SHF_ALLOC|SHF_EXECINSTR,4
	0x430125cc		$t.0
	0x430125cd		__aeabi_d2ulz
	0x430125cd		__fixunsdfdi
	0x4301261c		$d.1
.text.__fixunsdfsi	0x43012624	0x58	C:\Apps\LLVM\4.0.3\lib\clang\4.0.3\lib\baremetal/libclang_rt.builtins-armv7m.a(fixunsdfsi.c.obj)	#SHT_PROGBITS,SHF_ALLOC|SHF_EXECINSTR,4
	0x43012624		$t.0
	0x43012625		__aeabi_d2uiz
	0x43012625		__fixunsdfsi
	0x43012678		$d.1
.text.__floatdidf	0x4301267c	0x30	C:\Apps\LLVM\4.0.3\lib\clang\4.0.3\lib\baremetal/libclang_rt.builtins-armv7m.a(floatdidf.c.obj)	#SHT_PROGBITS,SHF_ALLOC|SHF_EXECINSTR,4
	0x4301267c		$t.0
	0x4301267d		__aeabi_l2d
	0x4301267d		__floatdidf
	0x430126a0		$d.1
.text.__floatsidf	0x430126ac	0x68	C:\Apps\LLVM\4.0.3\lib\clang\4.0.3\lib\baremetal/libclang_rt.builtins-armv7m.a(floatsidf.c.obj)	#SHT_PROGBITS,SHF_ALLOC|SHF_EXECINSTR,4
	0x430126ac		$t.0
	0x430126ad		__aeabi_i2d
	0x430126ad		__floatsidf
	0x43012710		$d.1
.text.__floatunsidf	0x43012714	0x46	C:\Apps\LLVM\4.0.3\lib\clang\4.0.3\lib\baremetal/libclang_rt.builtins-armv7m.a(floatunsidf.c.obj)	#SHT_PROGBITS,SHF_ALLOC|SHF_EXECINSTR,2
	0x43012714		$t.0
	0x43012715		__aeabi_ui2d
	0x43012715		__floatunsidf
.text.__muldf3	0x4301275c	0x32c	C:\Apps\LLVM\4.0.3\lib\clang\4.0.3\lib\baremetal/libclang_rt.builtins-armv7m.a(muldf3.c.obj)	#SHT_PROGBITS,SHF_ALLOC|SHF_EXECINSTR,4
	0x4301275c		$t.0
	0x4301275d		__aeabi_dmul
	0x4301275d		__muldf3
	0x43012a74		$d.1
.text.normalize	0x43012a88	0x46	C:\Apps\LLVM\4.0.3\lib\clang\4.0.3\lib\baremetal/libclang_rt.builtins-armv7m.a(muldf3.c.obj)	#SHT_PROGBITS,SHF_ALLOC|SHF_EXECINSTR,2
	0x43012a88		$t.2
	0x43012a89		normalize
.text.__subdf3	0x43012ad0	0xc	C:\Apps\LLVM\4.0.3\lib\clang\4.0.3\lib\baremetal/libclang_rt.builtins-armv7m.a(subdf3.c.obj)	#SHT_PROGBITS,SHF_ALLOC|SHF_EXECINSTR,2
	0x43012ad0		$t.0
	0x43012ad1		__aeabi_dsub
	0x43012ad1		__subdf3
.text.__truncdfsf2	0x43012adc	0x130	C:\Apps\LLVM\4.0.3\lib\clang\4.0.3\lib\baremetal/libclang_rt.builtins-armv7m.a(truncdfsf2.c.obj)	#SHT_PROGBITS,SHF_ALLOC|SHF_EXECINSTR,4
	0x43012adc		$t.0
	0x43012add		__aeabi_d2f
	0x43012add		__truncdfsf2
	0x43012bec		$d.1
.text.__udivmoddi4	0x43012c0c	0x1d4	C:\Apps\LLVM\4.0.3\lib\clang\4.0.3\lib\baremetal/libclang_rt.builtins-armv7m.a(udivmoddi4.c.obj)	#SHT_PROGBITS,SHF_ALLOC|SHF_EXECINSTR,2
	0x43012c0c		$t.0
	0x43012c0d		__udivmoddi4
.text.__divdi3	0x43012de0	0x46	C:\Apps\LLVM\4.0.3\lib\clang\4.0.3\lib\baremetal/libclang_rt.builtins-armv7m.a(divdi3.c.obj)	#SHT_PROGBITS,SHF_ALLOC|SHF_EXECINSTR,2
	0x43012de0		$t.0
	0x43012de1		__divdi3
*(Init )
*(.rodata .rodata.* )
.rodata.str1.1	0x43012e26	0x20	../../dataservices/sensor/build/sensor_dam_demo_llvm/cortex-a7/ACFNAADZ/demo/test_app_module.o	#SHT_PROGBITS,SHF_ALLOC|SHF_MERGE|SHF_STRINGS,1
	0x43012e26		.L.str
.rodata.str1.1	0x43012e46	0x3	../../dataservices/sensor/build/sensor_dam_demo_llvm/cortex-a7/ACFNAADZ/demo/test_app_module.o	#SHT_PROGBITS,SHF_ALLOC|SHF_MERGE|SHF_STRINGS,1
	0x43012e46		.L.str.1
.rodata.str1.1	0x43012e49	0x3e	../../dataservices/sensor/build/sensor_dam_demo_llvm/cortex-a7/ACFNAADZ/demo/test_app_module.o	#SHT_PROGBITS,SHF_ALLOC|SHF_MERGE|SHF_STRINGS,1
	0x43012e49		.L.str.2
.rodata.str1.1	0x43012e87	0x34	../../dataservices/sensor/build/sensor_dam_demo_llvm/cortex-a7/ACFNAADZ/demo/test_app_module.o	#SHT_PROGBITS,SHF_ALLOC|SHF_MERGE|SHF_STRINGS,1
	0x43012e87		.L.str.3
.rodata.str1.1	0x43012ebb	0x1d	../../dataservices/sensor/build/sensor_dam_demo_llvm/cortex-a7/ACFNAADZ/demo/test_app_module.o	#SHT_PROGBITS,SHF_ALLOC|SHF_MERGE|SHF_STRINGS,1
	0x43012ebb		.L.str.5
.rodata.str1.1	0x43012ed8	0x2d	../../dataservices/sensor/build/sensor_dam_demo_llvm/cortex-a7/ACFNAADZ/demo/test_app_module.o	#SHT_PROGBITS,SHF_ALLOC|SHF_MERGE|SHF_STRINGS,1
	0x43012ed8		.L.str.7
.rodata.str1.1	0x43012f05	0x6	../../dataservices/sensor/build/sensor_dam_demo_llvm/cortex-a7/ACFNAADZ/demo/test_app_module.o	#SHT_PROGBITS,SHF_ALLOC|SHF_MERGE|SHF_STRINGS,1
	0x43012f05		.L.str.9
.rodata.str1.1	0x43012f0b	0x7	../../dataservices/sensor/build/sensor_dam_demo_llvm/cortex-a7/ACFNAADZ/demo/test_app_module.o	#SHT_PROGBITS,SHF_ALLOC|SHF_MERGE|SHF_STRINGS,1
	0x43012f0b		.L.str.10
.rodata.str1.1	0x43012f12	0x3d	../../dataservices/sensor/build/sensor_dam_demo_llvm/cortex-a7/ACFNAADZ/demo/test_app_module.o	#SHT_PROGBITS,SHF_ALLOC|SHF_MERGE|SHF_STRINGS,1
	0x43012f12		.L.str.11
.rodata.str1.1	0x43012f4f	0xc	../../dataservices/sensor/build/sensor_dam_demo_llvm/cortex-a7/ACFNAADZ/demo/test_app_module.o	#SHT_PROGBITS,SHF_ALLOC|SHF_MERGE|SHF_STRINGS,1
	0x43012f4f		.L.str.12
.rodata.str1.1	0x43012f5b	0x29	../../dataservices/sensor/build/sensor_dam_demo_llvm/cortex-a7/ACFNAADZ/demo/test_app_module.o	#SHT_PROGBITS,SHF_ALLOC|SHF_MERGE|SHF_STRINGS,1
	0x43012f5b		.L.str.13
.rodata.str1.1	0x43012f84	0x25	../../dataservices/sensor/build/sensor_dam_demo_llvm/cortex-a7/ACFNAADZ/demo/test_app_module.o	#SHT_PROGBITS,SHF_ALLOC|SHF_MERGE|SHF_STRINGS,1
	0x43012f84		.L.str.14
.rodata.str1.1	0x43012fa9	0x10	../../dataservices/sensor/build/sensor_dam_demo_llvm/cortex-a7/ACFNAADZ/demo/test_app_module.o	#SHT_PROGBITS,SHF_ALLOC|SHF_MERGE|SHF_STRINGS,1
	0x43012fa9		.L.str.15
.rodata.str1.1	0x43012fb9	0x31	../../dataservices/sensor/build/sensor_dam_demo_llvm/cortex-a7/ACFNAADZ/demo/test_app_module.o	#SHT_PROGBITS,SHF_ALLOC|SHF_MERGE|SHF_STRINGS,1
	0x43012fb9		.L.str.16
.rodata.str1.1	0x43012fea	0x35	../../dataservices/sensor/build/sensor_dam_demo_llvm/cortex-a7/ACFNAADZ/demo/test_app_module.o	#SHT_PROGBITS,SHF_ALLOC|SHF_MERGE|SHF_STRINGS,1
	0x43012fea		.L.str.17
.rodata.str1.1	0x4301301f	0x2f	../../dataservices/sensor/build/sensor_dam_demo_llvm/cortex-a7/ACFNAADZ/demo/test_app_module.o	#SHT_PROGBITS,SHF_ALLOC|SHF_MERGE|SHF_STRINGS,1
	0x4301301f		.L.str.21
.rodata.str1.1	0x4301304e	0x16	../../dataservices/sensor/build/sensor_dam_demo_llvm/cortex-a7/ACFNAADZ/demo/test_app_module.o	#SHT_PROGBITS,SHF_ALLOC|SHF_MERGE|SHF_STRINGS,1
	0x4301304e		.L__func__.object_check_readable
.rodata.str1.1	0x43013064	0x2e	../../dataservices/sensor/build/sensor_dam_demo_llvm/cortex-a7/ACFNAADZ/demo/test_app_module.o	#SHT_PROGBITS,SHF_ALLOC|SHF_MERGE|SHF_STRINGS,1
	0x43013064		.L.str.22
.rodata.str1.1	0x43013092	0x15	../../dataservices/sensor/build/sensor_dam_demo_llvm/cortex-a7/ACFNAADZ/demo/test_app_module.o	#SHT_PROGBITS,SHF_ALLOC|SHF_MERGE|SHF_STRINGS,1
	0x43013092		.L__func__.object_check_numeric
.rodata.str1.1	0x430130a7	0x18	../../dataservices/sensor/build/sensor_dam_demo_llvm/cortex-a7/ACFNAADZ/demo/test_app_module.o	#SHT_PROGBITS,SHF_ALLOC|SHF_MERGE|SHF_STRINGS,1
	0x430130a7		.L.str.29
.rodata.str1.1	0x430130bf	0x23	../../dataservices/sensor/build/sensor_dam_demo_llvm/cortex-a7/ACFNAADZ/demo/test_app_module.o	#SHT_PROGBITS,SHF_ALLOC|SHF_MERGE|SHF_STRINGS,1
	0x430130bf		.L.str.30
.rodata.str1.1	0x430130e2	0x38	../../dataservices/sensor/build/sensor_dam_demo_llvm/cortex-a7/ACFNAADZ/demo/test_app_module.o	#SHT_PROGBITS,SHF_ALLOC|SHF_MERGE|SHF_STRINGS,1
	0x430130e2		.L.str.32
.rodata.str1.1	0x4301311a	0x46	../../dataservices/sensor/build/sensor_dam_demo_llvm/cortex-a7/ACFNAADZ/demo/test_app_module.o	#SHT_PROGBITS,SHF_ALLOC|SHF_MERGE|SHF_STRINGS,1
	0x4301311a		.L.str.34
.rodata.str1.1	0x43013160	0x43	../../dataservices/sensor/build/sensor_dam_demo_llvm/cortex-a7/ACFNAADZ/demo/test_app_module.o	#SHT_PROGBITS,SHF_ALLOC|SHF_MERGE|SHF_STRINGS,1
	0x43013160		.L.str.36
.rodata.str1.1	0x430131a3	0x4b	../../dataservices/sensor/build/sensor_dam_demo_llvm/cortex-a7/ACFNAADZ/demo/test_app_module.o	#SHT_PROGBITS,SHF_ALLOC|SHF_MERGE|SHF_STRINGS,1
	0x430131a3		.L.str.37
.rodata.str1.1	0x430131ee	0x49	../../dataservices/sensor/build/sensor_dam_demo_llvm/cortex-a7/ACFNAADZ/demo/test_app_module.o	#SHT_PROGBITS,SHF_ALLOC|SHF_MERGE|SHF_STRINGS,1
	0x430131ee		.L.str.39
.rodata.str1.1	0x43013237	0x3f	../../dataservices/sensor/build/sensor_dam_demo_llvm/cortex-a7/ACFNAADZ/demo/test_app_module.o	#SHT_PROGBITS,SHF_ALLOC|SHF_MERGE|SHF_STRINGS,1
	0x43013237		.L.str.41
[...]
	0x5e3e		
.debug_str	0x39cf1	0xf	../../core/services/time_qapi/build/LLVM/timer_dam_lib.lib(qapi_timer_user.o)	#SHT_PROGBITS,SHF_MERGE|SHF_STRINGS,1
	0x5e4d		
.debug_str	0x39d00	0x1a	../../core/services/time_qapi/build/LLVM/timer_dam_lib.lib(qapi_timer_user.o)	#SHT_PROGBITS,SHF_MERGE|SHF_STRINGS,1
	0x5e5c		
.debug_str	0x39d1a	0x11	../../core/services/time_qapi/build/LLVM/timer_dam_lib.lib(qapi_timer_user.o)	#SHT_PROGBITS,SHF_MERGE|SHF_STRINGS,1
	0x5e76		
.debug_str	0x39d2b	0x11	../../core/services/time_qapi/build/LLVM/timer_dam_lib.lib(qapi_timer_user.o)	#SHT_PROGBITS,SHF_MERGE|SHF_STRINGS,1
	0x5e87		
.debug_str	0x39d3c	0x10	../../core/services/time_qapi/build/LLVM/timer_dam_lib.lib(qapi_timer_user.o)	#SHT_PROGBITS,SHF_MERGE|SHF_STRINGS,1
	0x5e98		
.debug_str	0x39d4c	0xe	../../core/services/time_qapi/build/LLVM/timer_dam_lib.lib(qapi_timer_user.o)	#SHT_PROGBITS,SHF_MERGE|SHF_STRINGS,1
	0x5ea8		
.debug_str	0x39d5a	0x1a	../../core/services/time_qapi/build/LLVM/timer_dam_lib.lib(qapi_timer_user.o)	#SHT_PROGBITS,SHF_MERGE|SHF_STRINGS,1
	0x5eb6		
.debug_str	0x39d74	0xe	../../core/services/time_qapi/build/LLVM/timer_dam_lib.lib(qapi_timer_user.o)	#SHT_PROGBITS,SHF_MERGE|SHF_STRINGS,1
	0x5ed0		
.debug_str	0x39d82	0x9	../../core/services/time_qapi/build/LLVM/timer_dam_lib.lib(qapi_timer_user.o)	#SHT_PROGBITS,SHF_MERGE|SHF_STRINGS,1
	0x5ede		
.debug_str	0x39d8b	0x18	../../core/services/time_qapi/build/LLVM/timer_dam_lib.lib(qapi_timer_user.o)	#SHT_PROGBITS,SHF_MERGE|SHF_STRINGS,1
	0x5ee7		
.debug_str	0x39da3	0xd	../../core/services/time_qapi/build/LLVM/timer_dam_lib.lib(qapi_timer_user.o)	#SHT_PROGBITS,SHF_MERGE|SHF_STRINGS,1
	0x5eff		
.debug_str	0x39db0	0xb	../../core/services/time_qapi/build/LLVM/timer_dam_lib.lib(qapi_timer_user.o)	#SHT_PROGBITS,SHF_MERGE|SHF_STRINGS,1
	0x5f0c		
.debug_str	0x39dbb	0x14	../../core/services/time_qapi/build/LLVM/timer_dam_lib.lib(qapi_timer_user.o)	#SHT_PROGBITS,SHF_MERGE|SHF_STRINGS,1
	0x5f17		
.debug_str	0x39dcf	0xb	../../core/services/time_qapi/build/LLVM/timer_dam_lib.lib(qapi_timer_user.o)	#SHT_PROGBITS,SHF_MERGE|SHF_STRINGS,1
	0x5f2b		
.debug_str	0x39dda	0x15	../../core/services/time_qapi/build/LLVM/timer_dam_lib.lib(qapi_timer_user.o)	#SHT_PROGBITS,SHF_MERGE|SHF_STRINGS,1
	0x5f36		
.debug_str	0x39def	0x1b	../../core/services/time_qapi/build/LLVM/timer_dam_lib.lib(qapi_timer_user.o)	#SHT_PROGBITS,SHF_MERGE|SHF_STRINGS,1
	0x5f4b		
.debug_str	0x39e0a	0xf	../../core/services/time_qapi/build/LLVM/timer_dam_lib.lib(qapi_timer_user.o)	#SHT_PROGBITS,SHF_MERGE|SHF_STRINGS,1
	0x5f66		
.debug_str	0x39e19	0xe	../../core/services/time_qapi/build/LLVM/timer_dam_lib.lib(qapi_timer_user.o)	#SHT_PROGBITS,SHF_MERGE|SHF_STRINGS,1
	0x5f75		
.debug_str	0x39e27	0x14	../../core/services/time_qapi/build/LLVM/timer_dam_lib.lib(qapi_timer_user.o)	#SHT_PROGBITS,SHF_MERGE|SHF_STRINGS,1
	0x5f83		
.debug_str	0x39e3b	0x6	../../core/services/time_qapi/build/LLVM/timer_dam_lib.lib(qapi_timer_user.o)	#SHT_PROGBITS,SHF_MERGE|SHF_STRINGS,1
	0x5f97		
.debug_str	0x39e41	0x5	../../core/services/time_qapi/build/LLVM/timer_dam_lib.lib(qapi_timer_user.o)	#SHT_PROGBITS,SHF_MERGE|SHF_STRINGS,1
	0x5f9d		
.debug_str	0x39e46	0x15	../../core/services/time_qapi/build/LLVM/timer_dam_lib.lib(qapi_timer_user.o)	#SHT_PROGBITS,SHF_MERGE|SHF_STRINGS,1
	0x5fa2		
.debug_str	0x39e5b	0x7	../../core/services/time_qapi/build/LLVM/timer_dam_lib.lib(qapi_timer_user.o)	#SHT_PROGBITS,SHF_MERGE|SHF_STRINGS,1
	0x5fb7		
.debug_str	0x39e62	0xa	../../core/services/time_qapi/build/LLVM/timer_dam_lib.lib(qapi_timer_user.o)	#SHT_PROGBITS,SHF_MERGE|SHF_STRINGS,1
	0x5fbe		
.debug_str	0x39e6c	0x1a	../../core/services/time_qapi/build/LLVM/timer_dam_lib.lib(qapi_timer_user.o)	#SHT_PROGBITS,SHF_MERGE|SHF_STRINGS,1
	0x5fc8		
.debug_str	0x39e86	0xc	../../core/services/time_qapi/build/LLVM/timer_dam_lib.lib(qapi_timer_user.o)	#SHT_PROGBITS,SHF_MERGE|SHF_STRINGS,1
	0x5fe2		
.debug_str	0x39e92	0x1b	../../core/services/time_qapi/build/LLVM/timer_dam_lib.lib(qapi_timer_user.o)	#SHT_PROGBITS,SHF_MERGE|SHF_STRINGS,1
	0x5fee		
.debug_str	0x39ead	0xf	../../core/services/time_qapi/build/LLVM/timer_dam_lib.lib(qapi_timer_user.o)	#SHT_PROGBITS,SHF_MERGE|SHF_STRINGS,1
	0x6009		
.debug_str	0x39ebc	0xf	../../core/services/time_qapi/build/LLVM/timer_dam_lib.lib(qapi_timer_user.o)	#SHT_PROGBITS,SHF_MERGE|SHF_STRINGS,1
	0x6018		
.debug_str	0x39ecb	0x13	../../core/services/time_qapi/build/LLVM/timer_dam_lib.lib(qapi_timer_user.o)	#SHT_PROGBITS,SHF_MERGE|SHF_STRINGS,1
	0x6027		
.debug_str	0x39ede	0xc	../../core/services/time_qapi/build/LLVM/timer_dam_lib.lib(qapi_timer_user.o)	#SHT_PROGBITS,SHF_MERGE|SHF_STRINGS,1
	0x603a		
.debug_str	0x39eea	0x8	../../core/services/time_qapi/build/LLVM/timer_dam_lib.lib(qapi_timer_user.o)	#SHT_PROGBITS,SHF_MERGE|SHF_STRINGS,1
	0x6046		
.debug_str	0x39ef2	0x6	../../core/services/time_qapi/build/LLVM/timer_dam_lib.lib(qapi_timer_user.o)	#SHT_PROGBITS,SHF_MERGE|SHF_STRINGS,1
	0x604e		
.debug_str	0x39ef8	0xb	../../core/services/time_qapi/build/LLVM/timer_dam_lib.lib(qapi_timer_user.o)	#SHT_PROGBITS,SHF_MERGE|SHF_STRINGS,1
	0x6054		
.debug_str	0x39f03	0xa	../../core/services/time_qapi/build/LLVM/timer_dam_lib.lib(qapi_timer_user.o)	#SHT_PROGBITS,SHF_MERGE|SHF_STRINGS,1
	0x605f		
.debug_str	0x39f0d	0x1c	../../core/services/time_qapi/build/LLVM/timer_dam_lib.lib(qapi_timer_user.o)	#SHT_PROGBITS,SHF_MERGE|SHF_STRINGS,1
	0x6069		
.debug_str	0x39f29	0x11	../../core/services/time_qapi/build/LLVM/timer_dam_lib.lib(qapi_timer_user.o)	#SHT_PROGBITS,SHF_MERGE|SHF_STRINGS,1
	0x6085		
.debug_str	0x39f3a	0xc	../../core/services/time_qapi/build/LLVM/timer_dam_lib.lib(qapi_timer_user.o)	#SHT_PROGBITS,SHF_MERGE|SHF_STRINGS,1
	0x6096		
.debug_str	0x39f46	0x8	../../core/services/time_qapi/build/LLVM/timer_dam_lib.lib(qapi_timer_user.o)	#SHT_PROGBITS,SHF_MERGE|SHF_STRINGS,1
	0x60a2		
.debug_str	0x39f4e	0x1c	../../core/services/time_qapi/build/LLVM/timer_dam_lib.lib(qapi_timer_user.o)	#SHT_PROGBITS,SHF_MERGE|SHF_STRINGS,1
	0x60aa		
.debug_str	0x39f6a	0x12	../../core/services/time_qapi/build/LLVM/timer_dam_lib.lib(qapi_timer_user.o)	#SHT_PROGBITS,SHF_MERGE|SHF_STRINGS,1
	0x60c6		
.debug_str	0x39f7c	0x17	../../core/services/time_qapi/build/LLVM/timer_dam_lib.lib(qapi_timer_user.o)	#SHT_PROGBITS,SHF_MERGE|SHF_STRINGS,1
	0x60d8		
.debug_str	0x39f93	0x12	../../core/services/time_qapi/build/LLVM/timer_dam_lib.lib(qapi_timer_user.o)	#SHT_PROGBITS,SHF_MERGE|SHF_STRINGS,1
	0x60ef		
.debug_str	0x39fa5	0x11	../../core/services/time_qapi/build/LLVM/timer_dam_lib.lib(qapi_timer_user.o)	#SHT_PROGBITS,SHF_MERGE|SHF_STRINGS,1
	0x6101		
.debug_str	0x39fb6	0x7	../../core/services/time_qapi/build/LLVM/timer_dam_lib.lib(qapi_timer_user.o)	#SHT_PROGBITS,SHF_MERGE|SHF_STRINGS,1
	0x6112		
.debug_str	0x39fbd	0xa	../../core/services/time_qapi/build/LLVM/timer_dam_lib.lib(qapi_timer_user.o)	#SHT_PROGBITS,SHF_MERGE|SHF_STRINGS,1
	0x6119		
.debug_str	0x39fc7	0x22	../../core/services/time_qapi/build/LLVM/timer_dam_lib.lib(qapi_timer_user.o)	#SHT_PROGBITS,SHF_MERGE|SHF_STRINGS,1
	0x6123		
.debug_str	0x39fe9	0x13	../../core/services/time_qapi/build/LLVM/timer_dam_lib.lib(qapi_timer_user.o)	#SHT_PROGBITS,SHF_MERGE|SHF_STRINGS,1
	0x6145		
.debug_str	0x39ffc	0x15	../../core/services/time_qapi/build/LLVM/timer_dam_lib.lib(qapi_timer_user.o)	#SHT_PROGBITS,SHF_MERGE|SHF_STRINGS,1
	0x6158		
.debug_str	0x3a011	0xb	../../core/services/time_qapi/build/LLVM/timer_dam_lib.lib(qapi_timer_user.o)	#SHT_PROGBITS,SHF_MERGE|SHF_STRINGS,1
	0x616d		
.debug_str	0x3a01c	0x1c	../../core/services/time_qapi/build/LLVM/timer_dam_lib.lib(qapi_timer_user.o)	#SHT_PROGBITS,SHF_MERGE|SHF_STRINGS,1
	0x6178		
.debug_str	0x3a038	0x15	../../core/services/time_qapi/build/LLVM/timer_dam_lib.lib(qapi_timer_user.o)	#SHT_PROGBITS,SHF_MERGE|SHF_STRINGS,1
	0x6194		
.debug_str	0x3a04d	0x17	../../core/services/time_qapi/build/LLVM/timer_dam_lib.lib(qapi_timer_user.o)	#SHT_PROGBITS,SHF_MERGE|SHF_STRINGS,1
	0x61a9		
.debug_str	0x3a064	0x11	../../core/services/time_qapi/build/LLVM/timer_dam_lib.lib(qapi_timer_user.o)	#SHT_PROGBITS,SHF_MERGE|SHF_STRINGS,1
	0x61c0		
.debug_str	0x3a075	0x16	../../core/services/time_qapi/build/LLVM/timer_dam_lib.lib(qapi_timer_user.o)	#SHT_PROGBITS,SHF_MERGE|SHF_STRINGS,1
	0x61d1		
.debug_str	0x3a08b	0x1a	../../core/services/time_qapi/build/LLVM/timer_dam_lib.lib(qapi_timer_user.o)	#SHT_PROGBITS,SHF_MERGE|SHF_STRINGS,1
	0x61e7		

.debug_loc	0x3a0a5	0x81c9 # Offset: 0x3a0a5
*(.debug_loc )
.debug_loc	0x3a0a5	0x5e2a	../../dataservices/sensor/build/sensor_dam_demo_llvm/cortex-a7/ACFNAADZ/demo/test_app_module.o	#SHT_PROGBITS,,1
.debug_loc	0x3fecf	0x1eb	../../dataservices/sensor/build/sensor_dam_demo_llvm/cortex-a7/ACFNAADZ/demo/test_main_module.o	#SHT_PROGBITS,,1
.debug_loc	0x400ba	0x156c	../../dataservices/sensor/build/sensor_dam_demo_llvm/cortex-a7/ACFNAADZ/demo/test_utils.o	#SHT_PROGBITS,,1
.debug_loc	0x41626	0x3c	../../core/kernel/rtos/threadx/txm_module_lib/build/LLVM/txm_lib.lib(txm_module_thread_shell_entry.o)	#SHT_PROGBITS,,1
.debug_loc	0x41662	0xa6	../../core/kernel/rtos/threadx/txm_module_lib/build/LLVM/txm_lib.lib(txm_module_callback_request_thread_entry.o)	#SHT_PROGBITS,,1
.debug_loc	0x41708	0x103	../../core/kernel/rtos/threadx/txm_module_lib/build/LLVM/txm_lib.lib(txm_module_system_call11.o)	#SHT_PROGBITS,,1
.debug_loc	0x4180b	0x118	../../core/kernel/rtos/threadx/txm_module_lib/build/LLVM/txm_lib.lib(txm_module_system_call12.o)	#SHT_PROGBITS,,1
.debug_loc	0x41923	0x94	../../core/kernel/rtos/threadx/txm_module_lib/build/LLVM/txm_lib.lib(txm_byte_pool_create.o)	#SHT_PROGBITS,,1
.debug_loc	0x419b7	0x80	../../core/kernel/rtos/threadx/txm_module_lib/build/LLVM/txm_lib.lib(txm_byte_allocate.o)	#SHT_PROGBITS,,1
.debug_loc	0x41a37	0x1e	../../core/kernel/rtos/threadx/txm_module_lib/build/LLVM/txm_lib.lib(txm_byte_release.o)	#SHT_PROGBITS,,1
.debug_loc	0x41a55	0x5a	../../core/kernel/rtos/threadx/txm_module_lib/build/LLVM/txm_lib.lib(txm_event_flags_create.o)	#SHT_PROGBITS,,1
.debug_loc	0x41aaf	0x94	../../core/kernel/rtos/threadx/txm_module_lib/build/LLVM/txm_lib.lib(txm_event_flags_get.o)	#SHT_PROGBITS,,1
.debug_loc	0x41b43	0x5a	../../core/kernel/rtos/threadx/txm_module_lib/build/LLVM/txm_lib.lib(txm_event_flags_set.o)	#SHT_PROGBITS,,1
.debug_loc	0x41b9d	0x3c	../../core/kernel/rtos/threadx/txm_module_lib/build/LLVM/txm_lib.lib(txm_module_object_allocate.o)	#SHT_PROGBITS,,1
.debug_loc	0x41bd9	0x1e	../../core/kernel/rtos/threadx/txm_module_lib/build/LLVM/txm_lib.lib(txm_module_thread_system_suspend.o)	#SHT_PROGBITS,,1
.debug_loc	0x41bf7	0x80	../../core/kernel/rtos/threadx/txm_module_lib/build/LLVM/txm_lib.lib(txm_mutex_create.o)	#SHT_PROGBITS,,1
.debug_loc	0x41c77	0x3c	../../core/kernel/rtos/threadx/txm_module_lib/build/LLVM/txm_lib.lib(txm_mutex_get.o)	#SHT_PROGBITS,,1
.debug_loc	0x41cb3	0x1e	../../core/kernel/rtos/threadx/txm_module_lib/build/LLVM/txm_lib.lib(txm_mutex_put.o)	#SHT_PROGBITS,,1
.debug_loc	0x41cd1	0xa8	../../core/kernel/rtos/threadx/txm_module_lib/build/LLVM/txm_lib.lib(txm_queue_create.o)	#SHT_PROGBITS,,1
.debug_loc	0x41d79	0x5a	../../core/kernel/rtos/threadx/txm_module_lib/build/LLVM/txm_lib.lib(txm_queue_receive.o)	#SHT_PROGBITS,,1
.debug_loc	0x41dd3	0x5a	../../core/kernel/rtos/threadx/txm_module_lib/build/LLVM/txm_lib.lib(txm_queue_send.o)	#SHT_PROGBITS,,1
.debug_loc	0x41e2d	0x10f	../../core/kernel/rtos/threadx/txm_module_lib/build/LLVM/txm_lib.lib(txm_thread_create.o)	#SHT_PROGBITS,,1
.debug_loc	0x41f3c	0x1e	../../core/kernel/rtos/threadx/txm_module_lib/build/LLVM/txm_lib.lib(txm_thread_resume.o)	#SHT_PROGBITS,,1
.debug_loc	0x41f5a	0x314	../../core/services/time_qapi/build/LLVM/timer_dam_lib.lib(qapi_timer_user.o)	#SHT_PROGBITS,,1

.debug_macinfo	0x4226e	0x18 # Offset: 0x4226e
*(.debug_macinfo )
.debug_macinfo	0x4226e	0x1	../../dataservices/sensor/build/sensor_dam_demo_llvm/cortex-a7/ACFNAADZ/demo/test_app_module.o	#SHT_PROGBITS,,1
.debug_macinfo	0x4226f	0x1	../../dataservices/sensor/build/sensor_dam_demo_llvm/cortex-a7/ACFNAADZ/demo/test_main_module.o	#SHT_PROGBITS,,1
.debug_macinfo	0x42270	0x1	../../dataservices/sensor/build/sensor_dam_demo_llvm/cortex-a7/ACFNAADZ/demo/test_utils.o	#SHT_PROGBITS,,1
.debug_macinfo	0x42271	0x1	../../core/kernel/rtos/threadx/txm_module_lib/build/LLVM/txm_lib.lib(txm_module_thread_shell_entry.o)	#SHT_PROGBITS,,1
.debug_macinfo	0x42272	0x1	../../core/kernel/rtos/threadx/txm_module_lib/build/LLVM/txm_lib.lib(txm_module_callback_request_thread_entry.o)	#SHT_PROGBITS,,1
.debug_macinfo	0x42273	0x1	../../core/kernel/rtos/threadx/txm_module_lib/build/LLVM/txm_lib.lib(txm_module_system_call11.o)	#SHT_PROGBITS,,1
.debug_macinfo	0x42274	0x1	../../core/kernel/rtos/threadx/txm_module_lib/build/LLVM/txm_lib.lib(txm_module_system_call12.o)	#SHT_PROGBITS,,1
.debug_macinfo	0x42275	0x1	../../core/kernel/rtos/threadx/txm_module_lib/build/LLVM/txm_lib.lib(txm_byte_pool_create.o)	#SHT_PROGBITS,,1
.debug_macinfo	0x42276	0x1	../../core/kernel/rtos/threadx/txm_module_lib/build/LLVM/txm_lib.lib(txm_byte_allocate.o)	#SHT_PROGBITS,,1
.debug_macinfo	0x42277	0x1	../../core/kernel/rtos/threadx/txm_module_lib/build/LLVM/txm_lib.lib(txm_byte_release.o)	#SHT_PROGBITS,,1
.debug_macinfo	0x42278	0x1	../../core/kernel/rtos/threadx/txm_module_lib/build/LLVM/txm_lib.lib(txm_event_flags_create.o)	#SHT_PROGBITS,,1
.debug_macinfo	0x42279	0x1	../../core/kernel/rtos/threadx/txm_module_lib/build/LLVM/txm_lib.lib(txm_event_flags_get.o)	#SHT_PROGBITS,,1
.debug_macinfo	0x4227a	0x1	../../core/kernel/rtos/threadx/txm_module_lib/build/LLVM/txm_lib.lib(txm_event_flags_set.o)	#SHT_PROGBITS,,1
.debug_macinfo	0x4227b	0x1	../../core/kernel/rtos/threadx/txm_module_lib/build/LLVM/txm_lib.lib(txm_module_object_allocate.o)	#SHT_PROGBITS,,1
.debug_macinfo	0x4227c	0x1	../../core/kernel/rtos/threadx/txm_module_lib/build/LLVM/txm_lib.lib(txm_module_thread_system_suspend.o)	#SHT_PROGBITS,,1
.debug_macinfo	0x4227d	0x1	../../core/kernel/rtos/threadx/txm_module_lib/build/LLVM/txm_lib.lib(txm_mutex_create.o)	#SHT_PROGBITS,,1
.debug_macinfo	0x4227e	0x1	../../core/kernel/rtos/threadx/txm_module_lib/build/LLVM/txm_lib.lib(txm_mutex_get.o)	#SHT_PROGBITS,,1
.debug_macinfo	0x4227f	0x1	../../core/kernel/rtos/threadx/txm_module_lib/build/LLVM/txm_lib.lib(txm_mutex_put.o)	#SHT_PROGBITS,,1
.debug_macinfo	0x42280	0x1	../../core/kernel/rtos/threadx/txm_module_lib/build/LLVM/txm_lib.lib(txm_queue_create.o)	#SHT_PROGBITS,,1
.debug_macinfo	0x42281	0x1	../../core/kernel/rtos/threadx/txm_module_lib/build/LLVM/txm_lib.lib(txm_queue_receive.o)	#SHT_PROGBITS,,1
.debug_macinfo	0x42282	0x1	../../core/kernel/rtos/threadx/txm_module_lib/build/LLVM/txm_lib.lib(txm_queue_send.o)	#SHT_PROGBITS,,1
.debug_macinfo	0x42283	0x1	../../core/kernel/rtos/threadx/txm_module_lib/build/LLVM/txm_lib.lib(txm_thread_create.o)	#SHT_PROGBITS,,1
.debug_macinfo	0x42284	0x1	../../core/kernel/rtos/threadx/txm_module_lib/build/LLVM/txm_lib.lib(txm_thread_resume.o)	#SHT_PROGBITS,,1
.debug_macinfo	0x42285	0x1	../../core/services/time_qapi/build/LLVM/timer_dam_lib.lib(qapi_timer_user.o)	#SHT_PROGBITS,,1

.debug_weaknames	0x42286	0x0 # Offset: 0x42286

.debug_funcnames	0x42286	0x0 # Offset: 0x42286

.debug_typenames	0x42286	0x0 # Offset: 0x42286

.debug_varnames	0x42286	0x0 # Offset: 0x42286

.debug_pubtypes	0x42286	0x2de5 # Offset: 0x42286
*(.debug_pubtypes )
.debug_pubtypes	0x42286	0xc4e	../../dataservices/sensor/build/sensor_dam_demo_llvm/cortex-a7/ACFNAADZ/demo/test_app_module.o	#SHT_PROGBITS,,1
.debug_pubtypes	0x42ed4	0x672	../../dataservices/sensor/build/sensor_dam_demo_llvm/cortex-a7/ACFNAADZ/demo/test_main_module.o	#SHT_PROGBITS,,1
.debug_pubtypes	0x43546	0x353	../../dataservices/sensor/build/sensor_dam_demo_llvm/cortex-a7/ACFNAADZ/demo/test_utils.o	#SHT_PROGBITS,,1
.debug_pubtypes	0x43899	0x1ea	../../core/kernel/rtos/threadx/txm_module_lib/build/LLVM/txm_lib.lib(txm_module_thread_shell_entry.o)	#SHT_PROGBITS,,1
.debug_pubtypes	0x43a83	0x25e	../../core/kernel/rtos/threadx/txm_module_lib/build/LLVM/txm_lib.lib(txm_module_callback_request_thread_entry.o)	#SHT_PROGBITS,,1
.debug_pubtypes	0x43ce1	0x32	../../core/kernel/rtos/threadx/txm_module_lib/build/LLVM/txm_lib.lib(txm_module_system_call11.o)	#SHT_PROGBITS,,1
.debug_pubtypes	0x43d13	0x32	../../core/kernel/rtos/threadx/txm_module_lib/build/LLVM/txm_lib.lib(txm_module_system_call12.o)	#SHT_PROGBITS,,1
.debug_pubtypes	0x43d45	0x128	../../core/kernel/rtos/threadx/txm_module_lib/build/LLVM/txm_lib.lib(txm_byte_pool_create.o)	#SHT_PROGBITS,,1
.debug_pubtypes	0x43e6d	0x128	../../core/kernel/rtos/threadx/txm_module_lib/build/LLVM/txm_lib.lib(txm_byte_allocate.o)	#SHT_PROGBITS,,1
.debug_pubtypes	0x43f95	0x4c	../../core/kernel/rtos/threadx/txm_module_lib/build/LLVM/txm_lib.lib(txm_byte_release.o)	#SHT_PROGBITS,,1
.debug_pubtypes	0x43fe1	0x11c	../../core/kernel/rtos/threadx/txm_module_lib/build/LLVM/txm_lib.lib(txm_event_flags_create.o)	#SHT_PROGBITS,,1
.debug_pubtypes	0x440fd	0x11c	../../core/kernel/rtos/threadx/txm_module_lib/build/LLVM/txm_lib.lib(txm_event_flags_get.o)	#SHT_PROGBITS,,1
.debug_pubtypes	0x44219	0x11c	../../core/kernel/rtos/threadx/txm_module_lib/build/LLVM/txm_lib.lib(txm_event_flags_set.o)	#SHT_PROGBITS,,1
.debug_pubtypes	0x44335	0x4c	../../core/kernel/rtos/threadx/txm_module_lib/build/LLVM/txm_lib.lib(txm_module_object_allocate.o)	#SHT_PROGBITS,,1
.debug_pubtypes	0x44381	0xe3	../../core/kernel/rtos/threadx/txm_module_lib/build/LLVM/txm_lib.lib(txm_module_thread_system_suspend.o)	#SHT_PROGBITS,,1
.debug_pubtypes	0x44464	0xf0	../../core/kernel/rtos/threadx/txm_module_lib/build/LLVM/txm_lib.lib(txm_mutex_create.o)	#SHT_PROGBITS,,1
.debug_pubtypes	0x44554	0xf0	../../core/kernel/rtos/threadx/txm_module_lib/build/LLVM/txm_lib.lib(txm_mutex_get.o)	#SHT_PROGBITS,,1
.debug_pubtypes	0x44644	0xf0	../../core/kernel/rtos/threadx/txm_module_lib/build/LLVM/txm_lib.lib(txm_mutex_put.o)	#SHT_PROGBITS,,1
.debug_pubtypes	0x44734	0x104	../../core/kernel/rtos/threadx/txm_module_lib/build/LLVM/txm_lib.lib(txm_queue_create.o)	#SHT_PROGBITS,,1
.debug_pubtypes	0x44838	0x104	../../core/kernel/rtos/threadx/txm_module_lib/build/LLVM/txm_lib.lib(txm_queue_receive.o)	#SHT_PROGBITS,,1
.debug_pubtypes	0x4493c	0x104	../../core/kernel/rtos/threadx/txm_module_lib/build/LLVM/txm_lib.lib(txm_queue_send.o)	#SHT_PROGBITS,,1
.debug_pubtypes	0x44a40	0xe3	../../core/kernel/rtos/threadx/txm_module_lib/build/LLVM/txm_lib.lib(txm_thread_create.o)	#SHT_PROGBITS,,1
.debug_pubtypes	0x44b23	0xe3	../../core/kernel/rtos/threadx/txm_module_lib/build/LLVM/txm_lib.lib(txm_thread_resume.o)	#SHT_PROGBITS,,1
.debug_pubtypes	0x44c06	0x465	../../core/services/time_qapi/build/LLVM/timer_dam_lib.lib(qapi_timer_user.o)	#SHT_PROGBITS,,1

.debug_ranges	0x4506b	0x7a0 # Offset: 0x4506b
*(.debug_ranges )
.debug_ranges	0x4506b	0x520	../../dataservices/sensor/build/sensor_dam_demo_llvm/cortex-a7/ACFNAADZ/demo/test_app_module.o	#SHT_PROGBITS,,1
.debug_ranges	0x4558b	0xd8	../../dataservices/sensor/build/sensor_dam_demo_llvm/cortex-a7/ACFNAADZ/demo/test_main_module.o	#SHT_PROGBITS,,1
.debug_ranges	0x45663	0x128	../../dataservices/sensor/build/sensor_dam_demo_llvm/cortex-a7/ACFNAADZ/demo/test_utils.o	#SHT_PROGBITS,,1
.debug_ranges	0x4578b	0x20	../../core/kernel/rtos/threadx/txm_module_lib/build/LLVM/txm_lib.lib(txm_module_thread_shell_entry.o)	#SHT_PROGBITS,,1
.debug_ranges	0x457ab	0x60	../../core/services/time_qapi/build/LLVM/timer_dam_lib.lib(qapi_timer_user.o)	#SHT_PROGBITS,,1

.gnu.attributes	0x0	0x0 # Offset: 0x4580b, LMA: 0x0

.note.gnu.arm.ident	0x0	0x0 # Offset: 0x4580b, LMA: 0x0

.ARM.attributes	0x4580b	0x10 # Offset: 0x4580b

.comment	0x4581b	0x65 # Offset: 0x4581b
.comment	0x4581b	0x1	C:\Apps\LLVM\4.0.3\armv7m-none-eabi\libc\lib/libc.a(vfprintf.o)	#SHT_PROGBITS,SHF_MERGE|SHF_STRINGS,1
.comment	0x45858	0x28	Linker Version	#SHT_PROGBITS,SHF_MERGE|SHF_STRINGS,1

.note.GNU-stack	0x45880	0x0 # Offset: 0x45880

/DISCARD/	0x75	0x0 # Offset: 0x45880, LMA: 0x0

.shstrtab	0x45880	0xcc # Offset: 0x45880

.symtab	0x4594c	0x12a90 # Offset: 0x4594c

.strtab	0x583dc	0x66cc # Offset: 0x583dc
